[2020-09-05T08:42:12.143+0000][8][gc,heap] Heap region size: 1M
[2020-09-05T08:42:12.145+0000][8][gc,heap,coops] Heap address: 0x00000000e0000000, size: 512 MB, Compressed Oops mode: 32-bit
[2020-09-05T08:42:12.479+0000][8][gc           ] Using G1
[2020-09-05T08:42:12.483+0000][8][gc,cds       ] Mark closed archive regions in map: [0x00000000fff00000, 0x00000000fff7eff8]
[2020-09-05T08:42:12.485+0000][8][gc,cds       ] Mark open archive regions in map: [0x00000000ffe00000, 0x00000000ffe51ff8]
[2020-09-05T08:42:12.584+0000][8][gc           ] Periodic GC disabled
[2020-09-05T08:42:14.541+0000][8][safepoint    ] Safepoint "Cleanup", Time since last: 1997310500 ns, Reaching safepoint: 10227300 ns, At safepoint: 15600 ns, Total: 10242900 ns
[2020-09-05T08:42:15.823+0000][8][safepoint    ] Safepoint "Cleanup", Time since last: 1281386500 ns, Reaching safepoint: 488900 ns, At safepoint: 20400 ns, Total: 509300 ns
[2020-09-05T08:42:15.950+0000][8][gc,start     ] GC(0) Pause Young (Normal) (G1 Evacuation Pause)
[2020-09-05T08:42:15.950+0000][8][gc,task      ] GC(0) Using 2 workers of 2 for evacuation
[2020-09-05T08:42:15.951+0000][8][gc,age       ] GC(0) Desired survivor size 2097152 bytes, new threshold 15 (max threshold 15)
[2020-09-05T08:42:15.972+0000][8][gc,age       ] GC(0) Age table with threshold 15 (max threshold 15)
[2020-09-05T08:42:15.973+0000][8][gc,age       ] GC(0) - age   1:    2840672 bytes,    2840672 total
[2020-09-05T08:42:15.973+0000][8][gc,phases    ] GC(0)   Pre Evacuate Collection Set: 0.3ms
[2020-09-05T08:42:15.974+0000][8][gc,phases    ] GC(0)   Merge Heap Roots: 1.9ms
[2020-09-05T08:42:15.974+0000][8][gc,phases    ] GC(0)   Evacuate Collection Set: 16.2ms
[2020-09-05T08:42:15.975+0000][8][gc,phases    ] GC(0)   Post Evacuate Collection Set: 2.6ms
[2020-09-05T08:42:15.975+0000][8][gc,phases    ] GC(0)   Other: 2.9ms
[2020-09-05T08:42:15.975+0000][8][gc,heap      ] GC(0) Eden regions: 25->0(22)
[2020-09-05T08:42:15.976+0000][8][gc,heap      ] GC(0) Survivor regions: 0->3(4)
[2020-09-05T08:42:15.976+0000][8][gc,heap      ] GC(0) Old regions: 0->0
[2020-09-05T08:42:15.977+0000][8][gc,heap      ] GC(0) Archive regions: 2->2
[2020-09-05T08:42:15.977+0000][8][gc,heap      ] GC(0) Humongous regions: 1->1
[2020-09-05T08:42:15.978+0000][8][gc,metaspace ] GC(0) Metaspace: 6395K(8704K)->6395K(8704K) NonClass: 5673K(7680K)->5673K(7680K) Class: 722K(1024K)->722K(1024K)
[2020-09-05T08:42:15.978+0000][8][gc           ] GC(0) Pause Young (Normal) (G1 Evacuation Pause) 26M->4M(512M) 28.698ms
[2020-09-05T08:42:15.979+0000][8][gc,cpu       ] GC(0) User=0.01s Sys=0.01s Real=0.02s
[2020-09-05T08:42:15.979+0000][8][safepoint    ] Safepoint "G1CollectForAllocation", Time since last: 122019000 ns, Reaching safepoint: 4513900 ns, At safepoint: 29656900 ns, Total: 34170800 ns
[2020-09-05T08:42:17.353+0000][8][safepoint    ] Safepoint "Cleanup", Time since last: 1370771900 ns, Reaching safepoint: 2960100 ns, At safepoint: 61000 ns, Total: 3021100 ns
[2020-09-05T08:42:18.697+0000][8][safepoint    ] Safepoint "Cleanup", Time since last: 1343306400 ns, Reaching safepoint: 777800 ns, At safepoint: 51000 ns, Total: 828800 ns
[2020-09-05T08:42:19.572+0000][8][gc,start     ] GC(1) Pause Young (Normal) (G1 Evacuation Pause)
[2020-09-05T08:42:19.573+0000][8][gc,task      ] GC(1) Using 2 workers of 2 for evacuation
[2020-09-05T08:42:19.573+0000][8][gc,age       ] GC(1) Desired survivor size 2097152 bytes, new threshold 1 (max threshold 15)
[2020-09-05T08:42:19.592+0000][8][gc,age       ] GC(1) Age table with threshold 1 (max threshold 15)
[2020-09-05T08:42:19.595+0000][8][gc,age       ] GC(1) - age   1:    1256920 bytes,    1256920 total
[2020-09-05T08:42:19.596+0000][8][gc,phases    ] GC(1)   Pre Evacuate Collection Set: 0.2ms
[2020-09-05T08:42:19.596+0000][8][gc,phases    ] GC(1)   Merge Heap Roots: 0.1ms
[2020-09-05T08:42:19.598+0000][8][gc,phases    ] GC(1)   Evacuate Collection Set: 13.2ms
[2020-09-05T08:42:19.599+0000][8][gc,phases    ] GC(1)   Post Evacuate Collection Set: 4.5ms
[2020-09-05T08:42:19.599+0000][8][gc,phases    ] GC(1)   Other: 6.0ms
[2020-09-05T08:42:19.600+0000][8][gc,heap      ] GC(1) Eden regions: 22->0(27)
[2020-09-05T08:42:19.600+0000][8][gc,heap      ] GC(1) Survivor regions: 3->2(4)
[2020-09-05T08:42:19.601+0000][8][gc,heap      ] GC(1) Old regions: 0->3
[2020-09-05T08:42:19.601+0000][8][gc,heap      ] GC(1) Archive regions: 2->2
[2020-09-05T08:42:19.602+0000][8][gc,heap      ] GC(1) Humongous regions: 1->1
[2020-09-05T08:42:19.602+0000][8][gc,metaspace ] GC(1) Metaspace: 10657K(11264K)->10657K(11264K) NonClass: 9330K(9728K)->9330K(9728K) Class: 1327K(1536K)->1327K(1536K)
[2020-09-05T08:42:19.602+0000][8][gc           ] GC(1) Pause Young (Normal) (G1 Evacuation Pause) 26M->5M(512M) 30.453ms
[2020-09-05T08:42:19.603+0000][8][gc,cpu       ] GC(1) User=0.01s Sys=0.01s Real=0.03s
[2020-09-05T08:42:19.603+0000][8][safepoint    ] Safepoint "G1CollectForAllocation", Time since last: 867836900 ns, Reaching safepoint: 6925300 ns, At safepoint: 31433300 ns, Total: 38358600 ns
[2020-09-05T08:42:20.611+0000][8][safepoint    ] Safepoint "Cleanup", Time since last: 1003365400 ns, Reaching safepoint: 4210700 ns, At safepoint: 14700 ns, Total: 4225400 ns
[2020-09-05T08:42:21.321+0000][8][gc,start     ] GC(2) Pause Young (Normal) (G1 Evacuation Pause)
[2020-09-05T08:42:21.321+0000][8][gc,task      ] GC(2) Using 2 workers of 2 for evacuation
[2020-09-05T08:42:21.324+0000][8][gc,age       ] GC(2) Desired survivor size 2097152 bytes, new threshold 15 (max threshold 15)
[2020-09-05T08:42:21.351+0000][8][gc,age       ] GC(2) Age table with threshold 15 (max threshold 15)
[2020-09-05T08:42:21.352+0000][8][gc,age       ] GC(2) - age   1:    1549152 bytes,    1549152 total
[2020-09-05T08:42:21.352+0000][8][gc,age       ] GC(2) - age   2:    1205752 bytes,    2754904 total
[2020-09-05T08:42:21.353+0000][8][gc,phases    ] GC(2)   Pre Evacuate Collection Set: 0.2ms
[2020-09-05T08:42:21.353+0000][8][gc,phases    ] GC(2)   Merge Heap Roots: 0.2ms
[2020-09-05T08:42:21.354+0000][8][gc,phases    ] GC(2)   Evacuate Collection Set: 10.5ms
[2020-09-05T08:42:21.354+0000][8][gc,phases    ] GC(2)   Post Evacuate Collection Set: 9.6ms
[2020-09-05T08:42:21.355+0000][8][gc,phases    ] GC(2)   Other: 11.4ms
[2020-09-05T08:42:21.355+0000][8][gc,heap      ] GC(2) Eden regions: 27->0(69)
[2020-09-05T08:42:21.356+0000][8][gc,heap      ] GC(2) Survivor regions: 2->3(4)
[2020-09-05T08:42:21.356+0000][8][gc,heap      ] GC(2) Old regions: 3->3
[2020-09-05T08:42:21.356+0000][8][gc,heap      ] GC(2) Archive regions: 2->2
[2020-09-05T08:42:21.357+0000][8][gc,heap      ] GC(2) Humongous regions: 1->1
[2020-09-05T08:42:21.357+0000][8][gc,metaspace ] GC(2) Metaspace: 13379K(14208K)->13379K(14208K) NonClass: 11754K(12288K)->11754K(12288K) Class: 1625K(1920K)->1625K(1920K)
[2020-09-05T08:42:21.358+0000][8][gc           ] GC(2) Pause Young (Normal) (G1 Evacuation Pause) 32M->7M(512M) 36.722ms
[2020-09-05T08:42:21.358+0000][8][gc,cpu       ] GC(2) User=0.01s Sys=0.01s Real=0.03s
[2020-09-05T08:42:21.361+0000][8][safepoint    ] Safepoint "G1CollectForAllocation", Time since last: 709821100 ns, Reaching safepoint: 193200 ns, At safepoint: 39865300 ns, Total: 40058500 ns
[2020-09-05T08:42:22.399+0000][8][safepoint    ] Safepoint "Cleanup", Time since last: 1037135100 ns, Reaching safepoint: 685900 ns, At safepoint: 15100 ns, Total: 701000 ns
[2020-09-05T08:42:23.413+0000][8][safepoint    ] Safepoint "Cleanup", Time since last: 1006017300 ns, Reaching safepoint: 7888300 ns, At safepoint: 42000 ns, Total: 7930300 ns
[2020-09-05T08:42:24.356+0000][8][gc,start     ] GC(3) Pause Young (Normal) (G1 Evacuation Pause)
[2020-09-05T08:42:24.357+0000][8][gc,task      ] GC(3) Using 2 workers of 2 for evacuation
[2020-09-05T08:42:24.357+0000][8][gc,age       ] GC(3) Desired survivor size 4718592 bytes, new threshold 15 (max threshold 15)
[2020-09-05T08:42:24.403+0000][8][gc,age       ] GC(3) Age table with threshold 15 (max threshold 15)
[2020-09-05T08:42:24.404+0000][8][gc,age       ] GC(3) - age   1:    3622504 bytes,    3622504 total
[2020-09-05T08:42:24.405+0000][8][gc,age       ] GC(3) - age   2:    1511288 bytes,    5133792 total
[2020-09-05T08:42:24.405+0000][8][gc,age       ] GC(3) - age   3:    1174616 bytes,    6308408 total
[2020-09-05T08:42:24.406+0000][8][gc,phases    ] GC(3)   Pre Evacuate Collection Set: 1.9ms
[2020-09-05T08:42:24.406+0000][8][gc,phases    ] GC(3)   Merge Heap Roots: 0.2ms
[2020-09-05T08:42:24.407+0000][8][gc,phases    ] GC(3)   Evacuate Collection Set: 30.2ms
[2020-09-05T08:42:24.407+0000][8][gc,phases    ] GC(3)   Post Evacuate Collection Set: 12.9ms
[2020-09-05T08:42:24.408+0000][8][gc,phases    ] GC(3)   Other: 4.8ms
[2020-09-05T08:42:24.408+0000][8][gc,heap      ] GC(3) Eden regions: 69->0(97)
[2020-09-05T08:42:24.409+0000][8][gc,heap      ] GC(3) Survivor regions: 3->7(9)
[2020-09-05T08:42:24.409+0000][8][gc,heap      ] GC(3) Old regions: 3->3
[2020-09-05T08:42:24.410+0000][8][gc,heap      ] GC(3) Archive regions: 2->2
[2020-09-05T08:42:24.410+0000][8][gc,heap      ] GC(3) Humongous regions: 2->1
[2020-09-05T08:42:24.410+0000][8][gc,metaspace ] GC(3) Metaspace: 15858K(16512K)->15858K(16512K) NonClass: 13907K(14336K)->13907K(14336K) Class: 1951K(2176K)->1951K(2176K)
[2020-09-05T08:42:24.411+0000][8][gc           ] GC(3) Pause Young (Normal) (G1 Evacuation Pause) 77M->10M(512M) 54.884ms
[2020-09-05T08:42:24.412+0000][8][gc,cpu       ] GC(3) User=0.02s Sys=0.01s Real=0.06s
[2020-09-05T08:42:24.412+0000][8][safepoint    ] Safepoint "G1CollectForAllocation", Time since last: 943365700 ns, Reaching safepoint: 131900 ns, At safepoint: 56060600 ns, Total: 56192500 ns
[2020-09-05T08:42:24.432+0000][8][safepoint    ] Safepoint "BulkRevokeBias", Time since last: 12599500 ns, Reaching safepoint: 6878800 ns, At safepoint: 130100 ns, Total: 7008900 ns
[2020-09-05T08:42:24.440+0000][8][safepoint    ] Safepoint "BulkRevokeBias", Time since last: 8428200 ns, Reaching safepoint: 102900 ns, At safepoint: 122400 ns, Total: 225300 ns
[2020-09-05T08:42:24.458+0000][8][safepoint    ] Safepoint "BulkRevokeBias", Time since last: 14312800 ns, Reaching safepoint: 2695100 ns, At safepoint: 202100 ns, Total: 2897200 ns
[2020-09-05T08:42:25.467+0000][8][safepoint    ] Safepoint "Cleanup", Time since last: 1007139800 ns, Reaching safepoint: 2090100 ns, At safepoint: 37500 ns, Total: 2127600 ns
[2020-09-05T08:42:26.648+0000][8][safepoint    ] Safepoint "Cleanup", Time since last: 1180834300 ns, Reaching safepoint: 208000 ns, At safepoint: 151700 ns, Total: 359700 ns
[2020-09-05T08:42:26.692+0000][8][gc,start     ] GC(4) Pause Young (Normal) (G1 Evacuation Pause)
[2020-09-05T08:42:26.692+0000][8][gc,task      ] GC(4) Using 2 workers of 2 for evacuation
[2020-09-05T08:42:26.693+0000][8][gc,age       ] GC(4) Desired survivor size 6815744 bytes, new threshold 15 (max threshold 15)
[2020-09-05T08:42:26.745+0000][8][gc,age       ] GC(4) Age table with threshold 15 (max threshold 15)
[2020-09-05T08:42:26.746+0000][8][gc,age       ] GC(4) - age   1:    2961248 bytes,    2961248 total
[2020-09-05T08:42:26.746+0000][8][gc,age       ] GC(4) - age   2:    2300752 bytes,    5262000 total
[2020-09-05T08:42:26.746+0000][8][gc,age       ] GC(4) - age   3:    1511224 bytes,    6773224 total
[2020-09-05T08:42:26.747+0000][8][gc,age       ] GC(4) - age   4:    1174584 bytes,    7947808 total
[2020-09-05T08:42:26.748+0000][8][gc,phases    ] GC(4)   Pre Evacuate Collection Set: 0.3ms
[2020-09-05T08:42:26.748+0000][8][gc,phases    ] GC(4)   Merge Heap Roots: 0.2ms
[2020-09-05T08:42:26.749+0000][8][gc,phases    ] GC(4)   Evacuate Collection Set: 44.8ms
[2020-09-05T08:42:26.749+0000][8][gc,phases    ] GC(4)   Post Evacuate Collection Set: 6.3ms
[2020-09-05T08:42:26.750+0000][8][gc,phases    ] GC(4)   Other: 4.3ms
[2020-09-05T08:42:26.750+0000][8][gc,heap      ] GC(4) Eden regions: 97->0(295)
[2020-09-05T08:42:26.750+0000][8][gc,heap      ] GC(4) Survivor regions: 7->8(13)
[2020-09-05T08:42:26.751+0000][8][gc,heap      ] GC(4) Old regions: 3->3
[2020-09-05T08:42:26.752+0000][8][gc,heap      ] GC(4) Archive regions: 2->2
[2020-09-05T08:42:26.752+0000][8][gc,heap      ] GC(4) Humongous regions: 1->1
[2020-09-05T08:42:26.752+0000][8][gc,metaspace ] GC(4) Metaspace: 17668K(18688K)->17668K(18688K) NonClass: 15506K(16128K)->15506K(16128K) Class: 2162K(2560K)->2162K(2560K)
[2020-09-05T08:42:26.753+0000][8][gc           ] GC(4) Pause Young (Normal) (G1 Evacuation Pause) 107M->12M(512M) 61.285ms
[2020-09-05T08:42:26.754+0000][8][gc,cpu       ] GC(4) User=0.03s Sys=0.01s Real=0.06s
[2020-09-05T08:42:26.756+0000][8][safepoint    ] Safepoint "G1CollectForAllocation", Time since last: 43682200 ns, Reaching safepoint: 113300 ns, At safepoint: 63678300 ns, Total: 63791600 ns
[2020-09-05T08:42:27.874+0000][8][safepoint    ] Safepoint "Cleanup", Time since last: 1118162000 ns, Reaching safepoint: 184200 ns, At safepoint: 8400 ns, Total: 192600 ns
[2020-09-05T08:42:28.890+0000][8][safepoint    ] Safepoint "Cleanup", Time since last: 1010907600 ns, Reaching safepoint: 5556200 ns, At safepoint: 136300 ns, Total: 5692500 ns
[2020-09-05T08:42:29.894+0000][8][safepoint    ] Safepoint "Cleanup", Time since last: 1001743700 ns, Reaching safepoint: 1855000 ns, At safepoint: 13700 ns, Total: 1868700 ns
[2020-09-05T08:42:30.741+0000][8][gc,start     ] GC(5) Pause Young (Normal) (G1 Evacuation Pause)
[2020-09-05T08:42:30.741+0000][8][gc,task      ] GC(5) Using 2 workers of 2 for evacuation
[2020-09-05T08:42:30.742+0000][8][gc,age       ] GC(5) Desired survivor size 19922944 bytes, new threshold 15 (max threshold 15)
[2020-09-05T08:42:30.830+0000][8][gc,age       ] GC(5) Age table with threshold 15 (max threshold 15)
[2020-09-05T08:42:30.832+0000][8][gc,age       ] GC(5) - age   1:    3485832 bytes,    3485832 total
[2020-09-05T08:42:30.832+0000][8][gc,age       ] GC(5) - age   2:    2893032 bytes,    6378864 total
[2020-09-05T08:42:30.835+0000][8][gc,age       ] GC(5) - age   3:    2299200 bytes,    8678064 total
[2020-09-05T08:42:30.836+0000][8][gc,age       ] GC(5) - age   4:    1511224 bytes,   10189288 total
[2020-09-05T08:42:30.836+0000][8][gc,age       ] GC(5) - age   5:    1174488 bytes,   11363776 total
[2020-09-05T08:42:30.837+0000][8][gc,phases    ] GC(5)   Pre Evacuate Collection Set: 0.3ms
[2020-09-05T08:42:30.837+0000][8][gc,phases    ] GC(5)   Merge Heap Roots: 0.2ms
[2020-09-05T08:42:30.838+0000][8][gc,phases    ] GC(5)   Evacuate Collection Set: 63.1ms
[2020-09-05T08:42:30.842+0000][8][gc,phases    ] GC(5)   Post Evacuate Collection Set: 22.0ms
[2020-09-05T08:42:30.843+0000][8][gc,phases    ] GC(5)   Other: 10.3ms
[2020-09-05T08:42:30.843+0000][8][gc,heap      ] GC(5) Eden regions: 295->0(296)
[2020-09-05T08:42:30.843+0000][8][gc,heap      ] GC(5) Survivor regions: 8->11(38)
[2020-09-05T08:42:30.844+0000][8][gc,heap      ] GC(5) Old regions: 3->3
[2020-09-05T08:42:30.844+0000][8][gc,heap      ] GC(5) Archive regions: 2->2
[2020-09-05T08:42:30.845+0000][8][gc,heap      ] GC(5) Humongous regions: 1->1
[2020-09-05T08:42:30.846+0000][8][gc,metaspace ] GC(5) Metaspace: 19357K(20736K)->19357K(20736K) NonClass: 17002K(17920K)->17002K(17920K) Class: 2354K(2816K)->2354K(2816K)
[2020-09-05T08:42:30.848+0000][8][gc           ] GC(5) Pause Young (Normal) (G1 Evacuation Pause) 307M->15M(512M) 106.692ms
[2020-09-05T08:42:30.848+0000][8][gc,cpu       ] GC(5) User=0.05s Sys=0.02s Real=0.10s
[2020-09-05T08:42:30.849+0000][8][safepoint    ] Safepoint "G1CollectForAllocation", Time since last: 846589800 ns, Reaching safepoint: 299700 ns, At safepoint: 107682900 ns, Total: 107982600 ns
[2020-09-05T08:42:30.868+0000][8][safepoint    ] Safepoint "BulkRevokeBias", Time since last: 8907400 ns, Reaching safepoint: 10288500 ns, At safepoint: 106900 ns, Total: 10395400 ns
[2020-09-05T08:42:30.940+0000][8][safepoint    ] Safepoint "BulkRevokeBias", Time since last: 68231400 ns, Reaching safepoint: 3422500 ns, At safepoint: 119500 ns, Total: 3542000 ns
[2020-09-05T08:42:30.945+0000][8][safepoint    ] Safepoint "BulkRevokeBias", Time since last: 5071300 ns, Reaching safepoint: 72800 ns, At safepoint: 113400 ns, Total: 186200 ns
[2020-09-05T08:42:31.922+0000][8][safepoint    ] Safepoint "Cleanup", Time since last: 1006759400 ns, Reaching safepoint: 3974000 ns, At safepoint: 41100 ns, Total: 4015100 ns
[2020-09-05T08:42:32.931+0000][8][safepoint    ] Safepoint "Cleanup", Time since last: 1002969900 ns, Reaching safepoint: 5897000 ns, At safepoint: 41900 ns, Total: 5938900 ns
[2020-09-05T08:42:33.489+0000][8][gc,start     ] GC(6) Pause Young (Normal) (G1 Evacuation Pause)
[2020-09-05T08:42:33.490+0000][8][gc,task      ] GC(6) Using 2 workers of 2 for evacuation
[2020-09-05T08:42:33.491+0000][8][gc,age       ] GC(6) Desired survivor size 20447232 bytes, new threshold 15 (max threshold 15)
[2020-09-05T08:42:33.585+0000][8][gc,age       ] GC(6) Age table with threshold 15 (max threshold 15)
[2020-09-05T08:42:33.586+0000][8][gc,age       ] GC(6) - age   1:    1414976 bytes,    1414976 total
[2020-09-05T08:42:33.586+0000][8][gc,age       ] GC(6) - age   2:    3049016 bytes,    4463992 total
[2020-09-05T08:42:33.586+0000][8][gc,age       ] GC(6) - age   3:    2888392 bytes,    7352384 total
[2020-09-05T08:42:33.587+0000][8][gc,age       ] GC(6) - age   4:    2299200 bytes,    9651584 total
[2020-09-05T08:42:33.587+0000][8][gc,age       ] GC(6) - age   5:    1511080 bytes,   11162664 total
[2020-09-05T08:42:33.588+0000][8][gc,age       ] GC(6) - age   6:    1174488 bytes,   12337152 total
[2020-09-05T08:42:33.589+0000][8][gc,phases    ] GC(6)   Pre Evacuate Collection Set: 0.1ms
[2020-09-05T08:42:33.589+0000][8][gc,phases    ] GC(6)   Merge Heap Roots: 0.2ms
[2020-09-05T08:42:33.590+0000][8][gc,phases    ] GC(6)   Evacuate Collection Set: 77.4ms
[2020-09-05T08:42:33.590+0000][8][gc,phases    ] GC(6)   Post Evacuate Collection Set: 16.0ms
[2020-09-05T08:42:33.590+0000][8][gc,phases    ] GC(6)   Other: 5.8ms
[2020-09-05T08:42:33.591+0000][8][gc,heap      ] GC(6) Eden regions: 296->0(294)
[2020-09-05T08:42:33.591+0000][8][gc,heap      ] GC(6) Survivor regions: 11->13(39)
[2020-09-05T08:42:33.592+0000][8][gc,heap      ] GC(6) Old regions: 3->3
[2020-09-05T08:42:33.592+0000][8][gc,heap      ] GC(6) Archive regions: 2->2
[2020-09-05T08:42:33.592+0000][8][gc,heap      ] GC(6) Humongous regions: 1->1
[2020-09-05T08:42:33.593+0000][8][gc,metaspace ] GC(6) Metaspace: 19848K(21248K)->19848K(21248K) NonClass: 17410K(18432K)->17410K(18432K) Class: 2438K(2816K)->2438K(2816K)
[2020-09-05T08:42:33.593+0000][8][gc           ] GC(6) Pause Young (Normal) (G1 Evacuation Pause) 311M->17M(512M) 104.166ms
[2020-09-05T08:42:33.594+0000][8][gc,cpu       ] GC(6) User=0.04s Sys=0.02s Real=0.10s
[2020-09-05T08:42:33.595+0000][8][safepoint    ] Safepoint "G1CollectForAllocation", Time since last: 555075400 ns, Reaching safepoint: 3077600 ns, At safepoint: 105466800 ns, Total: 108544400 ns
[2020-09-05T08:42:33.878+0000][8][gc,start     ] GC(7) Pause Young (Concurrent Start) (Metadata GC Threshold)
[2020-09-05T08:42:33.878+0000][8][gc,task      ] GC(7) Using 2 workers of 2 for evacuation
[2020-09-05T08:42:33.880+0000][8][gc,age       ] GC(7) Desired survivor size 20447232 bytes, new threshold 15 (max threshold 15)
[2020-09-05T08:42:33.939+0000][8][gc,age       ] GC(7) Age table with threshold 15 (max threshold 15)
[2020-09-05T08:42:33.939+0000][8][gc,age       ] GC(7) - age   1:      76464 bytes,      76464 total
[2020-09-05T08:42:33.940+0000][8][gc,age       ] GC(7) - age   2:     823040 bytes,     899504 total
[2020-09-05T08:42:33.940+0000][8][gc,age       ] GC(7) - age   3:    3049016 bytes,    3948520 total
[2020-09-05T08:42:33.940+0000][8][gc,age       ] GC(7) - age   4:    2888392 bytes,    6836912 total
[2020-09-05T08:42:33.941+0000][8][gc,age       ] GC(7) - age   5:    2299200 bytes,    9136112 total
[2020-09-05T08:42:33.941+0000][8][gc,age       ] GC(7) - age   6:    1511080 bytes,   10647192 total
[2020-09-05T08:42:33.942+0000][8][gc,age       ] GC(7) - age   7:    1174488 bytes,   11821680 total
[2020-09-05T08:42:33.942+0000][8][gc,phases    ] GC(7)   Pre Evacuate Collection Set: 0.2ms
[2020-09-05T08:42:33.943+0000][8][gc,phases    ] GC(7)   Merge Heap Roots: 0.3ms
[2020-09-05T08:42:33.943+0000][8][gc,phases    ] GC(7)   Evacuate Collection Set: 50.8ms
[2020-09-05T08:42:33.944+0000][8][gc,phases    ] GC(7)   Post Evacuate Collection Set: 6.8ms
[2020-09-05T08:42:33.944+0000][8][gc,phases    ] GC(7)   Other: 6.3ms
[2020-09-05T08:42:33.945+0000][8][gc,heap      ] GC(7) Eden regions: 42->0(295)
[2020-09-05T08:42:33.945+0000][8][gc,heap      ] GC(7) Survivor regions: 13->12(39)
[2020-09-05T08:42:33.946+0000][8][gc,heap      ] GC(7) Old regions: 3->3
[2020-09-05T08:42:33.946+0000][8][gc,heap      ] GC(7) Archive regions: 2->2
[2020-09-05T08:42:33.946+0000][8][gc,heap      ] GC(7) Humongous regions: 1->1
[2020-09-05T08:42:33.947+0000][8][gc,metaspace ] GC(7) Metaspace: 19856K(21248K)->19856K(21248K) NonClass: 17417K(18432K)->17417K(18432K) Class: 2439K(2816K)->2439K(2816K)
[2020-09-05T08:42:33.957+0000][8][gc           ] GC(7) Pause Young (Concurrent Start) (Metadata GC Threshold) 59M->16M(512M) 79.418ms
[2020-09-05T08:42:33.958+0000][8][gc,cpu       ] GC(7) User=0.03s Sys=0.01s Real=0.08s
[2020-09-05T08:42:33.959+0000][8][gc           ] GC(8) Concurrent Cycle
[2020-09-05T08:42:33.960+0000][8][safepoint    ] Safepoint "CollectForMetadataAllocation", Time since last: 271615400 ns, Reaching safepoint: 11764700 ns, At safepoint: 81977900 ns, Total: 93742600 ns
[2020-09-05T08:42:33.960+0000][8][gc,marking   ] GC(8) Concurrent Clear Claimed Marks
[2020-09-05T08:42:33.962+0000][8][gc,marking   ] GC(8) Concurrent Clear Claimed Marks 2.478ms
[2020-09-05T08:42:33.963+0000][8][gc,marking   ] GC(8) Concurrent Scan Root Regions
[2020-09-05T08:42:33.976+0000][8][gc,marking   ] GC(8) Concurrent Scan Root Regions 12.633ms
[2020-09-05T08:42:33.976+0000][8][gc,marking   ] GC(8) Concurrent Mark (21.888s)
[2020-09-05T08:42:33.977+0000][8][gc,marking   ] GC(8) Concurrent Mark From Roots
[2020-09-05T08:42:33.980+0000][8][gc,task      ] GC(8) Using 1 workers of 1 for marking
[2020-09-05T08:42:34.004+0000][8][gc,marking   ] GC(8) Concurrent Mark From Roots 26.823ms
[2020-09-05T08:42:34.004+0000][8][gc,marking   ] GC(8) Concurrent Preclean
[2020-09-05T08:42:34.005+0000][8][gc,marking   ] GC(8) Concurrent Preclean 0.630ms
[2020-09-05T08:42:34.005+0000][8][gc,marking   ] GC(8) Concurrent Mark (21.888s, 21.917s) 29.171ms
[2020-09-05T08:42:34.010+0000][8][gc,start     ] GC(8) Pause Remark
[2020-09-05T08:42:34.025+0000][8][gc           ] GC(8) Pause Remark 20M->20M(512M) 14.361ms
[2020-09-05T08:42:34.025+0000][8][gc,cpu       ] GC(8) User=0.01s Sys=0.00s Real=0.01s
[2020-09-05T08:42:34.026+0000][8][safepoint    ] Safepoint "G1Concurrent", Time since last: 46157600 ns, Reaching safepoint: 4204200 ns, At safepoint: 15555400 ns, Total: 19759600 ns
[2020-09-05T08:42:34.026+0000][8][gc,marking   ] GC(8) Concurrent Rebuild Remembered Sets
[2020-09-05T08:42:34.034+0000][8][gc,marking   ] GC(8) Concurrent Rebuild Remembered Sets 8.011ms
[2020-09-05T08:42:34.037+0000][8][gc,start     ] GC(8) Pause Cleanup
[2020-09-05T08:42:34.038+0000][8][gc           ] GC(8) Pause Cleanup 20M->20M(512M) 0.776ms
[2020-09-05T08:42:34.038+0000][8][gc,cpu       ] GC(8) User=0.00s Sys=0.00s Real=0.00s
[2020-09-05T08:42:34.039+0000][8][safepoint    ] Safepoint "G1Concurrent", Time since last: 9370100 ns, Reaching safepoint: 2050500 ns, At safepoint: 1775600 ns, Total: 3826100 ns
[2020-09-05T08:42:34.039+0000][8][gc,marking   ] GC(8) Concurrent Cleanup for Next Mark
[2020-09-05T08:42:34.041+0000][8][gc,marking   ] GC(8) Concurrent Cleanup for Next Mark 1.809ms
[2020-09-05T08:42:34.042+0000][8][gc           ] GC(8) Concurrent Cycle 82.981ms
[2020-09-05T08:42:35.040+0000][8][safepoint    ] Safepoint "Cleanup", Time since last: 1000907200 ns, Reaching safepoint: 109700 ns, At safepoint: 37200 ns, Total: 146900 ns
[2020-09-05T08:42:36.045+0000][8][safepoint    ] Safepoint "Cleanup", Time since last: 1002256900 ns, Reaching safepoint: 2805200 ns, At safepoint: 18300 ns, Total: 2823500 ns
[2020-09-05T08:42:36.317+0000][8][gc,start     ] GC(9) Pause Young (Normal) (G1 Evacuation Pause)
[2020-09-05T08:42:36.318+0000][8][gc,task      ] GC(9) Using 2 workers of 2 for evacuation
[2020-09-05T08:42:36.318+0000][8][gc,age       ] GC(9) Desired survivor size 20447232 bytes, new threshold 15 (max threshold 15)
[2020-09-05T08:42:36.383+0000][8][gc,age       ] GC(9) Age table with threshold 15 (max threshold 15)
[2020-09-05T08:42:36.388+0000][8][gc,age       ] GC(9) - age   1:    3205496 bytes,    3205496 total
[2020-09-05T08:42:36.389+0000][8][gc,age       ] GC(9) - age   2:      57776 bytes,    3263272 total
[2020-09-05T08:42:36.394+0000][8][gc,age       ] GC(9) - age   3:     821712 bytes,    4084984 total
[2020-09-05T08:42:36.394+0000][8][gc,age       ] GC(9) - age   4:    3047808 bytes,    7132792 total
[2020-09-05T08:42:36.394+0000][8][gc,age       ] GC(9) - age   5:    2888072 bytes,   10020864 total
[2020-09-05T08:42:36.395+0000][8][gc,age       ] GC(9) - age   6:    2297984 bytes,   12318848 total
[2020-09-05T08:42:36.396+0000][8][gc,age       ] GC(9) - age   7:    1510792 bytes,   13829640 total
[2020-09-05T08:42:36.396+0000][8][gc,age       ] GC(9) - age   8:    1172376 bytes,   15002016 total
[2020-09-05T08:42:36.397+0000][8][gc,phases    ] GC(9)   Pre Evacuate Collection Set: 0.2ms
[2020-09-05T08:42:36.397+0000][8][gc,phases    ] GC(9)   Merge Heap Roots: 0.2ms
[2020-09-05T08:42:36.398+0000][8][gc,phases    ] GC(9)   Evacuate Collection Set: 47.8ms
[2020-09-05T08:42:36.398+0000][8][gc,phases    ] GC(9)   Post Evacuate Collection Set: 15.7ms
[2020-09-05T08:42:36.399+0000][8][gc,phases    ] GC(9)   Other: 16.1ms
[2020-09-05T08:42:36.399+0000][8][gc,heap      ] GC(9) Eden regions: 295->0(292)
[2020-09-05T08:42:36.400+0000][8][gc,heap      ] GC(9) Survivor regions: 12->15(39)
[2020-09-05T08:42:36.400+0000][8][gc,heap      ] GC(9) Old regions: 3->3
[2020-09-05T08:42:36.400+0000][8][gc,heap      ] GC(9) Archive regions: 2->2
[2020-09-05T08:42:36.401+0000][8][gc,heap      ] GC(9) Humongous regions: 1->1
[2020-09-05T08:42:36.401+0000][8][gc,metaspace ] GC(9) Metaspace: 20368K(22144K)->20368K(22144K) NonClass: 17847K(19200K)->17847K(19200K) Class: 2521K(2944K)->2521K(2944K)
[2020-09-05T08:42:36.402+0000][8][gc           ] GC(9) Pause Young (Normal) (G1 Evacuation Pause) 311M->19M(512M) 85.055ms
[2020-09-05T08:42:36.402+0000][8][gc,cpu       ] GC(9) User=0.02s Sys=0.02s Real=0.08s
[2020-09-05T08:42:36.403+0000][8][safepoint    ] Safepoint "G1CollectForAllocation", Time since last: 271003900 ns, Reaching safepoint: 811000 ns, At safepoint: 85996100 ns, Total: 86807100 ns
[2020-09-05T08:42:37.412+0000][8][safepoint    ] Safepoint "Cleanup", Time since last: 1000775900 ns, Reaching safepoint: 8062200 ns, At safepoint: 58300 ns, Total: 8120500 ns
[2020-09-05T08:42:38.629+0000][8][safepoint    ] Safepoint "Cleanup", Time since last: 1216153300 ns, Reaching safepoint: 1044400 ns, At safepoint: 16900 ns, Total: 1061300 ns
[2020-09-05T08:42:39.633+0000][8][safepoint    ] Safepoint "Cleanup", Time since last: 1003911600 ns, Reaching safepoint: 201200 ns, At safepoint: 13400 ns, Total: 214600 ns
[2020-09-05T08:42:40.641+0000][8][safepoint    ] Safepoint "Cleanup", Time since last: 1002867900 ns, Reaching safepoint: 5255800 ns, At safepoint: 42500 ns, Total: 5298300 ns
[2020-09-05T08:42:42.123+0000][8][safepoint    ] Safepoint "Cleanup", Time since last: 1475835000 ns, Reaching safepoint: 5713900 ns, At safepoint: 48200 ns, Total: 5762100 ns
[2020-09-05T08:42:43.132+0000][8][safepoint    ] Safepoint "Cleanup", Time since last: 1006228000 ns, Reaching safepoint: 3236500 ns, At safepoint: 40800 ns, Total: 3277300 ns
[2020-09-05T08:42:44.148+0000][8][safepoint    ] Safepoint "Cleanup", Time since last: 1003615100 ns, Reaching safepoint: 11973000 ns, At safepoint: 26000 ns, Total: 11999000 ns
[2020-09-05T08:42:45.267+0000][8][safepoint    ] Safepoint "Cleanup", Time since last: 1112772800 ns, Reaching safepoint: 6027800 ns, At safepoint: 46300 ns, Total: 6074100 ns
[2020-09-05T08:42:46.432+0000][8][safepoint    ] Safepoint "Cleanup", Time since last: 1157891600 ns, Reaching safepoint: 7510000 ns, At safepoint: 46800 ns, Total: 7556800 ns
[2020-09-05T08:42:47.029+0000][8][gc,start     ] GC(10) Pause Young (Normal) (G1 Evacuation Pause)
[2020-09-05T08:42:47.029+0000][8][gc,task      ] GC(10) Using 2 workers of 2 for evacuation
[2020-09-05T08:42:47.030+0000][8][gc,age       ] GC(10) Desired survivor size 20447232 bytes, new threshold 15 (max threshold 15)
[2020-09-05T08:42:47.274+0000][8][gc,age       ] GC(10) Age table with threshold 15 (max threshold 15)
[2020-09-05T08:42:47.274+0000][8][gc,age       ] GC(10) - age   1:   20555624 bytes,   20555624 total
[2020-09-05T08:42:47.275+0000][8][gc,age       ] GC(10) - age   2:    2265280 bytes,   22820904 total
[2020-09-05T08:42:47.276+0000][8][gc,age       ] GC(10) - age   3:      56704 bytes,   22877608 total
[2020-09-05T08:42:47.276+0000][8][gc,age       ] GC(10) - age   4:     803488 bytes,   23681096 total
[2020-09-05T08:42:47.276+0000][8][gc,age       ] GC(10) - age   5:    3026824 bytes,   26707920 total
[2020-09-05T08:42:47.277+0000][8][gc,age       ] GC(10) - age   6:    2877912 bytes,   29585832 total
[2020-09-05T08:42:47.277+0000][8][gc,age       ] GC(10) - age   7:    2234696 bytes,   31820528 total
[2020-09-05T08:42:47.278+0000][8][gc,age       ] GC(10) - age   8:    1506176 bytes,   33326704 total
[2020-09-05T08:42:47.278+0000][8][gc,age       ] GC(10) - age   9:    1161952 bytes,   34488656 total
[2020-09-05T08:42:47.279+0000][8][gc,mmu       ] GC(10) MMU target violated: 201.0ms (200.0ms/201.0ms)
[2020-09-05T08:42:47.283+0000][8][gc,phases    ] GC(10)   Pre Evacuate Collection Set: 0.2ms
[2020-09-05T08:42:47.284+0000][8][gc,phases    ] GC(10)   Merge Heap Roots: 0.2ms
[2020-09-05T08:42:47.285+0000][8][gc,phases    ] GC(10)   Evacuate Collection Set: 220.6ms
[2020-09-05T08:42:47.285+0000][8][gc,phases    ] GC(10)   Post Evacuate Collection Set: 18.9ms
[2020-09-05T08:42:47.286+0000][8][gc,phases    ] GC(10)   Other: 14.9ms
[2020-09-05T08:42:47.286+0000][8][gc,heap      ] GC(10) Eden regions: 292->0(273)
[2020-09-05T08:42:47.287+0000][8][gc,heap      ] GC(10) Survivor regions: 15->34(39)
[2020-09-05T08:42:47.287+0000][8][gc,heap      ] GC(10) Old regions: 3->3
[2020-09-05T08:42:47.288+0000][8][gc,heap      ] GC(10) Archive regions: 2->2
[2020-09-05T08:42:47.288+0000][8][gc,heap      ] GC(10) Humongous regions: 1->1
[2020-09-05T08:42:47.289+0000][8][gc,metaspace ] GC(10) Metaspace: 29625K(32256K)->29625K(32256K) NonClass: 25860K(27648K)->25860K(27648K) Class: 3765K(4608K)->3765K(4608K)
[2020-09-05T08:42:47.289+0000][8][gc           ] GC(10) Pause Young (Normal) (G1 Evacuation Pause) 311M->38M(512M) 260.542ms
[2020-09-05T08:42:47.290+0000][8][gc,cpu       ] GC(10) User=0.16s Sys=0.02s Real=0.26s
[2020-09-05T08:42:47.290+0000][8][safepoint    ] Safepoint "G1CollectForAllocation", Time since last: 584269300 ns, Reaching safepoint: 12103700 ns, At safepoint: 261614200 ns, Total: 273717900 ns
[2020-09-05T08:42:48.301+0000][8][safepoint    ] Safepoint "Cleanup", Time since last: 1010355200 ns, Reaching safepoint: 258300 ns, At safepoint: 13700 ns, Total: 272000 ns
[2020-09-05T08:42:49.306+0000][8][safepoint    ] Safepoint "Cleanup", Time since last: 1000818300 ns, Reaching safepoint: 4202000 ns, At safepoint: 46500 ns, Total: 4248500 ns
[2020-09-05T08:42:50.316+0000][8][safepoint    ] Safepoint "Cleanup", Time since last: 1000873900 ns, Reaching safepoint: 9197700 ns, At safepoint: 18300 ns, Total: 9216000 ns
[2020-09-05T08:42:50.477+0000][8][gc,start     ] GC(11) Pause Young (Concurrent Start) (Metadata GC Threshold)
[2020-09-05T08:42:50.481+0000][8][gc,task      ] GC(11) Using 2 workers of 2 for evacuation
[2020-09-05T08:42:50.481+0000][8][gc,age       ] GC(11) Desired survivor size 20447232 bytes, new threshold 1 (max threshold 15)
[2020-09-05T08:42:50.724+0000][8][gc,age       ] GC(11) Age table with threshold 1 (max threshold 15)
[2020-09-05T08:42:50.725+0000][8][gc,age       ] GC(11) - age   1:   11265856 bytes,   11265856 total
[2020-09-05T08:42:50.725+0000][8][gc,mmu       ] GC(11) MMU target violated: 201.0ms (200.0ms/201.0ms)
[2020-09-05T08:42:50.726+0000][8][gc,phases    ] GC(11)   Pre Evacuate Collection Set: 0.4ms
[2020-09-05T08:42:50.726+0000][8][gc,phases    ] GC(11)   Merge Heap Roots: 0.3ms
[2020-09-05T08:42:50.726+0000][8][gc,phases    ] GC(11)   Evacuate Collection Set: 213.9ms
[2020-09-05T08:42:50.727+0000][8][gc,phases    ] GC(11)   Post Evacuate Collection Set: 27.5ms
[2020-09-05T08:42:50.727+0000][8][gc,phases    ] GC(11)   Other: 6.9ms
[2020-09-05T08:42:50.728+0000][8][gc,heap      ] GC(11) Eden regions: 89->0(296)
[2020-09-05T08:42:50.728+0000][8][gc,heap      ] GC(11) Survivor regions: 34->11(39)
[2020-09-05T08:42:50.728+0000][8][gc,heap      ] GC(11) Old regions: 3->37
[2020-09-05T08:42:50.729+0000][8][gc,heap      ] GC(11) Archive regions: 2->2
[2020-09-05T08:42:50.729+0000][8][gc,heap      ] GC(11) Humongous regions: 1->1
[2020-09-05T08:42:50.730+0000][8][gc,metaspace ] GC(11) Metaspace: 32723K(35840K)->32723K(35840K) NonClass: 28441K(30592K)->28441K(30592K) Class: 4282K(5248K)->4282K(5248K)
[2020-09-05T08:42:50.730+0000][8][gc           ] GC(11) Pause Young (Concurrent Start) (Metadata GC Threshold) 126M->48M(512M) 253.360ms
[2020-09-05T08:42:50.730+0000][8][gc,cpu       ] GC(11) User=0.15s Sys=0.02s Real=0.25s
[2020-09-05T08:42:50.734+0000][8][gc           ] GC(12) Concurrent Cycle
[2020-09-05T08:42:50.736+0000][8][gc,marking   ] GC(12) Concurrent Clear Claimed Marks
[2020-09-05T08:42:50.737+0000][8][gc,marking   ] GC(12) Concurrent Clear Claimed Marks 1.003ms
[2020-09-05T08:42:50.738+0000][8][gc,marking   ] GC(12) Concurrent Scan Root Regions
[2020-09-05T08:42:50.745+0000][8][safepoint    ] Safepoint "CollectForMetadataAllocation", Time since last: 160109000 ns, Reaching safepoint: 334100 ns, At safepoint: 267985500 ns, Total: 268319600 ns
[2020-09-05T08:42:50.925+0000][8][gc,marking   ] GC(12) Concurrent Scan Root Regions 187.249ms
[2020-09-05T08:42:50.934+0000][8][gc,marking   ] GC(12) Concurrent Mark (38.846s)
[2020-09-05T08:42:50.934+0000][8][gc,marking   ] GC(12) Concurrent Mark From Roots
[2020-09-05T08:42:50.936+0000][8][gc,task      ] GC(12) Using 1 workers of 1 for marking
[2020-09-05T08:42:50.954+0000][8][gc,marking   ] GC(12) Concurrent Mark From Roots 19.871ms
[2020-09-05T08:42:50.955+0000][8][safepoint    ] Safepoint "CollectForMetadataAllocation", Time since last: 210339300 ns, Reaching safepoint: 133400 ns, At safepoint: 217400 ns, Total: 350800 ns
[2020-09-05T08:42:50.956+0000][8][gc,marking   ] GC(12) Concurrent Preclean
[2020-09-05T08:42:50.960+0000][8][gc,marking   ] GC(12) Concurrent Preclean 3.756ms
[2020-09-05T08:42:50.960+0000][8][gc,marking   ] GC(12) Concurrent Mark (38.846s, 38.872s) 26.485ms
[2020-09-05T08:42:50.961+0000][8][gc,start     ] GC(12) Pause Remark
[2020-09-05T08:42:50.975+0000][8][gc           ] GC(12) Pause Remark 50M->50M(512M) 13.801ms
[2020-09-05T08:42:50.975+0000][8][gc,cpu       ] GC(12) User=0.00s Sys=0.00s Real=0.01s
[2020-09-05T08:42:50.976+0000][8][safepoint    ] Safepoint "G1Concurrent", Time since last: 5688500 ns, Reaching safepoint: 276500 ns, At safepoint: 14770000 ns, Total: 15046500 ns
[2020-09-05T08:42:50.976+0000][8][gc,marking   ] GC(12) Concurrent Rebuild Remembered Sets
[2020-09-05T08:42:51.172+0000][8][gc,marking   ] GC(12) Concurrent Rebuild Remembered Sets 196.096ms
[2020-09-05T08:42:51.177+0000][8][gc,start     ] GC(12) Pause Cleanup
[2020-09-05T08:42:51.178+0000][8][gc           ] GC(12) Pause Cleanup 53M->53M(512M) 2.819ms
[2020-09-05T08:42:51.178+0000][8][gc,cpu       ] GC(12) User=0.00s Sys=0.00s Real=0.01s
[2020-09-05T08:42:51.179+0000][8][safepoint    ] Safepoint "G1Concurrent", Time since last: 197586200 ns, Reaching safepoint: 1300000 ns, At safepoint: 3665100 ns, Total: 4965100 ns
[2020-09-05T08:42:51.180+0000][8][gc,marking   ] GC(12) Concurrent Cleanup for Next Mark
[2020-09-05T08:42:51.193+0000][8][gc,marking   ] GC(12) Concurrent Cleanup for Next Mark 12.765ms
[2020-09-05T08:42:51.194+0000][8][gc           ] GC(12) Concurrent Cycle 459.393ms
[2020-09-05T08:42:52.187+0000][8][safepoint    ] Safepoint "Cleanup", Time since last: 1004334200 ns, Reaching safepoint: 3704500 ns, At safepoint: 93500 ns, Total: 3798000 ns
[2020-09-05T08:42:53.257+0000][8][safepoint    ] Safepoint "Cleanup", Time since last: 1054671500 ns, Reaching safepoint: 14955500 ns, At safepoint: 227900 ns, Total: 15183400 ns
[2020-09-05T08:42:54.283+0000][8][safepoint    ] Safepoint "Cleanup", Time since last: 1002333400 ns, Reaching safepoint: 6181100 ns, At safepoint: 18376700 ns, Total: 24557800 ns
[2020-09-05T08:42:55.726+0000][8][safepoint    ] Safepoint "Cleanup", Time since last: 1388958000 ns, Reaching safepoint: 49180100 ns, At safepoint: 4094400 ns, Total: 53274500 ns
[2020-09-05T08:42:56.735+0000][8][safepoint    ] Safepoint "Cleanup", Time since last: 1007303000 ns, Reaching safepoint: 2004800 ns, At safepoint: 41000 ns, Total: 2045800 ns
[2020-09-05T08:42:57.744+0000][8][safepoint    ] Safepoint "Cleanup", Time since last: 1007939300 ns, Reaching safepoint: 988700 ns, At safepoint: 48900 ns, Total: 1037600 ns
[2020-09-05T08:42:59.746+0000][8][safepoint    ] Safepoint "Cleanup", Time since last: 2002115600 ns, Reaching safepoint: 320400 ns, At safepoint: 26200 ns, Total: 346600 ns
[2020-09-05T08:43:01.705+0000][8][safepoint    ] Safepoint "Cleanup", Time since last: 1988916900 ns, Reaching safepoint: 2705400 ns, At safepoint: 16000 ns, Total: 2721400 ns
[2020-09-05T08:43:02.710+0000][8][safepoint    ] Safepoint "Cleanup", Time since last: 1000987300 ns, Reaching safepoint: 4024400 ns, At safepoint: 18500 ns, Total: 4042900 ns
[2020-09-05T08:43:03.713+0000][8][safepoint    ] Safepoint "Cleanup", Time since last: 1002838000 ns, Reaching safepoint: 327700 ns, At safepoint: 20200 ns, Total: 347900 ns
[2020-09-05T08:43:04.727+0000][8][safepoint    ] Safepoint "Cleanup", Time since last: 1002488800 ns, Reaching safepoint: 11139900 ns, At safepoint: 40600 ns, Total: 11180500 ns
[2020-09-05T08:43:05.731+0000][8][safepoint    ] Safepoint "Cleanup", Time since last: 1000992300 ns, Reaching safepoint: 3782000 ns, At safepoint: 41000 ns, Total: 3823000 ns
[2020-09-05T08:43:06.745+0000][8][safepoint    ] Safepoint "Cleanup", Time since last: 1004246400 ns, Reaching safepoint: 9196200 ns, At safepoint: 56300 ns, Total: 9252500 ns
[2020-09-05T08:43:07.755+0000][8][safepoint    ] Safepoint "Cleanup", Time since last: 1004655200 ns, Reaching safepoint: 5577100 ns, At safepoint: 42900 ns, Total: 5620000 ns
[2020-09-05T08:43:08.830+0000][8][safepoint    ] Safepoint "Cleanup", Time since last: 1073685100 ns, Reaching safepoint: 683300 ns, At safepoint: 40800 ns, Total: 724100 ns
[2020-09-05T08:43:08.919+0000][8][safepoint    ] Safepoint "BulkRevokeBias", Time since last: 88808000 ns, Reaching safepoint: 184800 ns, At safepoint: 132200 ns, Total: 317000 ns
[2020-09-05T08:43:08.938+0000][8][safepoint    ] Safepoint "BulkRevokeBias", Time since last: 18477800 ns, Reaching safepoint: 289700 ns, At safepoint: 129400 ns, Total: 419100 ns
[2020-09-05T08:43:09.426+0000][8][safepoint    ] Safepoint "BulkRevokeBias", Time since last: 484786800 ns, Reaching safepoint: 3770400 ns, At safepoint: 131900 ns, Total: 3902300 ns
[2020-09-05T08:43:10.429+0000][8][safepoint    ] Safepoint "Cleanup", Time since last: 1002035400 ns, Reaching safepoint: 325700 ns, At safepoint: 38700 ns, Total: 364400 ns
[2020-09-05T08:43:11.435+0000][8][safepoint    ] Safepoint "Cleanup", Time since last: 1002902600 ns, Reaching safepoint: 3109700 ns, At safepoint: 39100 ns, Total: 3148800 ns
[2020-09-05T08:43:12.445+0000][8][safepoint    ] Safepoint "Cleanup", Time since last: 1010029800 ns, Reaching safepoint: 317800 ns, At safepoint: 41200 ns, Total: 359000 ns
[2020-09-05T08:43:13.082+0000][8][gc,start     ] GC(13) Pause Young (Concurrent Start) (Metadata GC Threshold)
[2020-09-05T08:43:13.083+0000][8][gc,task      ] GC(13) Using 2 workers of 2 for evacuation
[2020-09-05T08:43:13.084+0000][8][gc,age       ] GC(13) Desired survivor size 20447232 bytes, new threshold 15 (max threshold 15)
[2020-09-05T08:43:13.383+0000][8][gc,age       ] GC(13) Age table with threshold 15 (max threshold 15)
[2020-09-05T08:43:13.388+0000][8][gc,age       ] GC(13) - age   1:   11104840 bytes,   11104840 total
[2020-09-05T08:43:13.389+0000][8][gc,age       ] GC(13) - age   2:   11143048 bytes,   22247888 total
[2020-09-05T08:43:13.390+0000][8][gc,mmu       ] GC(13) MMU target violated: 201.0ms (200.0ms/201.0ms)
[2020-09-05T08:43:13.390+0000][8][gc,phases    ] GC(13)   Pre Evacuate Collection Set: 0.7ms
[2020-09-05T08:43:13.391+0000][8][gc,phases    ] GC(13)   Merge Heap Roots: 0.5ms
[2020-09-05T08:43:13.397+0000][8][gc,phases    ] GC(13)   Evacuate Collection Set: 278.4ms
[2020-09-05T08:43:13.407+0000][8][gc,phases    ] GC(13)   Post Evacuate Collection Set: 18.8ms
[2020-09-05T08:43:13.408+0000][8][gc,phases    ] GC(13)   Other: 10.1ms
[2020-09-05T08:43:13.422+0000][8][gc,heap      ] GC(13) Eden regions: 287->0(3)
[2020-09-05T08:43:13.423+0000][8][gc,heap      ] GC(13) Survivor regions: 11->22(39)
[2020-09-05T08:43:13.424+0000][8][gc,heap      ] GC(13) Old regions: 37->37
[2020-09-05T08:43:13.425+0000][8][gc,heap      ] GC(13) Archive regions: 2->2
[2020-09-05T08:43:13.426+0000][8][gc,heap      ] GC(13) Humongous regions: 1->1
[2020-09-05T08:43:13.429+0000][8][gc,metaspace ] GC(13) Metaspace: 55207K(60588K)->55207K(60588K) NonClass: 47758K(51116K)->47758K(51116K) Class: 7449K(9472K)->7449K(9472K)
[2020-09-05T08:43:13.431+0000][8][gc           ] GC(13) Pause Young (Concurrent Start) (Metadata GC Threshold) 335M->59M(512M) 348.818ms
[2020-09-05T08:43:13.432+0000][8][gc,cpu       ] GC(13) User=0.16s Sys=0.03s Real=0.35s
[2020-09-05T08:43:13.432+0000][8][gc           ] GC(14) Concurrent Cycle
[2020-09-05T08:43:13.433+0000][8][gc,marking   ] GC(14) Concurrent Clear Claimed Marks
[2020-09-05T08:43:13.434+0000][8][gc,marking   ] GC(14) Concurrent Clear Claimed Marks 1.000ms
[2020-09-05T08:43:13.435+0000][8][gc,marking   ] GC(14) Concurrent Scan Root Regions
[2020-09-05T08:43:13.433+0000][8][safepoint    ] Safepoint "CollectForMetadataAllocation", Time since last: 632613700 ns, Reaching safepoint: 3938000 ns, At safepoint: 351214700 ns, Total: 355152700 ns
[2020-09-05T08:43:13.536+0000][8][gc,marking   ] GC(14) Concurrent Scan Root Regions 101.020ms
[2020-09-05T08:43:13.541+0000][8][gc,marking   ] GC(14) Concurrent Mark (61.486s)
[2020-09-05T08:43:13.541+0000][8][gc,marking   ] GC(14) Concurrent Mark From Roots
[2020-09-05T08:43:13.542+0000][8][gc,task      ] GC(14) Using 1 workers of 1 for marking
[2020-09-05T08:43:13.641+0000][8][safepoint    ] Safepoint "CollectForMetadataAllocation", Time since last: 198664900 ns, Reaching safepoint: 9046000 ns, At safepoint: 525100 ns, Total: 9571100 ns
[2020-09-05T08:43:13.708+0000][8][safepoint    ] Safepoint "BulkRevokeBias", Time since last: 38669700 ns, Reaching safepoint: 27732100 ns, At safepoint: 210700 ns, Total: 27942800 ns
[2020-09-05T08:43:13.941+0000][8][gc,start     ] GC(15) Pause Young (Normal) (G1 Evacuation Pause)
[2020-09-05T08:43:13.942+0000][8][gc,task      ] GC(15) Using 2 workers of 2 for evacuation
[2020-09-05T08:43:13.943+0000][8][gc,age       ] GC(15) Desired survivor size 2097152 bytes, new threshold 1 (max threshold 15)
[2020-09-05T08:43:14.068+0000][8][gc,age       ] GC(15) Age table with threshold 1 (max threshold 15)
[2020-09-05T08:43:14.079+0000][8][gc,age       ] GC(15) - age   1:     107648 bytes,     107648 total
[2020-09-05T08:43:14.079+0000][8][gc,phases    ] GC(15)   Pre Evacuate Collection Set: 0.2ms
[2020-09-05T08:43:14.082+0000][8][gc,phases    ] GC(15)   Merge Heap Roots: 0.2ms
[2020-09-05T08:43:14.083+0000][8][gc,phases    ] GC(15)   Evacuate Collection Set: 122.1ms
[2020-09-05T08:43:14.083+0000][8][gc,phases    ] GC(15)   Post Evacuate Collection Set: 2.4ms
[2020-09-05T08:43:14.086+0000][8][gc,phases    ] GC(15)   Other: 13.1ms
[2020-09-05T08:43:14.086+0000][8][gc,heap      ] GC(15) Eden regions: 3->0(287)
[2020-09-05T08:43:14.087+0000][8][gc,heap      ] GC(15) Survivor regions: 22->1(4)
[2020-09-05T08:43:14.090+0000][8][gc,heap      ] GC(15) Old regions: 37->58
[2020-09-05T08:43:14.091+0000][8][gc,heap      ] GC(15) Archive regions: 2->2
[2020-09-05T08:43:14.092+0000][8][gc,heap      ] GC(15) Humongous regions: 1->1
[2020-09-05T08:43:14.092+0000][8][gc,metaspace ] GC(15) Metaspace: 55646K(61176K)->55646K(61176K) NonClass: 48113K(51576K)->48113K(51576K) Class: 7532K(9600K)->7532K(9600K)
[2020-09-05T08:43:14.094+0000][8][gc           ] GC(15) Pause Young (Normal) (G1 Evacuation Pause) 62M->60M(512M) 152.411ms
[2020-09-05T08:43:14.094+0000][8][gc,cpu       ] GC(15) User=0.09s Sys=0.01s Real=0.16s
[2020-09-05T08:43:14.098+0000][8][safepoint    ] Safepoint "G1CollectForAllocation", Time since last: 233057000 ns, Reaching safepoint: 398100 ns, At safepoint: 156892500 ns, Total: 157290600 ns
[2020-09-05T08:43:14.127+0000][8][gc,marking   ] GC(14) Concurrent Mark From Roots 585.343ms
[2020-09-05T08:43:14.127+0000][8][gc,marking   ] GC(14) Concurrent Preclean
[2020-09-05T08:43:14.128+0000][8][gc,marking   ] GC(14) Concurrent Preclean 0.622ms
[2020-09-05T08:43:14.128+0000][8][gc,marking   ] GC(14) Concurrent Mark (61.486s, 62.073s) 587.374ms
[2020-09-05T08:43:14.135+0000][8][gc,start     ] GC(14) Pause Remark
[2020-09-05T08:43:14.171+0000][8][gc           ] GC(14) Pause Remark 61M->61M(512M) 35.786ms
[2020-09-05T08:43:14.171+0000][8][gc,cpu       ] GC(14) User=0.03s Sys=0.00s Real=0.03s
[2020-09-05T08:43:14.172+0000][8][safepoint    ] Safepoint "G1Concurrent", Time since last: 33568300 ns, Reaching safepoint: 3272300 ns, At safepoint: 36906100 ns, Total: 40178400 ns
[2020-09-05T08:43:14.172+0000][8][gc,marking   ] GC(14) Concurrent Rebuild Remembered Sets
[2020-09-05T08:43:14.698+0000][8][gc,marking   ] GC(14) Concurrent Rebuild Remembered Sets 525.647ms
[2020-09-05T08:43:14.718+0000][8][gc,start     ] GC(14) Pause Cleanup
[2020-09-05T08:43:14.723+0000][8][gc           ] GC(14) Pause Cleanup 67M->67M(512M) 5.334ms
[2020-09-05T08:43:14.728+0000][8][gc,cpu       ] GC(14) User=0.00s Sys=0.00s Real=0.01s
[2020-09-05T08:43:14.764+0000][8][safepoint    ] Safepoint "G1Concurrent", Time since last: 538990500 ns, Reaching safepoint: 6829200 ns, At safepoint: 46772400 ns, Total: 53601600 ns
[2020-09-05T08:43:14.765+0000][8][gc,marking   ] GC(14) Concurrent Cleanup for Next Mark
[2020-09-05T08:43:14.779+0000][8][gc,marking   ] GC(14) Concurrent Cleanup for Next Mark 13.283ms
[2020-09-05T08:43:14.782+0000][8][gc           ] GC(14) Concurrent Cycle 1349.348ms
[2020-09-05T08:43:15.772+0000][8][safepoint    ] Safepoint "Cleanup", Time since last: 1001756100 ns, Reaching safepoint: 6010800 ns, At safepoint: 170000 ns, Total: 6180800 ns
[2020-09-05T08:43:17.350+0000][8][safepoint    ] Safepoint "Cleanup", Time since last: 1576827600 ns, Reaching safepoint: 355700 ns, At safepoint: 17700 ns, Total: 373400 ns
[2020-09-05T08:43:18.359+0000][8][safepoint    ] Safepoint "Cleanup", Time since last: 1008959700 ns, Reaching safepoint: 428300 ns, At safepoint: 12500 ns, Total: 440800 ns
[2020-09-05T08:43:19.361+0000][8][safepoint    ] Safepoint "Cleanup", Time since last: 1001246900 ns, Reaching safepoint: 1016300 ns, At safepoint: 16800 ns, Total: 1033100 ns
[2020-09-05T08:43:20.365+0000][8][safepoint    ] Safepoint "Cleanup", Time since last: 1001194700 ns, Reaching safepoint: 2055500 ns, At safepoint: 51100 ns, Total: 2106600 ns
[2020-09-05T08:43:21.884+0000][8][safepoint    ] Safepoint "Cleanup", Time since last: 1503120600 ns, Reaching safepoint: 16168200 ns, At safepoint: 25500 ns, Total: 16193700 ns
[2020-09-05T08:43:22.889+0000][8][safepoint    ] Safepoint "Cleanup", Time since last: 1001005300 ns, Reaching safepoint: 3637600 ns, At safepoint: 43600 ns, Total: 3681200 ns
[2020-09-05T08:43:23.857+0000][8][safepoint    ] Safepoint "BulkRevokeBias", Time since last: 944462000 ns, Reaching safepoint: 23403400 ns, At safepoint: 245400 ns, Total: 23648800 ns
[2020-09-05T08:43:24.963+0000][8][safepoint    ] Safepoint "Cleanup", Time since last: 1093459900 ns, Reaching safepoint: 12615800 ns, At safepoint: 59100 ns, Total: 12674900 ns
[2020-09-05T08:43:25.966+0000][8][safepoint    ] Safepoint "Cleanup", Time since last: 1000984500 ns, Reaching safepoint: 1691800 ns, At safepoint: 27200 ns, Total: 1719000 ns
[2020-09-05T08:43:26.971+0000][8][safepoint    ] Safepoint "Cleanup", Time since last: 1003714300 ns, Reaching safepoint: 1777800 ns, At safepoint: 57400 ns, Total: 1835200 ns
[2020-09-05T08:43:28.795+0000][8][safepoint    ] Safepoint "Cleanup", Time since last: 1822954600 ns, Reaching safepoint: 335800 ns, At safepoint: 179500 ns, Total: 515300 ns
[2020-09-05T08:43:29.806+0000][8][safepoint    ] Safepoint "Cleanup", Time since last: 1004904400 ns, Reaching safepoint: 6571500 ns, At safepoint: 51700 ns, Total: 6623200 ns
[2020-09-05T08:43:30.818+0000][8][safepoint    ] Safepoint "Cleanup", Time since last: 1008074700 ns, Reaching safepoint: 4057700 ns, At safepoint: 70200 ns, Total: 4127900 ns
[2020-09-05T08:43:31.792+0000][8][safepoint    ] Safepoint "Cleanup", Time since last: 1001796200 ns, Reaching safepoint: 5683200 ns, At safepoint: 20800 ns, Total: 5704000 ns
[2020-09-05T08:43:33.545+0000][8][safepoint    ] Safepoint "Cleanup", Time since last: 1740270500 ns, Reaching safepoint: 12950900 ns, At safepoint: 49100 ns, Total: 13000000 ns
[2020-09-05T08:43:34.558+0000][8][safepoint    ] Safepoint "Cleanup", Time since last: 1009717300 ns, Reaching safepoint: 3114300 ns, At safepoint: 50300 ns, Total: 3164600 ns
[2020-09-05T08:43:35.615+0000][8][safepoint    ] Safepoint "Cleanup", Time since last: 1053458200 ns, Reaching safepoint: 3050400 ns, At safepoint: 25900 ns, Total: 3076300 ns
[2020-09-05T08:43:36.620+0000][8][safepoint    ] Safepoint "Cleanup", Time since last: 1002638000 ns, Reaching safepoint: 2142700 ns, At safepoint: 67300 ns, Total: 2210000 ns
[2020-09-05T08:43:37.637+0000][8][safepoint    ] Safepoint "Cleanup", Time since last: 1005176900 ns, Reaching safepoint: 12581700 ns, At safepoint: 68100 ns, Total: 12649800 ns
[2020-09-05T08:43:38.641+0000][8][safepoint    ] Safepoint "Cleanup", Time since last: 1003277900 ns, Reaching safepoint: 593600 ns, At safepoint: 193700 ns, Total: 787300 ns
[2020-09-05T08:43:39.660+0000][8][safepoint    ] Safepoint "Cleanup", Time since last: 1003897100 ns, Reaching safepoint: 14971800 ns, At safepoint: 43700 ns, Total: 15015500 ns
[2020-09-05T08:43:40.668+0000][8][safepoint    ] Safepoint "Cleanup", Time since last: 1001429200 ns, Reaching safepoint: 6107300 ns, At safepoint: 15800 ns, Total: 6123100 ns
[2020-09-05T08:43:41.672+0000][8][safepoint    ] Safepoint "Cleanup", Time since last: 1004041500 ns, Reaching safepoint: 407800 ns, At safepoint: 17300 ns, Total: 425100 ns
[2020-09-05T08:43:43.343+0000][8][safepoint    ] Safepoint "Cleanup", Time since last: 1666613600 ns, Reaching safepoint: 4043900 ns, At safepoint: 32200 ns, Total: 4076100 ns
[2020-09-05T08:43:45.028+0000][8][safepoint    ] Safepoint "Cleanup", Time since last: 1681944600 ns, Reaching safepoint: 2473200 ns, At safepoint: 159900 ns, Total: 2633100 ns
[2020-09-05T08:43:46.934+0000][8][safepoint    ] Safepoint "Cleanup", Time since last: 1906327100 ns, Reaching safepoint: 475200 ns, At safepoint: 18700 ns, Total: 493900 ns
[2020-09-05T08:43:47.937+0000][8][safepoint    ] Safepoint "Cleanup", Time since last: 1001647800 ns, Reaching safepoint: 681400 ns, At safepoint: 291900 ns, Total: 973300 ns
[2020-09-05T08:43:48.093+0000][8][gc,start     ] GC(16) Pause Young (Concurrent Start) (G1 Evacuation Pause)
[2020-09-05T08:43:48.094+0000][8][gc,task      ] GC(16) Using 2 workers of 2 for evacuation
[2020-09-05T08:43:48.094+0000][8][gc,age       ] GC(16) Desired survivor size 18874368 bytes, new threshold 15 (max threshold 15)
[2020-09-05T08:43:48.259+0000][8][gc,age       ] GC(16) Age table with threshold 15 (max threshold 15)
[2020-09-05T08:43:48.260+0000][8][gc,age       ] GC(16) - age   1:    7860368 bytes,    7860368 total
[2020-09-05T08:43:48.261+0000][8][gc,age       ] GC(16) - age   2:      98736 bytes,    7959104 total
[2020-09-05T08:43:48.261+0000][8][gc,phases    ] GC(16)   Pre Evacuate Collection Set: 1.9ms
[2020-09-05T08:43:48.262+0000][8][gc,phases    ] GC(16)   Merge Heap Roots: 0.6ms
[2020-09-05T08:43:48.263+0000][8][gc,phases    ] GC(16)   Evacuate Collection Set: 147.4ms
[2020-09-05T08:43:48.263+0000][8][gc,phases    ] GC(16)   Post Evacuate Collection Set: 14.4ms
[2020-09-05T08:43:48.264+0000][8][gc,phases    ] GC(16)   Other: 4.3ms
[2020-09-05T08:43:48.264+0000][8][gc,heap      ] GC(16) Eden regions: 287->0(97)
[2020-09-05T08:43:48.265+0000][8][gc,heap      ] GC(16) Survivor regions: 1->8(36)
[2020-09-05T08:43:48.265+0000][8][gc,heap      ] GC(16) Old regions: 58->58
[2020-09-05T08:43:48.266+0000][8][gc,heap      ] GC(16) Archive regions: 2->2
[2020-09-05T08:43:48.266+0000][8][gc,heap      ] GC(16) Humongous regions: 1->1
[2020-09-05T08:43:48.267+0000][8][gc,metaspace ] GC(16) Metaspace: 80198K(86904K)->80198K(86904K) NonClass: 69197K(73080K)->69197K(73080K) Class: 11001K(13824K)->11001K(13824K)
[2020-09-05T08:43:48.268+0000][8][gc           ] GC(16) Pause Young (Concurrent Start) (G1 Evacuation Pause) 347M->67M(512M) 174.526ms
[2020-09-05T08:43:48.268+0000][8][gc,cpu       ] GC(16) User=0.08s Sys=0.02s Real=0.17s
[2020-09-05T08:43:48.269+0000][8][safepoint    ] Safepoint "G1CollectForAllocation", Time since last: 155104000 ns, Reaching safepoint: 615500 ns, At safepoint: 175824100 ns, Total: 176439600 ns
[2020-09-05T08:43:48.269+0000][8][gc           ] GC(17) Concurrent Cycle
[2020-09-05T08:43:48.290+0000][8][gc,marking   ] GC(17) Concurrent Clear Claimed Marks
[2020-09-05T08:43:48.291+0000][8][gc,marking   ] GC(17) Concurrent Clear Claimed Marks 0.968ms
[2020-09-05T08:43:48.295+0000][8][gc,marking   ] GC(17) Concurrent Scan Root Regions
[2020-09-05T08:43:48.409+0000][8][gc,marking   ] GC(17) Concurrent Scan Root Regions 114.186ms
[2020-09-05T08:43:48.409+0000][8][gc,marking   ] GC(17) Concurrent Mark (96.388s)
[2020-09-05T08:43:48.410+0000][8][gc,marking   ] GC(17) Concurrent Mark From Roots
[2020-09-05T08:43:48.410+0000][8][gc,task      ] GC(17) Using 1 workers of 1 for marking
[2020-09-05T08:43:49.521+0000][8][gc,marking   ] GC(17) Concurrent Mark From Roots 1111.005ms
[2020-09-05T08:43:49.522+0000][8][gc,marking   ] GC(17) Concurrent Preclean
[2020-09-05T08:43:49.525+0000][8][gc,marking   ] GC(17) Concurrent Preclean 3.023ms
[2020-09-05T08:43:49.526+0000][8][gc,marking   ] GC(17) Concurrent Mark (96.388s, 97.504s) 1116.027ms
[2020-09-05T08:43:49.528+0000][8][gc,start     ] GC(17) Pause Remark
[2020-09-05T08:43:49.559+0000][8][gc           ] GC(17) Pause Remark 76M->76M(512M) 30.926ms
[2020-09-05T08:43:49.559+0000][8][gc,cpu       ] GC(17) User=0.02s Sys=0.00s Real=0.04s
[2020-09-05T08:43:49.560+0000][8][safepoint    ] Safepoint "G1Concurrent", Time since last: 1258812100 ns, Reaching safepoint: 370800 ns, At safepoint: 32017300 ns, Total: 32388100 ns
[2020-09-05T08:43:49.561+0000][8][gc,marking   ] GC(17) Concurrent Rebuild Remembered Sets
[2020-09-05T08:43:50.129+0000][8][gc,marking   ] GC(17) Concurrent Rebuild Remembered Sets 567.984ms
[2020-09-05T08:43:50.132+0000][8][gc,start     ] GC(17) Pause Cleanup
[2020-09-05T08:43:50.133+0000][8][gc           ] GC(17) Pause Cleanup 79M->79M(512M) 1.123ms
[2020-09-05T08:43:50.141+0000][8][gc,cpu       ] GC(17) User=0.00s Sys=0.00s Real=0.01s
[2020-09-05T08:43:50.141+0000][8][safepoint    ] Safepoint "G1Concurrent", Time since last: 570868200 ns, Reaching safepoint: 1425600 ns, At safepoint: 9296800 ns, Total: 10722400 ns
[2020-09-05T08:43:50.148+0000][8][gc,marking   ] GC(17) Concurrent Cleanup for Next Mark
[2020-09-05T08:43:50.153+0000][8][gc,marking   ] GC(17) Concurrent Cleanup for Next Mark 4.419ms
[2020-09-05T08:43:50.153+0000][8][gc           ] GC(17) Concurrent Cycle 1884.737ms
[2020-09-05T08:43:50.330+0000][8][safepoint    ] Safepoint "BulkRevokeBias", Time since last: 182859300 ns, Reaching safepoint: 5860900 ns, At safepoint: 339300 ns, Total: 6200200 ns
[2020-09-05T08:43:51.376+0000][8][safepoint    ] Safepoint "Cleanup", Time since last: 1043732400 ns, Reaching safepoint: 1864300 ns, At safepoint: 42200 ns, Total: 1906500 ns
[2020-09-05T08:43:52.411+0000][8][safepoint    ] Safepoint "Cleanup", Time since last: 1034947500 ns, Reaching safepoint: 212500 ns, At safepoint: 60100 ns, Total: 272600 ns
[2020-09-05T08:43:52.674+0000][8][safepoint    ] Safepoint "BulkRevokeBias", Time since last: 262007700 ns, Reaching safepoint: 146700 ns, At safepoint: 390300 ns, Total: 537000 ns
[2020-09-05T08:43:53.844+0000][8][safepoint    ] Safepoint "Cleanup", Time since last: 1168405500 ns, Reaching safepoint: 1424600 ns, At safepoint: 27200 ns, Total: 1451800 ns
[2020-09-05T08:43:54.592+0000][8][safepoint    ] Safepoint "BulkRevokeBias", Time since last: 748266800 ns, Reaching safepoint: 239800 ns, At safepoint: 291000 ns, Total: 530800 ns
[2020-09-05T08:43:55.675+0000][8][safepoint    ] Safepoint "Cleanup", Time since last: 1074098200 ns, Reaching safepoint: 8467400 ns, At safepoint: 56500 ns, Total: 8523900 ns
[2020-09-05T08:43:56.703+0000][8][safepoint    ] Safepoint "Cleanup", Time since last: 1020835100 ns, Reaching safepoint: 6838300 ns, At safepoint: 61700 ns, Total: 6900000 ns
[2020-09-05T08:43:57.720+0000][8][safepoint    ] Safepoint "Cleanup", Time since last: 1007941900 ns, Reaching safepoint: 8628600 ns, At safepoint: 150300 ns, Total: 8778900 ns
[2020-09-05T08:43:57.762+0000][8][safepoint    ] Safepoint "BulkRevokeBias", Time since last: 32219600 ns, Reaching safepoint: 9962300 ns, At safepoint: 537500 ns, Total: 10499800 ns
[2020-09-05T08:43:58.864+0000][8][gc,start     ] GC(18) Pause Young (Normal) (G1 Evacuation Pause)
[2020-09-05T08:43:58.865+0000][8][gc,task      ] GC(18) Using 2 workers of 2 for evacuation
[2020-09-05T08:43:58.866+0000][8][gc,age       ] GC(18) Desired survivor size 7340032 bytes, new threshold 1 (max threshold 15)
[2020-09-05T08:43:58.999+0000][8][gc,age       ] GC(18) Age table with threshold 1 (max threshold 15)
[2020-09-05T08:43:58.999+0000][8][gc,age       ] GC(18) - age   1:    4135776 bytes,    4135776 total
[2020-09-05T08:43:59.002+0000][8][gc,phases    ] GC(18)   Pre Evacuate Collection Set: 0.2ms
[2020-09-05T08:43:59.003+0000][8][gc,phases    ] GC(18)   Merge Heap Roots: 0.5ms
[2020-09-05T08:43:59.004+0000][8][gc,phases    ] GC(18)   Evacuate Collection Set: 121.6ms
[2020-09-05T08:43:59.004+0000][8][gc,phases    ] GC(18)   Post Evacuate Collection Set: 9.0ms
[2020-09-05T08:43:59.005+0000][8][gc,phases    ] GC(18)   Other: 7.8ms
[2020-09-05T08:43:59.006+0000][8][gc,heap      ] GC(18) Eden regions: 97->0(233)
[2020-09-05T08:43:59.006+0000][8][gc,heap      ] GC(18) Survivor regions: 8->5(14)
[2020-09-05T08:43:59.007+0000][8][gc,heap      ] GC(18) Old regions: 58->66
[2020-09-05T08:43:59.007+0000][8][gc,heap      ] GC(18) Archive regions: 2->2
[2020-09-05T08:43:59.007+0000][8][gc,heap      ] GC(18) Humongous regions: 7->7
[2020-09-05T08:43:59.008+0000][8][gc,metaspace ] GC(18) Metaspace: 87498K(95096K)->87498K(95096K) NonClass: 75461K(79992K)->75461K(79992K) Class: 12037K(15104K)->12037K(15104K)
[2020-09-05T08:43:59.008+0000][8][gc           ] GC(18) Pause Young (Normal) (G1 Evacuation Pause) 170M->77M(512M) 144.054ms
[2020-09-05T08:43:59.009+0000][8][gc,cpu       ] GC(18) User=0.07s Sys=0.02s Real=0.15s
[2020-09-05T08:43:59.012+0000][8][safepoint    ] Safepoint "G1CollectForAllocation", Time since last: 1093869800 ns, Reaching safepoint: 7108600 ns, At safepoint: 148912400 ns, Total: 156021000 ns
[2020-09-05T08:44:00.951+0000][8][safepoint    ] Safepoint "Cleanup", Time since last: 1938221900 ns, Reaching safepoint: 125800 ns, At safepoint: 11800 ns, Total: 137600 ns
[2020-09-05T08:44:02.109+0000][8][safepoint    ] Safepoint "Cleanup", Time since last: 1185237500 ns, Reaching safepoint: 7470200 ns, At safepoint: 54200 ns, Total: 7524400 ns
[2020-09-05T08:44:03.148+0000][8][safepoint    ] Safepoint "Cleanup", Time since last: 1038718100 ns, Reaching safepoint: 188900 ns, At safepoint: 12100 ns, Total: 201000 ns
[2020-09-05T08:44:04.439+0000][8][safepoint    ] Safepoint "Cleanup", Time since last: 1290471800 ns, Reaching safepoint: 350700 ns, At safepoint: 16200 ns, Total: 366900 ns
[2020-09-05T08:44:05.824+0000][8][safepoint    ] Safepoint "Cleanup", Time since last: 1383649900 ns, Reaching safepoint: 2093900 ns, At safepoint: 28200 ns, Total: 2122100 ns
[2020-09-05T08:44:06.830+0000][8][safepoint    ] Safepoint "Cleanup", Time since last: 1005338200 ns, Reaching safepoint: 146700 ns, At safepoint: 13900 ns, Total: 160600 ns
[2020-09-05T08:44:08.152+0000][8][safepoint    ] Safepoint "Cleanup", Time since last: 1321737100 ns, Reaching safepoint: 120400 ns, At safepoint: 12300 ns, Total: 132700 ns
[2020-09-05T08:44:09.154+0000][8][safepoint    ] Safepoint "Cleanup", Time since last: 1001936100 ns, Reaching safepoint: 175600 ns, At safepoint: 13200 ns, Total: 188800 ns
[2020-09-05T08:44:10.155+0000][8][safepoint    ] Safepoint "Cleanup", Time since last: 1000910700 ns, Reaching safepoint: 155700 ns, At safepoint: 14600 ns, Total: 170300 ns
[2020-09-05T08:44:11.170+0000][8][safepoint    ] Safepoint "Cleanup", Time since last: 1015114300 ns, Reaching safepoint: 272000 ns, At safepoint: 67700 ns, Total: 339700 ns
[2020-09-05T08:44:12.200+0000][8][safepoint    ] Safepoint "Cleanup", Time since last: 1029483600 ns, Reaching safepoint: 501100 ns, At safepoint: 17100 ns, Total: 518200 ns
[2020-09-05T08:44:13.205+0000][8][safepoint    ] Safepoint "Cleanup", Time since last: 1004295800 ns, Reaching safepoint: 195500 ns, At safepoint: 32900 ns, Total: 228400 ns
[2020-09-05T08:44:14.325+0000][8][safepoint    ] Safepoint "Cleanup", Time since last: 1084474500 ns, Reaching safepoint: 35292800 ns, At safepoint: 156300 ns, Total: 35449100 ns
[2020-09-05T08:44:15.352+0000][8][safepoint    ] Safepoint "Cleanup", Time since last: 1019735600 ns, Reaching safepoint: 6953000 ns, At safepoint: 143000 ns, Total: 7096000 ns
[2020-09-05T08:44:16.375+0000][8][safepoint    ] Safepoint "Cleanup", Time since last: 1022831700 ns, Reaching safepoint: 186900 ns, At safepoint: 9400 ns, Total: 196300 ns
[2020-09-05T08:44:17.376+0000][8][safepoint    ] Safepoint "Cleanup", Time since last: 1000940700 ns, Reaching safepoint: 136900 ns, At safepoint: 12600 ns, Total: 149500 ns
[2020-09-05T08:44:18.379+0000][8][safepoint    ] Safepoint "Cleanup", Time since last: 1002805900 ns, Reaching safepoint: 204000 ns, At safepoint: 22200 ns, Total: 226200 ns
[2020-09-05T08:44:19.380+0000][8][safepoint    ] Safepoint "Cleanup", Time since last: 1001407500 ns, Reaching safepoint: 145700 ns, At safepoint: 11900 ns, Total: 157600 ns
[2020-09-05T08:44:20.417+0000][8][safepoint    ] Safepoint "Cleanup", Time since last: 1035562400 ns, Reaching safepoint: 983800 ns, At safepoint: 21400 ns, Total: 1005200 ns
[2020-09-05T08:44:21.733+0000][8][safepoint    ] Safepoint "Cleanup", Time since last: 1316006600 ns, Reaching safepoint: 206300 ns, At safepoint: 110400 ns, Total: 316700 ns
[2020-09-05T08:44:22.735+0000][8][safepoint    ] Safepoint "Cleanup", Time since last: 1001062600 ns, Reaching safepoint: 237100 ns, At safepoint: 47200 ns, Total: 284300 ns
[2020-09-05T08:44:23.736+0000][8][safepoint    ] Safepoint "Cleanup", Time since last: 1001542300 ns, Reaching safepoint: 133900 ns, At safepoint: 11900 ns, Total: 145800 ns
[2020-09-05T08:44:24.738+0000][8][safepoint    ] Safepoint "Cleanup", Time since last: 1001220800 ns, Reaching safepoint: 450200 ns, At safepoint: 43400 ns, Total: 493600 ns
[2020-09-05T08:44:25.775+0000][8][safepoint    ] Safepoint "Cleanup", Time since last: 1020699000 ns, Reaching safepoint: 16268300 ns, At safepoint: 22900 ns, Total: 16291200 ns
[2020-09-05T08:44:27.826+0000][8][safepoint    ] Safepoint "Cleanup", Time since last: 2050608100 ns, Reaching safepoint: 243400 ns, At safepoint: 39800 ns, Total: 283200 ns
[2020-09-05T08:44:29.833+0000][8][safepoint    ] Safepoint "Cleanup", Time since last: 2006391700 ns, Reaching safepoint: 424800 ns, At safepoint: 38000 ns, Total: 462800 ns
[2020-09-05T08:44:30.836+0000][8][safepoint    ] Safepoint "Cleanup", Time since last: 1002513800 ns, Reaching safepoint: 177500 ns, At safepoint: 15800 ns, Total: 193300 ns
[2020-09-05T08:44:32.538+0000][8][safepoint    ] Safepoint "Cleanup", Time since last: 1735406600 ns, Reaching safepoint: 794900 ns, At safepoint: 36300 ns, Total: 831200 ns
[2020-09-05T08:44:35.545+0000][8][safepoint    ] Safepoint "Cleanup", Time since last: 3006547800 ns, Reaching safepoint: 264500 ns, At safepoint: 33300 ns, Total: 297800 ns
[2020-09-05T08:44:36.553+0000][8][safepoint    ] Safepoint "Cleanup", Time since last: 1005114500 ns, Reaching safepoint: 2687100 ns, At safepoint: 65000 ns, Total: 2752100 ns
[2020-09-05T08:44:37.556+0000][8][safepoint    ] Safepoint "Cleanup", Time since last: 1002829700 ns, Reaching safepoint: 243300 ns, At safepoint: 23200 ns, Total: 266500 ns
[2020-09-05T08:44:40.563+0000][8][safepoint    ] Safepoint "Cleanup", Time since last: 3006658500 ns, Reaching safepoint: 157900 ns, At safepoint: 16200 ns, Total: 174100 ns
[2020-09-05T08:44:41.564+0000][8][safepoint    ] Safepoint "Cleanup", Time since last: 1000771600 ns, Reaching safepoint: 178000 ns, At safepoint: 12500 ns, Total: 190500 ns
[2020-09-05T08:44:44.566+0000][8][safepoint    ] Safepoint "Cleanup", Time since last: 3002123600 ns, Reaching safepoint: 208000 ns, At safepoint: 27600 ns, Total: 235600 ns
[2020-09-05T08:44:51.868+0000][8][safepoint    ] Safepoint "Cleanup", Time since last: 7301236800 ns, Reaching safepoint: 246900 ns, At safepoint: 13000 ns, Total: 259900 ns
[2020-09-05T08:44:54.870+0000][8][safepoint    ] Safepoint "Cleanup", Time since last: 3002454700 ns, Reaching safepoint: 144800 ns, At safepoint: 14700 ns, Total: 159500 ns
[2020-09-05T08:44:55.887+0000][8][safepoint    ] Safepoint "Cleanup", Time since last: 1013086400 ns, Reaching safepoint: 3813100 ns, At safepoint: 24500 ns, Total: 3837600 ns
[2020-09-05T08:44:56.964+0000][8][safepoint    ] Safepoint "Cleanup", Time since last: 1076296000 ns, Reaching safepoint: 250600 ns, At safepoint: 14100 ns, Total: 264700 ns
[2020-09-05T08:44:58.272+0000][8][safepoint    ] Safepoint "Cleanup", Time since last: 1308525700 ns, Reaching safepoint: 155400 ns, At safepoint: 12400 ns, Total: 167800 ns
[2020-09-05T08:45:03.243+0000][8][safepoint    ] Safepoint "Cleanup", Time since last: 5003588800 ns, Reaching safepoint: 186700 ns, At safepoint: 13200 ns, Total: 199900 ns
[2020-09-05T08:45:05.245+0000][8][safepoint    ] Safepoint "Cleanup", Time since last: 2001796700 ns, Reaching safepoint: 501900 ns, At safepoint: 95400 ns, Total: 597300 ns
[2020-09-05T08:45:06.246+0000][8][safepoint    ] Safepoint "Cleanup", Time since last: 1001135500 ns, Reaching safepoint: 196300 ns, At safepoint: 19100 ns, Total: 215400 ns
[2020-09-05T08:45:07.746+0000][8][safepoint    ] Safepoint "Cleanup", Time since last: 1499815200 ns, Reaching safepoint: 224800 ns, At safepoint: 21400 ns, Total: 246200 ns
[2020-09-05T08:45:08.748+0000][8][safepoint    ] Safepoint "Cleanup", Time since last: 1000914700 ns, Reaching safepoint: 147300 ns, At safepoint: 12900 ns, Total: 160200 ns
[2020-09-05T08:45:16.254+0000][8][safepoint    ] Safepoint "Cleanup", Time since last: 7505436200 ns, Reaching safepoint: 1327100 ns, At safepoint: 16600 ns, Total: 1343700 ns
[2020-09-05T08:45:17.280+0000][8][safepoint    ] Safepoint "Cleanup", Time since last: 1025327800 ns, Reaching safepoint: 398800 ns, At safepoint: 53500 ns, Total: 452300 ns
[2020-09-05T08:45:21.302+0000][8][safepoint    ] Safepoint "Cleanup", Time since last: 4010512600 ns, Reaching safepoint: 11295700 ns, At safepoint: 230900 ns, Total: 11526600 ns
[2020-09-05T08:45:24.310+0000][8][safepoint    ] Safepoint "Cleanup", Time since last: 3007116900 ns, Reaching safepoint: 213900 ns, At safepoint: 18000 ns, Total: 231900 ns
[2020-09-05T08:45:26.311+0000][8][safepoint    ] Safepoint "Cleanup", Time since last: 2001727900 ns, Reaching safepoint: 128300 ns, At safepoint: 12200 ns, Total: 140500 ns
[2020-09-05T08:45:27.313+0000][8][safepoint    ] Safepoint "Cleanup", Time since last: 1001115000 ns, Reaching safepoint: 141100 ns, At safepoint: 12700 ns, Total: 153800 ns
[2020-09-05T08:45:28.363+0000][8][safepoint    ] Safepoint "Cleanup", Time since last: 1049656800 ns, Reaching safepoint: 390200 ns, At safepoint: 39600 ns, Total: 429800 ns
[2020-09-05T08:45:28.439+0000][8][safepoint    ] Safepoint "BulkRevokeBias", Time since last: 72933500 ns, Reaching safepoint: 441600 ns, At safepoint: 3335600 ns, Total: 3777200 ns
[2020-09-05T08:45:30.003+0000][8][safepoint    ] Safepoint "Cleanup", Time since last: 1563330600 ns, Reaching safepoint: 342000 ns, At safepoint: 16800 ns, Total: 358800 ns
[2020-09-05T08:45:31.675+0000][8][safepoint    ] Safepoint "Cleanup", Time since last: 1704306700 ns, Reaching safepoint: 971700 ns, At safepoint: 46000 ns, Total: 1017700 ns
[2020-09-05T08:45:31.820+0000][8][safepoint    ] Safepoint "BulkRevokeBias", Time since last: 133447300 ns, Reaching safepoint: 9483300 ns, At safepoint: 2731100 ns, Total: 12214400 ns
[2020-09-05T08:45:31.946+0000][8][safepoint    ] Safepoint "BulkRevokeBias", Time since last: 123686000 ns, Reaching safepoint: 1375800 ns, At safepoint: 514900 ns, Total: 1890700 ns
[2020-09-05T08:45:31.966+0000][8][safepoint    ] Safepoint "BulkRevokeBias", Time since last: 18380300 ns, Reaching safepoint: 638800 ns, At safepoint: 568500 ns, Total: 1207300 ns
[2020-09-05T08:45:32.277+0000][8][safepoint    ] Safepoint "BulkRevokeBias", Time since last: 309456700 ns, Reaching safepoint: 1298800 ns, At safepoint: 693100 ns, Total: 1991900 ns
[2020-09-05T08:45:33.289+0000][8][safepoint    ] Safepoint "Cleanup", Time since last: 1011802000 ns, Reaching safepoint: 576300 ns, At safepoint: 50600 ns, Total: 626900 ns
[2020-09-05T08:45:34.006+0000][8][safepoint    ] Safepoint "BulkRevokeBias", Time since last: 714317400 ns, Reaching safepoint: 921300 ns, At safepoint: 1478900 ns, Total: 2400200 ns
[2020-09-05T08:45:35.643+0000][8][safepoint    ] Safepoint "Cleanup", Time since last: 1636379700 ns, Reaching safepoint: 223100 ns, At safepoint: 12900 ns, Total: 236000 ns
[2020-09-05T08:45:36.844+0000][8][safepoint    ] Safepoint "Cleanup", Time since last: 1201143100 ns, Reaching safepoint: 521200 ns, At safepoint: 19500 ns, Total: 540700 ns
[2020-09-05T08:45:37.852+0000][8][safepoint    ] Safepoint "Cleanup", Time since last: 1007057100 ns, Reaching safepoint: 206500 ns, At safepoint: 16300 ns, Total: 222800 ns
[2020-09-05T08:45:37.983+0000][8][safepoint    ] Safepoint "BulkRevokeBias", Time since last: 130658200 ns, Reaching safepoint: 161300 ns, At safepoint: 355000 ns, Total: 516300 ns
[2020-09-05T08:45:38.319+0000][8][safepoint    ] Safepoint "BulkRevokeBias", Time since last: 335259600 ns, Reaching safepoint: 118000 ns, At safepoint: 471900 ns, Total: 589900 ns
[2020-09-05T08:45:39.790+0000][8][safepoint    ] Safepoint "Cleanup", Time since last: 1470559900 ns, Reaching safepoint: 273000 ns, At safepoint: 22300 ns, Total: 295300 ns
[2020-09-05T08:45:40.123+0000][8][safepoint    ] Safepoint "BulkRevokeBias", Time since last: 331875400 ns, Reaching safepoint: 162100 ns, At safepoint: 1086500 ns, Total: 1248600 ns
[2020-09-05T08:45:40.301+0000][8][safepoint    ] Safepoint "BulkRevokeBias", Time since last: 176923500 ns, Reaching safepoint: 824700 ns, At safepoint: 554100 ns, Total: 1378800 ns
[2020-09-05T08:45:40.444+0000][8][safepoint    ] Safepoint "BulkRevokeBias", Time since last: 139678300 ns, Reaching safepoint: 2821800 ns, At safepoint: 471300 ns, Total: 3293100 ns
[2020-09-05T08:45:40.890+0000][8][safepoint    ] Safepoint "BulkRevokeBias", Time since last: 440360700 ns, Reaching safepoint: 2754600 ns, At safepoint: 2649800 ns, Total: 5404400 ns
[2020-09-05T08:45:41.838+0000][8][safepoint    ] Safepoint "BulkRevokeBias", Time since last: 937159700 ns, Reaching safepoint: 8862800 ns, At safepoint: 2389500 ns, Total: 11252300 ns
[2020-09-05T08:45:44.853+0000][8][safepoint    ] Safepoint "Cleanup", Time since last: 3014078800 ns, Reaching safepoint: 538000 ns, At safepoint: 21900 ns, Total: 559900 ns
[2020-09-05T08:45:45.854+0000][8][safepoint    ] Safepoint "Cleanup", Time since last: 1001003000 ns, Reaching safepoint: 426300 ns, At safepoint: 18300 ns, Total: 444600 ns
[2020-09-05T08:45:48.013+0000][8][safepoint    ] Safepoint "Cleanup", Time since last: 2146538900 ns, Reaching safepoint: 11819500 ns, At safepoint: 59000 ns, Total: 11878500 ns
[2020-09-05T08:45:49.049+0000][8][safepoint    ] Safepoint "Cleanup", Time since last: 1031754400 ns, Reaching safepoint: 343700 ns, At safepoint: 59500 ns, Total: 403200 ns
[2020-09-05T08:45:50.052+0000][8][safepoint    ] Safepoint "Cleanup", Time since last: 1006450700 ns, Reaching safepoint: 163200 ns, At safepoint: 14700 ns, Total: 177900 ns
[2020-09-05T08:45:51.060+0000][8][safepoint    ] Safepoint "Cleanup", Time since last: 1004635200 ns, Reaching safepoint: 3148500 ns, At safepoint: 67900 ns, Total: 3216400 ns
[2020-09-05T08:45:52.074+0000][8][safepoint    ] Safepoint "Cleanup", Time since last: 1014137300 ns, Reaching safepoint: 216300 ns, At safepoint: 15600 ns, Total: 231900 ns
[2020-09-05T08:45:53.079+0000][8][safepoint    ] Safepoint "Cleanup", Time since last: 1005357200 ns, Reaching safepoint: 159700 ns, At safepoint: 122800 ns, Total: 282500 ns
[2020-09-05T08:45:54.081+0000][8][safepoint    ] Safepoint "Cleanup", Time since last: 1001491100 ns, Reaching safepoint: 249600 ns, At safepoint: 12500 ns, Total: 262100 ns
[2020-09-05T08:45:55.083+0000][8][safepoint    ] Safepoint "Cleanup", Time since last: 1001345100 ns, Reaching safepoint: 422500 ns, At safepoint: 21500 ns, Total: 444000 ns
[2020-09-05T08:45:56.144+0000][8][safepoint    ] Safepoint "Cleanup", Time since last: 1060756200 ns, Reaching safepoint: 182600 ns, At safepoint: 13200 ns, Total: 195800 ns
[2020-09-05T08:45:57.147+0000][8][safepoint    ] Safepoint "Cleanup", Time since last: 1002527000 ns, Reaching safepoint: 237000 ns, At safepoint: 14500 ns, Total: 251500 ns
[2020-09-05T08:45:58.150+0000][8][safepoint    ] Safepoint "Cleanup", Time since last: 1002650000 ns, Reaching safepoint: 1015000 ns, At safepoint: 29000 ns, Total: 1044000 ns
[2020-09-05T08:45:59.162+0000][8][safepoint    ] Safepoint "Cleanup", Time since last: 1011728500 ns, Reaching safepoint: 397400 ns, At safepoint: 15900 ns, Total: 413300 ns
[2020-09-05T08:46:00.165+0000][8][safepoint    ] Safepoint "Cleanup", Time since last: 1001341800 ns, Reaching safepoint: 721300 ns, At safepoint: 38100 ns, Total: 759400 ns
[2020-09-05T08:46:01.134+0000][8][safepoint    ] Safepoint "Cleanup", Time since last: 1003465600 ns, Reaching safepoint: 635200 ns, At safepoint: 32700 ns, Total: 667900 ns
[2020-09-05T08:46:02.136+0000][8][safepoint    ] Safepoint "Cleanup", Time since last: 1001455400 ns, Reaching safepoint: 381500 ns, At safepoint: 16500 ns, Total: 398000 ns
[2020-09-05T08:46:03.140+0000][8][safepoint    ] Safepoint "Cleanup", Time since last: 1004318200 ns, Reaching safepoint: 220300 ns, At safepoint: 14700 ns, Total: 235000 ns
[2020-09-05T08:46:04.142+0000][8][safepoint    ] Safepoint "Cleanup", Time since last: 1001797900 ns, Reaching safepoint: 172400 ns, At safepoint: 14200 ns, Total: 186600 ns
[2020-09-05T08:46:05.144+0000][8][safepoint    ] Safepoint "Cleanup", Time since last: 1001302200 ns, Reaching safepoint: 275000 ns, At safepoint: 19700 ns, Total: 294700 ns
[2020-09-05T08:46:06.147+0000][8][safepoint    ] Safepoint "Cleanup", Time since last: 1002985200 ns, Reaching safepoint: 294800 ns, At safepoint: 35300 ns, Total: 330100 ns
[2020-09-05T08:46:07.150+0000][8][safepoint    ] Safepoint "Cleanup", Time since last: 1002354100 ns, Reaching safepoint: 296700 ns, At safepoint: 20700 ns, Total: 317400 ns
[2020-09-05T08:46:08.152+0000][8][safepoint    ] Safepoint "Cleanup", Time since last: 1002182600 ns, Reaching safepoint: 142100 ns, At safepoint: 15300 ns, Total: 157400 ns
[2020-09-05T08:46:09.179+0000][8][safepoint    ] Safepoint "Cleanup", Time since last: 1025513500 ns, Reaching safepoint: 910500 ns, At safepoint: 23900 ns, Total: 934400 ns
[2020-09-05T08:46:10.180+0000][8][safepoint    ] Safepoint "Cleanup", Time since last: 1001112400 ns, Reaching safepoint: 198700 ns, At safepoint: 353800 ns, Total: 552500 ns
[2020-09-05T08:46:11.187+0000][8][safepoint    ] Safepoint "Cleanup", Time since last: 1005045800 ns, Reaching safepoint: 1436900 ns, At safepoint: 19200 ns, Total: 1456100 ns
[2020-09-05T08:46:12.189+0000][8][safepoint    ] Safepoint "Cleanup", Time since last: 1001636700 ns, Reaching safepoint: 506900 ns, At safepoint: 20100 ns, Total: 527000 ns
[2020-09-05T08:46:13.206+0000][8][safepoint    ] Safepoint "Cleanup", Time since last: 1016675100 ns, Reaching safepoint: 264500 ns, At safepoint: 15500 ns, Total: 280000 ns
[2020-09-05T08:46:14.208+0000][8][safepoint    ] Safepoint "Cleanup", Time since last: 1001872500 ns, Reaching safepoint: 352300 ns, At safepoint: 22700 ns, Total: 375000 ns
[2020-09-05T08:46:15.210+0000][8][safepoint    ] Safepoint "Cleanup", Time since last: 1001155200 ns, Reaching safepoint: 391400 ns, At safepoint: 26700 ns, Total: 418100 ns
[2020-09-05T08:46:16.212+0000][8][safepoint    ] Safepoint "Cleanup", Time since last: 1002043000 ns, Reaching safepoint: 265600 ns, At safepoint: 14800 ns, Total: 280400 ns
[2020-09-05T08:46:17.215+0000][8][safepoint    ] Safepoint "Cleanup", Time since last: 1002163600 ns, Reaching safepoint: 298600 ns, At safepoint: 51700 ns, Total: 350300 ns
[2020-09-05T08:46:18.219+0000][8][safepoint    ] Safepoint "Cleanup", Time since last: 1003668700 ns, Reaching safepoint: 578600 ns, At safepoint: 21600 ns, Total: 600200 ns
[2020-09-05T08:46:19.222+0000][8][safepoint    ] Safepoint "Cleanup", Time since last: 1002939800 ns, Reaching safepoint: 163500 ns, At safepoint: 14000 ns, Total: 177500 ns
[2020-09-05T08:46:20.224+0000][8][safepoint    ] Safepoint "Cleanup", Time since last: 1001268000 ns, Reaching safepoint: 339800 ns, At safepoint: 178600 ns, Total: 518400 ns
[2020-09-05T08:46:21.651+0000][8][safepoint    ] Safepoint "Cleanup", Time since last: 1421461900 ns, Reaching safepoint: 5626400 ns, At safepoint: 27500 ns, Total: 5653900 ns
[2020-09-05T08:46:21.864+0000][8][gc,start     ] GC(19) Pause Young (Normal) (G1 Evacuation Pause)
[2020-09-05T08:46:21.865+0000][8][gc,task      ] GC(19) Using 2 workers of 2 for evacuation
[2020-09-05T08:46:21.867+0000][8][gc,age       ] GC(19) Desired survivor size 15728640 bytes, new threshold 15 (max threshold 15)
[2020-09-05T08:46:22.046+0000][8][gc,age       ] GC(19) Age table with threshold 15 (max threshold 15)
[2020-09-05T08:46:22.053+0000][8][gc,age       ] GC(19) - age   1:    8367576 bytes,    8367576 total
[2020-09-05T08:46:22.055+0000][8][gc,age       ] GC(19) - age   2:    3841784 bytes,   12209360 total
[2020-09-05T08:46:22.058+0000][8][gc,phases    ] GC(19)   Pre Evacuate Collection Set: 0.3ms
[2020-09-05T08:46:22.058+0000][8][gc,phases    ] GC(19)   Merge Heap Roots: 0.5ms
[2020-09-05T08:46:22.059+0000][8][gc,phases    ] GC(19)   Evacuate Collection Set: 169.6ms
[2020-09-05T08:46:22.060+0000][8][gc,phases    ] GC(19)   Post Evacuate Collection Set: 8.1ms
[2020-09-05T08:46:22.060+0000][8][gc,phases    ] GC(19)   Other: 14.9ms
[2020-09-05T08:46:22.061+0000][8][gc,heap      ] GC(19) Eden regions: 233->0(113)
[2020-09-05T08:46:22.061+0000][8][gc,heap      ] GC(19) Survivor regions: 5->12(30)
[2020-09-05T08:46:22.062+0000][8][gc,heap      ] GC(19) Old regions: 66->66
[2020-09-05T08:46:22.063+0000][8][gc,heap      ] GC(19) Archive regions: 2->2
[2020-09-05T08:46:22.063+0000][8][gc,heap      ] GC(19) Humongous regions: 7->7
[2020-09-05T08:46:22.064+0000][8][gc,metaspace ] GC(19) Metaspace: 96766K(104952K)->96766K(104952K) NonClass: 83525K(88440K)->83525K(88440K) Class: 13241K(16512K)->13241K(16512K)
[2020-09-05T08:46:22.066+0000][8][gc           ] GC(19) Pause Young (Normal) (G1 Evacuation Pause) 310M->85M(512M) 201.750ms
[2020-09-05T08:46:22.067+0000][8][gc,cpu       ] GC(19) User=0.23s Sys=0.06s Real=0.20s
[2020-09-05T08:46:22.070+0000][8][safepoint    ] Safepoint "G1CollectForAllocation", Time since last: 212648900 ns, Reaching safepoint: 599700 ns, At safepoint: 205716700 ns, Total: 206316400 ns
[2020-09-05T08:46:23.731+0000][8][safepoint    ] Safepoint "Cleanup", Time since last: 1660808100 ns, Reaching safepoint: 490000 ns, At safepoint: 15300 ns, Total: 505300 ns
[2020-09-05T08:46:24.743+0000][8][safepoint    ] Safepoint "Cleanup", Time since last: 1003921800 ns, Reaching safepoint: 7986400 ns, At safepoint: 34200 ns, Total: 8020600 ns
[2020-09-05T08:46:26.312+0000][8][safepoint    ] Safepoint "Cleanup", Time since last: 1506142700 ns, Reaching safepoint: 62406900 ns, At safepoint: 215000 ns, Total: 62621900 ns
[2020-09-05T08:46:27.610+0000][8][safepoint    ] Safepoint "Cleanup", Time since last: 1291281800 ns, Reaching safepoint: 6963000 ns, At safepoint: 68700 ns, Total: 7031700 ns
[2020-09-05T08:46:28.737+0000][8][safepoint    ] Safepoint "Cleanup", Time since last: 1126455000 ns, Reaching safepoint: 296800 ns, At safepoint: 16600 ns, Total: 313400 ns
[2020-09-05T08:46:29.800+0000][8][safepoint    ] Safepoint "Cleanup", Time since last: 1062590200 ns, Reaching safepoint: 463100 ns, At safepoint: 18000 ns, Total: 481100 ns
[2020-09-05T08:46:30.807+0000][8][safepoint    ] Safepoint "Cleanup", Time since last: 1002082300 ns, Reaching safepoint: 2940300 ns, At safepoint: 1451700 ns, Total: 4392000 ns
[2020-09-05T08:46:31.776+0000][8][safepoint    ] Safepoint "Cleanup", Time since last: 1002281900 ns, Reaching safepoint: 275800 ns, At safepoint: 47100 ns, Total: 322900 ns
[2020-09-05T08:46:32.784+0000][8][safepoint    ] Safepoint "Cleanup", Time since last: 1007383900 ns, Reaching safepoint: 745600 ns, At safepoint: 30700 ns, Total: 776300 ns
[2020-09-05T08:46:33.786+0000][8][safepoint    ] Safepoint "Cleanup", Time since last: 1001476800 ns, Reaching safepoint: 292900 ns, At safepoint: 16500 ns, Total: 309400 ns
[2020-09-05T08:46:34.790+0000][8][safepoint    ] Safepoint "Cleanup", Time since last: 1001539600 ns, Reaching safepoint: 2093800 ns, At safepoint: 112300 ns, Total: 2206100 ns
[2020-09-05T08:46:35.791+0000][8][safepoint    ] Safepoint "Cleanup", Time since last: 1001217600 ns, Reaching safepoint: 318600 ns, At safepoint: 57200 ns, Total: 375800 ns
[2020-09-05T08:46:36.793+0000][8][safepoint    ] Safepoint "Cleanup", Time since last: 1001514500 ns, Reaching safepoint: 417600 ns, At safepoint: 18400 ns, Total: 436000 ns
[2020-09-05T08:46:37.795+0000][8][safepoint    ] Safepoint "Cleanup", Time since last: 1001260300 ns, Reaching safepoint: 250900 ns, At safepoint: 20400 ns, Total: 271300 ns
[2020-09-05T08:46:38.956+0000][8][safepoint    ] Safepoint "Cleanup", Time since last: 1160575500 ns, Reaching safepoint: 712200 ns, At safepoint: 87100 ns, Total: 799300 ns
[2020-09-05T08:46:39.657+0000][8][safepoint    ] Safepoint "BulkRevokeBias", Time since last: 700018000 ns, Reaching safepoint: 420800 ns, At safepoint: 437700 ns, Total: 858500 ns
[2020-09-05T08:46:39.831+0000][8][safepoint    ] Safepoint "BulkRevokeBias", Time since last: 172788800 ns, Reaching safepoint: 662600 ns, At safepoint: 626400 ns, Total: 1289000 ns
[2020-09-05T08:46:40.958+0000][8][safepoint    ] Safepoint "Cleanup", Time since last: 1125688800 ns, Reaching safepoint: 531900 ns, At safepoint: 33900 ns, Total: 565800 ns
[2020-09-05T08:46:42.000+0000][8][safepoint    ] Safepoint "Cleanup", Time since last: 1041024800 ns, Reaching safepoint: 1359400 ns, At safepoint: 48900 ns, Total: 1408300 ns
[2020-09-05T08:46:43.264+0000][8][safepoint    ] Safepoint "Cleanup", Time since last: 1259217300 ns, Reaching safepoint: 1032500 ns, At safepoint: 3655800 ns, Total: 4688300 ns
[2020-09-05T08:46:43.905+0000][8][safepoint    ] Safepoint "BulkRevokeBias", Time since last: 640669400 ns, Reaching safepoint: 193700 ns, At safepoint: 369000 ns, Total: 562700 ns
[2020-09-05T08:46:45.014+0000][8][safepoint    ] Safepoint "Cleanup", Time since last: 1099591300 ns, Reaching safepoint: 9395400 ns, At safepoint: 219000 ns, Total: 9614400 ns
[2020-09-05T08:46:46.023+0000][8][safepoint    ] Safepoint "Cleanup", Time since last: 1008075500 ns, Reaching safepoint: 554700 ns, At safepoint: 21300 ns, Total: 576000 ns
[2020-09-05T08:46:47.028+0000][8][safepoint    ] Safepoint "Cleanup", Time since last: 1005244500 ns, Reaching safepoint: 178200 ns, At safepoint: 13000 ns, Total: 191200 ns
[2020-09-05T08:46:48.046+0000][8][safepoint    ] Safepoint "Cleanup", Time since last: 1009666400 ns, Reaching safepoint: 8101400 ns, At safepoint: 52000 ns, Total: 8153400 ns
[2020-09-05T08:46:49.067+0000][8][safepoint    ] Safepoint "Cleanup", Time since last: 1018703700 ns, Reaching safepoint: 2018300 ns, At safepoint: 148800 ns, Total: 2167100 ns
[2020-09-05T08:46:50.071+0000][8][safepoint    ] Safepoint "Cleanup", Time since last: 1003109400 ns, Reaching safepoint: 520700 ns, At safepoint: 34600 ns, Total: 555300 ns
[2020-09-05T08:46:52.023+0000][8][safepoint    ] Safepoint "Cleanup", Time since last: 1000957800 ns, Reaching safepoint: 944445500 ns, At safepoint: 6678500 ns, Total: 951124000 ns
[2020-09-05T08:46:53.203+0000][8][safepoint    ] Safepoint "Cleanup", Time since last: 1071700700 ns, Reaching safepoint: 108768200 ns, At safepoint: 258300 ns, Total: 109026500 ns
[2020-09-05T08:46:54.221+0000][8][safepoint    ] Safepoint "Cleanup", Time since last: 1016669300 ns, Reaching safepoint: 974000 ns, At safepoint: 62600 ns, Total: 1036600 ns
[2020-09-05T08:46:55.224+0000][8][safepoint    ] Safepoint "Cleanup", Time since last: 1002356200 ns, Reaching safepoint: 229500 ns, At safepoint: 17700 ns, Total: 247200 ns
[2020-09-05T08:46:56.236+0000][8][safepoint    ] Safepoint "Cleanup", Time since last: 1001395500 ns, Reaching safepoint: 8360900 ns, At safepoint: 2458000 ns, Total: 10818900 ns
[2020-09-05T08:46:57.238+0000][8][safepoint    ] Safepoint "Cleanup", Time since last: 1001834900 ns, Reaching safepoint: 178600 ns, At safepoint: 14500 ns, Total: 193100 ns
[2020-09-05T08:46:58.791+0000][8][safepoint    ] Safepoint "Cleanup", Time since last: 1550290600 ns, Reaching safepoint: 2861500 ns, At safepoint: 50000 ns, Total: 2911500 ns
[2020-09-05T08:46:59.793+0000][8][safepoint    ] Safepoint "Cleanup", Time since last: 1001548700 ns, Reaching safepoint: 156100 ns, At safepoint: 14200 ns, Total: 170300 ns
[2020-09-05T08:47:00.797+0000][8][safepoint    ] Safepoint "Cleanup", Time since last: 1004019700 ns, Reaching safepoint: 301400 ns, At safepoint: 24300 ns, Total: 325700 ns
[2020-09-05T08:47:01.765+0000][8][safepoint    ] Safepoint "Cleanup", Time since last: 1001513500 ns, Reaching safepoint: 186400 ns, At safepoint: 15000 ns, Total: 201400 ns
[2020-09-05T08:47:02.767+0000][8][safepoint    ] Safepoint "Cleanup", Time since last: 1001752100 ns, Reaching safepoint: 179700 ns, At safepoint: 45300 ns, Total: 225000 ns
[2020-09-05T08:47:03.769+0000][8][safepoint    ] Safepoint "Cleanup", Time since last: 1001427100 ns, Reaching safepoint: 652900 ns, At safepoint: 142100 ns, Total: 795000 ns
[2020-09-05T08:47:04.774+0000][8][safepoint    ] Safepoint "Cleanup", Time since last: 1004248700 ns, Reaching safepoint: 159800 ns, At safepoint: 12700 ns, Total: 172500 ns
[2020-09-05T08:47:05.776+0000][8][safepoint    ] Safepoint "Cleanup", Time since last: 1002163500 ns, Reaching safepoint: 432800 ns, At safepoint: 18000 ns, Total: 450800 ns
[2020-09-05T08:47:06.782+0000][8][safepoint    ] Safepoint "Cleanup", Time since last: 1005479500 ns, Reaching safepoint: 268600 ns, At safepoint: 14900 ns, Total: 283500 ns
[2020-09-05T08:47:07.784+0000][8][safepoint    ] Safepoint "Cleanup", Time since last: 1001168900 ns, Reaching safepoint: 156600 ns, At safepoint: 13200 ns, Total: 169800 ns
[2020-09-05T08:47:08.785+0000][8][safepoint    ] Safepoint "Cleanup", Time since last: 1001033200 ns, Reaching safepoint: 240400 ns, At safepoint: 15300 ns, Total: 255700 ns
[2020-09-05T08:47:09.788+0000][8][safepoint    ] Safepoint "Cleanup", Time since last: 1002700100 ns, Reaching safepoint: 332200 ns, At safepoint: 13700 ns, Total: 345900 ns
[2020-09-05T08:47:10.789+0000][8][safepoint    ] Safepoint "Cleanup", Time since last: 1001001600 ns, Reaching safepoint: 154200 ns, At safepoint: 14200 ns, Total: 168400 ns
[2020-09-05T08:47:11.794+0000][8][safepoint    ] Safepoint "Cleanup", Time since last: 1004456100 ns, Reaching safepoint: 340300 ns, At safepoint: 15400 ns, Total: 355700 ns
[2020-09-05T08:47:12.796+0000][8][safepoint    ] Safepoint "Cleanup", Time since last: 1001568600 ns, Reaching safepoint: 624700 ns, At safepoint: 21700 ns, Total: 646400 ns
[2020-09-05T08:47:13.696+0000][8][safepoint    ] Safepoint "BulkRevokeBias", Time since last: 899729100 ns, Reaching safepoint: 158400 ns, At safepoint: 339900 ns, Total: 498300 ns
[2020-09-05T08:47:14.760+0000][8][safepoint    ] Safepoint "Cleanup", Time since last: 1062896500 ns, Reaching safepoint: 850300 ns, At safepoint: 49100 ns, Total: 899400 ns
[2020-09-05T08:47:15.266+0000][8][gc,start     ] GC(20) Pause Young (Normal) (G1 Evacuation Pause)
[2020-09-05T08:47:15.267+0000][8][gc,task      ] GC(20) Using 2 workers of 2 for evacuation
[2020-09-05T08:47:15.268+0000][8][gc,age       ] GC(20) Desired survivor size 8388608 bytes, new threshold 2 (max threshold 15)
[2020-09-05T08:47:15.321+0000][8][gc,age       ] GC(20) Age table with threshold 2 (max threshold 15)
[2020-09-05T08:47:15.321+0000][8][gc,age       ] GC(20) - age   1:    2598856 bytes,    2598856 total
[2020-09-05T08:47:15.322+0000][8][gc,age       ] GC(20) - age   2:    5510312 bytes,    8109168 total
[2020-09-05T08:47:15.323+0000][8][gc,phases    ] GC(20)   Pre Evacuate Collection Set: 0.4ms
[2020-09-05T08:47:15.323+0000][8][gc,phases    ] GC(20)   Merge Heap Roots: 0.3ms
[2020-09-05T08:47:15.324+0000][8][gc,phases    ] GC(20)   Evacuate Collection Set: 46.9ms
[2020-09-05T08:47:15.325+0000][8][gc,phases    ] GC(20)   Post Evacuate Collection Set: 3.9ms
[2020-09-05T08:47:15.326+0000][8][gc,phases    ] GC(20)   Other: 5.3ms
[2020-09-05T08:47:15.326+0000][8][gc,heap      ] GC(20) Eden regions: 113->0(260)
[2020-09-05T08:47:15.327+0000][8][gc,heap      ] GC(20) Survivor regions: 12->8(16)
[2020-09-05T08:47:15.328+0000][8][gc,heap      ] GC(20) Old regions: 66->70
[2020-09-05T08:47:15.328+0000][8][gc,heap      ] GC(20) Archive regions: 2->2
[2020-09-05T08:47:15.329+0000][8][gc,heap      ] GC(20) Humongous regions: 7->7
[2020-09-05T08:47:15.329+0000][8][gc,metaspace ] GC(20) Metaspace: 97525K(105720K)->97525K(105720K) NonClass: 84261K(89208K)->84261K(89208K) Class: 13263K(16512K)->13263K(16512K)
[2020-09-05T08:47:15.330+0000][8][gc           ] GC(20) Pause Young (Normal) (G1 Evacuation Pause) 198M->85M(512M) 63.781ms
[2020-09-05T08:47:15.331+0000][8][gc,cpu       ] GC(20) User=0.07s Sys=0.02s Real=0.06s
[2020-09-05T08:47:15.342+0000][8][safepoint    ] Safepoint "G1CollectForAllocation", Time since last: 505422100 ns, Reaching safepoint: 499800 ns, At safepoint: 76174200 ns, Total: 76674000 ns
[2020-09-05T08:47:16.494+0000][8][safepoint    ] Safepoint "Cleanup", Time since last: 1151138500 ns, Reaching safepoint: 305200 ns, At safepoint: 23800 ns, Total: 329000 ns
[2020-09-05T08:47:17.496+0000][8][safepoint    ] Safepoint "Cleanup", Time since last: 1002320100 ns, Reaching safepoint: 374800 ns, At safepoint: 43700 ns, Total: 418500 ns
[2020-09-05T08:47:18.499+0000][8][safepoint    ] Safepoint "Cleanup", Time since last: 1002259600 ns, Reaching safepoint: 544400 ns, At safepoint: 27000 ns, Total: 571400 ns
[2020-09-05T08:47:19.960+0000][8][safepoint    ] Safepoint "Cleanup", Time since last: 1460852900 ns, Reaching safepoint: 291500 ns, At safepoint: 24700 ns, Total: 316200 ns
[2020-09-05T08:47:20.962+0000][8][safepoint    ] Safepoint "Cleanup", Time since last: 1001397900 ns, Reaching safepoint: 186400 ns, At safepoint: 14500 ns, Total: 200900 ns
[2020-09-05T08:47:21.964+0000][8][safepoint    ] Safepoint "Cleanup", Time since last: 1001804400 ns, Reaching safepoint: 320300 ns, At safepoint: 20000 ns, Total: 340300 ns
[2020-09-05T08:47:22.972+0000][8][safepoint    ] Safepoint "Cleanup", Time since last: 1005136800 ns, Reaching safepoint: 2763400 ns, At safepoint: 25300 ns, Total: 2788700 ns
[2020-09-05T08:47:23.974+0000][8][safepoint    ] Safepoint "Cleanup", Time since last: 1001659000 ns, Reaching safepoint: 196500 ns, At safepoint: 16000 ns, Total: 212500 ns
[2020-09-05T08:47:24.977+0000][8][safepoint    ] Safepoint "Cleanup", Time since last: 1002397900 ns, Reaching safepoint: 219200 ns, At safepoint: 19600 ns, Total: 238800 ns
[2020-09-05T08:47:25.979+0000][8][safepoint    ] Safepoint "Cleanup", Time since last: 1002400500 ns, Reaching safepoint: 217300 ns, At safepoint: 15100 ns, Total: 232400 ns
[2020-09-05T08:47:26.984+0000][8][safepoint    ] Safepoint "Cleanup", Time since last: 1003437400 ns, Reaching safepoint: 1059700 ns, At safepoint: 208800 ns, Total: 1268500 ns
[2020-09-05T08:47:27.992+0000][8][safepoint    ] Safepoint "Cleanup", Time since last: 1007861300 ns, Reaching safepoint: 215700 ns, At safepoint: 15400 ns, Total: 231100 ns
[2020-09-05T08:47:28.998+0000][8][safepoint    ] Safepoint "Cleanup", Time since last: 1005094600 ns, Reaching safepoint: 872600 ns, At safepoint: 83200 ns, Total: 955800 ns
[2020-09-05T08:47:30.012+0000][8][safepoint    ] Safepoint "Cleanup", Time since last: 1013650300 ns, Reaching safepoint: 338000 ns, At safepoint: 57300 ns, Total: 395300 ns
[2020-09-05T08:47:30.981+0000][8][safepoint    ] Safepoint "Cleanup", Time since last: 1001789900 ns, Reaching safepoint: 1242500 ns, At safepoint: 36700 ns, Total: 1279200 ns
[2020-09-05T08:47:31.987+0000][8][safepoint    ] Safepoint "Cleanup", Time since last: 1001575400 ns, Reaching safepoint: 4067400 ns, At safepoint: 172700 ns, Total: 4240100 ns
[2020-09-05T08:47:33.000+0000][8][safepoint    ] Safepoint "Cleanup", Time since last: 1012751500 ns, Reaching safepoint: 461200 ns, At safepoint: 19000 ns, Total: 480200 ns
[2020-09-05T08:47:34.003+0000][8][safepoint    ] Safepoint "Cleanup", Time since last: 1002073800 ns, Reaching safepoint: 501800 ns, At safepoint: 22300 ns, Total: 524100 ns
[2020-09-05T08:47:35.004+0000][8][safepoint    ] Safepoint "Cleanup", Time since last: 1001090500 ns, Reaching safepoint: 456800 ns, At safepoint: 31400 ns, Total: 488200 ns
[2020-09-05T08:47:36.008+0000][8][safepoint    ] Safepoint "Cleanup", Time since last: 1002097300 ns, Reaching safepoint: 1225700 ns, At safepoint: 32100 ns, Total: 1257800 ns
[2020-09-05T08:47:37.011+0000][8][safepoint    ] Safepoint "Cleanup", Time since last: 1003000600 ns, Reaching safepoint: 301200 ns, At safepoint: 23100 ns, Total: 324300 ns
[2020-09-05T08:47:38.013+0000][8][safepoint    ] Safepoint "Cleanup", Time since last: 1001791800 ns, Reaching safepoint: 229200 ns, At safepoint: 16400 ns, Total: 245600 ns
[2020-09-05T08:47:39.824+0000][8][safepoint    ] Safepoint "Cleanup", Time since last: 1759051700 ns, Reaching safepoint: 51221000 ns, At safepoint: 1100100 ns, Total: 52321100 ns
[2020-09-05T08:47:40.885+0000][8][safepoint    ] Safepoint "Cleanup", Time since last: 1058940000 ns, Reaching safepoint: 1856600 ns, At safepoint: 20500 ns, Total: 1877100 ns
[2020-09-05T08:47:41.147+0000][8][safepoint    ] Safepoint "BulkRevokeBias", Time since last: 253018700 ns, Reaching safepoint: 644100 ns, At safepoint: 7706800 ns, Total: 8350900 ns
[2020-09-05T08:47:41.198+0000][8][safepoint    ] Safepoint "BulkRevokeBias", Time since last: 50588900 ns, Reaching safepoint: 593500 ns, At safepoint: 723800 ns, Total: 1317300 ns
[2020-09-05T08:47:42.232+0000][8][safepoint    ] Safepoint "Cleanup", Time since last: 1032972700 ns, Reaching safepoint: 729600 ns, At safepoint: 16100 ns, Total: 745700 ns
[2020-09-05T08:47:44.218+0000][8][safepoint    ] Safepoint "Cleanup", Time since last: 1985254500 ns, Reaching safepoint: 301100 ns, At safepoint: 15600 ns, Total: 316700 ns
[2020-09-05T08:47:45.348+0000][8][safepoint    ] Safepoint "Cleanup", Time since last: 1129859000 ns, Reaching safepoint: 375100 ns, At safepoint: 15600 ns, Total: 390700 ns
[2020-09-05T08:47:46.351+0000][8][safepoint    ] Safepoint "Cleanup", Time since last: 1002264800 ns, Reaching safepoint: 252700 ns, At safepoint: 18100 ns, Total: 270800 ns
[2020-09-05T08:47:47.357+0000][8][safepoint    ] Safepoint "Cleanup", Time since last: 1005853900 ns, Reaching safepoint: 214200 ns, At safepoint: 10000 ns, Total: 224200 ns
[2020-09-05T08:47:48.358+0000][8][safepoint    ] Safepoint "Cleanup", Time since last: 1001379500 ns, Reaching safepoint: 225000 ns, At safepoint: 21800 ns, Total: 246800 ns
[2020-09-05T08:47:49.361+0000][8][safepoint    ] Safepoint "Cleanup", Time since last: 1002950300 ns, Reaching safepoint: 191100 ns, At safepoint: 14500 ns, Total: 205600 ns
[2020-09-05T08:47:50.364+0000][8][safepoint    ] Safepoint "Cleanup", Time since last: 1001927700 ns, Reaching safepoint: 325700 ns, At safepoint: 13500 ns, Total: 339200 ns
[2020-09-05T08:47:51.366+0000][8][safepoint    ] Safepoint "Cleanup", Time since last: 1001676200 ns, Reaching safepoint: 309800 ns, At safepoint: 14700 ns, Total: 324500 ns
[2020-09-05T08:47:52.367+0000][8][safepoint    ] Safepoint "Cleanup", Time since last: 1001324100 ns, Reaching safepoint: 197900 ns, At safepoint: 11200 ns, Total: 209100 ns
[2020-09-05T08:47:53.369+0000][8][safepoint    ] Safepoint "Cleanup", Time since last: 1001545800 ns, Reaching safepoint: 180100 ns, At safepoint: 14600 ns, Total: 194700 ns
[2020-09-05T08:47:54.370+0000][8][safepoint    ] Safepoint "Cleanup", Time since last: 1000903300 ns, Reaching safepoint: 192800 ns, At safepoint: 39800 ns, Total: 232600 ns
[2020-09-05T08:47:55.371+0000][8][safepoint    ] Safepoint "Cleanup", Time since last: 1000793500 ns, Reaching safepoint: 182800 ns, At safepoint: 17700 ns, Total: 200500 ns
[2020-09-05T08:47:56.373+0000][8][safepoint    ] Safepoint "Cleanup", Time since last: 1001762200 ns, Reaching safepoint: 253900 ns, At safepoint: 22400 ns, Total: 276300 ns
[2020-09-05T08:47:57.377+0000][8][safepoint    ] Safepoint "Cleanup", Time since last: 1003930200 ns, Reaching safepoint: 203300 ns, At safepoint: 14300 ns, Total: 217600 ns
[2020-09-05T08:47:58.379+0000][8][safepoint    ] Safepoint "Cleanup", Time since last: 1001720500 ns, Reaching safepoint: 241500 ns, At safepoint: 23900 ns, Total: 265400 ns
[2020-09-05T08:47:59.383+0000][8][safepoint    ] Safepoint "Cleanup", Time since last: 1003368200 ns, Reaching safepoint: 276100 ns, At safepoint: 23500 ns, Total: 299600 ns
[2020-09-05T08:48:00.385+0000][8][safepoint    ] Safepoint "Cleanup", Time since last: 1002158600 ns, Reaching safepoint: 165400 ns, At safepoint: 14000 ns, Total: 179400 ns
[2020-09-05T08:48:01.350+0000][8][safepoint    ] Safepoint "Cleanup", Time since last: 1000955500 ns, Reaching safepoint: 144400 ns, At safepoint: 38800 ns, Total: 183200 ns
[2020-09-05T08:48:02.352+0000][8][safepoint    ] Safepoint "Cleanup", Time since last: 1001363200 ns, Reaching safepoint: 243800 ns, At safepoint: 23700 ns, Total: 267500 ns
[2020-09-05T08:48:03.353+0000][8][safepoint    ] Safepoint "Cleanup", Time since last: 1001585500 ns, Reaching safepoint: 148500 ns, At safepoint: 13400 ns, Total: 161900 ns
[2020-09-05T08:48:04.355+0000][8][safepoint    ] Safepoint "Cleanup", Time since last: 1001136800 ns, Reaching safepoint: 156100 ns, At safepoint: 14300 ns, Total: 170400 ns
[2020-09-05T08:48:05.358+0000][8][safepoint    ] Safepoint "Cleanup", Time since last: 1002758700 ns, Reaching safepoint: 226400 ns, At safepoint: 23100 ns, Total: 249500 ns
[2020-09-05T08:48:06.359+0000][8][safepoint    ] Safepoint "Cleanup", Time since last: 1001383200 ns, Reaching safepoint: 273300 ns, At safepoint: 14200 ns, Total: 287500 ns
[2020-09-05T08:48:07.361+0000][8][safepoint    ] Safepoint "Cleanup", Time since last: 1001310600 ns, Reaching safepoint: 210600 ns, At safepoint: 14300 ns, Total: 224900 ns
[2020-09-05T08:48:08.363+0000][8][safepoint    ] Safepoint "Cleanup", Time since last: 1001454500 ns, Reaching safepoint: 183000 ns, At safepoint: 49700 ns, Total: 232700 ns
[2020-09-05T08:48:09.364+0000][8][safepoint    ] Safepoint "Cleanup", Time since last: 1001662700 ns, Reaching safepoint: 159800 ns, At safepoint: 14200 ns, Total: 174000 ns
[2020-09-05T08:48:10.365+0000][8][safepoint    ] Safepoint "Cleanup", Time since last: 1000899400 ns, Reaching safepoint: 153200 ns, At safepoint: 13700 ns, Total: 166900 ns
[2020-09-05T08:48:11.368+0000][8][safepoint    ] Safepoint "Cleanup", Time since last: 1002139600 ns, Reaching safepoint: 154300 ns, At safepoint: 14200 ns, Total: 168500 ns
[2020-09-05T08:48:12.370+0000][8][safepoint    ] Safepoint "Cleanup", Time since last: 1001927900 ns, Reaching safepoint: 157900 ns, At safepoint: 13600 ns, Total: 171500 ns
[2020-09-05T08:48:13.371+0000][8][safepoint    ] Safepoint "Cleanup", Time since last: 1001059900 ns, Reaching safepoint: 163900 ns, At safepoint: 109800 ns, Total: 273700 ns
[2020-09-05T08:48:14.372+0000][8][safepoint    ] Safepoint "Cleanup", Time since last: 1001101100 ns, Reaching safepoint: 154500 ns, At safepoint: 14200 ns, Total: 168700 ns
[2020-09-05T08:48:15.374+0000][8][safepoint    ] Safepoint "Cleanup", Time since last: 1001253600 ns, Reaching safepoint: 177200 ns, At safepoint: 14900 ns, Total: 192100 ns
[2020-09-05T08:48:16.376+0000][8][safepoint    ] Safepoint "Cleanup", Time since last: 1001432500 ns, Reaching safepoint: 162900 ns, At safepoint: 14300 ns, Total: 177200 ns
[2020-09-05T08:48:17.377+0000][8][safepoint    ] Safepoint "Cleanup", Time since last: 1001309800 ns, Reaching safepoint: 160200 ns, At safepoint: 14500 ns, Total: 174700 ns
[2020-09-05T08:48:18.379+0000][8][safepoint    ] Safepoint "Cleanup", Time since last: 1001345300 ns, Reaching safepoint: 163000 ns, At safepoint: 14200 ns, Total: 177200 ns
[2020-09-05T08:48:19.383+0000][8][safepoint    ] Safepoint "Cleanup", Time since last: 1004386600 ns, Reaching safepoint: 173200 ns, At safepoint: 14900 ns, Total: 188100 ns
[2020-09-05T08:48:20.386+0000][8][safepoint    ] Safepoint "Cleanup", Time since last: 1002168900 ns, Reaching safepoint: 226600 ns, At safepoint: 26200 ns, Total: 252800 ns
[2020-09-05T08:48:21.388+0000][8][safepoint    ] Safepoint "Cleanup", Time since last: 1001498000 ns, Reaching safepoint: 595700 ns, At safepoint: 15700 ns, Total: 611400 ns
[2020-09-05T08:48:22.390+0000][8][safepoint    ] Safepoint "Cleanup", Time since last: 1002569600 ns, Reaching safepoint: 225000 ns, At safepoint: 9900 ns, Total: 234900 ns
[2020-09-05T08:48:23.392+0000][8][safepoint    ] Safepoint "Cleanup", Time since last: 1001520900 ns, Reaching safepoint: 442000 ns, At safepoint: 19200 ns, Total: 461200 ns
[2020-09-05T08:48:24.396+0000][8][safepoint    ] Safepoint "Cleanup", Time since last: 1002814600 ns, Reaching safepoint: 374400 ns, At safepoint: 17600 ns, Total: 392000 ns
[2020-09-05T08:48:25.397+0000][8][safepoint    ] Safepoint "Cleanup", Time since last: 1000975500 ns, Reaching safepoint: 573000 ns, At safepoint: 19000 ns, Total: 592000 ns
[2020-09-05T08:48:26.398+0000][8][safepoint    ] Safepoint "Cleanup", Time since last: 1000815100 ns, Reaching safepoint: 409300 ns, At safepoint: 18400 ns, Total: 427700 ns
[2020-09-05T08:48:27.400+0000][8][safepoint    ] Safepoint "Cleanup", Time since last: 1001076200 ns, Reaching safepoint: 249200 ns, At safepoint: 11200 ns, Total: 260400 ns
[2020-09-05T08:48:28.402+0000][8][safepoint    ] Safepoint "Cleanup", Time since last: 1001435100 ns, Reaching safepoint: 336300 ns, At safepoint: 13300 ns, Total: 349600 ns
[2020-09-05T08:48:29.426+0000][8][safepoint    ] Safepoint "Cleanup", Time since last: 1006498900 ns, Reaching safepoint: 17388100 ns, At safepoint: 21700 ns, Total: 17409800 ns
[2020-09-05T08:48:30.432+0000][8][safepoint    ] Safepoint "Cleanup", Time since last: 1006022600 ns, Reaching safepoint: 252500 ns, At safepoint: 14300 ns, Total: 266800 ns
[2020-09-05T08:48:31.403+0000][8][safepoint    ] Safepoint "Cleanup", Time since last: 1001909800 ns, Reaching safepoint: 266000 ns, At safepoint: 16300 ns, Total: 282300 ns
[2020-09-05T08:48:32.405+0000][8][safepoint    ] Safepoint "Cleanup", Time since last: 1001237900 ns, Reaching safepoint: 158700 ns, At safepoint: 14000 ns, Total: 172700 ns
[2020-09-05T08:48:33.407+0000][8][safepoint    ] Safepoint "Cleanup", Time since last: 1001972700 ns, Reaching safepoint: 155300 ns, At safepoint: 14100 ns, Total: 169400 ns
[2020-09-05T08:48:34.409+0000][8][safepoint    ] Safepoint "Cleanup", Time since last: 1001763100 ns, Reaching safepoint: 227700 ns, At safepoint: 23600 ns, Total: 251300 ns
[2020-09-05T08:48:35.411+0000][8][safepoint    ] Safepoint "Cleanup", Time since last: 1001704500 ns, Reaching safepoint: 152000 ns, At safepoint: 14000 ns, Total: 166000 ns
[2020-09-05T08:48:36.412+0000][8][safepoint    ] Safepoint "Cleanup", Time since last: 1000982700 ns, Reaching safepoint: 152000 ns, At safepoint: 12900 ns, Total: 164900 ns
[2020-09-05T08:48:37.414+0000][8][safepoint    ] Safepoint "Cleanup", Time since last: 1002108500 ns, Reaching safepoint: 156400 ns, At safepoint: 14600 ns, Total: 171000 ns
[2020-09-05T08:48:38.415+0000][8][safepoint    ] Safepoint "Cleanup", Time since last: 1000908000 ns, Reaching safepoint: 151200 ns, At safepoint: 13500 ns, Total: 164700 ns
[2020-09-05T08:48:39.416+0000][8][safepoint    ] Safepoint "Cleanup", Time since last: 1000900400 ns, Reaching safepoint: 157600 ns, At safepoint: 14300 ns, Total: 171900 ns
[2020-09-05T08:48:40.417+0000][8][safepoint    ] Safepoint "Cleanup", Time since last: 1000778800 ns, Reaching safepoint: 220000 ns, At safepoint: 17900 ns, Total: 237900 ns
[2020-09-05T08:48:41.419+0000][8][safepoint    ] Safepoint "Cleanup", Time since last: 1001049600 ns, Reaching safepoint: 576600 ns, At safepoint: 15600 ns, Total: 592200 ns
[2020-09-05T08:48:42.422+0000][8][safepoint    ] Safepoint "Cleanup", Time since last: 1003072700 ns, Reaching safepoint: 186800 ns, At safepoint: 14400 ns, Total: 201200 ns
[2020-09-05T08:48:43.424+0000][8][safepoint    ] Safepoint "Cleanup", Time since last: 1001152300 ns, Reaching safepoint: 492600 ns, At safepoint: 12200 ns, Total: 504800 ns
[2020-09-05T08:48:44.426+0000][8][safepoint    ] Safepoint "Cleanup", Time since last: 1001588400 ns, Reaching safepoint: 393900 ns, At safepoint: 13100 ns, Total: 407000 ns
[2020-09-05T08:48:45.860+0000][8][safepoint    ] Safepoint "Cleanup", Time since last: 1433834200 ns, Reaching safepoint: 317200 ns, At safepoint: 22500 ns, Total: 339700 ns
[2020-09-05T08:48:46.973+0000][8][safepoint    ] Safepoint "Cleanup", Time since last: 1112565900 ns, Reaching safepoint: 378400 ns, At safepoint: 17600 ns, Total: 396000 ns
[2020-09-05T08:48:48.053+0000][8][safepoint    ] Safepoint "Cleanup", Time since last: 1079356800 ns, Reaching safepoint: 514000 ns, At safepoint: 10900 ns, Total: 524900 ns
[2020-09-05T08:48:49.058+0000][8][safepoint    ] Safepoint "Cleanup", Time since last: 1004977500 ns, Reaching safepoint: 255000 ns, At safepoint: 17400 ns, Total: 272400 ns
[2020-09-05T08:48:50.060+0000][8][safepoint    ] Safepoint "Cleanup", Time since last: 1001473200 ns, Reaching safepoint: 223500 ns, At safepoint: 17700 ns, Total: 241200 ns
[2020-09-05T08:48:54.063+0000][8][safepoint    ] Safepoint "Cleanup", Time since last: 4003223600 ns, Reaching safepoint: 188400 ns, At safepoint: 14400 ns, Total: 202800 ns
[2020-09-05T08:48:55.066+0000][8][safepoint    ] Safepoint "Cleanup", Time since last: 1002397000 ns, Reaching safepoint: 184600 ns, At safepoint: 17200 ns, Total: 201800 ns
[2020-09-05T08:48:57.067+0000][8][safepoint    ] Safepoint "Cleanup", Time since last: 2001193500 ns, Reaching safepoint: 157800 ns, At safepoint: 14000 ns, Total: 171800 ns
[2020-09-05T08:48:58.072+0000][8][safepoint    ] Safepoint "Cleanup", Time since last: 1003895500 ns, Reaching safepoint: 881700 ns, At safepoint: 23500 ns, Total: 905200 ns
[2020-09-05T08:48:59.078+0000][8][safepoint    ] Safepoint "Cleanup", Time since last: 1005485700 ns, Reaching safepoint: 242100 ns, At safepoint: 15600 ns, Total: 257700 ns
[2020-09-05T08:49:00.079+0000][8][safepoint    ] Safepoint "Cleanup", Time since last: 1001260300 ns, Reaching safepoint: 206400 ns, At safepoint: 16700 ns, Total: 223100 ns
[2020-09-05T08:49:01.047+0000][8][safepoint    ] Safepoint "Cleanup", Time since last: 1002600900 ns, Reaching safepoint: 222200 ns, At safepoint: 17700 ns, Total: 239900 ns
[2020-09-05T08:49:08.927+0000][8][safepoint    ] Safepoint "Cleanup", Time since last: 7879755900 ns, Reaching safepoint: 275000 ns, At safepoint: 14400 ns, Total: 289400 ns
[2020-09-05T08:49:09.931+0000][8][safepoint    ] Safepoint "Cleanup", Time since last: 1002693000 ns, Reaching safepoint: 518000 ns, At safepoint: 16200 ns, Total: 534200 ns
[2020-09-05T08:49:10.932+0000][8][safepoint    ] Safepoint "Cleanup", Time since last: 1001647400 ns, Reaching safepoint: 174200 ns, At safepoint: 14100 ns, Total: 188300 ns
[2020-09-05T08:49:12.934+0000][8][safepoint    ] Safepoint "Cleanup", Time since last: 2001467200 ns, Reaching safepoint: 158800 ns, At safepoint: 14700 ns, Total: 173500 ns
[2020-09-05T08:49:15.946+0000][8][safepoint    ] Safepoint "Cleanup", Time since last: 3007064300 ns, Reaching safepoint: 4876600 ns, At safepoint: 68100 ns, Total: 4944700 ns
[2020-09-05T08:49:17.951+0000][8][safepoint    ] Safepoint "Cleanup", Time since last: 2004697200 ns, Reaching safepoint: 185300 ns, At safepoint: 16400 ns, Total: 201700 ns
[2020-09-05T08:49:18.952+0000][8][safepoint    ] Safepoint "Cleanup", Time since last: 1000797100 ns, Reaching safepoint: 176600 ns, At safepoint: 13000 ns, Total: 189600 ns
[2020-09-05T08:49:21.953+0000][8][safepoint    ] Safepoint "Cleanup", Time since last: 3001032900 ns, Reaching safepoint: 179400 ns, At safepoint: 14300 ns, Total: 193700 ns
[2020-09-05T08:49:22.955+0000][8][safepoint    ] Safepoint "Cleanup", Time since last: 1001060100 ns, Reaching safepoint: 650900 ns, At safepoint: 22200 ns, Total: 673100 ns
[2020-09-05T08:49:24.957+0000][8][safepoint    ] Safepoint "Cleanup", Time since last: 2001598500 ns, Reaching safepoint: 271100 ns, At safepoint: 14600 ns, Total: 285700 ns
[2020-09-05T08:49:27.959+0000][8][safepoint    ] Safepoint "Cleanup", Time since last: 3001722700 ns, Reaching safepoint: 962800 ns, At safepoint: 23200 ns, Total: 986000 ns
[2020-09-05T08:49:28.962+0000][8][safepoint    ] Safepoint "Cleanup", Time since last: 1001895400 ns, Reaching safepoint: 767000 ns, At safepoint: 30000 ns, Total: 797000 ns
[2020-09-05T08:49:30.931+0000][8][safepoint    ] Safepoint "Cleanup", Time since last: 2002921500 ns, Reaching safepoint: 186000 ns, At safepoint: 14400 ns, Total: 200400 ns
[2020-09-05T08:49:31.934+0000][8][safepoint    ] Safepoint "Cleanup", Time since last: 1002734900 ns, Reaching safepoint: 260100 ns, At safepoint: 31800 ns, Total: 291900 ns
[2020-09-05T08:49:33.936+0000][8][safepoint    ] Safepoint "Cleanup", Time since last: 2001183200 ns, Reaching safepoint: 471900 ns, At safepoint: 46500 ns, Total: 518400 ns
[2020-09-05T08:49:36.939+0000][8][safepoint    ] Safepoint "Cleanup", Time since last: 3002437900 ns, Reaching safepoint: 398200 ns, At safepoint: 19600 ns, Total: 417800 ns
[2020-09-05T08:49:37.940+0000][8][safepoint    ] Safepoint "Cleanup", Time since last: 1001035300 ns, Reaching safepoint: 438500 ns, At safepoint: 12500 ns, Total: 451000 ns
[2020-09-05T08:49:38.948+0000][8][safepoint    ] Safepoint "Cleanup", Time since last: 1006960900 ns, Reaching safepoint: 185400 ns, At safepoint: 14500 ns, Total: 199900 ns
[2020-09-05T08:49:39.949+0000][8][safepoint    ] Safepoint "Cleanup", Time since last: 1001408000 ns, Reaching safepoint: 354000 ns, At safepoint: 22800 ns, Total: 376800 ns
[2020-09-05T08:49:40.952+0000][8][safepoint    ] Safepoint "Cleanup", Time since last: 1002398100 ns, Reaching safepoint: 145900 ns, At safepoint: 14300 ns, Total: 160200 ns
[2020-09-05T08:49:42.956+0000][8][safepoint    ] Safepoint "Cleanup", Time since last: 2003714700 ns, Reaching safepoint: 344200 ns, At safepoint: 18400 ns, Total: 362600 ns
[2020-09-05T08:49:43.964+0000][8][safepoint    ] Safepoint "Cleanup", Time since last: 1003402200 ns, Reaching safepoint: 4946600 ns, At safepoint: 38700 ns, Total: 4985300 ns
[2020-09-05T08:49:44.970+0000][8][safepoint    ] Safepoint "Cleanup", Time since last: 1004844900 ns, Reaching safepoint: 603700 ns, At safepoint: 53000 ns, Total: 656700 ns
[2020-09-05T08:49:45.975+0000][8][safepoint    ] Safepoint "Cleanup", Time since last: 1003421000 ns, Reaching safepoint: 1566100 ns, At safepoint: 52500 ns, Total: 1618600 ns
[2020-09-05T08:49:47.978+0000][8][safepoint    ] Safepoint "Cleanup", Time since last: 2002072200 ns, Reaching safepoint: 793400 ns, At safepoint: 53600 ns, Total: 847000 ns
[2020-09-05T08:49:48.167+0000][8][safepoint    ] Safepoint "BulkRevokeBias", Time since last: 187727700 ns, Reaching safepoint: 418500 ns, At safepoint: 1043100 ns, Total: 1461600 ns
[2020-09-05T08:49:49.211+0000][8][safepoint    ] Safepoint "Cleanup", Time since last: 1043343700 ns, Reaching safepoint: 930800 ns, At safepoint: 67700 ns, Total: 998500 ns
[2020-09-05T08:49:50.452+0000][8][safepoint    ] Safepoint "Cleanup", Time since last: 1240537500 ns, Reaching safepoint: 495000 ns, At safepoint: 19800 ns, Total: 514800 ns
[2020-09-05T08:49:50.465+0000][8][gc,start     ] GC(21) Pause Young (Normal) (G1 Evacuation Pause)
[2020-09-05T08:49:50.465+0000][8][gc,task      ] GC(21) Using 2 workers of 2 for evacuation
[2020-09-05T08:49:50.466+0000][8][gc,age       ] GC(21) Desired survivor size 17825792 bytes, new threshold 15 (max threshold 15)
[2020-09-05T08:49:50.511+0000][8][gc,age       ] GC(21) Age table with threshold 15 (max threshold 15)
[2020-09-05T08:49:50.512+0000][8][gc,age       ] GC(21) - age   1:    2700752 bytes,    2700752 total
[2020-09-05T08:49:50.512+0000][8][gc,age       ] GC(21) - age   2:    1021168 bytes,    3721920 total
[2020-09-05T08:49:50.513+0000][8][gc,age       ] GC(21) - age   3:    5492272 bytes,    9214192 total
[2020-09-05T08:49:50.513+0000][8][gc,phases    ] GC(21)   Pre Evacuate Collection Set: 0.4ms
[2020-09-05T08:49:50.514+0000][8][gc,phases    ] GC(21)   Merge Heap Roots: 0.3ms
[2020-09-05T08:49:50.514+0000][8][gc,phases    ] GC(21)   Evacuate Collection Set: 37.6ms
[2020-09-05T08:49:50.515+0000][8][gc,phases    ] GC(21)   Post Evacuate Collection Set: 6.2ms
[2020-09-05T08:49:50.516+0000][8][gc,phases    ] GC(21)   Other: 4.1ms
[2020-09-05T08:49:50.516+0000][8][gc,heap      ] GC(21) Eden regions: 260->0(264)
[2020-09-05T08:49:50.516+0000][8][gc,heap      ] GC(21) Survivor regions: 8->9(34)
[2020-09-05T08:49:50.518+0000][8][gc,heap      ] GC(21) Old regions: 70->70
[2020-09-05T08:49:50.519+0000][8][gc,heap      ] GC(21) Archive regions: 2->2
[2020-09-05T08:49:50.519+0000][8][gc,heap      ] GC(21) Humongous regions: 7->7
[2020-09-05T08:49:50.519+0000][8][gc,metaspace ] GC(21) Metaspace: 98734K(106744K)->98734K(106744K) NonClass: 85449K(90232K)->85449K(90232K) Class: 13284K(16512K)->13284K(16512K)
[2020-09-05T08:49:50.520+0000][8][gc           ] GC(21) Pause Young (Normal) (G1 Evacuation Pause) 345M->86M(512M) 54.847ms
[2020-09-05T08:49:50.520+0000][8][gc,cpu       ] GC(21) User=0.08s Sys=0.02s Real=0.05s
[2020-09-05T08:49:50.521+0000][8][safepoint    ] Safepoint "G1CollectForAllocation", Time since last: 11985200 ns, Reaching safepoint: 467800 ns, At safepoint: 56222400 ns, Total: 56690200 ns
[2020-09-05T08:49:51.577+0000][8][safepoint    ] Safepoint "Cleanup", Time since last: 1056042000 ns, Reaching safepoint: 310000 ns, At safepoint: 16100 ns, Total: 326100 ns
[2020-09-05T08:49:54.580+0000][8][safepoint    ] Safepoint "Cleanup", Time since last: 3002557200 ns, Reaching safepoint: 241200 ns, At safepoint: 73300 ns, Total: 314500 ns
[2020-09-05T08:49:55.583+0000][8][safepoint    ] Safepoint "Cleanup", Time since last: 1001605200 ns, Reaching safepoint: 863900 ns, At safepoint: 314500 ns, Total: 1178400 ns
[2020-09-05T08:49:57.589+0000][8][safepoint    ] Safepoint "Cleanup", Time since last: 2005341100 ns, Reaching safepoint: 827200 ns, At safepoint: 43300 ns, Total: 870500 ns
[2020-09-05T08:49:58.590+0000][8][safepoint    ] Safepoint "Cleanup", Time since last: 1000879600 ns, Reaching safepoint: 229500 ns, At safepoint: 21400 ns, Total: 250900 ns
[2020-09-05T08:49:59.593+0000][8][safepoint    ] Safepoint "Cleanup", Time since last: 1002395700 ns, Reaching safepoint: 268300 ns, At safepoint: 16300 ns, Total: 284600 ns
[2020-09-05T08:50:01.563+0000][8][safepoint    ] Safepoint "Cleanup", Time since last: 2002131100 ns, Reaching safepoint: 495100 ns, At safepoint: 15800 ns, Total: 510900 ns
[2020-09-05T08:50:02.564+0000][8][safepoint    ] Safepoint "Cleanup", Time since last: 1001184200 ns, Reaching safepoint: 224500 ns, At safepoint: 13800 ns, Total: 238300 ns
[2020-09-05T08:50:08.578+0000][8][safepoint    ] Safepoint "Cleanup", Time since last: 6012795500 ns, Reaching safepoint: 279000 ns, At safepoint: 18400 ns, Total: 297400 ns
[2020-09-05T08:50:09.581+0000][8][safepoint    ] Safepoint "Cleanup", Time since last: 1003251300 ns, Reaching safepoint: 298300 ns, At safepoint: 13300 ns, Total: 311600 ns
[2020-09-05T08:50:11.583+0000][8][safepoint    ] Safepoint "Cleanup", Time since last: 2001210800 ns, Reaching safepoint: 363200 ns, At safepoint: 13800 ns, Total: 377000 ns
[2020-09-05T08:50:12.584+0000][8][safepoint    ] Safepoint "Cleanup", Time since last: 1001275200 ns, Reaching safepoint: 177600 ns, At safepoint: 13800 ns, Total: 191400 ns
[2020-09-05T08:50:13.586+0000][8][safepoint    ] Safepoint "Cleanup", Time since last: 1001957400 ns, Reaching safepoint: 154600 ns, At safepoint: 14500 ns, Total: 169100 ns
[2020-09-05T08:50:17.594+0000][8][safepoint    ] Safepoint "Cleanup", Time since last: 4007091000 ns, Reaching safepoint: 165500 ns, At safepoint: 14500 ns, Total: 180000 ns
[2020-09-05T08:50:18.596+0000][8][safepoint    ] Safepoint "Cleanup", Time since last: 1002506400 ns, Reaching safepoint: 153700 ns, At safepoint: 13100 ns, Total: 166800 ns
[2020-09-05T08:50:20.599+0000][8][safepoint    ] Safepoint "Cleanup", Time since last: 2003075600 ns, Reaching safepoint: 155300 ns, At safepoint: 14300 ns, Total: 169600 ns
[2020-09-05T08:50:25.608+0000][8][safepoint    ] Safepoint "Cleanup", Time since last: 5008492600 ns, Reaching safepoint: 332900 ns, At safepoint: 19200 ns, Total: 352100 ns
[2020-09-05T08:50:26.902+0000][8][safepoint    ] Safepoint "Cleanup", Time since last: 1293480200 ns, Reaching safepoint: 538500 ns, At safepoint: 28000 ns, Total: 566500 ns
[2020-09-05T08:50:27.907+0000][8][safepoint    ] Safepoint "Cleanup", Time since last: 1003907800 ns, Reaching safepoint: 264300 ns, At safepoint: 17400 ns, Total: 281700 ns
[2020-09-05T08:50:29.723+0000][8][safepoint    ] Safepoint "Cleanup", Time since last: 1815213100 ns, Reaching safepoint: 1230800 ns, At safepoint: 41800 ns, Total: 1272600 ns
[2020-09-05T08:50:31.432+0000][8][safepoint    ] Safepoint "Cleanup", Time since last: 1742455600 ns, Reaching safepoint: 721300 ns, At safepoint: 34500 ns, Total: 755800 ns
[2020-09-05T08:50:32.434+0000][8][safepoint    ] Safepoint "Cleanup", Time since last: 1001247900 ns, Reaching safepoint: 165100 ns, At safepoint: 14800 ns, Total: 179900 ns
[2020-09-05T08:50:33.435+0000][8][safepoint    ] Safepoint "Cleanup", Time since last: 1000978800 ns, Reaching safepoint: 198200 ns, At safepoint: 14000 ns, Total: 212200 ns
[2020-09-05T08:50:34.437+0000][8][safepoint    ] Safepoint "Cleanup", Time since last: 1002127100 ns, Reaching safepoint: 160000 ns, At safepoint: 13100 ns, Total: 173100 ns
[2020-09-05T08:50:35.439+0000][8][safepoint    ] Safepoint "Cleanup", Time since last: 1001658200 ns, Reaching safepoint: 310200 ns, At safepoint: 15600 ns, Total: 325800 ns
[2020-09-05T08:50:36.441+0000][8][safepoint    ] Safepoint "Cleanup", Time since last: 1001615800 ns, Reaching safepoint: 338800 ns, At safepoint: 14400 ns, Total: 353200 ns
[2020-09-05T08:50:37.079+0000][8][safepoint    ] Safepoint "BulkRevokeBias", Time since last: 636460800 ns, Reaching safepoint: 254300 ns, At safepoint: 974100 ns, Total: 1228400 ns
[2020-09-05T08:50:38.852+0000][8][safepoint    ] Safepoint "Cleanup", Time since last: 1770796600 ns, Reaching safepoint: 2686200 ns, At safepoint: 157200 ns, Total: 2843400 ns
[2020-09-05T08:50:39.954+0000][8][safepoint    ] Safepoint "Cleanup", Time since last: 1101568000 ns, Reaching safepoint: 503800 ns, At safepoint: 21300 ns, Total: 525100 ns
[2020-09-05T08:50:41.385+0000][8][safepoint    ] Safepoint "Cleanup", Time since last: 1430292500 ns, Reaching safepoint: 276100 ns, At safepoint: 14300 ns, Total: 290400 ns
[2020-09-05T08:50:42.389+0000][8][safepoint    ] Safepoint "Cleanup", Time since last: 1003662900 ns, Reaching safepoint: 416800 ns, At safepoint: 34300 ns, Total: 451100 ns
[2020-09-05T08:50:43.398+0000][8][safepoint    ] Safepoint "Cleanup", Time since last: 1009104600 ns, Reaching safepoint: 184300 ns, At safepoint: 17500 ns, Total: 201800 ns
[2020-09-05T08:50:44.400+0000][8][safepoint    ] Safepoint "Cleanup", Time since last: 1001008600 ns, Reaching safepoint: 296300 ns, At safepoint: 23000 ns, Total: 319300 ns
[2020-09-05T08:50:45.401+0000][8][safepoint    ] Safepoint "Cleanup", Time since last: 1001400400 ns, Reaching safepoint: 186200 ns, At safepoint: 14600 ns, Total: 200800 ns
[2020-09-05T08:50:46.403+0000][8][safepoint    ] Safepoint "Cleanup", Time since last: 1001688900 ns, Reaching safepoint: 182200 ns, At safepoint: 14100 ns, Total: 196300 ns
[2020-09-05T08:50:47.404+0000][8][safepoint    ] Safepoint "Cleanup", Time since last: 1000980300 ns, Reaching safepoint: 145900 ns, At safepoint: 119200 ns, Total: 265100 ns
[2020-09-05T08:50:48.410+0000][8][safepoint    ] Safepoint "Cleanup", Time since last: 1003257800 ns, Reaching safepoint: 2598900 ns, At safepoint: 42900 ns, Total: 2641800 ns
[2020-09-05T08:50:49.563+0000][8][safepoint    ] Safepoint "Cleanup", Time since last: 1152428500 ns, Reaching safepoint: 444300 ns, At safepoint: 18400 ns, Total: 462700 ns
[2020-09-05T08:50:50.565+0000][8][safepoint    ] Safepoint "Cleanup", Time since last: 1001245500 ns, Reaching safepoint: 418700 ns, At safepoint: 17600 ns, Total: 436300 ns
[2020-09-05T08:50:51.677+0000][8][safepoint    ] Safepoint "Cleanup", Time since last: 1111271600 ns, Reaching safepoint: 619000 ns, At safepoint: 16400 ns, Total: 635400 ns
[2020-09-05T08:50:52.671+0000][8][safepoint    ] Safepoint "BulkRevokeBias", Time since last: 993606700 ns, Reaching safepoint: 509300 ns, At safepoint: 422400 ns, Total: 931700 ns
[2020-09-05T08:50:53.743+0000][8][safepoint    ] Safepoint "Cleanup", Time since last: 1071182800 ns, Reaching safepoint: 574100 ns, At safepoint: 44000 ns, Total: 618100 ns
[2020-09-05T08:50:54.745+0000][8][safepoint    ] Safepoint "Cleanup", Time since last: 1001675100 ns, Reaching safepoint: 537400 ns, At safepoint: 87200 ns, Total: 624600 ns
[2020-09-05T08:50:55.748+0000][8][safepoint    ] Safepoint "Cleanup", Time since last: 1002171900 ns, Reaching safepoint: 532500 ns, At safepoint: 205800 ns, Total: 738300 ns
[2020-09-05T08:50:56.750+0000][8][safepoint    ] Safepoint "Cleanup", Time since last: 1001262200 ns, Reaching safepoint: 275500 ns, At safepoint: 13300 ns, Total: 288800 ns
[2020-09-05T08:50:57.752+0000][8][safepoint    ] Safepoint "Cleanup", Time since last: 1002021500 ns, Reaching safepoint: 362600 ns, At safepoint: 39900 ns, Total: 402500 ns
[2020-09-05T08:50:58.754+0000][8][safepoint    ] Safepoint "Cleanup", Time since last: 1001742500 ns, Reaching safepoint: 172900 ns, At safepoint: 16500 ns, Total: 189400 ns
[2020-09-05T08:50:59.756+0000][8][safepoint    ] Safepoint "Cleanup", Time since last: 1001720000 ns, Reaching safepoint: 151500 ns, At safepoint: 14200 ns, Total: 165700 ns
[2020-09-05T08:51:00.731+0000][8][safepoint    ] Safepoint "Cleanup", Time since last: 1003026100 ns, Reaching safepoint: 376500 ns, At safepoint: 16200 ns, Total: 392700 ns
[2020-09-05T08:51:01.850+0000][8][safepoint    ] Safepoint "Cleanup", Time since last: 1115842800 ns, Reaching safepoint: 2782900 ns, At safepoint: 20700 ns, Total: 2803600 ns
[2020-09-05T08:51:02.852+0000][8][safepoint    ] Safepoint "Cleanup", Time since last: 1002023500 ns, Reaching safepoint: 162700 ns, At safepoint: 13500 ns, Total: 176200 ns
[2020-09-05T08:51:03.854+0000][8][safepoint    ] Safepoint "Cleanup", Time since last: 1001506300 ns, Reaching safepoint: 266100 ns, At safepoint: 15500 ns, Total: 281600 ns
[2020-09-05T08:51:04.862+0000][8][safepoint    ] Safepoint "Cleanup", Time since last: 1007777800 ns, Reaching safepoint: 287900 ns, At safepoint: 59900 ns, Total: 347800 ns
[2020-09-05T08:51:05.865+0000][8][safepoint    ] Safepoint "Cleanup", Time since last: 1002630400 ns, Reaching safepoint: 227800 ns, At safepoint: 23800 ns, Total: 251600 ns
[2020-09-05T08:51:06.866+0000][8][safepoint    ] Safepoint "Cleanup", Time since last: 1001744800 ns, Reaching safepoint: 163700 ns, At safepoint: 14400 ns, Total: 178100 ns
[2020-09-05T08:51:07.869+0000][8][safepoint    ] Safepoint "Cleanup", Time since last: 1001940100 ns, Reaching safepoint: 156600 ns, At safepoint: 14400 ns, Total: 171000 ns
[2020-09-05T08:51:08.870+0000][8][safepoint    ] Safepoint "Cleanup", Time since last: 1001304600 ns, Reaching safepoint: 305200 ns, At safepoint: 13200 ns, Total: 318400 ns
[2020-09-05T08:51:09.872+0000][8][safepoint    ] Safepoint "Cleanup", Time since last: 1001289800 ns, Reaching safepoint: 174300 ns, At safepoint: 14400 ns, Total: 188700 ns
[2020-09-05T08:51:10.904+0000][8][safepoint    ] Safepoint "Cleanup", Time since last: 1032303300 ns, Reaching safepoint: 273400 ns, At safepoint: 11200 ns, Total: 284600 ns
[2020-09-05T08:51:11.907+0000][8][safepoint    ] Safepoint "Cleanup", Time since last: 1002721600 ns, Reaching safepoint: 185300 ns, At safepoint: 15300 ns, Total: 200600 ns
[2020-09-05T08:51:12.909+0000][8][safepoint    ] Safepoint "Cleanup", Time since last: 1001715100 ns, Reaching safepoint: 234600 ns, At safepoint: 25500 ns, Total: 260100 ns
[2020-09-05T08:51:13.912+0000][8][safepoint    ] Safepoint "Cleanup", Time since last: 1002375800 ns, Reaching safepoint: 273300 ns, At safepoint: 12800 ns, Total: 286100 ns
[2020-09-05T08:51:14.914+0000][8][safepoint    ] Safepoint "Cleanup", Time since last: 1001645800 ns, Reaching safepoint: 175800 ns, At safepoint: 40300 ns, Total: 216100 ns
[2020-09-05T08:51:15.917+0000][8][safepoint    ] Safepoint "Cleanup", Time since last: 1002995300 ns, Reaching safepoint: 137500 ns, At safepoint: 13400 ns, Total: 150900 ns
[2020-09-05T08:51:16.921+0000][8][safepoint    ] Safepoint "Cleanup", Time since last: 1002876800 ns, Reaching safepoint: 1338200 ns, At safepoint: 35300 ns, Total: 1373500 ns
[2020-09-05T08:51:17.926+0000][8][safepoint    ] Safepoint "Cleanup", Time since last: 1004479400 ns, Reaching safepoint: 550300 ns, At safepoint: 18000 ns, Total: 568300 ns
[2020-09-05T08:51:18.930+0000][8][safepoint    ] Safepoint "Cleanup", Time since last: 1003712600 ns, Reaching safepoint: 596900 ns, At safepoint: 21600 ns, Total: 618500 ns
[2020-09-05T08:51:19.932+0000][8][safepoint    ] Safepoint "Cleanup", Time since last: 1001684900 ns, Reaching safepoint: 147000 ns, At safepoint: 44100 ns, Total: 191100 ns
[2020-09-05T08:51:20.934+0000][8][safepoint    ] Safepoint "Cleanup", Time since last: 1001623500 ns, Reaching safepoint: 261300 ns, At safepoint: 14300 ns, Total: 275600 ns
[2020-09-05T08:51:21.937+0000][8][safepoint    ] Safepoint "Cleanup", Time since last: 1002296800 ns, Reaching safepoint: 724800 ns, At safepoint: 36800 ns, Total: 761600 ns
[2020-09-05T08:51:22.942+0000][8][safepoint    ] Safepoint "Cleanup", Time since last: 1004274500 ns, Reaching safepoint: 247000 ns, At safepoint: 23300 ns, Total: 270300 ns
[2020-09-05T08:51:23.947+0000][8][safepoint    ] Safepoint "Cleanup", Time since last: 1001082900 ns, Reaching safepoint: 3582900 ns, At safepoint: 30800 ns, Total: 3613700 ns
[2020-09-05T08:51:24.949+0000][8][safepoint    ] Safepoint "Cleanup", Time since last: 1001937000 ns, Reaching safepoint: 160700 ns, At safepoint: 14100 ns, Total: 174800 ns
[2020-09-05T08:51:25.952+0000][8][safepoint    ] Safepoint "Cleanup", Time since last: 1002711700 ns, Reaching safepoint: 158800 ns, At safepoint: 14400 ns, Total: 173200 ns
[2020-09-05T08:51:26.953+0000][8][safepoint    ] Safepoint "Cleanup", Time since last: 1001345800 ns, Reaching safepoint: 140800 ns, At safepoint: 163300 ns, Total: 304100 ns
[2020-09-05T08:51:27.957+0000][8][safepoint    ] Safepoint "Cleanup", Time since last: 1002784800 ns, Reaching safepoint: 1123900 ns, At safepoint: 37600 ns, Total: 1161500 ns
[2020-09-05T08:51:28.959+0000][8][safepoint    ] Safepoint "Cleanup", Time since last: 1001421700 ns, Reaching safepoint: 539900 ns, At safepoint: 23400 ns, Total: 563300 ns
[2020-09-05T08:51:29.965+0000][8][safepoint    ] Safepoint "Cleanup", Time since last: 1006196700 ns, Reaching safepoint: 142000 ns, At safepoint: 13400 ns, Total: 155400 ns
[2020-09-05T08:51:30.928+0000][8][safepoint    ] Safepoint "Cleanup", Time since last: 1001785000 ns, Reaching safepoint: 159800 ns, At safepoint: 14400 ns, Total: 174200 ns
[2020-09-05T08:51:31.932+0000][8][safepoint    ] Safepoint "Cleanup", Time since last: 1002832900 ns, Reaching safepoint: 250400 ns, At safepoint: 16800 ns, Total: 267200 ns
[2020-09-05T08:51:32.933+0000][8][safepoint    ] Safepoint "Cleanup", Time since last: 1001008900 ns, Reaching safepoint: 347600 ns, At safepoint: 17200 ns, Total: 364800 ns
[2020-09-05T08:51:33.938+0000][8][safepoint    ] Safepoint "Cleanup", Time since last: 1005235300 ns, Reaching safepoint: 253800 ns, At safepoint: 17700 ns, Total: 271500 ns
[2020-09-05T08:51:34.942+0000][8][safepoint    ] Safepoint "Cleanup", Time since last: 1003751700 ns, Reaching safepoint: 151500 ns, At safepoint: 14400 ns, Total: 165900 ns
[2020-09-05T08:51:35.944+0000][8][safepoint    ] Safepoint "Cleanup", Time since last: 1001102000 ns, Reaching safepoint: 157400 ns, At safepoint: 13500 ns, Total: 170900 ns
[2020-09-05T08:51:36.946+0000][8][safepoint    ] Safepoint "Cleanup", Time since last: 1001691000 ns, Reaching safepoint: 214100 ns, At safepoint: 16800 ns, Total: 230900 ns
[2020-09-05T08:51:37.947+0000][8][safepoint    ] Safepoint "Cleanup", Time since last: 1001449100 ns, Reaching safepoint: 189700 ns, At safepoint: 14100 ns, Total: 203800 ns
[2020-09-05T08:51:38.951+0000][8][safepoint    ] Safepoint "Cleanup", Time since last: 1001682900 ns, Reaching safepoint: 1580900 ns, At safepoint: 196600 ns, Total: 1777500 ns
[2020-09-05T08:51:39.978+0000][8][safepoint    ] Safepoint "Cleanup", Time since last: 1014255500 ns, Reaching safepoint: 13390400 ns, At safepoint: 32300 ns, Total: 13422700 ns
[2020-09-05T08:51:40.984+0000][8][safepoint    ] Safepoint "Cleanup", Time since last: 1005166000 ns, Reaching safepoint: 752500 ns, At safepoint: 22900 ns, Total: 775400 ns
[2020-09-05T08:51:41.986+0000][8][safepoint    ] Safepoint "Cleanup", Time since last: 1001292800 ns, Reaching safepoint: 132400 ns, At safepoint: 12700 ns, Total: 145100 ns
[2020-09-05T08:51:42.987+0000][8][safepoint    ] Safepoint "Cleanup", Time since last: 1000975000 ns, Reaching safepoint: 180100 ns, At safepoint: 14300 ns, Total: 194400 ns
[2020-09-05T08:51:43.989+0000][8][safepoint    ] Safepoint "Cleanup", Time since last: 1001642800 ns, Reaching safepoint: 181900 ns, At safepoint: 14100 ns, Total: 196000 ns
[2020-09-05T08:51:44.990+0000][8][safepoint    ] Safepoint "Cleanup", Time since last: 1001117500 ns, Reaching safepoint: 330400 ns, At safepoint: 16600 ns, Total: 347000 ns
[2020-09-05T08:51:45.992+0000][8][safepoint    ] Safepoint "Cleanup", Time since last: 1001344600 ns, Reaching safepoint: 177600 ns, At safepoint: 14300 ns, Total: 191900 ns
[2020-09-05T08:51:46.995+0000][8][safepoint    ] Safepoint "Cleanup", Time since last: 1002680700 ns, Reaching safepoint: 184400 ns, At safepoint: 14500 ns, Total: 198900 ns
[2020-09-05T08:51:47.996+0000][8][safepoint    ] Safepoint "Cleanup", Time since last: 1001248300 ns, Reaching safepoint: 444100 ns, At safepoint: 21600 ns, Total: 465700 ns
[2020-09-05T08:51:49.000+0000][8][safepoint    ] Safepoint "Cleanup", Time since last: 1003486300 ns, Reaching safepoint: 279900 ns, At safepoint: 222700 ns, Total: 502600 ns
[2020-09-05T08:51:50.002+0000][8][safepoint    ] Safepoint "Cleanup", Time since last: 1001273400 ns, Reaching safepoint: 181600 ns, At safepoint: 14500 ns, Total: 196100 ns
[2020-09-05T08:51:51.003+0000][8][safepoint    ] Safepoint "Cleanup", Time since last: 1001348400 ns, Reaching safepoint: 191200 ns, At safepoint: 14500 ns, Total: 205700 ns
[2020-09-05T08:51:52.005+0000][8][safepoint    ] Safepoint "Cleanup", Time since last: 1001463500 ns, Reaching safepoint: 201900 ns, At safepoint: 17700 ns, Total: 219600 ns
[2020-09-05T08:51:53.007+0000][8][safepoint    ] Safepoint "Cleanup", Time since last: 1001497100 ns, Reaching safepoint: 256100 ns, At safepoint: 15600 ns, Total: 271700 ns
[2020-09-05T08:51:54.047+0000][8][safepoint    ] Safepoint "Cleanup", Time since last: 1039970100 ns, Reaching safepoint: 266500 ns, At safepoint: 13800 ns, Total: 280300 ns
[2020-09-05T08:51:54.389+0000][8][safepoint    ] Safepoint "BulkRevokeBias", Time since last: 341676200 ns, Reaching safepoint: 175900 ns, At safepoint: 611900 ns, Total: 787800 ns
[2020-09-05T08:51:55.499+0000][8][safepoint    ] Safepoint "Cleanup", Time since last: 1109597900 ns, Reaching safepoint: 261900 ns, At safepoint: 13500 ns, Total: 275400 ns
[2020-09-05T08:51:56.739+0000][8][safepoint    ] Safepoint "Cleanup", Time since last: 1239712800 ns, Reaching safepoint: 217000 ns, At safepoint: 14200 ns, Total: 231200 ns
[2020-09-05T08:51:57.740+0000][8][safepoint    ] Safepoint "Cleanup", Time since last: 1001009300 ns, Reaching safepoint: 170500 ns, At safepoint: 18400 ns, Total: 188900 ns
[2020-09-05T08:51:58.743+0000][8][safepoint    ] Safepoint "Cleanup", Time since last: 1001054700 ns, Reaching safepoint: 1066600 ns, At safepoint: 46000 ns, Total: 1112600 ns
[2020-09-05T08:51:59.748+0000][8][safepoint    ] Safepoint "Cleanup", Time since last: 1005219600 ns, Reaching safepoint: 350200 ns, At safepoint: 14800 ns, Total: 365000 ns
[2020-09-05T08:52:00.716+0000][8][safepoint    ] Safepoint "Cleanup", Time since last: 1001369700 ns, Reaching safepoint: 240100 ns, At safepoint: 15000 ns, Total: 255100 ns
[2020-09-05T08:52:01.718+0000][8][safepoint    ] Safepoint "Cleanup", Time since last: 1001415300 ns, Reaching safepoint: 183100 ns, At safepoint: 14400 ns, Total: 197500 ns
[2020-09-05T08:52:02.720+0000][8][safepoint    ] Safepoint "Cleanup", Time since last: 1001914600 ns, Reaching safepoint: 429600 ns, At safepoint: 18100 ns, Total: 447700 ns
[2020-09-05T08:52:03.724+0000][8][safepoint    ] Safepoint "Cleanup", Time since last: 1003463900 ns, Reaching safepoint: 279300 ns, At safepoint: 119400 ns, Total: 398700 ns
[2020-09-05T08:52:04.728+0000][8][safepoint    ] Safepoint "Cleanup", Time since last: 1003334000 ns, Reaching safepoint: 209400 ns, At safepoint: 14300 ns, Total: 223700 ns
[2020-09-05T08:52:05.729+0000][8][safepoint    ] Safepoint "Cleanup", Time since last: 1001267500 ns, Reaching safepoint: 181100 ns, At safepoint: 14100 ns, Total: 195200 ns
[2020-09-05T08:52:06.731+0000][8][safepoint    ] Safepoint "Cleanup", Time since last: 1001491700 ns, Reaching safepoint: 180300 ns, At safepoint: 14300 ns, Total: 194600 ns
[2020-09-05T08:52:07.732+0000][8][safepoint    ] Safepoint "Cleanup", Time since last: 1001044300 ns, Reaching safepoint: 328100 ns, At safepoint: 17700 ns, Total: 345800 ns
[2020-09-05T08:52:08.734+0000][8][safepoint    ] Safepoint "Cleanup", Time since last: 1001393000 ns, Reaching safepoint: 186400 ns, At safepoint: 14200 ns, Total: 200600 ns
[2020-09-05T08:52:09.736+0000][8][safepoint    ] Safepoint "Cleanup", Time since last: 1001774600 ns, Reaching safepoint: 250400 ns, At safepoint: 14900 ns, Total: 265300 ns
[2020-09-05T08:52:10.738+0000][8][safepoint    ] Safepoint "Cleanup", Time since last: 1001827900 ns, Reaching safepoint: 178900 ns, At safepoint: 14400 ns, Total: 193300 ns
[2020-09-05T08:52:11.739+0000][8][safepoint    ] Safepoint "Cleanup", Time since last: 1000951100 ns, Reaching safepoint: 281900 ns, At safepoint: 26900 ns, Total: 308800 ns
[2020-09-05T08:52:12.742+0000][8][safepoint    ] Safepoint "Cleanup", Time since last: 1001978400 ns, Reaching safepoint: 214000 ns, At safepoint: 17500 ns, Total: 231500 ns
[2020-09-05T08:52:13.745+0000][8][safepoint    ] Safepoint "Cleanup", Time since last: 1003355400 ns, Reaching safepoint: 136500 ns, At safepoint: 14600 ns, Total: 151100 ns
[2020-09-05T08:52:14.748+0000][8][safepoint    ] Safepoint "Cleanup", Time since last: 1002308300 ns, Reaching safepoint: 212200 ns, At safepoint: 21600 ns, Total: 233800 ns
[2020-09-05T08:52:15.749+0000][8][safepoint    ] Safepoint "Cleanup", Time since last: 1001386100 ns, Reaching safepoint: 170800 ns, At safepoint: 17400 ns, Total: 188200 ns
[2020-09-05T08:52:16.751+0000][8][safepoint    ] Safepoint "Cleanup", Time since last: 1001713600 ns, Reaching safepoint: 162200 ns, At safepoint: 14400 ns, Total: 176600 ns
[2020-09-05T08:52:17.753+0000][8][safepoint    ] Safepoint "Cleanup", Time since last: 1001670000 ns, Reaching safepoint: 224200 ns, At safepoint: 18100 ns, Total: 242300 ns
[2020-09-05T08:52:18.755+0000][8][safepoint    ] Safepoint "Cleanup", Time since last: 1001564500 ns, Reaching safepoint: 312800 ns, At safepoint: 14400 ns, Total: 327200 ns
[2020-09-05T08:52:19.774+0000][8][safepoint    ] Safepoint "Cleanup", Time since last: 1008183900 ns, Reaching safepoint: 11251300 ns, At safepoint: 58300 ns, Total: 11309600 ns
[2020-09-05T08:52:20.781+0000][8][safepoint    ] Safepoint "Cleanup", Time since last: 1006805500 ns, Reaching safepoint: 270300 ns, At safepoint: 12500 ns, Total: 282800 ns
[2020-09-05T08:52:21.790+0000][8][safepoint    ] Safepoint "Cleanup", Time since last: 1007947800 ns, Reaching safepoint: 1051500 ns, At safepoint: 14800 ns, Total: 1066300 ns
[2020-09-05T08:52:22.794+0000][8][safepoint    ] Safepoint "Cleanup", Time since last: 1001825000 ns, Reaching safepoint: 1893400 ns, At safepoint: 39800 ns, Total: 1933200 ns
[2020-09-05T08:52:23.796+0000][8][safepoint    ] Safepoint "Cleanup", Time since last: 1001721300 ns, Reaching safepoint: 182300 ns, At safepoint: 14400 ns, Total: 196700 ns
[2020-09-05T08:52:24.798+0000][8][safepoint    ] Safepoint "Cleanup", Time since last: 1001094800 ns, Reaching safepoint: 296600 ns, At safepoint: 23600 ns, Total: 320200 ns
[2020-09-05T08:52:25.799+0000][8][safepoint    ] Safepoint "Cleanup", Time since last: 1001164700 ns, Reaching safepoint: 370900 ns, At safepoint: 17100 ns, Total: 388000 ns
[2020-09-05T08:52:26.803+0000][8][safepoint    ] Safepoint "Cleanup", Time since last: 1003468400 ns, Reaching safepoint: 318600 ns, At safepoint: 13500 ns, Total: 332100 ns
[2020-09-05T08:52:27.976+0000][8][safepoint    ] Safepoint "Cleanup", Time since last: 1172514900 ns, Reaching safepoint: 194500 ns, At safepoint: 11700 ns, Total: 206200 ns
[2020-09-05T08:52:28.979+0000][8][safepoint    ] Safepoint "Cleanup", Time since last: 1003408500 ns, Reaching safepoint: 356800 ns, At safepoint: 17000 ns, Total: 373800 ns
[2020-09-05T08:52:29.981+0000][8][safepoint    ] Safepoint "Cleanup", Time since last: 1001714000 ns, Reaching safepoint: 203700 ns, At safepoint: 15600 ns, Total: 219300 ns
[2020-09-05T08:52:30.949+0000][8][safepoint    ] Safepoint "Cleanup", Time since last: 1001414700 ns, Reaching safepoint: 352600 ns, At safepoint: 14500 ns, Total: 367100 ns
[2020-09-05T08:52:31.951+0000][8][safepoint    ] Safepoint "Cleanup", Time since last: 1001776300 ns, Reaching safepoint: 261300 ns, At safepoint: 11600 ns, Total: 272900 ns
[2020-09-05T08:52:32.953+0000][8][safepoint    ] Safepoint "Cleanup", Time since last: 1001568600 ns, Reaching safepoint: 180800 ns, At safepoint: 13400 ns, Total: 194200 ns
[2020-09-05T08:52:33.955+0000][8][safepoint    ] Safepoint "Cleanup", Time since last: 1001631400 ns, Reaching safepoint: 437400 ns, At safepoint: 25800 ns, Total: 463200 ns
[2020-09-05T08:52:34.959+0000][8][safepoint    ] Safepoint "Cleanup", Time since last: 1003323100 ns, Reaching safepoint: 399900 ns, At safepoint: 19000 ns, Total: 418900 ns
[2020-09-05T08:52:35.961+0000][8][safepoint    ] Safepoint "Cleanup", Time since last: 1001704400 ns, Reaching safepoint: 361600 ns, At safepoint: 12100 ns, Total: 373700 ns
[2020-09-05T08:52:36.964+0000][8][safepoint    ] Safepoint "Cleanup", Time since last: 1002737200 ns, Reaching safepoint: 529600 ns, At safepoint: 22000 ns, Total: 551600 ns
[2020-09-05T08:52:37.967+0000][8][safepoint    ] Safepoint "Cleanup", Time since last: 1002087700 ns, Reaching safepoint: 348600 ns, At safepoint: 29800 ns, Total: 378400 ns
[2020-09-05T08:52:38.969+0000][8][safepoint    ] Safepoint "Cleanup", Time since last: 1002337800 ns, Reaching safepoint: 232800 ns, At safepoint: 18500 ns, Total: 251300 ns
[2020-09-05T08:52:39.971+0000][8][safepoint    ] Safepoint "Cleanup", Time since last: 1001412800 ns, Reaching safepoint: 348300 ns, At safepoint: 15700 ns, Total: 364000 ns
[2020-09-05T08:52:40.973+0000][8][safepoint    ] Safepoint "Cleanup", Time since last: 1001821500 ns, Reaching safepoint: 235000 ns, At safepoint: 14900 ns, Total: 249900 ns
[2020-09-05T08:52:41.976+0000][8][safepoint    ] Safepoint "Cleanup", Time since last: 1002906200 ns, Reaching safepoint: 183000 ns, At safepoint: 17300 ns, Total: 200300 ns
[2020-09-05T08:52:42.979+0000][8][safepoint    ] Safepoint "Cleanup", Time since last: 1002706100 ns, Reaching safepoint: 160600 ns, At safepoint: 13200 ns, Total: 173800 ns
[2020-09-05T08:52:43.981+0000][8][safepoint    ] Safepoint "Cleanup", Time since last: 1001094300 ns, Reaching safepoint: 479200 ns, At safepoint: 62100 ns, Total: 541300 ns
[2020-09-05T08:52:44.982+0000][8][safepoint    ] Safepoint "Cleanup", Time since last: 1001392600 ns, Reaching safepoint: 217700 ns, At safepoint: 15200 ns, Total: 232900 ns
[2020-09-05T08:52:45.984+0000][8][safepoint    ] Safepoint "Cleanup", Time since last: 1001093000 ns, Reaching safepoint: 178500 ns, At safepoint: 13400 ns, Total: 191900 ns
[2020-09-05T08:52:46.985+0000][8][safepoint    ] Safepoint "Cleanup", Time since last: 1000971100 ns, Reaching safepoint: 304400 ns, At safepoint: 14500 ns, Total: 318900 ns
[2020-09-05T08:52:47.987+0000][8][safepoint    ] Safepoint "Cleanup", Time since last: 1002136800 ns, Reaching safepoint: 152800 ns, At safepoint: 10900 ns, Total: 163700 ns
[2020-09-05T08:52:48.989+0000][8][safepoint    ] Safepoint "Cleanup", Time since last: 1001303400 ns, Reaching safepoint: 163800 ns, At safepoint: 14500 ns, Total: 178300 ns
[2020-09-05T08:52:49.991+0000][8][safepoint    ] Safepoint "Cleanup", Time since last: 1002439300 ns, Reaching safepoint: 147200 ns, At safepoint: 14600 ns, Total: 161800 ns
[2020-09-05T08:52:50.920+0000][8][gc,start     ] GC(22) Pause Young (Normal) (G1 Evacuation Pause)
[2020-09-05T08:52:50.921+0000][8][gc,task      ] GC(22) Using 2 workers of 2 for evacuation
[2020-09-05T08:52:50.921+0000][8][gc,age       ] GC(22) Desired survivor size 18350080 bytes, new threshold 15 (max threshold 15)
[2020-09-05T08:52:51.011+0000][8][gc,age       ] GC(22) Age table with threshold 15 (max threshold 15)
[2020-09-05T08:52:51.012+0000][8][gc,age       ] GC(22) - age   1:    4044272 bytes,    4044272 total
[2020-09-05T08:52:51.013+0000][8][gc,age       ] GC(22) - age   2:     305960 bytes,    4350232 total
[2020-09-05T08:52:51.014+0000][8][gc,age       ] GC(22) - age   3:     579904 bytes,    4930136 total
[2020-09-05T08:52:51.014+0000][8][gc,age       ] GC(22) - age   4:    4622200 bytes,    9552336 total
[2020-09-05T08:52:51.015+0000][8][gc,phases    ] GC(22)   Pre Evacuate Collection Set: 0.5ms
[2020-09-05T08:52:51.015+0000][8][gc,phases    ] GC(22)   Merge Heap Roots: 0.6ms
[2020-09-05T08:52:51.016+0000][8][gc,phases    ] GC(22)   Evacuate Collection Set: 80.9ms
[2020-09-05T08:52:51.017+0000][8][gc,phases    ] GC(22)   Post Evacuate Collection Set: 7.2ms
[2020-09-05T08:52:51.017+0000][8][gc,phases    ] GC(22)   Other: 5.7ms
[2020-09-05T08:52:51.018+0000][8][gc,heap      ] GC(22) Eden regions: 264->0(267)
[2020-09-05T08:52:51.018+0000][8][gc,heap      ] GC(22) Survivor regions: 9->10(35)
[2020-09-05T08:52:51.018+0000][8][gc,heap      ] GC(22) Old regions: 70->70
[2020-09-05T08:52:51.019+0000][8][gc,heap      ] GC(22) Archive regions: 2->2
[2020-09-05T08:52:51.019+0000][8][gc,heap      ] GC(22) Humongous regions: 7->7
[2020-09-05T08:52:51.020+0000][8][gc,metaspace ] GC(22) Metaspace: 99975K(108280K)->99975K(108280K) NonClass: 86566K(91512K)->86566K(91512K) Class: 13409K(16768K)->13409K(16768K)
[2020-09-05T08:52:51.020+0000][8][gc           ] GC(22) Pause Young (Normal) (G1 Evacuation Pause) 350M->86M(512M) 99.999ms
[2020-09-05T08:52:51.020+0000][8][gc,cpu       ] GC(22) User=0.08s Sys=0.02s Real=0.10s
[2020-09-05T08:52:51.023+0000][8][safepoint    ] Safepoint "G1CollectForAllocation", Time since last: 928007200 ns, Reaching safepoint: 506200 ns, At safepoint: 103346200 ns, Total: 103852400 ns
[2020-09-05T08:52:52.029+0000][8][safepoint    ] Safepoint "Cleanup", Time since last: 1005852700 ns, Reaching safepoint: 181800 ns, At safepoint: 14600 ns, Total: 196400 ns
[2020-09-05T08:52:53.030+0000][8][safepoint    ] Safepoint "Cleanup", Time since last: 1000816100 ns, Reaching safepoint: 158800 ns, At safepoint: 33900 ns, Total: 192700 ns
[2020-09-05T08:52:54.033+0000][8][safepoint    ] Safepoint "Cleanup", Time since last: 1002717200 ns, Reaching safepoint: 267800 ns, At safepoint: 16000 ns, Total: 283800 ns
[2020-09-05T08:52:55.035+0000][8][safepoint    ] Safepoint "Cleanup", Time since last: 1001058200 ns, Reaching safepoint: 733600 ns, At safepoint: 74800 ns, Total: 808400 ns
[2020-09-05T08:52:56.038+0000][8][safepoint    ] Safepoint "Cleanup", Time since last: 1002093500 ns, Reaching safepoint: 1171700 ns, At safepoint: 60000 ns, Total: 1231700 ns
[2020-09-05T08:52:57.380+0000][8][safepoint    ] Safepoint "Cleanup", Time since last: 1340928100 ns, Reaching safepoint: 707300 ns, At safepoint: 12400 ns, Total: 719700 ns
[2020-09-05T08:52:58.337+0000][8][safepoint    ] Safepoint "BulkRevokeBias", Time since last: 953074800 ns, Reaching safepoint: 459100 ns, At safepoint: 3194100 ns, Total: 3653200 ns
[2020-09-05T08:52:59.675+0000][8][safepoint    ] Safepoint "Cleanup", Time since last: 1337773500 ns, Reaching safepoint: 402900 ns, At safepoint: 13900 ns, Total: 416800 ns
[2020-09-05T08:52:59.677+0000][8][safepoint    ] Safepoint "BulkRevokeBias", Time since last: 758900 ns, Reaching safepoint: 520100 ns, At safepoint: 328300 ns, Total: 848400 ns
[2020-09-05T08:53:00.683+0000][8][safepoint    ] Safepoint "Cleanup", Time since last: 1046248400 ns, Reaching safepoint: 219600 ns, At safepoint: 17500 ns, Total: 237100 ns
[2020-09-05T08:53:01.693+0000][8][safepoint    ] Safepoint "Cleanup", Time since last: 1006682900 ns, Reaching safepoint: 3896300 ns, At safepoint: 27000 ns, Total: 3923300 ns
[2020-09-05T08:53:02.932+0000][8][safepoint    ] Safepoint "Cleanup", Time since last: 1156831100 ns, Reaching safepoint: 81614600 ns, At safepoint: 78700 ns, Total: 81693300 ns
[2020-09-05T08:53:04.003+0000][8][safepoint    ] Safepoint "Cleanup", Time since last: 1010724500 ns, Reaching safepoint: 59206600 ns, At safepoint: 1051400 ns, Total: 60258000 ns
[2020-09-05T08:53:05.009+0000][8][safepoint    ] Safepoint "Cleanup", Time since last: 1005677100 ns, Reaching safepoint: 327300 ns, At safepoint: 24300 ns, Total: 351600 ns
[2020-09-05T08:53:06.013+0000][8][safepoint    ] Safepoint "Cleanup", Time since last: 1003468600 ns, Reaching safepoint: 425800 ns, At safepoint: 14600 ns, Total: 440400 ns
[2020-09-05T08:53:07.015+0000][8][safepoint    ] Safepoint "Cleanup", Time since last: 1001749100 ns, Reaching safepoint: 302900 ns, At safepoint: 23700 ns, Total: 326600 ns
[2020-09-05T08:53:08.016+0000][8][safepoint    ] Safepoint "Cleanup", Time since last: 1001161500 ns, Reaching safepoint: 216300 ns, At safepoint: 14500 ns, Total: 230800 ns
[2020-09-05T08:53:09.019+0000][8][safepoint    ] Safepoint "Cleanup", Time since last: 1002733100 ns, Reaching safepoint: 289700 ns, At safepoint: 23800 ns, Total: 313500 ns
[2020-09-05T08:53:10.021+0000][8][safepoint    ] Safepoint "Cleanup", Time since last: 1001487500 ns, Reaching safepoint: 162200 ns, At safepoint: 12600 ns, Total: 174800 ns
[2020-09-05T08:53:11.022+0000][8][safepoint    ] Safepoint "Cleanup", Time since last: 1001037100 ns, Reaching safepoint: 150200 ns, At safepoint: 14300 ns, Total: 164500 ns
[2020-09-05T08:53:12.024+0000][8][safepoint    ] Safepoint "Cleanup", Time since last: 1001172600 ns, Reaching safepoint: 471000 ns, At safepoint: 20100 ns, Total: 491100 ns
[2020-09-05T08:53:13.026+0000][8][safepoint    ] Safepoint "Cleanup", Time since last: 1001841700 ns, Reaching safepoint: 432700 ns, At safepoint: 27800 ns, Total: 460500 ns
[2020-09-05T08:53:14.031+0000][8][safepoint    ] Safepoint "Cleanup", Time since last: 1004826900 ns, Reaching safepoint: 448300 ns, At safepoint: 9700 ns, Total: 458000 ns
[2020-09-05T08:53:15.034+0000][8][safepoint    ] Safepoint "Cleanup", Time since last: 1001398600 ns, Reaching safepoint: 1041900 ns, At safepoint: 59800 ns, Total: 1101700 ns
[2020-09-05T08:53:16.053+0000][8][safepoint    ] Safepoint "Cleanup", Time since last: 1018747100 ns, Reaching safepoint: 147000 ns, At safepoint: 14400 ns, Total: 161400 ns
[2020-09-05T08:53:17.054+0000][8][safepoint    ] Safepoint "Cleanup", Time since last: 1001174800 ns, Reaching safepoint: 150200 ns, At safepoint: 13500 ns, Total: 163700 ns
[2020-09-05T08:53:18.057+0000][8][safepoint    ] Safepoint "Cleanup", Time since last: 1000900000 ns, Reaching safepoint: 1947700 ns, At safepoint: 23500 ns, Total: 1971200 ns
[2020-09-05T08:53:19.068+0000][8][safepoint    ] Safepoint "Cleanup", Time since last: 1010975900 ns, Reaching safepoint: 161500 ns, At safepoint: 13300 ns, Total: 174800 ns
[2020-09-05T08:53:20.069+0000][8][safepoint    ] Safepoint "Cleanup", Time since last: 1000838000 ns, Reaching safepoint: 226900 ns, At safepoint: 14400 ns, Total: 241300 ns
[2020-09-05T08:53:21.070+0000][8][safepoint    ] Safepoint "Cleanup", Time since last: 1000771800 ns, Reaching safepoint: 154400 ns, At safepoint: 13700 ns, Total: 168100 ns
[2020-09-05T08:53:22.072+0000][8][safepoint    ] Safepoint "Cleanup", Time since last: 1000972900 ns, Reaching safepoint: 147700 ns, At safepoint: 14100 ns, Total: 161800 ns
[2020-09-05T08:53:23.114+0000][8][safepoint    ] Safepoint "Cleanup", Time since last: 1039818100 ns, Reaching safepoint: 2623700 ns, At safepoint: 41800 ns, Total: 2665500 ns
[2020-09-05T08:53:24.373+0000][8][safepoint    ] Safepoint "Cleanup", Time since last: 1258436300 ns, Reaching safepoint: 462600 ns, At safepoint: 19900 ns, Total: 482500 ns
[2020-09-05T08:53:25.374+0000][8][safepoint    ] Safepoint "Cleanup", Time since last: 1001110100 ns, Reaching safepoint: 441400 ns, At safepoint: 16000 ns, Total: 457400 ns
[2020-09-05T08:53:26.378+0000][8][safepoint    ] Safepoint "Cleanup", Time since last: 1003354400 ns, Reaching safepoint: 170600 ns, At safepoint: 15100 ns, Total: 185700 ns
[2020-09-05T08:53:27.421+0000][8][safepoint    ] Safepoint "Cleanup", Time since last: 1005509500 ns, Reaching safepoint: 29444300 ns, At safepoint: 8378200 ns, Total: 37822500 ns
[2020-09-05T08:53:28.437+0000][8][safepoint    ] Safepoint "Cleanup", Time since last: 1016108300 ns, Reaching safepoint: 248800 ns, At safepoint: 10500 ns, Total: 259300 ns
[2020-09-05T08:53:29.446+0000][8][safepoint    ] Safepoint "Cleanup", Time since last: 1008690900 ns, Reaching safepoint: 380600 ns, At safepoint: 17100 ns, Total: 397700 ns
[2020-09-05T08:53:30.448+0000][8][safepoint    ] Safepoint "Cleanup", Time since last: 1000830800 ns, Reaching safepoint: 258500 ns, At safepoint: 22200 ns, Total: 280700 ns
[2020-09-05T08:53:31.421+0000][8][safepoint    ] Safepoint "Cleanup", Time since last: 1000932300 ns, Reaching safepoint: 173600 ns, At safepoint: 14800 ns, Total: 188400 ns
[2020-09-05T08:53:32.818+0000][8][safepoint    ] Safepoint "Cleanup", Time since last: 1396941200 ns, Reaching safepoint: 353500 ns, At safepoint: 14900 ns, Total: 368400 ns
[2020-09-05T08:53:34.836+0000][8][safepoint    ] Safepoint "Cleanup", Time since last: 1815345600 ns, Reaching safepoint: 202539600 ns, At safepoint: 62400 ns, Total: 202602000 ns
[2020-09-05T08:53:36.457+0000][8][safepoint    ] Safepoint "Cleanup", Time since last: 1616887100 ns, Reaching safepoint: 3764900 ns, At safepoint: 29700 ns, Total: 3794600 ns
[2020-09-05T08:53:38.090+0000][8][safepoint    ] Safepoint "Cleanup", Time since last: 1617027500 ns, Reaching safepoint: 15881900 ns, At safepoint: 46600 ns, Total: 15928500 ns
[2020-09-05T08:53:39.154+0000][8][safepoint    ] Safepoint "Cleanup", Time since last: 1053162500 ns, Reaching safepoint: 10748400 ns, At safepoint: 55100 ns, Total: 10803500 ns
[2020-09-05T08:53:40.932+0000][8][safepoint    ] Safepoint "Cleanup", Time since last: 1777793300 ns, Reaching safepoint: 337000 ns, At safepoint: 15100 ns, Total: 352100 ns
[2020-09-05T08:53:42.938+0000][8][safepoint    ] Safepoint "Cleanup", Time since last: 2004776400 ns, Reaching safepoint: 1131700 ns, At safepoint: 65200 ns, Total: 1196900 ns
[2020-09-05T08:53:47.286+0000][8][safepoint    ] Safepoint "BulkRevokeBias", Time since last: 4324418200 ns, Reaching safepoint: 4977000 ns, At safepoint: 18949400 ns, Total: 23926400 ns
[2020-09-05T08:53:50.618+0000][8][safepoint    ] Safepoint "Cleanup", Time since last: 3259129300 ns, Reaching safepoint: 71953600 ns, At safepoint: 581200 ns, Total: 72534800 ns
[2020-09-05T08:53:51.331+0000][8][safepoint    ] Safepoint "BulkRevokeBias", Time since last: 511189900 ns, Reaching safepoint: 200863400 ns, At safepoint: 1109200 ns, Total: 201972600 ns
[2020-09-05T08:53:52.372+0000][8][safepoint    ] Safepoint "Cleanup", Time since last: 1039851200 ns, Reaching safepoint: 1184100 ns, At safepoint: 27300 ns, Total: 1211400 ns
[2020-09-05T08:53:53.621+0000][8][safepoint    ] Safepoint "Cleanup", Time since last: 1240567100 ns, Reaching safepoint: 8044400 ns, At safepoint: 27200 ns, Total: 8071600 ns
[2020-09-05T08:53:54.651+0000][8][safepoint    ] Safepoint "Cleanup", Time since last: 1026652500 ns, Reaching safepoint: 3581300 ns, At safepoint: 43500 ns, Total: 3624800 ns
[2020-09-05T08:53:56.191+0000][8][safepoint    ] Safepoint "Cleanup", Time since last: 1531852800 ns, Reaching safepoint: 7994800 ns, At safepoint: 105100 ns, Total: 8099900 ns
[2020-09-05T08:53:56.375+0000][8][safepoint    ] Safepoint "BulkRevokeBias", Time since last: 177301100 ns, Reaching safepoint: 1655600 ns, At safepoint: 4890200 ns, Total: 6545800 ns
[2020-09-05T08:53:58.340+0000][8][safepoint    ] Safepoint "Cleanup", Time since last: 1964839400 ns, Reaching safepoint: 168700 ns, At safepoint: 13200 ns, Total: 181900 ns
[2020-09-05T08:53:59.477+0000][8][safepoint    ] Safepoint "Cleanup", Time since last: 1137232600 ns, Reaching safepoint: 205200 ns, At safepoint: 14500 ns, Total: 219700 ns
[2020-09-05T08:54:00.894+0000][8][safepoint    ] Safepoint "Cleanup", Time since last: 1449580200 ns, Reaching safepoint: 421500 ns, At safepoint: 27800 ns, Total: 449300 ns
[2020-09-05T08:54:01.070+0000][8][safepoint    ] Safepoint "BulkRevokeBias", Time since last: 174479000 ns, Reaching safepoint: 1080400 ns, At safepoint: 460400 ns, Total: 1540800 ns
[2020-09-05T08:54:02.136+0000][8][safepoint    ] Safepoint "Cleanup", Time since last: 1065287400 ns, Reaching safepoint: 509600 ns, At safepoint: 42500 ns, Total: 552100 ns
[2020-09-05T08:54:03.599+0000][8][safepoint    ] Safepoint "Cleanup", Time since last: 1462747000 ns, Reaching safepoint: 269200 ns, At safepoint: 18100 ns, Total: 287300 ns
[2020-09-05T08:54:06.603+0000][8][safepoint    ] Safepoint "Cleanup", Time since last: 3003753200 ns, Reaching safepoint: 161200 ns, At safepoint: 14000 ns, Total: 175200 ns
[2020-09-05T08:54:08.607+0000][8][safepoint    ] Safepoint "Cleanup", Time since last: 2003874500 ns, Reaching safepoint: 248600 ns, At safepoint: 51900 ns, Total: 300500 ns
[2020-09-05T08:54:09.609+0000][8][safepoint    ] Safepoint "Cleanup", Time since last: 1001414200 ns, Reaching safepoint: 209800 ns, At safepoint: 16500 ns, Total: 226300 ns
[2020-09-05T08:54:10.611+0000][8][safepoint    ] Safepoint "Cleanup", Time since last: 1001808500 ns, Reaching safepoint: 180000 ns, At safepoint: 14300 ns, Total: 194300 ns
[2020-09-05T08:54:11.953+0000][8][safepoint    ] Safepoint "Cleanup", Time since last: 1320042100 ns, Reaching safepoint: 22405500 ns, At safepoint: 21200 ns, Total: 22426700 ns
[2020-09-05T08:54:13.440+0000][8][safepoint    ] Safepoint "Cleanup", Time since last: 1485366000 ns, Reaching safepoint: 1625700 ns, At safepoint: 34300 ns, Total: 1660000 ns
[2020-09-05T08:54:14.447+0000][8][safepoint    ] Safepoint "Cleanup", Time since last: 1003394700 ns, Reaching safepoint: 2780100 ns, At safepoint: 57000 ns, Total: 2837100 ns
[2020-09-05T08:54:18.452+0000][8][safepoint    ] Safepoint "Cleanup", Time since last: 4004840100 ns, Reaching safepoint: 344500 ns, At safepoint: 20200 ns, Total: 364700 ns
[2020-09-05T08:54:20.454+0000][8][safepoint    ] Safepoint "Cleanup", Time since last: 2001711000 ns, Reaching safepoint: 221500 ns, At safepoint: 18300 ns, Total: 239800 ns
[2020-09-05T08:54:24.473+0000][8][safepoint    ] Safepoint "Cleanup", Time since last: 4019037500 ns, Reaching safepoint: 217400 ns, At safepoint: 16900 ns, Total: 234300 ns
[2020-09-05T08:54:25.476+0000][8][safepoint    ] Safepoint "Cleanup", Time since last: 1002408300 ns, Reaching safepoint: 153900 ns, At safepoint: 14200 ns, Total: 168100 ns
[2020-09-05T08:54:28.479+0000][8][safepoint    ] Safepoint "Cleanup", Time since last: 3003343000 ns, Reaching safepoint: 153600 ns, At safepoint: 14000 ns, Total: 167600 ns
[2020-09-05T08:54:32.461+0000][8][safepoint    ] Safepoint "Cleanup", Time since last: 4007121200 ns, Reaching safepoint: 292100 ns, At safepoint: 14300 ns, Total: 306400 ns
[2020-09-05T08:54:34.532+0000][8][safepoint    ] Safepoint "Cleanup", Time since last: 2005974900 ns, Reaching safepoint: 26505900 ns, At safepoint: 38239900 ns, Total: 64745800 ns
[2020-09-05T08:54:42.598+0000][8][safepoint    ] Safepoint "Cleanup", Time since last: 8066184700 ns, Reaching safepoint: 180900 ns, At safepoint: 14100 ns, Total: 195000 ns
[2020-09-05T08:54:45.612+0000][8][safepoint    ] Safepoint "Cleanup", Time since last: 3012984900 ns, Reaching safepoint: 538100 ns, At safepoint: 22200 ns, Total: 560300 ns
[2020-09-05T08:54:46.631+0000][8][safepoint    ] Safepoint "Cleanup", Time since last: 1009241300 ns, Reaching safepoint: 9582400 ns, At safepoint: 180300 ns, Total: 9762700 ns
[2020-09-05T08:54:48.639+0000][8][safepoint    ] Safepoint "Cleanup", Time since last: 2006001100 ns, Reaching safepoint: 1966100 ns, At safepoint: 72600 ns, Total: 2038700 ns
[2020-09-05T08:54:54.465+0000][8][safepoint    ] Safepoint "Cleanup", Time since last: 5824396500 ns, Reaching safepoint: 1349100 ns, At safepoint: 81500 ns, Total: 1430600 ns
[2020-09-05T08:54:55.468+0000][8][safepoint    ] Safepoint "Cleanup", Time since last: 1002782100 ns, Reaching safepoint: 837700 ns, At safepoint: 34100 ns, Total: 871800 ns
[2020-09-05T08:54:57.511+0000][8][safepoint    ] Safepoint "Cleanup", Time since last: 2041326900 ns, Reaching safepoint: 1205200 ns, At safepoint: 34600 ns, Total: 1239800 ns
[2020-09-05T08:54:58.518+0000][8][safepoint    ] Safepoint "Cleanup", Time since last: 1001248700 ns, Reaching safepoint: 5490300 ns, At safepoint: 645300 ns, Total: 6135600 ns
[2020-09-05T08:55:00.423+0000][8][safepoint    ] Safepoint "Cleanup", Time since last: 1904291500 ns, Reaching safepoint: 755600 ns, At safepoint: 47100 ns, Total: 802700 ns
[2020-09-05T08:55:01.394+0000][8][safepoint    ] Safepoint "Cleanup", Time since last: 1002489300 ns, Reaching safepoint: 833000 ns, At safepoint: 21700 ns, Total: 854700 ns
[2020-09-05T08:55:03.353+0000][8][safepoint    ] Safepoint "Cleanup", Time since last: 1958483400 ns, Reaching safepoint: 625200 ns, At safepoint: 26700 ns, Total: 651900 ns
[2020-09-05T08:55:04.612+0000][8][safepoint    ] Safepoint "Cleanup", Time since last: 1255785400 ns, Reaching safepoint: 737800 ns, At safepoint: 2426300 ns, Total: 3164100 ns
[2020-09-05T08:55:05.672+0000][8][safepoint    ] Safepoint "Cleanup", Time since last: 1056978500 ns, Reaching safepoint: 2405800 ns, At safepoint: 415600 ns, Total: 2821400 ns
[2020-09-05T08:55:07.664+0000][8][gc,start     ] GC(23) Pause Young (Normal) (G1 Evacuation Pause)
[2020-09-05T08:55:07.668+0000][8][gc,task      ] GC(23) Using 2 workers of 2 for evacuation
[2020-09-05T08:55:07.674+0000][8][gc,age       ] GC(23) Desired survivor size 18350080 bytes, new threshold 15 (max threshold 15)
[2020-09-05T08:55:07.789+0000][8][gc,age       ] GC(23) Age table with threshold 15 (max threshold 15)
[2020-09-05T08:55:07.800+0000][8][gc,age       ] GC(23) - age   1:    3337184 bytes,    3337184 total
[2020-09-05T08:55:07.802+0000][8][gc,age       ] GC(23) - age   2:     569320 bytes,    3906504 total
[2020-09-05T08:55:07.802+0000][8][gc,age       ] GC(23) - age   3:      89392 bytes,    3995896 total
[2020-09-05T08:55:07.806+0000][8][gc,age       ] GC(23) - age   4:      73320 bytes,    4069216 total
[2020-09-05T08:55:07.807+0000][8][gc,age       ] GC(23) - age   5:    4295784 bytes,    8365000 total
[2020-09-05T08:55:07.808+0000][8][gc,phases    ] GC(23)   Pre Evacuate Collection Set: 1.4ms
[2020-09-05T08:55:07.809+0000][8][gc,phases    ] GC(23)   Merge Heap Roots: 0.5ms
[2020-09-05T08:55:07.810+0000][8][gc,phases    ] GC(23)   Evacuate Collection Set: 90.6ms
[2020-09-05T08:55:07.811+0000][8][gc,phases    ] GC(23)   Post Evacuate Collection Set: 20.8ms
[2020-09-05T08:55:07.814+0000][8][gc,phases    ] GC(23)   Other: 30.7ms
[2020-09-05T08:55:07.816+0000][8][gc,heap      ] GC(23) Eden regions: 267->0(271)
[2020-09-05T08:55:07.817+0000][8][gc,heap      ] GC(23) Survivor regions: 10->9(35)
[2020-09-05T08:55:07.818+0000][8][gc,heap      ] GC(23) Old regions: 70->70
[2020-09-05T08:55:07.819+0000][8][gc,heap      ] GC(23) Archive regions: 2->2
[2020-09-05T08:55:07.819+0000][8][gc,heap      ] GC(23) Humongous regions: 7->7
[2020-09-05T08:55:07.820+0000][8][gc,metaspace ] GC(23) Metaspace: 100857K(109176K)->100857K(109176K) NonClass: 87389K(92280K)->87389K(92280K) Class: 13467K(16896K)->13467K(16896K)
[2020-09-05T08:55:07.822+0000][8][gc           ] GC(23) Pause Young (Normal) (G1 Evacuation Pause) 353M->85M(512M) 157.685ms
[2020-09-05T08:55:07.822+0000][8][gc,cpu       ] GC(23) User=0.14s Sys=0.03s Real=0.16s
[2020-09-05T08:55:07.824+0000][8][safepoint    ] Safepoint "G1CollectForAllocation", Time since last: 1991890400 ns, Reaching safepoint: 258200 ns, At safepoint: 160029900 ns, Total: 160288100 ns
[2020-09-05T08:55:08.856+0000][8][safepoint    ] Safepoint "Cleanup", Time since last: 1031975500 ns, Reaching safepoint: 361800 ns, At safepoint: 13700 ns, Total: 375500 ns
[2020-09-05T08:55:24.888+0000][8][safepoint    ] Safepoint "Cleanup", Time since last: 16029899900 ns, Reaching safepoint: 1588300 ns, At safepoint: 32100 ns, Total: 1620400 ns
[2020-09-05T08:55:25.891+0000][8][safepoint    ] Safepoint "Cleanup", Time since last: 1001930500 ns, Reaching safepoint: 825500 ns, At safepoint: 58000 ns, Total: 883500 ns
[2020-09-05T08:55:26.893+0000][8][safepoint    ] Safepoint "Cleanup", Time since last: 1002165500 ns, Reaching safepoint: 246500 ns, At safepoint: 62700 ns, Total: 309200 ns
[2020-09-05T08:55:27.899+0000][8][safepoint    ] Safepoint "Cleanup", Time since last: 1004760100 ns, Reaching safepoint: 1309700 ns, At safepoint: 19100 ns, Total: 1328800 ns
[2020-09-05T08:55:31.872+0000][8][safepoint    ] Safepoint "Cleanup", Time since last: 4004601800 ns, Reaching safepoint: 696200 ns, At safepoint: 27400 ns, Total: 723600 ns
[2020-09-05T08:55:32.873+0000][8][safepoint    ] Safepoint "Cleanup", Time since last: 1001056600 ns, Reaching safepoint: 407600 ns, At safepoint: 22800 ns, Total: 430400 ns
[2020-09-05T08:55:36.877+0000][8][safepoint    ] Safepoint "Cleanup", Time since last: 4003724400 ns, Reaching safepoint: 521700 ns, At safepoint: 20600 ns, Total: 542300 ns
[2020-09-05T08:55:46.888+0000][8][safepoint    ] Safepoint "Cleanup", Time since last: 10009740100 ns, Reaching safepoint: 693200 ns, At safepoint: 22400 ns, Total: 715600 ns
[2020-09-05T08:55:52.162+0000][8][safepoint    ] Safepoint "Cleanup", Time since last: 5267311700 ns, Reaching safepoint: 6757000 ns, At safepoint: 157800 ns, Total: 6914800 ns
[2020-09-05T08:55:53.705+0000][8][safepoint    ] Safepoint "Cleanup", Time since last: 1542523100 ns, Reaching safepoint: 182000 ns, At safepoint: 14200 ns, Total: 196200 ns
[2020-09-05T08:55:55.707+0000][8][safepoint    ] Safepoint "Cleanup", Time since last: 2002541100 ns, Reaching safepoint: 158100 ns, At safepoint: 13700 ns, Total: 171800 ns
[2020-09-05T08:55:57.710+0000][8][safepoint    ] Safepoint "Cleanup", Time since last: 2002816700 ns, Reaching safepoint: 170000 ns, At safepoint: 23100 ns, Total: 193100 ns
[2020-09-05T08:55:58.712+0000][8][safepoint    ] Safepoint "Cleanup", Time since last: 1001303000 ns, Reaching safepoint: 179500 ns, At safepoint: 13800 ns, Total: 193300 ns
[2020-09-05T08:56:03.685+0000][8][safepoint    ] Safepoint "Cleanup", Time since last: 5005983100 ns, Reaching safepoint: 238500 ns, At safepoint: 114700 ns, Total: 353200 ns
[2020-09-05T08:56:06.426+0000][8][safepoint    ] Safepoint "Cleanup", Time since last: 2741340300 ns, Reaching safepoint: 258000 ns, At safepoint: 16500 ns, Total: 274500 ns
[2020-09-05T08:56:07.509+0000][8][safepoint    ] Safepoint "Cleanup", Time since last: 1082057800 ns, Reaching safepoint: 493500 ns, At safepoint: 48800 ns, Total: 542300 ns
[2020-09-05T08:56:08.597+0000][8][safepoint    ] Safepoint "Cleanup", Time since last: 1087920500 ns, Reaching safepoint: 535900 ns, At safepoint: 12000 ns, Total: 547900 ns
[2020-09-05T08:56:09.663+0000][8][safepoint    ] Safepoint "Cleanup", Time since last: 1062310400 ns, Reaching safepoint: 2984100 ns, At safepoint: 41600 ns, Total: 3025700 ns
[2020-09-05T08:56:10.664+0000][8][safepoint    ] Safepoint "Cleanup", Time since last: 1001047500 ns, Reaching safepoint: 283400 ns, At safepoint: 17600 ns, Total: 301000 ns
[2020-09-05T08:56:12.669+0000][8][safepoint    ] Safepoint "Cleanup", Time since last: 2004714300 ns, Reaching safepoint: 709800 ns, At safepoint: 34900 ns, Total: 744700 ns
[2020-09-05T08:56:14.674+0000][8][safepoint    ] Safepoint "Cleanup", Time since last: 2004412800 ns, Reaching safepoint: 238100 ns, At safepoint: 16200 ns, Total: 254300 ns
[2020-09-05T08:56:18.681+0000][8][safepoint    ] Safepoint "Cleanup", Time since last: 4006129700 ns, Reaching safepoint: 724000 ns, At safepoint: 20600 ns, Total: 744600 ns
[2020-09-05T08:56:24.688+0000][8][safepoint    ] Safepoint "Cleanup", Time since last: 6006625500 ns, Reaching safepoint: 183500 ns, At safepoint: 14600 ns, Total: 198100 ns
[2020-09-05T08:56:27.691+0000][8][safepoint    ] Safepoint "Cleanup", Time since last: 3002848300 ns, Reaching safepoint: 246000 ns, At safepoint: 17200 ns, Total: 263200 ns
[2020-09-05T08:56:28.693+0000][8][safepoint    ] Safepoint "Cleanup", Time since last: 1001925100 ns, Reaching safepoint: 309100 ns, At safepoint: 14100 ns, Total: 323200 ns
[2020-09-05T08:56:34.669+0000][8][safepoint    ] Safepoint "Cleanup", Time since last: 6008011600 ns, Reaching safepoint: 354300 ns, At safepoint: 15300 ns, Total: 369600 ns
[2020-09-05T08:56:42.673+0000][8][safepoint    ] Safepoint "Cleanup", Time since last: 8003844100 ns, Reaching safepoint: 311400 ns, At safepoint: 15800 ns, Total: 327200 ns
[2020-09-05T08:56:45.679+0000][8][safepoint    ] Safepoint "Cleanup", Time since last: 3005595000 ns, Reaching safepoint: 592000 ns, At safepoint: 26000 ns, Total: 618000 ns
[2020-09-05T08:56:51.687+0000][8][safepoint    ] Safepoint "Cleanup", Time since last: 6007407400 ns, Reaching safepoint: 309400 ns, At safepoint: 26800 ns, Total: 336200 ns
[2020-09-05T08:56:54.691+0000][8][safepoint    ] Safepoint "Cleanup", Time since last: 3003963400 ns, Reaching safepoint: 321600 ns, At safepoint: 22400 ns, Total: 344000 ns
[2020-09-05T08:56:57.696+0000][8][safepoint    ] Safepoint "Cleanup", Time since last: 3004322600 ns, Reaching safepoint: 417100 ns, At safepoint: 12800 ns, Total: 429900 ns
[2020-09-05T08:56:59.698+0000][8][safepoint    ] Safepoint "Cleanup", Time since last: 2002114900 ns, Reaching safepoint: 231500 ns, At safepoint: 13000 ns, Total: 244500 ns
[2020-09-05T08:57:08.682+0000][8][safepoint    ] Safepoint "Cleanup", Time since last: 9016221400 ns, Reaching safepoint: 252600 ns, At safepoint: 9500 ns, Total: 262100 ns
[2020-09-05T08:57:10.572+0000][8][safepoint    ] Safepoint "Cleanup", Time since last: 1889011700 ns, Reaching safepoint: 689400 ns, At safepoint: 54100 ns, Total: 743500 ns
[2020-09-05T08:57:11.652+0000][8][safepoint    ] Safepoint "Cleanup", Time since last: 1079627700 ns, Reaching safepoint: 299600 ns, At safepoint: 13600 ns, Total: 313200 ns
[2020-09-05T08:57:12.723+0000][8][safepoint    ] Safepoint "Cleanup", Time since last: 1070435500 ns, Reaching safepoint: 185700 ns, At safepoint: 17500 ns, Total: 203200 ns
[2020-09-05T08:57:14.727+0000][8][safepoint    ] Safepoint "Cleanup", Time since last: 2003783300 ns, Reaching safepoint: 331300 ns, At safepoint: 29600 ns, Total: 360900 ns
[2020-09-05T08:57:18.731+0000][8][safepoint    ] Safepoint "Cleanup", Time since last: 4004213900 ns, Reaching safepoint: 255400 ns, At safepoint: 97500 ns, Total: 352900 ns
[2020-09-05T08:57:20.737+0000][8][safepoint    ] Safepoint "Cleanup", Time since last: 2005572700 ns, Reaching safepoint: 576000 ns, At safepoint: 24200 ns, Total: 600200 ns
[2020-09-05T08:57:21.746+0000][8][safepoint    ] Safepoint "Cleanup", Time since last: 1008356200 ns, Reaching safepoint: 272700 ns, At safepoint: 24000 ns, Total: 296700 ns
[2020-09-05T08:57:29.766+0000][8][safepoint    ] Safepoint "Cleanup", Time since last: 8020044100 ns, Reaching safepoint: 164700 ns, At safepoint: 14300 ns, Total: 179000 ns
[2020-09-05T08:57:30.733+0000][8][safepoint    ] Safepoint "Cleanup", Time since last: 1002946000 ns, Reaching safepoint: 176900 ns, At safepoint: 14500 ns, Total: 191400 ns
[2020-09-05T08:57:33.738+0000][8][safepoint    ] Safepoint "Cleanup", Time since last: 3004257500 ns, Reaching safepoint: 149300 ns, At safepoint: 14700 ns, Total: 164000 ns
[2020-09-05T08:57:35.741+0000][8][safepoint    ] Safepoint "Cleanup", Time since last: 2002597900 ns, Reaching safepoint: 404900 ns, At safepoint: 18200 ns, Total: 423100 ns
[2020-09-05T08:57:36.743+0000][8][safepoint    ] Safepoint "Cleanup", Time since last: 1001573800 ns, Reaching safepoint: 423000 ns, At safepoint: 17200 ns, Total: 440200 ns
[2020-09-05T08:57:39.750+0000][8][safepoint    ] Safepoint "Cleanup", Time since last: 3005326300 ns, Reaching safepoint: 2098900 ns, At safepoint: 14200 ns, Total: 2113100 ns
[2020-09-05T08:57:40.757+0000][8][safepoint    ] Safepoint "Cleanup", Time since last: 1006085000 ns, Reaching safepoint: 1051600 ns, At safepoint: 28500 ns, Total: 1080100 ns
[2020-09-05T08:57:41.759+0000][8][safepoint    ] Safepoint "Cleanup", Time since last: 1001299000 ns, Reaching safepoint: 148800 ns, At safepoint: 14100 ns, Total: 162900 ns
[2020-09-05T08:57:42.761+0000][8][safepoint    ] Safepoint "Cleanup", Time since last: 1001817800 ns, Reaching safepoint: 301900 ns, At safepoint: 24000 ns, Total: 325900 ns
[2020-09-05T08:57:43.765+0000][8][safepoint    ] Safepoint "Cleanup", Time since last: 1002777800 ns, Reaching safepoint: 902800 ns, At safepoint: 21000 ns, Total: 923800 ns
[2020-09-05T08:57:44.767+0000][8][safepoint    ] Safepoint "Cleanup", Time since last: 1002208300 ns, Reaching safepoint: 423600 ns, At safepoint: 18000 ns, Total: 441600 ns
[2020-09-05T08:57:45.771+0000][8][safepoint    ] Safepoint "Cleanup", Time since last: 1003435000 ns, Reaching safepoint: 507200 ns, At safepoint: 35500 ns, Total: 542700 ns
[2020-09-05T08:57:46.779+0000][8][safepoint    ] Safepoint "Cleanup", Time since last: 1005611300 ns, Reaching safepoint: 1747500 ns, At safepoint: 60000 ns, Total: 1807500 ns
[2020-09-05T08:57:47.786+0000][8][safepoint    ] Safepoint "Cleanup", Time since last: 1005630700 ns, Reaching safepoint: 1019500 ns, At safepoint: 102500 ns, Total: 1122000 ns
[2020-09-05T08:57:48.792+0000][8][safepoint    ] Safepoint "Cleanup", Time since last: 1005751000 ns, Reaching safepoint: 219100 ns, At safepoint: 17600 ns, Total: 236700 ns
[2020-09-05T08:57:49.793+0000][8][safepoint    ] Safepoint "Cleanup", Time since last: 1001109100 ns, Reaching safepoint: 293300 ns, At safepoint: 21900 ns, Total: 315200 ns
[2020-09-05T08:57:50.796+0000][8][safepoint    ] Safepoint "Cleanup", Time since last: 1003020200 ns, Reaching safepoint: 269300 ns, At safepoint: 12400 ns, Total: 281700 ns
[2020-09-05T08:57:51.797+0000][8][safepoint    ] Safepoint "Cleanup", Time since last: 1001001300 ns, Reaching safepoint: 203700 ns, At safepoint: 16700 ns, Total: 220400 ns
[2020-09-05T08:57:52.799+0000][8][safepoint    ] Safepoint "Cleanup", Time since last: 1001835700 ns, Reaching safepoint: 150600 ns, At safepoint: 14200 ns, Total: 164800 ns
[2020-09-05T08:57:53.807+0000][8][safepoint    ] Safepoint "Cleanup", Time since last: 1003666500 ns, Reaching safepoint: 3920800 ns, At safepoint: 81800 ns, Total: 4002600 ns
[2020-09-05T08:57:54.814+0000][8][safepoint    ] Safepoint "Cleanup", Time since last: 1004107300 ns, Reaching safepoint: 2454100 ns, At safepoint: 68400 ns, Total: 2522500 ns
[2020-09-05T08:57:55.819+0000][8][safepoint    ] Safepoint "Cleanup", Time since last: 1005335900 ns, Reaching safepoint: 202000 ns, At safepoint: 13800 ns, Total: 215800 ns
[2020-09-05T08:57:56.821+0000][8][safepoint    ] Safepoint "Cleanup", Time since last: 1001100700 ns, Reaching safepoint: 435400 ns, At safepoint: 31800 ns, Total: 467200 ns
[2020-09-05T08:57:57.829+0000][8][safepoint    ] Safepoint "Cleanup", Time since last: 1007325700 ns, Reaching safepoint: 288100 ns, At safepoint: 26000 ns, Total: 314100 ns
[2020-09-05T08:57:58.836+0000][8][safepoint    ] Safepoint "Cleanup", Time since last: 1006227800 ns, Reaching safepoint: 740100 ns, At safepoint: 49600 ns, Total: 789700 ns
[2020-09-05T08:57:59.842+0000][8][safepoint    ] Safepoint "Cleanup", Time since last: 1006058000 ns, Reaching safepoint: 184100 ns, At safepoint: 17200 ns, Total: 201300 ns
[2020-09-05T08:58:00.808+0000][8][safepoint    ] Safepoint "Cleanup", Time since last: 1001243100 ns, Reaching safepoint: 188600 ns, At safepoint: 14700 ns, Total: 203300 ns
[2020-09-05T08:58:01.809+0000][8][safepoint    ] Safepoint "Cleanup", Time since last: 1001208000 ns, Reaching safepoint: 270200 ns, At safepoint: 18200 ns, Total: 288400 ns
[2020-09-05T08:58:03.234+0000][8][safepoint    ] Safepoint "Cleanup", Time since last: 1423168400 ns, Reaching safepoint: 1127100 ns, At safepoint: 91800 ns, Total: 1218900 ns
[2020-09-05T08:58:04.239+0000][8][safepoint    ] Safepoint "Cleanup", Time since last: 1005119900 ns, Reaching safepoint: 512800 ns, At safepoint: 79900 ns, Total: 592700 ns
[2020-09-05T08:58:05.241+0000][8][safepoint    ] Safepoint "Cleanup", Time since last: 1001545100 ns, Reaching safepoint: 351400 ns, At safepoint: 18500 ns, Total: 369900 ns
[2020-09-05T08:58:06.244+0000][8][safepoint    ] Safepoint "Cleanup", Time since last: 1002444400 ns, Reaching safepoint: 365500 ns, At safepoint: 43300 ns, Total: 408800 ns
[2020-09-05T08:58:07.248+0000][8][safepoint    ] Safepoint "Cleanup", Time since last: 1001021200 ns, Reaching safepoint: 2151800 ns, At safepoint: 69300 ns, Total: 2221100 ns
[2020-09-05T08:58:08.253+0000][8][safepoint    ] Safepoint "Cleanup", Time since last: 1004995300 ns, Reaching safepoint: 352000 ns, At safepoint: 18300 ns, Total: 370300 ns
[2020-09-05T08:58:09.287+0000][8][safepoint    ] Safepoint "Cleanup", Time since last: 1033745800 ns, Reaching safepoint: 242200 ns, At safepoint: 8800 ns, Total: 251000 ns
[2020-09-05T08:58:10.288+0000][8][safepoint    ] Safepoint "Cleanup", Time since last: 1001187300 ns, Reaching safepoint: 150800 ns, At safepoint: 14500 ns, Total: 165300 ns
[2020-09-05T08:58:11.291+0000][8][safepoint    ] Safepoint "Cleanup", Time since last: 1003002000 ns, Reaching safepoint: 254300 ns, At safepoint: 15000 ns, Total: 269300 ns
[2020-09-05T08:58:12.293+0000][8][safepoint    ] Safepoint "Cleanup", Time since last: 1001294700 ns, Reaching safepoint: 215400 ns, At safepoint: 17500 ns, Total: 232900 ns
[2020-09-05T08:58:12.483+0000][8][safepoint    ] Safepoint "BulkRevokeBias", Time since last: 185725100 ns, Reaching safepoint: 1783600 ns, At safepoint: 2930300 ns, Total: 4713900 ns
[2020-09-05T08:58:12.490+0000][8][safepoint    ] Safepoint "BulkRevokeBias", Time since last: 6181800 ns, Reaching safepoint: 440500 ns, At safepoint: 457400 ns, Total: 897900 ns
[2020-09-05T08:58:13.582+0000][8][safepoint    ] Safepoint "Cleanup", Time since last: 1091466100 ns, Reaching safepoint: 451500 ns, At safepoint: 21200 ns, Total: 472700 ns
[2020-09-05T08:58:14.616+0000][8][safepoint    ] Safepoint "Cleanup", Time since last: 1032730100 ns, Reaching safepoint: 562200 ns, At safepoint: 24900 ns, Total: 587100 ns
[2020-09-05T08:58:16.015+0000][8][safepoint    ] Safepoint "Cleanup", Time since last: 1399241100 ns, Reaching safepoint: 172400 ns, At safepoint: 12900 ns, Total: 185300 ns
[2020-09-05T08:58:17.018+0000][8][safepoint    ] Safepoint "Cleanup", Time since last: 1002640300 ns, Reaching safepoint: 165200 ns, At safepoint: 14800 ns, Total: 180000 ns
[2020-09-05T08:58:18.021+0000][8][safepoint    ] Safepoint "Cleanup", Time since last: 1002513600 ns, Reaching safepoint: 437700 ns, At safepoint: 11900 ns, Total: 449600 ns
[2020-09-05T08:58:19.025+0000][8][safepoint    ] Safepoint "Cleanup", Time since last: 1004242200 ns, Reaching safepoint: 283900 ns, At safepoint: 22600 ns, Total: 306500 ns
[2020-09-05T08:58:20.029+0000][8][safepoint    ] Safepoint "Cleanup", Time since last: 1003277100 ns, Reaching safepoint: 215900 ns, At safepoint: 17700 ns, Total: 233600 ns
[2020-09-05T08:58:21.031+0000][8][safepoint    ] Safepoint "Cleanup", Time since last: 1001271000 ns, Reaching safepoint: 423900 ns, At safepoint: 21700 ns, Total: 445600 ns
[2020-09-05T08:58:22.033+0000][8][safepoint    ] Safepoint "Cleanup", Time since last: 1002365500 ns, Reaching safepoint: 356500 ns, At safepoint: 30900 ns, Total: 387400 ns
[2020-09-05T08:58:23.035+0000][8][safepoint    ] Safepoint "Cleanup", Time since last: 1001532300 ns, Reaching safepoint: 179700 ns, At safepoint: 14400 ns, Total: 194100 ns
[2020-09-05T08:58:24.036+0000][8][safepoint    ] Safepoint "Cleanup", Time since last: 1001076300 ns, Reaching safepoint: 168600 ns, At safepoint: 12600 ns, Total: 181200 ns
[2020-09-05T08:58:24.332+0000][8][gc,start     ] GC(24) Pause Young (Normal) (G1 Evacuation Pause)
[2020-09-05T08:58:24.333+0000][8][gc,task      ] GC(24) Using 2 workers of 2 for evacuation
[2020-09-05T08:58:24.334+0000][8][gc,age       ] GC(24) Desired survivor size 18350080 bytes, new threshold 15 (max threshold 15)
[2020-09-05T08:58:24.393+0000][8][gc,age       ] GC(24) Age table with threshold 15 (max threshold 15)
[2020-09-05T08:58:24.394+0000][8][gc,age       ] GC(24) - age   1:    3461840 bytes,    3461840 total
[2020-09-05T08:58:24.394+0000][8][gc,age       ] GC(24) - age   2:    1130048 bytes,    4591888 total
[2020-09-05T08:58:24.395+0000][8][gc,age       ] GC(24) - age   3:     568440 bytes,    5160328 total
[2020-09-05T08:58:24.395+0000][8][gc,age       ] GC(24) - age   4:      87824 bytes,    5248152 total
[2020-09-05T08:58:24.396+0000][8][gc,age       ] GC(24) - age   5:      70104 bytes,    5318256 total
[2020-09-05T08:58:24.398+0000][8][gc,age       ] GC(24) - age   6:    4295296 bytes,    9613552 total
[2020-09-05T08:58:24.399+0000][8][gc,phases    ] GC(24)   Pre Evacuate Collection Set: 0.4ms
[2020-09-05T08:58:24.399+0000][8][gc,phases    ] GC(24)   Merge Heap Roots: 0.4ms
[2020-09-05T08:58:24.400+0000][8][gc,phases    ] GC(24)   Evacuate Collection Set: 50.1ms
[2020-09-05T08:58:24.401+0000][8][gc,phases    ] GC(24)   Post Evacuate Collection Set: 7.3ms
[2020-09-05T08:58:24.401+0000][8][gc,phases    ] GC(24)   Other: 9.1ms
[2020-09-05T08:58:24.402+0000][8][gc,heap      ] GC(24) Eden regions: 271->0(272)
[2020-09-05T08:58:24.402+0000][8][gc,heap      ] GC(24) Survivor regions: 9->10(35)
[2020-09-05T08:58:24.403+0000][8][gc,heap      ] GC(24) Old regions: 70->70
[2020-09-05T08:58:24.403+0000][8][gc,heap      ] GC(24) Archive regions: 2->2
[2020-09-05T08:58:24.404+0000][8][gc,heap      ] GC(24) Humongous regions: 7->7
[2020-09-05T08:58:24.405+0000][8][gc,metaspace ] GC(24) Metaspace: 101232K(109688K)->101232K(109688K) NonClass: 87762K(92792K)->87762K(92792K) Class: 13469K(16896K)->13469K(16896K)
[2020-09-05T08:58:24.406+0000][8][gc           ] GC(24) Pause Young (Normal) (G1 Evacuation Pause) 356M->86M(512M) 74.566ms
[2020-09-05T08:58:24.407+0000][8][gc,cpu       ] GC(24) User=0.09s Sys=0.03s Real=0.08s
[2020-09-05T08:58:24.407+0000][8][safepoint    ] Safepoint "G1CollectForAllocation", Time since last: 294153600 ns, Reaching safepoint: 871000 ns, At safepoint: 76033700 ns, Total: 76904700 ns
[2020-09-05T08:58:25.412+0000][8][safepoint    ] Safepoint "Cleanup", Time since last: 1004379500 ns, Reaching safepoint: 423400 ns, At safepoint: 104300 ns, Total: 527700 ns
[2020-09-05T08:58:26.414+0000][8][safepoint    ] Safepoint "Cleanup", Time since last: 1001063700 ns, Reaching safepoint: 379200 ns, At safepoint: 13900 ns, Total: 393100 ns
[2020-09-05T08:58:27.415+0000][8][safepoint    ] Safepoint "Cleanup", Time since last: 1001168500 ns, Reaching safepoint: 383800 ns, At safepoint: 25600 ns, Total: 409400 ns
[2020-09-05T08:58:29.338+0000][8][safepoint    ] Safepoint "Cleanup", Time since last: 1919849800 ns, Reaching safepoint: 3178600 ns, At safepoint: 36400 ns, Total: 3215000 ns
[2020-09-05T08:58:30.346+0000][8][safepoint    ] Safepoint "Cleanup", Time since last: 1006688900 ns, Reaching safepoint: 821000 ns, At safepoint: 34600 ns, Total: 855600 ns
[2020-09-05T08:58:31.321+0000][8][safepoint    ] Safepoint "Cleanup", Time since last: 1004668900 ns, Reaching safepoint: 218800 ns, At safepoint: 30500 ns, Total: 249300 ns
[2020-09-05T08:58:32.324+0000][8][safepoint    ] Safepoint "Cleanup", Time since last: 1002073800 ns, Reaching safepoint: 1234500 ns, At safepoint: 28400 ns, Total: 1262900 ns
[2020-09-05T08:58:33.332+0000][8][safepoint    ] Safepoint "Cleanup", Time since last: 1002193000 ns, Reaching safepoint: 5263100 ns, At safepoint: 302000 ns, Total: 5565100 ns
[2020-09-05T08:58:34.337+0000][8][safepoint    ] Safepoint "Cleanup", Time since last: 1004916100 ns, Reaching safepoint: 224400 ns, At safepoint: 63000 ns, Total: 287400 ns
[2020-09-05T08:58:35.338+0000][8][safepoint    ] Safepoint "Cleanup", Time since last: 1000992100 ns, Reaching safepoint: 179300 ns, At safepoint: 14600 ns, Total: 193900 ns
[2020-09-05T08:58:36.340+0000][8][safepoint    ] Safepoint "Cleanup", Time since last: 1001592000 ns, Reaching safepoint: 180300 ns, At safepoint: 16300 ns, Total: 196600 ns
[2020-09-05T08:58:37.342+0000][8][safepoint    ] Safepoint "Cleanup", Time since last: 1001975400 ns, Reaching safepoint: 222400 ns, At safepoint: 21400 ns, Total: 243800 ns
[2020-09-05T08:58:38.344+0000][8][safepoint    ] Safepoint "Cleanup", Time since last: 1001078600 ns, Reaching safepoint: 369800 ns, At safepoint: 16400 ns, Total: 386200 ns
[2020-09-05T08:58:39.345+0000][8][safepoint    ] Safepoint "Cleanup", Time since last: 1001111700 ns, Reaching safepoint: 177800 ns, At safepoint: 14300 ns, Total: 192100 ns
[2020-09-05T08:58:40.347+0000][8][safepoint    ] Safepoint "Cleanup", Time since last: 1001491800 ns, Reaching safepoint: 890900 ns, At safepoint: 71500 ns, Total: 962400 ns
[2020-09-05T08:58:41.355+0000][8][safepoint    ] Safepoint "Cleanup", Time since last: 1006629000 ns, Reaching safepoint: 1135000 ns, At safepoint: 14000 ns, Total: 1149000 ns
[2020-09-05T08:58:42.357+0000][8][safepoint    ] Safepoint "Cleanup", Time since last: 1001730100 ns, Reaching safepoint: 407400 ns, At safepoint: 18400 ns, Total: 425800 ns
[2020-09-05T08:58:43.359+0000][8][safepoint    ] Safepoint "Cleanup", Time since last: 1001537100 ns, Reaching safepoint: 404000 ns, At safepoint: 28500 ns, Total: 432500 ns
[2020-09-05T08:58:44.361+0000][8][safepoint    ] Safepoint "Cleanup", Time since last: 1001122300 ns, Reaching safepoint: 205300 ns, At safepoint: 14600 ns, Total: 219900 ns
[2020-09-05T08:58:45.362+0000][8][safepoint    ] Safepoint "Cleanup", Time since last: 1001191300 ns, Reaching safepoint: 315700 ns, At safepoint: 17400 ns, Total: 333100 ns
[2020-09-05T08:58:46.365+0000][8][safepoint    ] Safepoint "Cleanup", Time since last: 1001041900 ns, Reaching safepoint: 1354700 ns, At safepoint: 67600 ns, Total: 1422300 ns
[2020-09-05T08:58:47.368+0000][8][safepoint    ] Safepoint "Cleanup", Time since last: 1002679000 ns, Reaching safepoint: 731500 ns, At safepoint: 12500 ns, Total: 744000 ns
[2020-09-05T08:58:48.370+0000][8][safepoint    ] Safepoint "Cleanup", Time since last: 1001782000 ns, Reaching safepoint: 185700 ns, At safepoint: 14700 ns, Total: 200400 ns
[2020-09-05T08:58:50.316+0000][8][safepoint    ] Safepoint "Cleanup", Time since last: 1944991700 ns, Reaching safepoint: 1183700 ns, At safepoint: 46700 ns, Total: 1230400 ns
[2020-09-05T08:58:51.334+0000][8][safepoint    ] Safepoint "Cleanup", Time since last: 1016749700 ns, Reaching safepoint: 492900 ns, At safepoint: 43200 ns, Total: 536100 ns
[2020-09-05T08:58:52.335+0000][8][safepoint    ] Safepoint "Cleanup", Time since last: 1001141200 ns, Reaching safepoint: 223400 ns, At safepoint: 16600 ns, Total: 240000 ns
[2020-09-05T08:58:53.336+0000][8][safepoint    ] Safepoint "Cleanup", Time since last: 1000913600 ns, Reaching safepoint: 288100 ns, At safepoint: 13400 ns, Total: 301500 ns
[2020-09-05T08:58:54.344+0000][8][safepoint    ] Safepoint "Cleanup", Time since last: 1004649800 ns, Reaching safepoint: 3586400 ns, At safepoint: 30100 ns, Total: 3616500 ns
[2020-09-05T08:58:55.387+0000][8][safepoint    ] Safepoint "Cleanup", Time since last: 1042594000 ns, Reaching safepoint: 246800 ns, At safepoint: 12600 ns, Total: 259400 ns
[2020-09-05T08:58:56.913+0000][8][safepoint    ] Safepoint "Cleanup", Time since last: 1525667600 ns, Reaching safepoint: 301500 ns, At safepoint: 15700 ns, Total: 317200 ns
[2020-09-05T08:58:57.917+0000][8][safepoint    ] Safepoint "Cleanup", Time since last: 1003031800 ns, Reaching safepoint: 482100 ns, At safepoint: 55500 ns, Total: 537600 ns
[2020-09-05T08:58:58.920+0000][8][safepoint    ] Safepoint "Cleanup", Time since last: 1002864200 ns, Reaching safepoint: 280500 ns, At safepoint: 24500 ns, Total: 305000 ns
[2020-09-05T08:58:59.921+0000][8][safepoint    ] Safepoint "Cleanup", Time since last: 1001158800 ns, Reaching safepoint: 288100 ns, At safepoint: 11000 ns, Total: 299100 ns
[2020-09-05T08:59:00.888+0000][8][safepoint    ] Safepoint "Cleanup", Time since last: 1001715000 ns, Reaching safepoint: 425700 ns, At safepoint: 33900 ns, Total: 459600 ns
[2020-09-05T08:59:01.890+0000][8][safepoint    ] Safepoint "Cleanup", Time since last: 1002097000 ns, Reaching safepoint: 245600 ns, At safepoint: 14300 ns, Total: 259900 ns
[2020-09-05T08:59:03.051+0000][8][safepoint    ] Safepoint "Cleanup", Time since last: 1012658600 ns, Reaching safepoint: 105076600 ns, At safepoint: 27037000 ns, Total: 132113600 ns
[2020-09-05T08:59:04.083+0000][8][safepoint    ] Safepoint "Cleanup", Time since last: 1047499800 ns, Reaching safepoint: 386400 ns, At safepoint: 15000 ns, Total: 401400 ns
[2020-09-05T08:59:05.086+0000][8][safepoint    ] Safepoint "Cleanup", Time since last: 1002562700 ns, Reaching safepoint: 305400 ns, At safepoint: 14700 ns, Total: 320100 ns
[2020-09-05T08:59:06.088+0000][8][safepoint    ] Safepoint "Cleanup", Time since last: 1001910000 ns, Reaching safepoint: 150200 ns, At safepoint: 14100 ns, Total: 164300 ns
[2020-09-05T08:59:07.089+0000][8][safepoint    ] Safepoint "Cleanup", Time since last: 1001024500 ns, Reaching safepoint: 188500 ns, At safepoint: 14700 ns, Total: 203200 ns
[2020-09-05T08:59:08.092+0000][8][safepoint    ] Safepoint "Cleanup", Time since last: 1002416400 ns, Reaching safepoint: 414200 ns, At safepoint: 20500 ns, Total: 434700 ns
[2020-09-05T08:59:09.278+0000][8][safepoint    ] Safepoint "Cleanup", Time since last: 1185719200 ns, Reaching safepoint: 295600 ns, At safepoint: 15800 ns, Total: 311400 ns
[2020-09-05T08:59:10.279+0000][8][safepoint    ] Safepoint "Cleanup", Time since last: 1000943400 ns, Reaching safepoint: 147000 ns, At safepoint: 13300 ns, Total: 160300 ns
[2020-09-05T08:59:11.281+0000][8][safepoint    ] Safepoint "Cleanup", Time since last: 1001259700 ns, Reaching safepoint: 728000 ns, At safepoint: 40600 ns, Total: 768600 ns
[2020-09-05T08:59:12.283+0000][8][safepoint    ] Safepoint "Cleanup", Time since last: 1001594400 ns, Reaching safepoint: 164400 ns, At safepoint: 14100 ns, Total: 178500 ns
[2020-09-05T08:59:13.287+0000][8][safepoint    ] Safepoint "Cleanup", Time since last: 1001656000 ns, Reaching safepoint: 2275200 ns, At safepoint: 18900 ns, Total: 2294100 ns
[2020-09-05T08:59:14.288+0000][8][safepoint    ] Safepoint "Cleanup", Time since last: 1001156500 ns, Reaching safepoint: 436100 ns, At safepoint: 18700 ns, Total: 454800 ns
[2020-09-05T08:59:15.290+0000][8][safepoint    ] Safepoint "Cleanup", Time since last: 1001527500 ns, Reaching safepoint: 404500 ns, At safepoint: 21900 ns, Total: 426400 ns
[2020-09-05T08:59:15.868+0000][8][safepoint    ] Safepoint "BulkRevokeBias", Time since last: 576768700 ns, Reaching safepoint: 201500 ns, At safepoint: 1148100 ns, Total: 1349600 ns
[2020-09-05T08:59:15.994+0000][8][safepoint    ] Safepoint "BulkRevokeBias", Time since last: 123466100 ns, Reaching safepoint: 840100 ns, At safepoint: 1594100 ns, Total: 2434200 ns
[2020-09-05T08:59:17.102+0000][8][safepoint    ] Safepoint "BulkRevokeBias", Time since last: 1106717200 ns, Reaching safepoint: 211200 ns, At safepoint: 339300 ns, Total: 550500 ns
[2020-09-05T08:59:18.627+0000][8][safepoint    ] Safepoint "Cleanup", Time since last: 1525202800 ns, Reaching safepoint: 379100 ns, At safepoint: 23500 ns, Total: 402600 ns
[2020-09-05T08:59:19.632+0000][8][safepoint    ] Safepoint "Cleanup", Time since last: 1004573300 ns, Reaching safepoint: 404600 ns, At safepoint: 23900 ns, Total: 428500 ns
[2020-09-05T08:59:20.635+0000][8][safepoint    ] Safepoint "Cleanup", Time since last: 1002015700 ns, Reaching safepoint: 374400 ns, At safepoint: 24400 ns, Total: 398800 ns
[2020-09-05T08:59:21.681+0000][8][safepoint    ] Safepoint "Cleanup", Time since last: 1037260000 ns, Reaching safepoint: 9302500 ns, At safepoint: 33800 ns, Total: 9336300 ns
[2020-09-05T08:59:22.688+0000][8][safepoint    ] Safepoint "Cleanup", Time since last: 1006454400 ns, Reaching safepoint: 617600 ns, At safepoint: 15700 ns, Total: 633300 ns
[2020-09-05T08:59:23.702+0000][8][safepoint    ] Safepoint "Cleanup", Time since last: 1013553400 ns, Reaching safepoint: 155800 ns, At safepoint: 13400 ns, Total: 169200 ns
[2020-09-05T08:59:24.709+0000][8][safepoint    ] Safepoint "Cleanup", Time since last: 1006407800 ns, Reaching safepoint: 300200 ns, At safepoint: 13900 ns, Total: 314100 ns
[2020-09-05T08:59:25.711+0000][8][safepoint    ] Safepoint "Cleanup", Time since last: 1002177600 ns, Reaching safepoint: 147700 ns, At safepoint: 14100 ns, Total: 161800 ns
[2020-09-05T08:59:26.713+0000][8][safepoint    ] Safepoint "Cleanup", Time since last: 1001448200 ns, Reaching safepoint: 146100 ns, At safepoint: 13400 ns, Total: 159500 ns
[2020-09-05T08:59:27.715+0000][8][safepoint    ] Safepoint "Cleanup", Time since last: 1001751400 ns, Reaching safepoint: 268000 ns, At safepoint: 14200 ns, Total: 282200 ns
[2020-09-05T08:59:28.716+0000][8][safepoint    ] Safepoint "Cleanup", Time since last: 1001116600 ns, Reaching safepoint: 151000 ns, At safepoint: 12300 ns, Total: 163300 ns
[2020-09-05T08:59:29.718+0000][8][safepoint    ] Safepoint "Cleanup", Time since last: 1001899400 ns, Reaching safepoint: 185100 ns, At safepoint: 14400 ns, Total: 199500 ns
[2020-09-05T08:59:30.688+0000][8][safepoint    ] Safepoint "Cleanup", Time since last: 1002317800 ns, Reaching safepoint: 1099400 ns, At safepoint: 295700 ns, Total: 1395100 ns
[2020-09-05T08:59:31.691+0000][8][safepoint    ] Safepoint "Cleanup", Time since last: 1002219900 ns, Reaching safepoint: 1120800 ns, At safepoint: 81300 ns, Total: 1202100 ns
[2020-09-05T08:59:32.694+0000][8][safepoint    ] Safepoint "Cleanup", Time since last: 1002167600 ns, Reaching safepoint: 286900 ns, At safepoint: 14900 ns, Total: 301800 ns
[2020-09-05T08:59:33.695+0000][8][safepoint    ] Safepoint "Cleanup", Time since last: 1001417300 ns, Reaching safepoint: 147200 ns, At safepoint: 13400 ns, Total: 160600 ns
[2020-09-05T08:59:34.696+0000][8][safepoint    ] Safepoint "Cleanup", Time since last: 1000952300 ns, Reaching safepoint: 169300 ns, At safepoint: 18300 ns, Total: 187600 ns
[2020-09-05T08:59:35.698+0000][8][safepoint    ] Safepoint "Cleanup", Time since last: 1001603200 ns, Reaching safepoint: 246700 ns, At safepoint: 23800 ns, Total: 270500 ns
[2020-09-05T08:59:36.700+0000][8][safepoint    ] Safepoint "Cleanup", Time since last: 1001359900 ns, Reaching safepoint: 157000 ns, At safepoint: 14200 ns, Total: 171200 ns
[2020-09-05T08:59:37.701+0000][8][safepoint    ] Safepoint "Cleanup", Time since last: 1001362800 ns, Reaching safepoint: 169900 ns, At safepoint: 16600 ns, Total: 186500 ns
[2020-09-05T08:59:38.706+0000][8][safepoint    ] Safepoint "Cleanup", Time since last: 1003674100 ns, Reaching safepoint: 1201500 ns, At safepoint: 69200 ns, Total: 1270700 ns
[2020-09-05T08:59:39.711+0000][8][safepoint    ] Safepoint "Cleanup", Time since last: 1003210000 ns, Reaching safepoint: 1296900 ns, At safepoint: 75200 ns, Total: 1372100 ns
[2020-09-05T08:59:40.715+0000][8][safepoint    ] Safepoint "Cleanup", Time since last: 1003723300 ns, Reaching safepoint: 178900 ns, At safepoint: 14000 ns, Total: 192900 ns
[2020-09-05T08:59:41.716+0000][8][safepoint    ] Safepoint "Cleanup", Time since last: 1001296200 ns, Reaching safepoint: 177700 ns, At safepoint: 13700 ns, Total: 191400 ns
[2020-09-05T08:59:42.718+0000][8][safepoint    ] Safepoint "Cleanup", Time since last: 1001221400 ns, Reaching safepoint: 223800 ns, At safepoint: 16000 ns, Total: 239800 ns
[2020-09-05T08:59:43.719+0000][8][safepoint    ] Safepoint "Cleanup", Time since last: 1001551000 ns, Reaching safepoint: 294500 ns, At safepoint: 14000 ns, Total: 308500 ns
[2020-09-05T08:59:44.721+0000][8][safepoint    ] Safepoint "Cleanup", Time since last: 1001222000 ns, Reaching safepoint: 181800 ns, At safepoint: 14300 ns, Total: 196100 ns
[2020-09-05T08:59:45.723+0000][8][safepoint    ] Safepoint "Cleanup", Time since last: 1001717800 ns, Reaching safepoint: 321200 ns, At safepoint: 22600 ns, Total: 343800 ns
[2020-09-05T08:59:46.724+0000][8][safepoint    ] Safepoint "Cleanup", Time since last: 1001197700 ns, Reaching safepoint: 329000 ns, At safepoint: 15100 ns, Total: 344100 ns
[2020-09-05T08:59:47.726+0000][8][safepoint    ] Safepoint "Cleanup", Time since last: 1000922400 ns, Reaching safepoint: 251100 ns, At safepoint: 41700 ns, Total: 292800 ns
[2020-09-05T08:59:48.727+0000][8][safepoint    ] Safepoint "Cleanup", Time since last: 1001273300 ns, Reaching safepoint: 179300 ns, At safepoint: 16300 ns, Total: 195600 ns
[2020-09-05T08:59:49.729+0000][8][safepoint    ] Safepoint "Cleanup", Time since last: 1001345400 ns, Reaching safepoint: 171000 ns, At safepoint: 16700 ns, Total: 187700 ns
[2020-09-05T08:59:50.732+0000][8][safepoint    ] Safepoint "Cleanup", Time since last: 1002869000 ns, Reaching safepoint: 181300 ns, At safepoint: 14300 ns, Total: 195600 ns
[2020-09-05T08:59:51.734+0000][8][safepoint    ] Safepoint "Cleanup", Time since last: 1001726200 ns, Reaching safepoint: 182300 ns, At safepoint: 14600 ns, Total: 196900 ns
[2020-09-05T08:59:52.735+0000][8][safepoint    ] Safepoint "Cleanup", Time since last: 1001118800 ns, Reaching safepoint: 191700 ns, At safepoint: 14400 ns, Total: 206100 ns
[2020-09-05T08:59:53.740+0000][8][safepoint    ] Safepoint "Cleanup", Time since last: 1004686900 ns, Reaching safepoint: 247800 ns, At safepoint: 15100 ns, Total: 262900 ns
[2020-09-05T08:59:54.743+0000][8][safepoint    ] Safepoint "Cleanup", Time since last: 1002790300 ns, Reaching safepoint: 389000 ns, At safepoint: 11700 ns, Total: 400700 ns
[2020-09-05T08:59:55.745+0000][8][safepoint    ] Safepoint "Cleanup", Time since last: 1001869200 ns, Reaching safepoint: 180900 ns, At safepoint: 14500 ns, Total: 195400 ns
[2020-09-05T08:59:56.748+0000][8][safepoint    ] Safepoint "Cleanup", Time since last: 1002558500 ns, Reaching safepoint: 284300 ns, At safepoint: 24000 ns, Total: 308300 ns
[2020-09-05T08:59:57.751+0000][8][safepoint    ] Safepoint "Cleanup", Time since last: 1002558000 ns, Reaching safepoint: 182600 ns, At safepoint: 14500 ns, Total: 197100 ns
[2020-09-05T08:59:58.753+0000][8][safepoint    ] Safepoint "Cleanup", Time since last: 1001432500 ns, Reaching safepoint: 328200 ns, At safepoint: 14400 ns, Total: 342600 ns
[2020-09-05T08:59:59.754+0000][8][safepoint    ] Safepoint "Cleanup", Time since last: 1001189900 ns, Reaching safepoint: 188000 ns, At safepoint: 32600 ns, Total: 220600 ns
[2020-09-05T09:00:00.722+0000][8][safepoint    ] Safepoint "Cleanup", Time since last: 1001389200 ns, Reaching safepoint: 193600 ns, At safepoint: 14600 ns, Total: 208200 ns
[2020-09-05T09:00:01.724+0000][8][safepoint    ] Safepoint "Cleanup", Time since last: 1001740400 ns, Reaching safepoint: 173000 ns, At safepoint: 13800 ns, Total: 186800 ns
[2020-09-05T09:00:02.727+0000][8][safepoint    ] Safepoint "Cleanup", Time since last: 1002652700 ns, Reaching safepoint: 816700 ns, At safepoint: 35700 ns, Total: 852400 ns
[2020-09-05T09:00:03.740+0000][8][safepoint    ] Safepoint "Cleanup", Time since last: 1003804300 ns, Reaching safepoint: 8824400 ns, At safepoint: 47600 ns, Total: 8872000 ns
[2020-09-05T09:00:04.813+0000][8][safepoint    ] Safepoint "Cleanup", Time since last: 1073173900 ns, Reaching safepoint: 255900 ns, At safepoint: 19600 ns, Total: 275500 ns
[2020-09-05T09:00:05.816+0000][8][safepoint    ] Safepoint "Cleanup", Time since last: 1002925500 ns, Reaching safepoint: 152900 ns, At safepoint: 14000 ns, Total: 166900 ns
[2020-09-05T09:00:06.820+0000][8][safepoint    ] Safepoint "Cleanup", Time since last: 1003295400 ns, Reaching safepoint: 229900 ns, At safepoint: 24100 ns, Total: 254000 ns
[2020-09-05T09:00:07.821+0000][8][safepoint    ] Safepoint "Cleanup", Time since last: 1001183200 ns, Reaching safepoint: 154600 ns, At safepoint: 14400 ns, Total: 169000 ns
[2020-09-05T09:00:08.823+0000][8][safepoint    ] Safepoint "Cleanup", Time since last: 1001187500 ns, Reaching safepoint: 149700 ns, At safepoint: 13400 ns, Total: 163100 ns
[2020-09-05T09:00:09.826+0000][8][safepoint    ] Safepoint "Cleanup", Time since last: 1002603300 ns, Reaching safepoint: 456700 ns, At safepoint: 19100 ns, Total: 475800 ns
[2020-09-05T09:00:10.828+0000][8][safepoint    ] Safepoint "Cleanup", Time since last: 1001795600 ns, Reaching safepoint: 493000 ns, At safepoint: 25800 ns, Total: 518800 ns
[2020-09-05T09:00:11.830+0000][8][safepoint    ] Safepoint "Cleanup", Time since last: 1001303500 ns, Reaching safepoint: 508900 ns, At safepoint: 18200 ns, Total: 527100 ns
[2020-09-05T09:00:12.834+0000][8][safepoint    ] Safepoint "Cleanup", Time since last: 1003493200 ns, Reaching safepoint: 383200 ns, At safepoint: 28400 ns, Total: 411600 ns
[2020-09-05T09:00:13.837+0000][8][safepoint    ] Safepoint "Cleanup", Time since last: 1002453900 ns, Reaching safepoint: 446800 ns, At safepoint: 18100 ns, Total: 464900 ns
[2020-09-05T09:00:14.839+0000][8][safepoint    ] Safepoint "Cleanup", Time since last: 1002216000 ns, Reaching safepoint: 207100 ns, At safepoint: 18500 ns, Total: 225600 ns
[2020-09-05T09:00:15.841+0000][8][safepoint    ] Safepoint "Cleanup", Time since last: 1001389200 ns, Reaching safepoint: 314100 ns, At safepoint: 20100 ns, Total: 334200 ns
[2020-09-05T09:00:16.845+0000][8][safepoint    ] Safepoint "Cleanup", Time since last: 1003525800 ns, Reaching safepoint: 289500 ns, At safepoint: 13400 ns, Total: 302900 ns
[2020-09-05T09:00:17.847+0000][8][safepoint    ] Safepoint "Cleanup", Time since last: 1001619900 ns, Reaching safepoint: 438500 ns, At safepoint: 21200 ns, Total: 459700 ns
[2020-09-05T09:00:19.085+0000][8][safepoint    ] Safepoint "Cleanup", Time since last: 1238235300 ns, Reaching safepoint: 265000 ns, At safepoint: 17300 ns, Total: 282300 ns
[2020-09-05T09:00:19.101+0000][8][safepoint    ] Safepoint "BulkRevokeBias", Time since last: 14485400 ns, Reaching safepoint: 231600 ns, At safepoint: 885000 ns, Total: 1116600 ns
[2020-09-05T09:00:20.237+0000][8][safepoint    ] Safepoint "Cleanup", Time since last: 1135916000 ns, Reaching safepoint: 180800 ns, At safepoint: 24000 ns, Total: 204800 ns
[2020-09-05T09:00:21.655+0000][8][safepoint    ] Safepoint "Cleanup", Time since last: 1417273100 ns, Reaching safepoint: 166300 ns, At safepoint: 125600 ns, Total: 291900 ns
[2020-09-05T09:00:22.656+0000][8][safepoint    ] Safepoint "Cleanup", Time since last: 1001134900 ns, Reaching safepoint: 154500 ns, At safepoint: 14000 ns, Total: 168500 ns
[2020-09-05T09:00:23.657+0000][8][safepoint    ] Safepoint "Cleanup", Time since last: 1001264400 ns, Reaching safepoint: 153100 ns, At safepoint: 14400 ns, Total: 167500 ns
[2020-09-05T09:00:24.660+0000][8][safepoint    ] Safepoint "Cleanup", Time since last: 1001984600 ns, Reaching safepoint: 342400 ns, At safepoint: 15500 ns, Total: 357900 ns
[2020-09-05T09:00:25.663+0000][8][safepoint    ] Safepoint "Cleanup", Time since last: 1002927200 ns, Reaching safepoint: 347300 ns, At safepoint: 15800 ns, Total: 363100 ns
[2020-09-05T09:00:26.664+0000][8][safepoint    ] Safepoint "Cleanup", Time since last: 1000935000 ns, Reaching safepoint: 150100 ns, At safepoint: 14300 ns, Total: 164400 ns
[2020-09-05T09:00:27.665+0000][8][safepoint    ] Safepoint "Cleanup", Time since last: 1000889700 ns, Reaching safepoint: 149500 ns, At safepoint: 14500 ns, Total: 164000 ns
[2020-09-05T09:00:28.668+0000][8][safepoint    ] Safepoint "Cleanup", Time since last: 1002220700 ns, Reaching safepoint: 608800 ns, At safepoint: 11000 ns, Total: 619800 ns
[2020-09-05T09:00:29.669+0000][8][safepoint    ] Safepoint "Cleanup", Time since last: 1000892700 ns, Reaching safepoint: 171500 ns, At safepoint: 13300 ns, Total: 184800 ns
[2020-09-05T09:00:30.637+0000][8][safepoint    ] Safepoint "Cleanup", Time since last: 1000917600 ns, Reaching safepoint: 180400 ns, At safepoint: 14600 ns, Total: 195000 ns
[2020-09-05T09:00:31.638+0000][8][safepoint    ] Safepoint "Cleanup", Time since last: 1001249900 ns, Reaching safepoint: 307900 ns, At safepoint: 14600 ns, Total: 322500 ns
[2020-09-05T09:00:32.640+0000][8][safepoint    ] Safepoint "Cleanup", Time since last: 1001349900 ns, Reaching safepoint: 190900 ns, At safepoint: 13500 ns, Total: 204400 ns
[2020-09-05T09:00:33.642+0000][8][safepoint    ] Safepoint "Cleanup", Time since last: 1001839300 ns, Reaching safepoint: 184000 ns, At safepoint: 14200 ns, Total: 198200 ns
[2020-09-05T09:00:34.644+0000][8][safepoint    ] Safepoint "Cleanup", Time since last: 1002256400 ns, Reaching safepoint: 236800 ns, At safepoint: 9700 ns, Total: 246500 ns
[2020-09-05T09:00:35.646+0000][8][safepoint    ] Safepoint "Cleanup", Time since last: 1001149200 ns, Reaching safepoint: 180700 ns, At safepoint: 14300 ns, Total: 195000 ns
[2020-09-05T09:00:36.647+0000][8][safepoint    ] Safepoint "Cleanup", Time since last: 1000758900 ns, Reaching safepoint: 282300 ns, At safepoint: 26700 ns, Total: 309000 ns
[2020-09-05T09:00:37.649+0000][8][safepoint    ] Safepoint "Cleanup", Time since last: 1001483700 ns, Reaching safepoint: 185300 ns, At safepoint: 14400 ns, Total: 199700 ns
[2020-09-05T09:00:38.650+0000][8][safepoint    ] Safepoint "Cleanup", Time since last: 1001278500 ns, Reaching safepoint: 180400 ns, At safepoint: 16700 ns, Total: 197100 ns
[2020-09-05T09:00:39.652+0000][8][safepoint    ] Safepoint "Cleanup", Time since last: 1001965300 ns, Reaching safepoint: 432500 ns, At safepoint: 17800 ns, Total: 450300 ns
[2020-09-05T09:00:40.655+0000][8][safepoint    ] Safepoint "Cleanup", Time since last: 1002018900 ns, Reaching safepoint: 181100 ns, At safepoint: 14300 ns, Total: 195400 ns
[2020-09-05T09:00:41.656+0000][8][safepoint    ] Safepoint "Cleanup", Time since last: 1001610600 ns, Reaching safepoint: 181200 ns, At safepoint: 14400 ns, Total: 195600 ns
[2020-09-05T09:00:42.658+0000][8][safepoint    ] Safepoint "Cleanup", Time since last: 1001208200 ns, Reaching safepoint: 327500 ns, At safepoint: 16000 ns, Total: 343500 ns
[2020-09-05T09:00:43.661+0000][8][safepoint    ] Safepoint "Cleanup", Time since last: 1003190000 ns, Reaching safepoint: 268100 ns, At safepoint: 20300 ns, Total: 288400 ns
[2020-09-05T09:00:44.663+0000][8][safepoint    ] Safepoint "Cleanup", Time since last: 1001268600 ns, Reaching safepoint: 429600 ns, At safepoint: 18300 ns, Total: 447900 ns
[2020-09-05T09:00:45.665+0000][8][safepoint    ] Safepoint "Cleanup", Time since last: 1001286000 ns, Reaching safepoint: 191200 ns, At safepoint: 17100 ns, Total: 208300 ns
[2020-09-05T09:00:46.667+0000][8][safepoint    ] Safepoint "Cleanup", Time since last: 1001978600 ns, Reaching safepoint: 597200 ns, At safepoint: 24500 ns, Total: 621700 ns
[2020-09-05T09:00:47.669+0000][8][safepoint    ] Safepoint "Cleanup", Time since last: 1001499700 ns, Reaching safepoint: 179700 ns, At safepoint: 14100 ns, Total: 193800 ns
[2020-09-05T09:00:48.671+0000][8][safepoint    ] Safepoint "Cleanup", Time since last: 1002128300 ns, Reaching safepoint: 244500 ns, At safepoint: 48800 ns, Total: 293300 ns
[2020-09-05T09:00:49.674+0000][8][safepoint    ] Safepoint "Cleanup", Time since last: 1002508200 ns, Reaching safepoint: 280400 ns, At safepoint: 14500 ns, Total: 294900 ns
[2020-09-05T09:00:50.676+0000][8][safepoint    ] Safepoint "Cleanup", Time since last: 1001444600 ns, Reaching safepoint: 242000 ns, At safepoint: 17400 ns, Total: 259400 ns
[2020-09-05T09:00:51.678+0000][8][safepoint    ] Safepoint "Cleanup", Time since last: 1002130000 ns, Reaching safepoint: 383200 ns, At safepoint: 14300 ns, Total: 397500 ns
[2020-09-05T09:00:52.681+0000][8][safepoint    ] Safepoint "Cleanup", Time since last: 1002002200 ns, Reaching safepoint: 279300 ns, At safepoint: 24500 ns, Total: 303800 ns
[2020-09-05T09:00:53.685+0000][8][safepoint    ] Safepoint "Cleanup", Time since last: 1004179400 ns, Reaching safepoint: 288800 ns, At safepoint: 15200 ns, Total: 304000 ns
[2020-09-05T09:00:54.687+0000][8][safepoint    ] Safepoint "Cleanup", Time since last: 1001201600 ns, Reaching safepoint: 434400 ns, At safepoint: 12000 ns, Total: 446400 ns
[2020-09-05T09:00:55.688+0000][8][safepoint    ] Safepoint "Cleanup", Time since last: 1001151800 ns, Reaching safepoint: 280900 ns, At safepoint: 13400 ns, Total: 294300 ns
[2020-09-05T09:00:56.690+0000][8][safepoint    ] Safepoint "Cleanup", Time since last: 1001440900 ns, Reaching safepoint: 179400 ns, At safepoint: 13200 ns, Total: 192600 ns
[2020-09-05T09:00:57.692+0000][8][safepoint    ] Safepoint "Cleanup", Time since last: 1001576900 ns, Reaching safepoint: 180900 ns, At safepoint: 14300 ns, Total: 195200 ns
[2020-09-05T09:00:58.694+0000][8][safepoint    ] Safepoint "Cleanup", Time since last: 1001798800 ns, Reaching safepoint: 269800 ns, At safepoint: 44500 ns, Total: 314300 ns
[2020-09-05T09:00:59.696+0000][8][safepoint    ] Safepoint "Cleanup", Time since last: 1001536600 ns, Reaching safepoint: 248800 ns, At safepoint: 17400 ns, Total: 266200 ns
[2020-09-05T09:01:00.663+0000][8][safepoint    ] Safepoint "Cleanup", Time since last: 1001328700 ns, Reaching safepoint: 539800 ns, At safepoint: 21700 ns, Total: 561500 ns
[2020-09-05T09:01:01.665+0000][8][safepoint    ] Safepoint "Cleanup", Time since last: 1001197800 ns, Reaching safepoint: 182000 ns, At safepoint: 17200 ns, Total: 199200 ns
[2020-09-05T09:01:02.667+0000][8][safepoint    ] Safepoint "Cleanup", Time since last: 1001964100 ns, Reaching safepoint: 188800 ns, At safepoint: 108500 ns, Total: 297300 ns
[2020-09-05T09:01:03.669+0000][8][safepoint    ] Safepoint "Cleanup", Time since last: 1001393900 ns, Reaching safepoint: 185600 ns, At safepoint: 24200 ns, Total: 209800 ns
[2020-09-05T09:01:04.670+0000][8][safepoint    ] Safepoint "Cleanup", Time since last: 1001190700 ns, Reaching safepoint: 251300 ns, At safepoint: 15700 ns, Total: 267000 ns
[2020-09-05T09:01:05.673+0000][8][safepoint    ] Safepoint "Cleanup", Time since last: 1002281900 ns, Reaching safepoint: 270600 ns, At safepoint: 29800 ns, Total: 300400 ns
[2020-09-05T09:01:06.675+0000][8][safepoint    ] Safepoint "Cleanup", Time since last: 1002317700 ns, Reaching safepoint: 260800 ns, At safepoint: 17600 ns, Total: 278400 ns
[2020-09-05T09:01:07.677+0000][8][safepoint    ] Safepoint "Cleanup", Time since last: 1002036700 ns, Reaching safepoint: 276000 ns, At safepoint: 22200 ns, Total: 298200 ns
[2020-09-05T09:01:08.681+0000][8][safepoint    ] Safepoint "Cleanup", Time since last: 1002729100 ns, Reaching safepoint: 278000 ns, At safepoint: 23700 ns, Total: 301700 ns
[2020-09-05T09:01:09.682+0000][8][safepoint    ] Safepoint "Cleanup", Time since last: 1001444500 ns, Reaching safepoint: 154200 ns, At safepoint: 14200 ns, Total: 168400 ns
[2020-09-05T09:01:10.684+0000][8][safepoint    ] Safepoint "Cleanup", Time since last: 1001792500 ns, Reaching safepoint: 221600 ns, At safepoint: 18800 ns, Total: 240400 ns
[2020-09-05T09:01:11.686+0000][8][safepoint    ] Safepoint "Cleanup", Time since last: 1001205900 ns, Reaching safepoint: 304000 ns, At safepoint: 18100 ns, Total: 322100 ns
[2020-09-05T09:01:12.687+0000][8][safepoint    ] Safepoint "Cleanup", Time since last: 1000992700 ns, Reaching safepoint: 310800 ns, At safepoint: 15200 ns, Total: 326000 ns
[2020-09-05T09:01:13.690+0000][8][safepoint    ] Safepoint "Cleanup", Time since last: 1001772500 ns, Reaching safepoint: 992200 ns, At safepoint: 50700 ns, Total: 1042900 ns
[2020-09-05T09:01:14.693+0000][8][safepoint    ] Safepoint "Cleanup", Time since last: 1003150500 ns, Reaching safepoint: 158300 ns, At safepoint: 14700 ns, Total: 173000 ns
[2020-09-05T09:01:15.695+0000][8][safepoint    ] Safepoint "Cleanup", Time since last: 1001356700 ns, Reaching safepoint: 169700 ns, At safepoint: 14500 ns, Total: 184200 ns
[2020-09-05T09:01:16.696+0000][8][safepoint    ] Safepoint "Cleanup", Time since last: 1001316900 ns, Reaching safepoint: 149100 ns, At safepoint: 14400 ns, Total: 163500 ns
[2020-09-05T09:01:17.698+0000][8][safepoint    ] Safepoint "Cleanup", Time since last: 1001574300 ns, Reaching safepoint: 310900 ns, At safepoint: 14600 ns, Total: 325500 ns
[2020-09-05T09:01:18.700+0000][8][safepoint    ] Safepoint "Cleanup", Time since last: 1002049800 ns, Reaching safepoint: 151000 ns, At safepoint: 14000 ns, Total: 165000 ns
[2020-09-05T09:01:19.703+0000][8][safepoint    ] Safepoint "Cleanup", Time since last: 1002309300 ns, Reaching safepoint: 300900 ns, At safepoint: 18900 ns, Total: 319800 ns
[2020-09-05T09:01:20.705+0000][8][safepoint    ] Safepoint "Cleanup", Time since last: 1001452600 ns, Reaching safepoint: 181400 ns, At safepoint: 16700 ns, Total: 198100 ns
[2020-09-05T09:01:22.276+0000][8][safepoint    ] Safepoint "Cleanup", Time since last: 1570736500 ns, Reaching safepoint: 190900 ns, At safepoint: 12900 ns, Total: 203800 ns
[2020-09-05T09:01:23.322+0000][8][safepoint    ] Safepoint "Cleanup", Time since last: 1046392600 ns, Reaching safepoint: 195200 ns, At safepoint: 20400 ns, Total: 215600 ns
[2020-09-05T09:01:23.325+0000][8][safepoint    ] Safepoint "BulkRevokeBias", Time since last: 1286300 ns, Reaching safepoint: 185400 ns, At safepoint: 1290700 ns, Total: 1476100 ns
[2020-09-05T09:01:23.330+0000][8][safepoint    ] Safepoint "BulkRevokeBias", Time since last: 3944800 ns, Reaching safepoint: 538700 ns, At safepoint: 365600 ns, Total: 904300 ns
[2020-09-05T09:01:24.331+0000][8][safepoint    ] Safepoint "Cleanup", Time since last: 1001253500 ns, Reaching safepoint: 186200 ns, At safepoint: 14600 ns, Total: 200800 ns
[2020-09-05T09:01:25.333+0000][8][safepoint    ] Safepoint "Cleanup", Time since last: 1001903900 ns, Reaching safepoint: 186600 ns, At safepoint: 14500 ns, Total: 201100 ns
[2020-09-05T09:01:26.161+0000][8][gc,start     ] GC(25) Pause Young (Normal) (G1 Evacuation Pause)
[2020-09-05T09:01:26.161+0000][8][gc,task      ] GC(25) Using 2 workers of 2 for evacuation
[2020-09-05T09:01:26.162+0000][8][gc,age       ] GC(25) Desired survivor size 18874368 bytes, new threshold 15 (max threshold 15)
[2020-09-05T09:01:26.223+0000][8][gc,age       ] GC(25) Age table with threshold 15 (max threshold 15)
[2020-09-05T09:01:26.224+0000][8][gc,age       ] GC(25) - age   1:    3368824 bytes,    3368824 total
[2020-09-05T09:01:26.225+0000][8][gc,age       ] GC(25) - age   2:      26160 bytes,    3394984 total
[2020-09-05T09:01:26.225+0000][8][gc,age       ] GC(25) - age   3:     917456 bytes,    4312440 total
[2020-09-05T09:01:26.226+0000][8][gc,age       ] GC(25) - age   4:     545440 bytes,    4857880 total
[2020-09-05T09:01:26.226+0000][8][gc,age       ] GC(25) - age   5:      86072 bytes,    4943952 total
[2020-09-05T09:01:26.227+0000][8][gc,age       ] GC(25) - age   6:      68952 bytes,    5012904 total
[2020-09-05T09:01:26.228+0000][8][gc,age       ] GC(25) - age   7:    4090800 bytes,    9103704 total
[2020-09-05T09:01:26.228+0000][8][gc,phases    ] GC(25)   Pre Evacuate Collection Set: 0.7ms
[2020-09-05T09:01:26.229+0000][8][gc,phases    ] GC(25)   Merge Heap Roots: 0.4ms
[2020-09-05T09:01:26.230+0000][8][gc,phases    ] GC(25)   Evacuate Collection Set: 53.0ms
[2020-09-05T09:01:26.230+0000][8][gc,phases    ] GC(25)   Post Evacuate Collection Set: 6.0ms
[2020-09-05T09:01:26.231+0000][8][gc,phases    ] GC(25)   Other: 7.7ms
[2020-09-05T09:01:26.232+0000][8][gc,heap      ] GC(25) Eden regions: 272->0(274)
[2020-09-05T09:01:26.233+0000][8][gc,heap      ] GC(25) Survivor regions: 10->10(36)
[2020-09-05T09:01:26.233+0000][8][gc,heap      ] GC(25) Old regions: 70->70
[2020-09-05T09:01:26.234+0000][8][gc,heap      ] GC(25) Archive regions: 2->2
[2020-09-05T09:01:26.234+0000][8][gc,heap      ] GC(25) Humongous regions: 7->7
[2020-09-05T09:01:26.235+0000][8][gc,metaspace ] GC(25) Metaspace: 101582K(109944K)->101582K(109944K) NonClass: 88109K(93048K)->88109K(93048K) Class: 13472K(16896K)->13472K(16896K)
[2020-09-05T09:01:26.236+0000][8][gc           ] GC(25) Pause Young (Normal) (G1 Evacuation Pause) 358M->86M(512M) 75.116ms
[2020-09-05T09:01:26.236+0000][8][gc,cpu       ] GC(25) User=0.10s Sys=0.02s Real=0.08s
[2020-09-05T09:01:26.243+0000][8][safepoint    ] Safepoint "G1CollectForAllocation", Time since last: 826745600 ns, Reaching safepoint: 377600 ns, At safepoint: 82794700 ns, Total: 83172300 ns
[2020-09-05T09:01:27.247+0000][8][safepoint    ] Safepoint "Cleanup", Time since last: 1003147400 ns, Reaching safepoint: 153500 ns, At safepoint: 13100 ns, Total: 166600 ns
[2020-09-05T09:01:28.248+0000][8][safepoint    ] Safepoint "Cleanup", Time since last: 1001184900 ns, Reaching safepoint: 405300 ns, At safepoint: 48100 ns, Total: 453400 ns
[2020-09-05T09:01:29.250+0000][8][safepoint    ] Safepoint "Cleanup", Time since last: 1001726000 ns, Reaching safepoint: 523700 ns, At safepoint: 52200 ns, Total: 575900 ns
[2020-09-05T09:01:30.253+0000][8][safepoint    ] Safepoint "Cleanup", Time since last: 1001580700 ns, Reaching safepoint: 476300 ns, At safepoint: 48200 ns, Total: 524500 ns
[2020-09-05T09:01:31.220+0000][8][safepoint    ] Safepoint "Cleanup", Time since last: 1000957000 ns, Reaching safepoint: 219400 ns, At safepoint: 121700 ns, Total: 341100 ns
[2020-09-05T09:01:32.222+0000][8][safepoint    ] Safepoint "Cleanup", Time since last: 1001549000 ns, Reaching safepoint: 614300 ns, At safepoint: 20900 ns, Total: 635200 ns
[2020-09-05T09:01:33.224+0000][8][safepoint    ] Safepoint "Cleanup", Time since last: 1001328900 ns, Reaching safepoint: 279300 ns, At safepoint: 18700 ns, Total: 298000 ns
[2020-09-05T09:01:34.226+0000][8][safepoint    ] Safepoint "Cleanup", Time since last: 1001199100 ns, Reaching safepoint: 324500 ns, At safepoint: 24000 ns, Total: 348500 ns
[2020-09-05T09:01:35.227+0000][8][safepoint    ] Safepoint "Cleanup", Time since last: 1001432700 ns, Reaching safepoint: 264100 ns, At safepoint: 22700 ns, Total: 286800 ns
[2020-09-05T09:01:36.229+0000][8][safepoint    ] Safepoint "Cleanup", Time since last: 1001179400 ns, Reaching safepoint: 155700 ns, At safepoint: 12800 ns, Total: 168500 ns
[2020-09-05T09:01:37.231+0000][8][safepoint    ] Safepoint "Cleanup", Time since last: 1002013000 ns, Reaching safepoint: 279900 ns, At safepoint: 19500 ns, Total: 299400 ns
[2020-09-05T09:01:38.233+0000][8][safepoint    ] Safepoint "Cleanup", Time since last: 1001639800 ns, Reaching safepoint: 179400 ns, At safepoint: 17400 ns, Total: 196800 ns
[2020-09-05T09:01:39.235+0000][8][safepoint    ] Safepoint "Cleanup", Time since last: 1001802800 ns, Reaching safepoint: 278600 ns, At safepoint: 24200 ns, Total: 302800 ns
[2020-09-05T09:01:40.237+0000][8][safepoint    ] Safepoint "Cleanup", Time since last: 1001585200 ns, Reaching safepoint: 197600 ns, At safepoint: 53400 ns, Total: 251000 ns
[2020-09-05T09:01:41.238+0000][8][safepoint    ] Safepoint "Cleanup", Time since last: 1001040200 ns, Reaching safepoint: 177600 ns, At safepoint: 15500 ns, Total: 193100 ns
[2020-09-05T09:01:42.239+0000][8][safepoint    ] Safepoint "Cleanup", Time since last: 1001044600 ns, Reaching safepoint: 238300 ns, At safepoint: 13400 ns, Total: 251700 ns
[2020-09-05T09:01:43.241+0000][8][safepoint    ] Safepoint "Cleanup", Time since last: 1001856300 ns, Reaching safepoint: 270600 ns, At safepoint: 14600 ns, Total: 285200 ns
[2020-09-05T09:01:44.243+0000][8][safepoint    ] Safepoint "Cleanup", Time since last: 1001620500 ns, Reaching safepoint: 305100 ns, At safepoint: 10200 ns, Total: 315300 ns
[2020-09-05T09:01:45.245+0000][8][safepoint    ] Safepoint "Cleanup", Time since last: 1001064700 ns, Reaching safepoint: 155300 ns, At safepoint: 14000 ns, Total: 169300 ns
[2020-09-05T09:01:46.246+0000][8][safepoint    ] Safepoint "Cleanup", Time since last: 1000746900 ns, Reaching safepoint: 796200 ns, At safepoint: 24000 ns, Total: 820200 ns
[2020-09-05T09:01:47.249+0000][8][safepoint    ] Safepoint "Cleanup", Time since last: 1003137300 ns, Reaching safepoint: 148400 ns, At safepoint: 14200 ns, Total: 162600 ns
[2020-09-05T09:01:48.251+0000][8][safepoint    ] Safepoint "Cleanup", Time since last: 1001424100 ns, Reaching safepoint: 182300 ns, At safepoint: 14400 ns, Total: 196700 ns
[2020-09-05T09:01:49.253+0000][8][safepoint    ] Safepoint "Cleanup", Time since last: 1001300600 ns, Reaching safepoint: 150100 ns, At safepoint: 14400 ns, Total: 164500 ns
[2020-09-05T09:01:50.255+0000][8][safepoint    ] Safepoint "Cleanup", Time since last: 1001955500 ns, Reaching safepoint: 149400 ns, At safepoint: 14300 ns, Total: 163700 ns
[2020-09-05T09:01:51.256+0000][8][safepoint    ] Safepoint "Cleanup", Time since last: 1000990100 ns, Reaching safepoint: 147700 ns, At safepoint: 41500 ns, Total: 189200 ns
[2020-09-05T09:01:52.258+0000][8][safepoint    ] Safepoint "Cleanup", Time since last: 1001755200 ns, Reaching safepoint: 155100 ns, At safepoint: 14300 ns, Total: 169400 ns
[2020-09-05T09:01:53.260+0000][8][safepoint    ] Safepoint "Cleanup", Time since last: 1001775200 ns, Reaching safepoint: 128300 ns, At safepoint: 11700 ns, Total: 140000 ns
[2020-09-05T09:01:54.261+0000][8][safepoint    ] Safepoint "Cleanup", Time since last: 1001275100 ns, Reaching safepoint: 179300 ns, At safepoint: 14500 ns, Total: 193800 ns
[2020-09-05T09:01:55.264+0000][8][safepoint    ] Safepoint "Cleanup", Time since last: 1002205100 ns, Reaching safepoint: 241600 ns, At safepoint: 17300 ns, Total: 258900 ns
[2020-09-05T09:01:56.265+0000][8][safepoint    ] Safepoint "Cleanup", Time since last: 1000945300 ns, Reaching safepoint: 496500 ns, At safepoint: 26100 ns, Total: 522600 ns
[2020-09-05T09:01:57.267+0000][8][safepoint    ] Safepoint "Cleanup", Time since last: 1001512800 ns, Reaching safepoint: 255800 ns, At safepoint: 16800 ns, Total: 272600 ns
[2020-09-05T09:01:58.270+0000][8][safepoint    ] Safepoint "Cleanup", Time since last: 1001811500 ns, Reaching safepoint: 837700 ns, At safepoint: 82400 ns, Total: 920100 ns
[2020-09-05T09:01:59.275+0000][8][safepoint    ] Safepoint "Cleanup", Time since last: 1004975800 ns, Reaching safepoint: 211400 ns, At safepoint: 14000 ns, Total: 225400 ns
[2020-09-05T09:02:00.277+0000][8][safepoint    ] Safepoint "Cleanup", Time since last: 1001375000 ns, Reaching safepoint: 497400 ns, At safepoint: 44200 ns, Total: 541600 ns
[2020-09-05T09:02:01.243+0000][8][safepoint    ] Safepoint "Cleanup", Time since last: 1000848600 ns, Reaching safepoint: 136800 ns, At safepoint: 39400 ns, Total: 176200 ns
[2020-09-05T09:02:02.246+0000][8][safepoint    ] Safepoint "Cleanup", Time since last: 1002479400 ns, Reaching safepoint: 150300 ns, At safepoint: 9200 ns, Total: 159500 ns
[2020-09-05T09:02:03.248+0000][8][safepoint    ] Safepoint "Cleanup", Time since last: 1002088100 ns, Reaching safepoint: 350600 ns, At safepoint: 17100 ns, Total: 367700 ns
[2020-09-05T09:02:04.250+0000][8][safepoint    ] Safepoint "Cleanup", Time since last: 1001208600 ns, Reaching safepoint: 310300 ns, At safepoint: 14200 ns, Total: 324500 ns
[2020-09-05T09:02:05.252+0000][8][safepoint    ] Safepoint "Cleanup", Time since last: 1001669500 ns, Reaching safepoint: 249300 ns, At safepoint: 13800 ns, Total: 263100 ns
[2020-09-05T09:02:06.253+0000][8][safepoint    ] Safepoint "Cleanup", Time since last: 1001241700 ns, Reaching safepoint: 451400 ns, At safepoint: 44400 ns, Total: 495800 ns
[2020-09-05T09:02:07.255+0000][8][safepoint    ] Safepoint "Cleanup", Time since last: 1000727500 ns, Reaching safepoint: 828600 ns, At safepoint: 113500 ns, Total: 942100 ns
[2020-09-05T09:02:08.257+0000][8][safepoint    ] Safepoint "Cleanup", Time since last: 1001833300 ns, Reaching safepoint: 152500 ns, At safepoint: 14300 ns, Total: 166800 ns
[2020-09-05T09:02:09.259+0000][8][safepoint    ] Safepoint "Cleanup", Time since last: 1000830900 ns, Reaching safepoint: 1215700 ns, At safepoint: 147300 ns, Total: 1363000 ns
[2020-09-05T09:02:10.261+0000][8][safepoint    ] Safepoint "Cleanup", Time since last: 1001662100 ns, Reaching safepoint: 152200 ns, At safepoint: 13400 ns, Total: 165600 ns
[2020-09-05T09:02:11.262+0000][8][safepoint    ] Safepoint "Cleanup", Time since last: 1000880300 ns, Reaching safepoint: 146600 ns, At safepoint: 13600 ns, Total: 160200 ns
[2020-09-05T09:02:12.264+0000][8][safepoint    ] Safepoint "Cleanup", Time since last: 1002045700 ns, Reaching safepoint: 234200 ns, At safepoint: 23500 ns, Total: 257700 ns
[2020-09-05T09:02:13.266+0000][8][safepoint    ] Safepoint "Cleanup", Time since last: 1001726800 ns, Reaching safepoint: 152000 ns, At safepoint: 14200 ns, Total: 166200 ns
[2020-09-05T09:02:14.269+0000][8][safepoint    ] Safepoint "Cleanup", Time since last: 1001274300 ns, Reaching safepoint: 1003400 ns, At safepoint: 82800 ns, Total: 1086200 ns
[2020-09-05T09:02:15.270+0000][8][safepoint    ] Safepoint "Cleanup", Time since last: 1001157300 ns, Reaching safepoint: 152300 ns, At safepoint: 14700 ns, Total: 167000 ns
[2020-09-05T09:02:16.273+0000][8][safepoint    ] Safepoint "Cleanup", Time since last: 1002339100 ns, Reaching safepoint: 143200 ns, At safepoint: 13200 ns, Total: 156400 ns
[2020-09-05T09:02:17.274+0000][8][safepoint    ] Safepoint "Cleanup", Time since last: 1001367400 ns, Reaching safepoint: 149400 ns, At safepoint: 14300 ns, Total: 163700 ns
[2020-09-05T09:02:18.276+0000][8][safepoint    ] Safepoint "Cleanup", Time since last: 1001133700 ns, Reaching safepoint: 475800 ns, At safepoint: 16100 ns, Total: 491900 ns
[2020-09-05T09:02:19.278+0000][8][safepoint    ] Safepoint "Cleanup", Time since last: 1001972400 ns, Reaching safepoint: 207800 ns, At safepoint: 14300 ns, Total: 222100 ns
[2020-09-05T09:02:20.280+0000][8][safepoint    ] Safepoint "Cleanup", Time since last: 1001581300 ns, Reaching safepoint: 273900 ns, At safepoint: 13700 ns, Total: 287600 ns
[2020-09-05T09:02:21.282+0000][8][safepoint    ] Safepoint "Cleanup", Time since last: 1001257200 ns, Reaching safepoint: 424300 ns, At safepoint: 73200 ns, Total: 497500 ns
[2020-09-05T09:02:22.283+0000][8][safepoint    ] Safepoint "Cleanup", Time since last: 1001070200 ns, Reaching safepoint: 187300 ns, At safepoint: 15300 ns, Total: 202600 ns
[2020-09-05T09:02:23.284+0000][8][safepoint    ] Safepoint "Cleanup", Time since last: 1001271100 ns, Reaching safepoint: 185100 ns, At safepoint: 17600 ns, Total: 202700 ns
[2020-09-05T09:02:24.313+0000][8][safepoint    ] Safepoint "Cleanup", Time since last: 1028124400 ns, Reaching safepoint: 939300 ns, At safepoint: 47300 ns, Total: 986600 ns
[2020-09-05T09:02:25.833+0000][8][safepoint    ] Safepoint "Cleanup", Time since last: 1518979400 ns, Reaching safepoint: 192600 ns, At safepoint: 16400 ns, Total: 209000 ns
[2020-09-05T09:02:27.023+0000][8][safepoint    ] Safepoint "Cleanup", Time since last: 1190679400 ns, Reaching safepoint: 195200 ns, At safepoint: 51000 ns, Total: 246200 ns
[2020-09-05T09:02:28.025+0000][8][safepoint    ] Safepoint "Cleanup", Time since last: 1001687100 ns, Reaching safepoint: 279400 ns, At safepoint: 23700 ns, Total: 303100 ns
[2020-09-05T09:02:29.027+0000][8][safepoint    ] Safepoint "Cleanup", Time since last: 1001578500 ns, Reaching safepoint: 200400 ns, At safepoint: 13500 ns, Total: 213900 ns
[2020-09-05T09:02:30.028+0000][8][safepoint    ] Safepoint "Cleanup", Time since last: 1000971400 ns, Reaching safepoint: 182600 ns, At safepoint: 14400 ns, Total: 197000 ns
[2020-09-05T09:02:30.998+0000][8][safepoint    ] Safepoint "Cleanup", Time since last: 1002437900 ns, Reaching safepoint: 189900 ns, At safepoint: 15700 ns, Total: 205600 ns
[2020-09-05T09:02:32.000+0000][8][safepoint    ] Safepoint "Cleanup", Time since last: 1000946000 ns, Reaching safepoint: 206100 ns, At safepoint: 117500 ns, Total: 323600 ns
[2020-09-05T09:02:33.001+0000][8][safepoint    ] Safepoint "Cleanup", Time since last: 1000784800 ns, Reaching safepoint: 159000 ns, At safepoint: 15000 ns, Total: 174000 ns
[2020-09-05T09:02:34.004+0000][8][safepoint    ] Safepoint "Cleanup", Time since last: 1002700500 ns, Reaching safepoint: 159000 ns, At safepoint: 12700 ns, Total: 171700 ns
[2020-09-05T09:02:40.011+0000][8][safepoint    ] Safepoint "Cleanup", Time since last: 6007495500 ns, Reaching safepoint: 213900 ns, At safepoint: 13400 ns, Total: 227300 ns
[2020-09-05T09:02:42.015+0000][8][safepoint    ] Safepoint "Cleanup", Time since last: 2003865800 ns, Reaching safepoint: 185000 ns, At safepoint: 14400 ns, Total: 199400 ns
[2020-09-05T09:02:46.020+0000][8][safepoint    ] Safepoint "Cleanup", Time since last: 4004937800 ns, Reaching safepoint: 211000 ns, At safepoint: 14700 ns, Total: 225700 ns
[2020-09-05T09:02:51.025+0000][8][safepoint    ] Safepoint "Cleanup", Time since last: 5004155300 ns, Reaching safepoint: 216000 ns, At safepoint: 123000 ns, Total: 339000 ns
[2020-09-05T09:03:01.004+0000][8][safepoint    ] Safepoint "Cleanup", Time since last: 10012128100 ns, Reaching safepoint: 309700 ns, At safepoint: 20500 ns, Total: 330200 ns
[2020-09-05T09:03:02.008+0000][8][safepoint    ] Safepoint "Cleanup", Time since last: 1003944400 ns, Reaching safepoint: 186500 ns, At safepoint: 17100 ns, Total: 203600 ns
[2020-09-05T09:03:09.018+0000][8][safepoint    ] Safepoint "Cleanup", Time since last: 7009466600 ns, Reaching safepoint: 273500 ns, At safepoint: 20800 ns, Total: 294300 ns
[2020-09-05T09:03:12.020+0000][8][safepoint    ] Safepoint "Cleanup", Time since last: 3001838000 ns, Reaching safepoint: 184600 ns, At safepoint: 17400 ns, Total: 202000 ns
[2020-09-05T09:03:13.022+0000][8][safepoint    ] Safepoint "Cleanup", Time since last: 1001869300 ns, Reaching safepoint: 398100 ns, At safepoint: 30100 ns, Total: 428200 ns
[2020-09-05T09:03:15.026+0000][8][safepoint    ] Safepoint "Cleanup", Time since last: 2002916700 ns, Reaching safepoint: 278600 ns, At safepoint: 17900 ns, Total: 296500 ns
[2020-09-05T09:03:19.029+0000][8][safepoint    ] Safepoint "Cleanup", Time since last: 4002801800 ns, Reaching safepoint: 201200 ns, At safepoint: 12100 ns, Total: 213300 ns
[2020-09-05T09:03:25.037+0000][8][safepoint    ] Safepoint "Cleanup", Time since last: 6007436700 ns, Reaching safepoint: 587900 ns, At safepoint: 18500 ns, Total: 606400 ns
[2020-09-05T09:03:27.232+0000][8][safepoint    ] Safepoint "Cleanup", Time since last: 2194704200 ns, Reaching safepoint: 213000 ns, At safepoint: 109400 ns, Total: 322400 ns
[2020-09-05T09:03:28.272+0000][8][safepoint    ] Safepoint "Cleanup", Time since last: 1040280700 ns, Reaching safepoint: 434900 ns, At safepoint: 17600 ns, Total: 452500 ns
[2020-09-05T09:03:30.260+0000][8][safepoint    ] Safepoint "Cleanup", Time since last: 2021317500 ns, Reaching safepoint: 186300 ns, At safepoint: 14500 ns, Total: 200800 ns
[2020-09-05T09:03:39.271+0000][8][safepoint    ] Safepoint "Cleanup", Time since last: 9011156700 ns, Reaching safepoint: 253100 ns, At safepoint: 18000 ns, Total: 271100 ns
[2020-09-05T09:03:50.284+0000][8][safepoint    ] Safepoint "Cleanup", Time since last: 11013097000 ns, Reaching safepoint: 346900 ns, At safepoint: 14100 ns, Total: 361000 ns
[2020-09-05T09:03:57.289+0000][8][safepoint    ] Safepoint "Cleanup", Time since last: 7004692900 ns, Reaching safepoint: 344900 ns, At safepoint: 14400 ns, Total: 359300 ns
[2020-09-05T09:04:01.260+0000][8][safepoint    ] Safepoint "Cleanup", Time since last: 4003885600 ns, Reaching safepoint: 155600 ns, At safepoint: 14300 ns, Total: 169900 ns
[2020-09-05T09:04:02.970+0000][8][safepoint    ] Safepoint "Cleanup", Time since last: 1710308100 ns, Reaching safepoint: 158500 ns, At safepoint: 14400 ns, Total: 172900 ns
[2020-09-05T09:04:06.977+0000][8][safepoint    ] Safepoint "Cleanup", Time since last: 4004256400 ns, Reaching safepoint: 2115000 ns, At safepoint: 35800 ns, Total: 2150800 ns
[2020-09-05T09:04:12.989+0000][8][safepoint    ] Safepoint "Cleanup", Time since last: 6011728700 ns, Reaching safepoint: 491400 ns, At safepoint: 24400 ns, Total: 515800 ns
[2020-09-05T09:04:22.001+0000][8][safepoint    ] Safepoint "Cleanup", Time since last: 9011158600 ns, Reaching safepoint: 1080300 ns, At safepoint: 9600 ns, Total: 1089900 ns
[2020-09-05T09:04:28.175+0000][8][safepoint    ] Safepoint "Cleanup", Time since last: 6173131300 ns, Reaching safepoint: 527300 ns, At safepoint: 31300 ns, Total: 558600 ns
[2020-09-05T09:04:29.398+0000][8][safepoint    ] Safepoint "Cleanup", Time since last: 1222325400 ns, Reaching safepoint: 749300 ns, At safepoint: 24200 ns, Total: 773500 ns
[2020-09-05T09:04:30.774+0000][8][safepoint    ] Safepoint "Cleanup", Time since last: 1410194900 ns, Reaching safepoint: 216500 ns, At safepoint: 15100 ns, Total: 231600 ns
[2020-09-05T09:04:31.735+0000][8][gc,start     ] GC(26) Pause Young (Normal) (G1 Evacuation Pause)
[2020-09-05T09:04:31.736+0000][8][gc,task      ] GC(26) Using 2 workers of 2 for evacuation
[2020-09-05T09:04:31.736+0000][8][gc,age       ] GC(26) Desired survivor size 18874368 bytes, new threshold 15 (max threshold 15)
[2020-09-05T09:04:31.799+0000][8][gc,age       ] GC(26) Age table with threshold 15 (max threshold 15)
[2020-09-05T09:04:31.800+0000][8][gc,age       ] GC(26) - age   1:    2691304 bytes,    2691304 total
[2020-09-05T09:04:31.801+0000][8][gc,age       ] GC(26) - age   2:     266984 bytes,    2958288 total
[2020-09-05T09:04:31.802+0000][8][gc,age       ] GC(26) - age   3:      24544 bytes,    2982832 total
[2020-09-05T09:04:31.802+0000][8][gc,age       ] GC(26) - age   4:     736664 bytes,    3719496 total
[2020-09-05T09:04:31.803+0000][8][gc,age       ] GC(26) - age   5:     544520 bytes,    4264016 total
[2020-09-05T09:04:31.804+0000][8][gc,age       ] GC(26) - age   6:      86072 bytes,    4350088 total
[2020-09-05T09:04:31.805+0000][8][gc,age       ] GC(26) - age   7:      68656 bytes,    4418744 total
[2020-09-05T09:04:31.806+0000][8][gc,age       ] GC(26) - age   8:    4087488 bytes,    8506232 total
[2020-09-05T09:04:31.807+0000][8][gc,phases    ] GC(26)   Pre Evacuate Collection Set: 0.6ms
[2020-09-05T09:04:31.808+0000][8][gc,phases    ] GC(26)   Merge Heap Roots: 0.6ms
[2020-09-05T09:04:31.808+0000][8][gc,phases    ] GC(26)   Evacuate Collection Set: 52.0ms
[2020-09-05T09:04:31.809+0000][8][gc,phases    ] GC(26)   Post Evacuate Collection Set: 9.0ms
[2020-09-05T09:04:31.810+0000][8][gc,phases    ] GC(26)   Other: 10.4ms
[2020-09-05T09:04:31.811+0000][8][gc,heap      ] GC(26) Eden regions: 274->0(278)
[2020-09-05T09:04:31.811+0000][8][gc,heap      ] GC(26) Survivor regions: 10->9(36)
[2020-09-05T09:04:31.812+0000][8][gc,heap      ] GC(26) Old regions: 70->70
[2020-09-05T09:04:31.813+0000][8][gc,heap      ] GC(26) Archive regions: 2->2
[2020-09-05T09:04:31.813+0000][8][gc,heap      ] GC(26) Humongous regions: 7->7
[2020-09-05T09:04:31.814+0000][8][gc,metaspace ] GC(26) Metaspace: 101899K(110200K)->101899K(110200K) NonClass: 88427K(93304K)->88427K(93304K) Class: 13472K(16896K)->13472K(16896K)
[2020-09-05T09:04:31.815+0000][8][gc           ] GC(26) Pause Young (Normal) (G1 Evacuation Pause) 360M->85M(512M) 80.148ms
[2020-09-05T09:04:31.816+0000][8][gc,cpu       ] GC(26) User=0.10s Sys=0.03s Real=0.08s
[2020-09-05T09:04:31.817+0000][8][safepoint    ] Safepoint "G1CollectForAllocation", Time since last: 960429300 ns, Reaching safepoint: 214400 ns, At safepoint: 82318900 ns, Total: 82533300 ns
[2020-09-05T09:04:32.949+0000][8][safepoint    ] Safepoint "Cleanup", Time since last: 1131475700 ns, Reaching safepoint: 303600 ns, At safepoint: 16500 ns, Total: 320100 ns
[2020-09-05T09:04:33.953+0000][8][safepoint    ] Safepoint "Cleanup", Time since last: 1003299700 ns, Reaching safepoint: 930700 ns, At safepoint: 45700 ns, Total: 976400 ns
[2020-09-05T09:04:34.955+0000][8][safepoint    ] Safepoint "Cleanup", Time since last: 1001580200 ns, Reaching safepoint: 385800 ns, At safepoint: 32000 ns, Total: 417800 ns
[2020-09-05T09:04:36.959+0000][8][safepoint    ] Safepoint "Cleanup", Time since last: 2002807900 ns, Reaching safepoint: 1645300 ns, At safepoint: 24600 ns, Total: 1669900 ns
[2020-09-05T09:04:39.977+0000][8][safepoint    ] Safepoint "Cleanup", Time since last: 3017491100 ns, Reaching safepoint: 469300 ns, At safepoint: 31100 ns, Total: 500400 ns
[2020-09-05T09:04:45.986+0000][8][safepoint    ] Safepoint "Cleanup", Time since last: 6008212900 ns, Reaching safepoint: 301400 ns, At safepoint: 229700 ns, Total: 531100 ns
[2020-09-05T09:04:54.993+0000][8][safepoint    ] Safepoint "Cleanup", Time since last: 9006513800 ns, Reaching safepoint: 443500 ns, At safepoint: 18600 ns, Total: 462100 ns
[2020-09-05T09:04:56.996+0000][8][safepoint    ] Safepoint "Cleanup", Time since last: 2002654400 ns, Reaching safepoint: 284800 ns, At safepoint: 11200 ns, Total: 296000 ns
[2020-09-05T09:05:01.982+0000][8][safepoint    ] Safepoint "Cleanup", Time since last: 5018441500 ns, Reaching safepoint: 188100 ns, At safepoint: 14300 ns, Total: 202400 ns
[2020-09-05T09:05:02.985+0000][8][safepoint    ] Safepoint "Cleanup", Time since last: 1002646700 ns, Reaching safepoint: 393200 ns, At safepoint: 37400 ns, Total: 430600 ns
[2020-09-05T09:05:04.024+0000][8][safepoint    ] Safepoint "Cleanup", Time since last: 1038009000 ns, Reaching safepoint: 767400 ns, At safepoint: 77400 ns, Total: 844800 ns
[2020-09-05T09:05:07.031+0000][8][safepoint    ] Safepoint "Cleanup", Time since last: 3007238600 ns, Reaching safepoint: 312300 ns, At safepoint: 32200 ns, Total: 344500 ns
[2020-09-05T09:05:10.034+0000][8][safepoint    ] Safepoint "Cleanup", Time since last: 3002457200 ns, Reaching safepoint: 428500 ns, At safepoint: 11800 ns, Total: 440300 ns
[2020-09-05T09:05:30.961+0000][8][safepoint    ] Safepoint "BulkRevokeBias", Time since last: 20959323800 ns, Reaching safepoint: 511000 ns, At safepoint: 1425700 ns, Total: 1936700 ns
[2020-09-05T09:05:31.041+0000][8][safepoint    ] Safepoint "BulkRevokeBias", Time since last: 78738600 ns, Reaching safepoint: 577300 ns, At safepoint: 1085300 ns, Total: 1662600 ns
[2020-09-05T09:05:31.059+0000][8][safepoint    ] Safepoint "BulkRevokeBias", Time since last: 8240100 ns, Reaching safepoint: 904900 ns, At safepoint: 8262800 ns, Total: 9167700 ns
[2020-09-05T09:05:32.957+0000][8][safepoint    ] Safepoint "Cleanup", Time since last: 1896960800 ns, Reaching safepoint: 1084900 ns, At safepoint: 52200 ns, Total: 1137100 ns
[2020-09-05T09:05:34.097+0000][8][safepoint    ] Safepoint "Cleanup", Time since last: 1139746400 ns, Reaching safepoint: 697400 ns, At safepoint: 17800 ns, Total: 715200 ns
[2020-09-05T09:05:35.431+0000][8][safepoint    ] Safepoint "Cleanup", Time since last: 1333362900 ns, Reaching safepoint: 282500 ns, At safepoint: 17500 ns, Total: 300000 ns
[2020-09-05T09:05:36.432+0000][8][safepoint    ] Safepoint "Cleanup", Time since last: 1000811300 ns, Reaching safepoint: 184300 ns, At safepoint: 14400 ns, Total: 198700 ns
[2020-09-05T09:05:37.435+0000][8][safepoint    ] Safepoint "Cleanup", Time since last: 1002463600 ns, Reaching safepoint: 295700 ns, At safepoint: 17300 ns, Total: 313000 ns
[2020-09-05T09:05:39.438+0000][8][safepoint    ] Safepoint "Cleanup", Time since last: 2002593500 ns, Reaching safepoint: 329300 ns, At safepoint: 15900 ns, Total: 345200 ns
[2020-09-05T09:05:40.439+0000][8][safepoint    ] Safepoint "Cleanup", Time since last: 1001167500 ns, Reaching safepoint: 198500 ns, At safepoint: 14100 ns, Total: 212600 ns
[2020-09-05T09:05:49.451+0000][8][safepoint    ] Safepoint "Cleanup", Time since last: 9012127000 ns, Reaching safepoint: 255500 ns, At safepoint: 14900 ns, Total: 270400 ns
[2020-09-05T09:05:55.459+0000][8][safepoint    ] Safepoint "Cleanup", Time since last: 6007385500 ns, Reaching safepoint: 181400 ns, At safepoint: 13600 ns, Total: 195000 ns
[2020-09-05T09:05:58.465+0000][8][safepoint    ] Safepoint "Cleanup", Time since last: 3004899700 ns, Reaching safepoint: 607200 ns, At safepoint: 214400 ns, Total: 821600 ns
[2020-09-05T09:06:01.439+0000][8][safepoint    ] Safepoint "Cleanup", Time since last: 3007564600 ns, Reaching safepoint: 869900 ns, At safepoint: 21300 ns, Total: 891200 ns
[2020-09-05T09:06:02.444+0000][8][safepoint    ] Safepoint "Cleanup", Time since last: 1005203900 ns, Reaching safepoint: 323300 ns, At safepoint: 14500 ns, Total: 337800 ns
[2020-09-05T09:06:04.447+0000][8][safepoint    ] Safepoint "Cleanup", Time since last: 2002566100 ns, Reaching safepoint: 173400 ns, At safepoint: 14300 ns, Total: 187700 ns
[2020-09-05T09:06:07.451+0000][8][safepoint    ] Safepoint "Cleanup", Time since last: 3003232900 ns, Reaching safepoint: 310500 ns, At safepoint: 14600 ns, Total: 325100 ns
[2020-09-05T09:06:10.467+0000][8][safepoint    ] Safepoint "Cleanup", Time since last: 3005413400 ns, Reaching safepoint: 9922500 ns, At safepoint: 128800 ns, Total: 10051300 ns
[2020-09-05T09:06:11.470+0000][8][safepoint    ] Safepoint "Cleanup", Time since last: 1003720600 ns, Reaching safepoint: 154900 ns, At safepoint: 14200 ns, Total: 169100 ns
[2020-09-05T09:06:12.474+0000][8][safepoint    ] Safepoint "Cleanup", Time since last: 1003823200 ns, Reaching safepoint: 223100 ns, At safepoint: 18600 ns, Total: 241700 ns
[2020-09-05T09:06:13.479+0000][8][safepoint    ] Safepoint "Cleanup", Time since last: 1004942200 ns, Reaching safepoint: 311100 ns, At safepoint: 14200 ns, Total: 325300 ns
[2020-09-05T09:06:14.483+0000][8][safepoint    ] Safepoint "Cleanup", Time since last: 1003064400 ns, Reaching safepoint: 157400 ns, At safepoint: 14600 ns, Total: 172000 ns
[2020-09-05T09:06:15.484+0000][8][safepoint    ] Safepoint "Cleanup", Time since last: 1001192600 ns, Reaching safepoint: 151300 ns, At safepoint: 13400 ns, Total: 164700 ns
[2020-09-05T09:06:16.486+0000][8][safepoint    ] Safepoint "Cleanup", Time since last: 1001528400 ns, Reaching safepoint: 517900 ns, At safepoint: 27000 ns, Total: 544900 ns
[2020-09-05T09:06:17.489+0000][8][safepoint    ] Safepoint "Cleanup", Time since last: 1002352000 ns, Reaching safepoint: 468100 ns, At safepoint: 19900 ns, Total: 488000 ns
[2020-09-05T09:06:18.501+0000][8][safepoint    ] Safepoint "Cleanup", Time since last: 1011879200 ns, Reaching safepoint: 253800 ns, At safepoint: 19000 ns, Total: 272800 ns
[2020-09-05T09:06:19.513+0000][8][safepoint    ] Safepoint "Cleanup", Time since last: 1012018200 ns, Reaching safepoint: 258200 ns, At safepoint: 14100 ns, Total: 272300 ns
[2020-09-05T09:06:20.515+0000][8][safepoint    ] Safepoint "Cleanup", Time since last: 1000923800 ns, Reaching safepoint: 398100 ns, At safepoint: 223000 ns, Total: 621100 ns
[2020-09-05T09:06:21.516+0000][8][safepoint    ] Safepoint "Cleanup", Time since last: 1000923000 ns, Reaching safepoint: 226500 ns, At safepoint: 14200 ns, Total: 240700 ns
[2020-09-05T09:06:22.519+0000][8][safepoint    ] Safepoint "Cleanup", Time since last: 1002230300 ns, Reaching safepoint: 239600 ns, At safepoint: 18000 ns, Total: 257600 ns
[2020-09-05T09:06:23.520+0000][8][safepoint    ] Safepoint "Cleanup", Time since last: 1001226000 ns, Reaching safepoint: 181500 ns, At safepoint: 15500 ns, Total: 197000 ns
[2020-09-05T09:06:24.521+0000][8][safepoint    ] Safepoint "Cleanup", Time since last: 1001018100 ns, Reaching safepoint: 308400 ns, At safepoint: 10500 ns, Total: 318900 ns
[2020-09-05T09:06:25.523+0000][8][safepoint    ] Safepoint "Cleanup", Time since last: 1000988900 ns, Reaching safepoint: 329800 ns, At safepoint: 35800 ns, Total: 365600 ns
[2020-09-05T09:06:26.525+0000][8][safepoint    ] Safepoint "Cleanup", Time since last: 1001917800 ns, Reaching safepoint: 198100 ns, At safepoint: 64200 ns, Total: 262300 ns
[2020-09-05T09:06:27.526+0000][8][safepoint    ] Safepoint "Cleanup", Time since last: 1001439500 ns, Reaching safepoint: 187100 ns, At safepoint: 14600 ns, Total: 201700 ns
[2020-09-05T09:06:28.531+0000][8][safepoint    ] Safepoint "Cleanup", Time since last: 1003912900 ns, Reaching safepoint: 849300 ns, At safepoint: 23900 ns, Total: 873200 ns
[2020-09-05T09:06:29.536+0000][8][safepoint    ] Safepoint "Cleanup", Time since last: 1004328500 ns, Reaching safepoint: 227800 ns, At safepoint: 20100 ns, Total: 247900 ns
[2020-09-05T09:06:30.506+0000][8][safepoint    ] Safepoint "Cleanup", Time since last: 1003132400 ns, Reaching safepoint: 409500 ns, At safepoint: 21800 ns, Total: 431300 ns
[2020-09-05T09:06:31.508+0000][8][safepoint    ] Safepoint "Cleanup", Time since last: 1001588700 ns, Reaching safepoint: 309800 ns, At safepoint: 16500 ns, Total: 326300 ns
[2020-09-05T09:06:32.510+0000][8][safepoint    ] Safepoint "Cleanup", Time since last: 1002102100 ns, Reaching safepoint: 187100 ns, At safepoint: 14500 ns, Total: 201600 ns
[2020-09-05T09:06:33.514+0000][8][safepoint    ] Safepoint "Cleanup", Time since last: 1003269500 ns, Reaching safepoint: 588800 ns, At safepoint: 28100 ns, Total: 616900 ns
[2020-09-05T09:06:34.832+0000][8][safepoint    ] Safepoint "Cleanup", Time since last: 1317444700 ns, Reaching safepoint: 195600 ns, At safepoint: 17600 ns, Total: 213200 ns
[2020-09-05T09:06:35.835+0000][8][safepoint    ] Safepoint "Cleanup", Time since last: 1001499100 ns, Reaching safepoint: 1437500 ns, At safepoint: 18700 ns, Total: 1456200 ns
[2020-09-05T09:06:37.077+0000][8][safepoint    ] Safepoint "Cleanup", Time since last: 1241872500 ns, Reaching safepoint: 297700 ns, At safepoint: 27100 ns, Total: 324800 ns
[2020-09-05T09:06:38.080+0000][8][safepoint    ] Safepoint "Cleanup", Time since last: 1002587800 ns, Reaching safepoint: 361200 ns, At safepoint: 12500 ns, Total: 373700 ns
[2020-09-05T09:06:39.082+0000][8][safepoint    ] Safepoint "Cleanup", Time since last: 1001839800 ns, Reaching safepoint: 289400 ns, At safepoint: 13500 ns, Total: 302900 ns
[2020-09-05T09:06:40.085+0000][8][safepoint    ] Safepoint "Cleanup", Time since last: 1002371000 ns, Reaching safepoint: 223300 ns, At safepoint: 17500 ns, Total: 240800 ns
[2020-09-05T09:06:41.086+0000][8][safepoint    ] Safepoint "Cleanup", Time since last: 1001178000 ns, Reaching safepoint: 216100 ns, At safepoint: 20800 ns, Total: 236900 ns
[2020-09-05T09:06:42.088+0000][8][safepoint    ] Safepoint "Cleanup", Time since last: 1001626100 ns, Reaching safepoint: 384200 ns, At safepoint: 25600 ns, Total: 409800 ns
[2020-09-05T09:06:43.091+0000][8][safepoint    ] Safepoint "Cleanup", Time since last: 1002399300 ns, Reaching safepoint: 217900 ns, At safepoint: 43300 ns, Total: 261200 ns
[2020-09-05T09:06:44.093+0000][8][safepoint    ] Safepoint "Cleanup", Time since last: 1001021300 ns, Reaching safepoint: 711400 ns, At safepoint: 75200 ns, Total: 786600 ns
[2020-09-05T09:06:45.094+0000][8][safepoint    ] Safepoint "Cleanup", Time since last: 1001104500 ns, Reaching safepoint: 481600 ns, At safepoint: 45900 ns, Total: 527500 ns
[2020-09-05T09:06:46.096+0000][8][safepoint    ] Safepoint "Cleanup", Time since last: 1001208700 ns, Reaching safepoint: 158100 ns, At safepoint: 14400 ns, Total: 172500 ns
[2020-09-05T09:06:47.097+0000][8][safepoint    ] Safepoint "Cleanup", Time since last: 1000888700 ns, Reaching safepoint: 156800 ns, At safepoint: 14500 ns, Total: 171300 ns
[2020-09-05T09:06:48.098+0000][8][safepoint    ] Safepoint "Cleanup", Time since last: 1001088900 ns, Reaching safepoint: 269100 ns, At safepoint: 14000 ns, Total: 283100 ns
[2020-09-05T09:06:49.099+0000][8][safepoint    ] Safepoint "Cleanup", Time since last: 1001314100 ns, Reaching safepoint: 157300 ns, At safepoint: 14200 ns, Total: 171500 ns
[2020-09-05T09:06:50.102+0000][8][safepoint    ] Safepoint "Cleanup", Time since last: 1002773900 ns, Reaching safepoint: 154100 ns, At safepoint: 14300 ns, Total: 168400 ns
[2020-09-05T09:06:51.104+0000][8][safepoint    ] Safepoint "Cleanup", Time since last: 1001134100 ns, Reaching safepoint: 158400 ns, At safepoint: 14500 ns, Total: 172900 ns
[2020-09-05T09:06:52.105+0000][8][safepoint    ] Safepoint "Cleanup", Time since last: 1001184100 ns, Reaching safepoint: 164300 ns, At safepoint: 15200 ns, Total: 179500 ns
[2020-09-05T09:06:53.108+0000][8][safepoint    ] Safepoint "Cleanup", Time since last: 1001487800 ns, Reaching safepoint: 1169800 ns, At safepoint: 56400 ns, Total: 1226200 ns
[2020-09-05T09:06:54.110+0000][8][safepoint    ] Safepoint "Cleanup", Time since last: 1001976300 ns, Reaching safepoint: 156100 ns, At safepoint: 14300 ns, Total: 170400 ns
[2020-09-05T09:06:55.113+0000][8][safepoint    ] Safepoint "Cleanup", Time since last: 1002099300 ns, Reaching safepoint: 434800 ns, At safepoint: 62600 ns, Total: 497400 ns
[2020-09-05T09:06:56.115+0000][8][safepoint    ] Safepoint "Cleanup", Time since last: 1001761100 ns, Reaching safepoint: 154600 ns, At safepoint: 46200 ns, Total: 200800 ns
[2020-09-05T09:06:57.117+0000][8][safepoint    ] Safepoint "Cleanup", Time since last: 1002757600 ns, Reaching safepoint: 161400 ns, At safepoint: 14200 ns, Total: 175600 ns
[2020-09-05T09:06:58.119+0000][8][safepoint    ] Safepoint "Cleanup", Time since last: 1000933100 ns, Reaching safepoint: 158000 ns, At safepoint: 12400 ns, Total: 170400 ns
[2020-09-05T09:06:59.120+0000][8][safepoint    ] Safepoint "Cleanup", Time since last: 1000854300 ns, Reaching safepoint: 354400 ns, At safepoint: 21300 ns, Total: 375700 ns
[2020-09-05T09:07:00.088+0000][8][safepoint    ] Safepoint "Cleanup", Time since last: 1001104600 ns, Reaching safepoint: 146000 ns, At safepoint: 13400 ns, Total: 159400 ns
[2020-09-05T09:07:01.089+0000][8][safepoint    ] Safepoint "Cleanup", Time since last: 1000906700 ns, Reaching safepoint: 144400 ns, At safepoint: 12900 ns, Total: 157300 ns
[2020-09-05T09:07:02.091+0000][8][safepoint    ] Safepoint "Cleanup", Time since last: 1001941700 ns, Reaching safepoint: 414100 ns, At safepoint: 24200 ns, Total: 438300 ns
[2020-09-05T09:07:03.093+0000][8][safepoint    ] Safepoint "Cleanup", Time since last: 1001417900 ns, Reaching safepoint: 438600 ns, At safepoint: 26300 ns, Total: 464900 ns
[2020-09-05T09:07:04.095+0000][8][safepoint    ] Safepoint "Cleanup", Time since last: 1001486000 ns, Reaching safepoint: 406800 ns, At safepoint: 18800 ns, Total: 425600 ns
[2020-09-05T09:07:05.097+0000][8][safepoint    ] Safepoint "Cleanup", Time since last: 1001421600 ns, Reaching safepoint: 486800 ns, At safepoint: 19800 ns, Total: 506600 ns
[2020-09-05T09:07:06.099+0000][8][safepoint    ] Safepoint "Cleanup", Time since last: 1001436100 ns, Reaching safepoint: 822600 ns, At safepoint: 22000 ns, Total: 844600 ns
[2020-09-05T09:07:07.102+0000][8][safepoint    ] Safepoint "Cleanup", Time since last: 1002260600 ns, Reaching safepoint: 378200 ns, At safepoint: 20000 ns, Total: 398200 ns
[2020-09-05T09:07:08.103+0000][8][safepoint    ] Safepoint "Cleanup", Time since last: 1001562900 ns, Reaching safepoint: 256200 ns, At safepoint: 14500 ns, Total: 270700 ns
[2020-09-05T09:07:09.106+0000][8][safepoint    ] Safepoint "Cleanup", Time since last: 1002392600 ns, Reaching safepoint: 156100 ns, At safepoint: 14300 ns, Total: 170400 ns
[2020-09-05T09:07:10.108+0000][8][safepoint    ] Safepoint "Cleanup", Time since last: 1001438600 ns, Reaching safepoint: 154500 ns, At safepoint: 14400 ns, Total: 168900 ns
[2020-09-05T09:07:11.109+0000][8][safepoint    ] Safepoint "Cleanup", Time since last: 1001415200 ns, Reaching safepoint: 148900 ns, At safepoint: 13400 ns, Total: 162300 ns
[2020-09-05T09:07:12.111+0000][8][safepoint    ] Safepoint "Cleanup", Time since last: 1001174800 ns, Reaching safepoint: 169000 ns, At safepoint: 15000 ns, Total: 184000 ns
[2020-09-05T09:07:13.113+0000][8][safepoint    ] Safepoint "Cleanup", Time since last: 1001612600 ns, Reaching safepoint: 535300 ns, At safepoint: 15400 ns, Total: 550700 ns
[2020-09-05T09:07:14.115+0000][8][safepoint    ] Safepoint "Cleanup", Time since last: 1001593000 ns, Reaching safepoint: 426400 ns, At safepoint: 19400 ns, Total: 445800 ns
[2020-09-05T09:07:15.118+0000][8][safepoint    ] Safepoint "Cleanup", Time since last: 1002694900 ns, Reaching safepoint: 299700 ns, At safepoint: 20000 ns, Total: 319700 ns
[2020-09-05T09:07:16.119+0000][8][safepoint    ] Safepoint "Cleanup", Time since last: 1000824300 ns, Reaching safepoint: 248500 ns, At safepoint: 16600 ns, Total: 265100 ns
[2020-09-05T09:07:17.120+0000][8][safepoint    ] Safepoint "Cleanup", Time since last: 1000697700 ns, Reaching safepoint: 205700 ns, At safepoint: 14800 ns, Total: 220500 ns
[2020-09-05T09:07:18.121+0000][8][safepoint    ] Safepoint "Cleanup", Time since last: 1000929000 ns, Reaching safepoint: 177800 ns, At safepoint: 13500 ns, Total: 191300 ns
[2020-09-05T09:07:19.122+0000][8][safepoint    ] Safepoint "Cleanup", Time since last: 1000644800 ns, Reaching safepoint: 185200 ns, At safepoint: 14900 ns, Total: 200100 ns
[2020-09-05T09:07:20.125+0000][8][safepoint    ] Safepoint "Cleanup", Time since last: 1002264100 ns, Reaching safepoint: 437100 ns, At safepoint: 21300 ns, Total: 458400 ns
[2020-09-05T09:07:21.128+0000][8][safepoint    ] Safepoint "Cleanup", Time since last: 1002715700 ns, Reaching safepoint: 473000 ns, At safepoint: 13800 ns, Total: 486800 ns
[2020-09-05T09:07:22.132+0000][8][safepoint    ] Safepoint "Cleanup", Time since last: 1003476300 ns, Reaching safepoint: 352600 ns, At safepoint: 17500 ns, Total: 370100 ns
[2020-09-05T09:07:23.134+0000][8][safepoint    ] Safepoint "Cleanup", Time since last: 1001828100 ns, Reaching safepoint: 579700 ns, At safepoint: 37800 ns, Total: 617500 ns
[2020-09-05T09:07:24.138+0000][8][safepoint    ] Safepoint "Cleanup", Time since last: 1003943600 ns, Reaching safepoint: 206500 ns, At safepoint: 17000 ns, Total: 223500 ns
[2020-09-05T09:07:25.140+0000][8][safepoint    ] Safepoint "Cleanup", Time since last: 1001694900 ns, Reaching safepoint: 218200 ns, At safepoint: 9600 ns, Total: 227800 ns
[2020-09-05T09:07:26.148+0000][8][safepoint    ] Safepoint "Cleanup", Time since last: 1007078400 ns, Reaching safepoint: 620100 ns, At safepoint: 51400 ns, Total: 671500 ns
[2020-09-05T09:07:27.196+0000][8][safepoint    ] Safepoint "Cleanup", Time since last: 1042741600 ns, Reaching safepoint: 5761400 ns, At safepoint: 29500 ns, Total: 5790900 ns
[2020-09-05T09:07:28.205+0000][8][safepoint    ] Safepoint "Cleanup", Time since last: 1008141600 ns, Reaching safepoint: 185300 ns, At safepoint: 14300 ns, Total: 199600 ns
[2020-09-05T09:07:29.207+0000][8][safepoint    ] Safepoint "Cleanup", Time since last: 1001881100 ns, Reaching safepoint: 186500 ns, At safepoint: 17100 ns, Total: 203600 ns
[2020-09-05T09:07:30.175+0000][8][safepoint    ] Safepoint "Cleanup", Time since last: 1001801100 ns, Reaching safepoint: 350200 ns, At safepoint: 29000 ns, Total: 379200 ns
[2020-09-05T09:07:31.181+0000][8][safepoint    ] Safepoint "Cleanup", Time since last: 1006438000 ns, Reaching safepoint: 271000 ns, At safepoint: 19800 ns, Total: 290800 ns
[2020-09-05T09:07:32.185+0000][8][safepoint    ] Safepoint "Cleanup", Time since last: 1003046200 ns, Reaching safepoint: 189900 ns, At safepoint: 17300 ns, Total: 207200 ns
[2020-09-05T09:07:33.186+0000][8][safepoint    ] Safepoint "Cleanup", Time since last: 1001377100 ns, Reaching safepoint: 271100 ns, At safepoint: 25100 ns, Total: 296200 ns
[2020-09-05T09:07:34.188+0000][8][safepoint    ] Safepoint "Cleanup", Time since last: 1001672300 ns, Reaching safepoint: 269400 ns, At safepoint: 12600 ns, Total: 282000 ns
[2020-09-05T09:07:35.189+0000][8][safepoint    ] Safepoint "Cleanup", Time since last: 1000919500 ns, Reaching safepoint: 184300 ns, At safepoint: 13900 ns, Total: 198200 ns
[2020-09-05T09:07:36.193+0000][8][safepoint    ] Safepoint "Cleanup", Time since last: 1002480700 ns, Reaching safepoint: 416500 ns, At safepoint: 486300 ns, Total: 902800 ns
[2020-09-05T09:07:36.918+0000][8][safepoint    ] Safepoint "BulkRevokeBias", Time since last: 724282200 ns, Reaching safepoint: 292100 ns, At safepoint: 1018300 ns, Total: 1310400 ns
[2020-09-05T09:07:37.993+0000][8][safepoint    ] Safepoint "Cleanup", Time since last: 1074211700 ns, Reaching safepoint: 578200 ns, At safepoint: 44300 ns, Total: 622500 ns
[2020-09-05T09:07:39.044+0000][8][safepoint    ] Safepoint "Cleanup", Time since last: 1050091400 ns, Reaching safepoint: 494500 ns, At safepoint: 9500 ns, Total: 504000 ns
[2020-09-05T09:07:39.697+0000][8][gc,start     ] GC(27) Pause Young (Normal) (G1 Evacuation Pause)
[2020-09-05T09:07:39.698+0000][8][gc,task      ] GC(27) Using 2 workers of 2 for evacuation
[2020-09-05T09:07:39.699+0000][8][gc,age       ] GC(27) Desired survivor size 18874368 bytes, new threshold 15 (max threshold 15)
[2020-09-05T09:07:39.752+0000][8][gc,age       ] GC(27) Age table with threshold 15 (max threshold 15)
[2020-09-05T09:07:39.752+0000][8][gc,age       ] GC(27) - age   1:    3370304 bytes,    3370304 total
[2020-09-05T09:07:39.753+0000][8][gc,age       ] GC(27) - age   2:     517032 bytes,    3887336 total
[2020-09-05T09:07:39.753+0000][8][gc,age       ] GC(27) - age   3:     266496 bytes,    4153832 total
[2020-09-05T09:07:39.754+0000][8][gc,age       ] GC(27) - age   4:      23944 bytes,    4177776 total
[2020-09-05T09:07:39.754+0000][8][gc,age       ] GC(27) - age   5:     736600 bytes,    4914376 total
[2020-09-05T09:07:39.754+0000][8][gc,age       ] GC(27) - age   6:     543704 bytes,    5458080 total
[2020-09-05T09:07:39.755+0000][8][gc,age       ] GC(27) - age   7:      86072 bytes,    5544152 total
[2020-09-05T09:07:39.756+0000][8][gc,age       ] GC(27) - age   8:      68168 bytes,    5612320 total
[2020-09-05T09:07:39.756+0000][8][gc,age       ] GC(27) - age   9:    4087360 bytes,    9699680 total
[2020-09-05T09:07:39.756+0000][8][gc,phases    ] GC(27)   Pre Evacuate Collection Set: 0.3ms
[2020-09-05T09:07:39.757+0000][8][gc,phases    ] GC(27)   Merge Heap Roots: 0.4ms
[2020-09-05T09:07:39.757+0000][8][gc,phases    ] GC(27)   Evacuate Collection Set: 46.0ms
[2020-09-05T09:07:39.758+0000][8][gc,phases    ] GC(27)   Post Evacuate Collection Set: 5.8ms
[2020-09-05T09:07:39.758+0000][8][gc,phases    ] GC(27)   Other: 6.6ms
[2020-09-05T09:07:39.759+0000][8][gc,heap      ] GC(27) Eden regions: 278->0(278)
[2020-09-05T09:07:39.759+0000][8][gc,heap      ] GC(27) Survivor regions: 9->10(36)
[2020-09-05T09:07:39.759+0000][8][gc,heap      ] GC(27) Old regions: 70->70
[2020-09-05T09:07:39.760+0000][8][gc,heap      ] GC(27) Archive regions: 2->2
[2020-09-05T09:07:39.760+0000][8][gc,heap      ] GC(27) Humongous regions: 7->7
[2020-09-05T09:07:39.761+0000][8][gc,metaspace ] GC(27) Metaspace: 102225K(110456K)->102225K(110456K) NonClass: 88752K(93560K)->88752K(93560K) Class: 13472K(16896K)->13472K(16896K)
[2020-09-05T09:07:39.761+0000][8][gc           ] GC(27) Pause Young (Normal) (G1 Evacuation Pause) 363M->86M(512M) 63.912ms
[2020-09-05T09:07:39.762+0000][8][gc,cpu       ] GC(27) User=0.08s Sys=0.01s Real=0.06s
[2020-09-05T09:07:39.762+0000][8][safepoint    ] Safepoint "G1CollectForAllocation", Time since last: 653262300 ns, Reaching safepoint: 216000 ns, At safepoint: 65052800 ns, Total: 65268800 ns
[2020-09-05T09:07:39.849+0000][8][safepoint    ] Safepoint "BulkRevokeBias", Time since last: 86126100 ns, Reaching safepoint: 153900 ns, At safepoint: 326900 ns, Total: 480800 ns
[2020-09-05T09:07:41.407+0000][8][safepoint    ] Safepoint "Cleanup", Time since last: 1557873200 ns, Reaching safepoint: 518000 ns, At safepoint: 18300 ns, Total: 536300 ns
[2020-09-05T09:07:42.409+0000][8][safepoint    ] Safepoint "Cleanup", Time since last: 1001110200 ns, Reaching safepoint: 271500 ns, At safepoint: 17800 ns, Total: 289300 ns
[2020-09-05T09:07:43.411+0000][8][safepoint    ] Safepoint "Cleanup", Time since last: 1001450700 ns, Reaching safepoint: 627300 ns, At safepoint: 18700 ns, Total: 646000 ns
[2020-09-05T09:07:44.422+0000][8][safepoint    ] Safepoint "Cleanup", Time since last: 1010980100 ns, Reaching safepoint: 299700 ns, At safepoint: 51900 ns, Total: 351600 ns
[2020-09-05T09:07:45.424+0000][8][safepoint    ] Safepoint "Cleanup", Time since last: 1001462800 ns, Reaching safepoint: 476200 ns, At safepoint: 32900 ns, Total: 509100 ns
[2020-09-05T09:07:46.429+0000][8][safepoint    ] Safepoint "Cleanup", Time since last: 1004943200 ns, Reaching safepoint: 179100 ns, At safepoint: 14300 ns, Total: 193400 ns
[2020-09-05T09:07:47.431+0000][8][safepoint    ] Safepoint "Cleanup", Time since last: 1000996000 ns, Reaching safepoint: 238800 ns, At safepoint: 16700 ns, Total: 255500 ns
[2020-09-05T09:07:48.433+0000][8][safepoint    ] Safepoint "Cleanup", Time since last: 1001862700 ns, Reaching safepoint: 709900 ns, At safepoint: 18200 ns, Total: 728100 ns
[2020-09-05T09:07:49.435+0000][8][safepoint    ] Safepoint "Cleanup", Time since last: 1001618400 ns, Reaching safepoint: 184300 ns, At safepoint: 14300 ns, Total: 198600 ns
[2020-09-05T09:07:50.438+0000][8][safepoint    ] Safepoint "Cleanup", Time since last: 1002478500 ns, Reaching safepoint: 471400 ns, At safepoint: 31300 ns, Total: 502700 ns
[2020-09-05T09:07:51.459+0000][8][safepoint    ] Safepoint "Cleanup", Time since last: 1020561000 ns, Reaching safepoint: 730900 ns, At safepoint: 33700 ns, Total: 764600 ns
[2020-09-05T09:07:52.461+0000][8][safepoint    ] Safepoint "Cleanup", Time since last: 1001118700 ns, Reaching safepoint: 355300 ns, At safepoint: 18900 ns, Total: 374200 ns
[2020-09-05T09:07:53.464+0000][8][safepoint    ] Safepoint "Cleanup", Time since last: 1001994600 ns, Reaching safepoint: 1148700 ns, At safepoint: 209700 ns, Total: 1358400 ns
[2020-09-05T09:07:54.466+0000][8][safepoint    ] Safepoint "Cleanup", Time since last: 1001387100 ns, Reaching safepoint: 218900 ns, At safepoint: 15700 ns, Total: 234600 ns
[2020-09-05T09:07:55.467+0000][8][safepoint    ] Safepoint "Cleanup", Time since last: 1000956700 ns, Reaching safepoint: 378500 ns, At safepoint: 19500 ns, Total: 398000 ns
[2020-09-05T09:07:56.484+0000][8][safepoint    ] Safepoint "Cleanup", Time since last: 1011508500 ns, Reaching safepoint: 5512400 ns, At safepoint: 25300 ns, Total: 5537700 ns
[2020-09-05T09:07:57.495+0000][8][safepoint    ] Safepoint "Cleanup", Time since last: 1010675000 ns, Reaching safepoint: 160100 ns, At safepoint: 26100 ns, Total: 186200 ns
[2020-09-05T09:07:58.511+0000][8][safepoint    ] Safepoint "Cleanup", Time since last: 1013846800 ns, Reaching safepoint: 1417900 ns, At safepoint: 153300 ns, Total: 1571200 ns
[2020-09-05T09:07:59.513+0000][8][safepoint    ] Safepoint "Cleanup", Time since last: 1001906800 ns, Reaching safepoint: 365100 ns, At safepoint: 21100 ns, Total: 386200 ns
[2020-09-05T09:08:00.490+0000][8][safepoint    ] Safepoint "Cleanup", Time since last: 1010321900 ns, Reaching safepoint: 197500 ns, At safepoint: 14200 ns, Total: 211700 ns
[2020-09-05T09:08:01.500+0000][8][safepoint    ] Safepoint "Cleanup", Time since last: 1010237800 ns, Reaching safepoint: 192500 ns, At safepoint: 15900 ns, Total: 208400 ns
[2020-09-05T09:08:02.858+0000][8][safepoint    ] Safepoint "Cleanup", Time since last: 1348383600 ns, Reaching safepoint: 9191600 ns, At safepoint: 26600 ns, Total: 9218200 ns
[2020-09-05T09:08:03.859+0000][8][safepoint    ] Safepoint "Cleanup", Time since last: 1001393400 ns, Reaching safepoint: 158200 ns, At safepoint: 16900 ns, Total: 175100 ns
[2020-09-05T09:08:04.861+0000][8][safepoint    ] Safepoint "Cleanup", Time since last: 1000837700 ns, Reaching safepoint: 282800 ns, At safepoint: 11400 ns, Total: 294200 ns
[2020-09-05T09:08:05.863+0000][8][safepoint    ] Safepoint "Cleanup", Time since last: 1001897100 ns, Reaching safepoint: 646000 ns, At safepoint: 13800 ns, Total: 659800 ns
[2020-09-05T09:08:06.865+0000][8][safepoint    ] Safepoint "Cleanup", Time since last: 1001898200 ns, Reaching safepoint: 281200 ns, At safepoint: 23900 ns, Total: 305100 ns
[2020-09-05T09:08:07.869+0000][8][safepoint    ] Safepoint "Cleanup", Time since last: 1003457700 ns, Reaching safepoint: 233400 ns, At safepoint: 12700 ns, Total: 246100 ns
[2020-09-05T09:08:08.871+0000][8][safepoint    ] Safepoint "Cleanup", Time since last: 1001397900 ns, Reaching safepoint: 318800 ns, At safepoint: 15800 ns, Total: 334600 ns
[2020-09-05T09:08:09.872+0000][8][safepoint    ] Safepoint "Cleanup", Time since last: 1001296700 ns, Reaching safepoint: 194900 ns, At safepoint: 14500 ns, Total: 209400 ns
[2020-09-05T09:08:10.874+0000][8][safepoint    ] Safepoint "Cleanup", Time since last: 1001342300 ns, Reaching safepoint: 230000 ns, At safepoint: 16200 ns, Total: 246200 ns
[2020-09-05T09:08:11.875+0000][8][safepoint    ] Safepoint "Cleanup", Time since last: 1000966700 ns, Reaching safepoint: 522000 ns, At safepoint: 49500 ns, Total: 571500 ns
[2020-09-05T09:08:12.878+0000][8][safepoint    ] Safepoint "Cleanup", Time since last: 1001854300 ns, Reaching safepoint: 310500 ns, At safepoint: 17400 ns, Total: 327900 ns
[2020-09-05T09:08:13.879+0000][8][safepoint    ] Safepoint "Cleanup", Time since last: 1001095100 ns, Reaching safepoint: 148800 ns, At safepoint: 13100 ns, Total: 161900 ns
[2020-09-05T09:08:14.880+0000][8][safepoint    ] Safepoint "Cleanup", Time since last: 1001002600 ns, Reaching safepoint: 151300 ns, At safepoint: 14100 ns, Total: 165400 ns
[2020-09-05T09:08:15.882+0000][8][safepoint    ] Safepoint "Cleanup", Time since last: 1002292700 ns, Reaching safepoint: 156700 ns, At safepoint: 14400 ns, Total: 171100 ns
[2020-09-05T09:08:16.886+0000][8][safepoint    ] Safepoint "Cleanup", Time since last: 1002806000 ns, Reaching safepoint: 548000 ns, At safepoint: 17700 ns, Total: 565700 ns
[2020-09-05T09:08:17.888+0000][8][safepoint    ] Safepoint "Cleanup", Time since last: 1001553100 ns, Reaching safepoint: 267100 ns, At safepoint: 11700 ns, Total: 278800 ns
[2020-09-05T09:08:18.889+0000][8][safepoint    ] Safepoint "Cleanup", Time since last: 1000956600 ns, Reaching safepoint: 182800 ns, At safepoint: 14800 ns, Total: 197600 ns
[2020-09-05T09:08:19.890+0000][8][safepoint    ] Safepoint "Cleanup", Time since last: 1001201100 ns, Reaching safepoint: 161200 ns, At safepoint: 14200 ns, Total: 175400 ns
[2020-09-05T09:08:20.892+0000][8][safepoint    ] Safepoint "Cleanup", Time since last: 1001766800 ns, Reaching safepoint: 164500 ns, At safepoint: 14400 ns, Total: 178900 ns
[2020-09-05T09:08:21.894+0000][8][safepoint    ] Safepoint "Cleanup", Time since last: 1001072100 ns, Reaching safepoint: 551800 ns, At safepoint: 42300 ns, Total: 594100 ns
[2020-09-05T09:08:22.895+0000][8][safepoint    ] Safepoint "Cleanup", Time since last: 1001178300 ns, Reaching safepoint: 155500 ns, At safepoint: 14200 ns, Total: 169700 ns
[2020-09-05T09:08:23.897+0000][8][safepoint    ] Safepoint "Cleanup", Time since last: 1001196600 ns, Reaching safepoint: 252700 ns, At safepoint: 104900 ns, Total: 357600 ns
[2020-09-05T09:08:24.902+0000][8][safepoint    ] Safepoint "Cleanup", Time since last: 1004119700 ns, Reaching safepoint: 622000 ns, At safepoint: 23700 ns, Total: 645700 ns
[2020-09-05T09:08:25.904+0000][8][safepoint    ] Safepoint "Cleanup", Time since last: 1002202100 ns, Reaching safepoint: 152300 ns, At safepoint: 14300 ns, Total: 166600 ns
[2020-09-05T09:08:26.906+0000][8][safepoint    ] Safepoint "Cleanup", Time since last: 1001667400 ns, Reaching safepoint: 298300 ns, At safepoint: 14300 ns, Total: 312600 ns
[2020-09-05T09:08:27.907+0000][8][safepoint    ] Safepoint "Cleanup", Time since last: 1000975200 ns, Reaching safepoint: 159700 ns, At safepoint: 13700 ns, Total: 173400 ns
[2020-09-05T09:08:28.908+0000][8][safepoint    ] Safepoint "Cleanup", Time since last: 1000979400 ns, Reaching safepoint: 154400 ns, At safepoint: 14600 ns, Total: 169000 ns
[2020-09-05T09:08:29.911+0000][8][safepoint    ] Safepoint "Cleanup", Time since last: 1002715000 ns, Reaching safepoint: 163900 ns, At safepoint: 14800 ns, Total: 178700 ns
[2020-09-05T09:08:30.879+0000][8][safepoint    ] Safepoint "Cleanup", Time since last: 1001956300 ns, Reaching safepoint: 169400 ns, At safepoint: 14100 ns, Total: 183500 ns
[2020-09-05T09:08:31.881+0000][8][safepoint    ] Safepoint "Cleanup", Time since last: 1001254900 ns, Reaching safepoint: 373900 ns, At safepoint: 19000 ns, Total: 392900 ns
[2020-09-05T09:08:32.883+0000][8][safepoint    ] Safepoint "Cleanup", Time since last: 1001878000 ns, Reaching safepoint: 163800 ns, At safepoint: 14000 ns, Total: 177800 ns
[2020-09-05T09:08:33.884+0000][8][safepoint    ] Safepoint "Cleanup", Time since last: 1001090800 ns, Reaching safepoint: 150200 ns, At safepoint: 13400 ns, Total: 163600 ns
[2020-09-05T09:08:34.886+0000][8][safepoint    ] Safepoint "Cleanup", Time since last: 1001085000 ns, Reaching safepoint: 325900 ns, At safepoint: 25900 ns, Total: 351800 ns
[2020-09-05T09:08:35.888+0000][8][safepoint    ] Safepoint "Cleanup", Time since last: 1001897500 ns, Reaching safepoint: 331400 ns, At safepoint: 13600 ns, Total: 345000 ns
[2020-09-05T09:08:36.889+0000][8][safepoint    ] Safepoint "Cleanup", Time since last: 1000975400 ns, Reaching safepoint: 152900 ns, At safepoint: 12500 ns, Total: 165400 ns
[2020-09-05T09:08:37.892+0000][8][safepoint    ] Safepoint "Cleanup", Time since last: 1002692000 ns, Reaching safepoint: 398100 ns, At safepoint: 16100 ns, Total: 414200 ns
[2020-09-05T09:08:38.893+0000][8][safepoint    ] Safepoint "Cleanup", Time since last: 1000827600 ns, Reaching safepoint: 148400 ns, At safepoint: 13300 ns, Total: 161700 ns
[2020-09-05T09:08:39.898+0000][8][safepoint    ] Safepoint "Cleanup", Time since last: 1003458700 ns, Reaching safepoint: 943800 ns, At safepoint: 49900 ns, Total: 993700 ns
[2020-09-05T09:08:40.430+0000][8][safepoint    ] Safepoint "BulkRevokeBias", Time since last: 531609100 ns, Reaching safepoint: 339600 ns, At safepoint: 785900 ns, Total: 1125500 ns
[2020-09-05T09:08:41.657+0000][8][safepoint    ] Safepoint "Cleanup", Time since last: 1226148900 ns, Reaching safepoint: 309800 ns, At safepoint: 84300 ns, Total: 394100 ns
[2020-09-05T09:08:42.834+0000][8][safepoint    ] Safepoint "Cleanup", Time since last: 1176795800 ns, Reaching safepoint: 241900 ns, At safepoint: 16000 ns, Total: 257900 ns
[2020-09-05T09:08:43.836+0000][8][safepoint    ] Safepoint "Cleanup", Time since last: 1001960500 ns, Reaching safepoint: 257700 ns, At safepoint: 18900 ns, Total: 276600 ns
[2020-09-05T09:08:44.839+0000][8][safepoint    ] Safepoint "Cleanup", Time since last: 1002572300 ns, Reaching safepoint: 297700 ns, At safepoint: 27100 ns, Total: 324800 ns
[2020-09-05T09:08:45.841+0000][8][safepoint    ] Safepoint "Cleanup", Time since last: 1001791300 ns, Reaching safepoint: 221900 ns, At safepoint: 12900 ns, Total: 234800 ns
[2020-09-05T09:08:46.843+0000][8][safepoint    ] Safepoint "Cleanup", Time since last: 1001240200 ns, Reaching safepoint: 147200 ns, At safepoint: 12500 ns, Total: 159700 ns
[2020-09-05T09:08:47.846+0000][8][safepoint    ] Safepoint "Cleanup", Time since last: 1002010700 ns, Reaching safepoint: 1329800 ns, At safepoint: 35900 ns, Total: 1365700 ns
[2020-09-05T09:08:48.848+0000][8][safepoint    ] Safepoint "Cleanup", Time since last: 1002350100 ns, Reaching safepoint: 154300 ns, At safepoint: 14200 ns, Total: 168500 ns
[2020-09-05T09:08:49.850+0000][8][safepoint    ] Safepoint "Cleanup", Time since last: 1001415300 ns, Reaching safepoint: 273100 ns, At safepoint: 13800 ns, Total: 286900 ns
[2020-09-05T09:08:50.851+0000][8][safepoint    ] Safepoint "Cleanup", Time since last: 1000987700 ns, Reaching safepoint: 233200 ns, At safepoint: 23400 ns, Total: 256600 ns
[2020-09-05T09:08:51.853+0000][8][safepoint    ] Safepoint "Cleanup", Time since last: 1001505900 ns, Reaching safepoint: 276500 ns, At safepoint: 19400 ns, Total: 295900 ns
[2020-09-05T09:08:52.855+0000][8][safepoint    ] Safepoint "Cleanup", Time since last: 1001019600 ns, Reaching safepoint: 307800 ns, At safepoint: 18800 ns, Total: 326600 ns
[2020-09-05T09:08:53.859+0000][8][safepoint    ] Safepoint "Cleanup", Time since last: 1003857900 ns, Reaching safepoint: 187800 ns, At safepoint: 16700 ns, Total: 204500 ns
[2020-09-05T09:08:54.860+0000][8][safepoint    ] Safepoint "Cleanup", Time since last: 1001398700 ns, Reaching safepoint: 178400 ns, At safepoint: 13400 ns, Total: 191800 ns
[2020-09-05T09:08:55.861+0000][8][safepoint    ] Safepoint "Cleanup", Time since last: 1000979800 ns, Reaching safepoint: 174900 ns, At safepoint: 13500 ns, Total: 188400 ns
[2020-09-05T09:08:56.863+0000][8][safepoint    ] Safepoint "Cleanup", Time since last: 1001296100 ns, Reaching safepoint: 481700 ns, At safepoint: 29100 ns, Total: 510800 ns
[2020-09-05T09:08:57.866+0000][8][safepoint    ] Safepoint "Cleanup", Time since last: 1002885900 ns, Reaching safepoint: 387000 ns, At safepoint: 21100 ns, Total: 408100 ns
[2020-09-05T09:08:58.905+0000][8][safepoint    ] Safepoint "Cleanup", Time since last: 1037816300 ns, Reaching safepoint: 245800 ns, At safepoint: 24500 ns, Total: 270300 ns
[2020-09-05T09:08:59.908+0000][8][safepoint    ] Safepoint "Cleanup", Time since last: 1002971500 ns, Reaching safepoint: 418300 ns, At safepoint: 28000 ns, Total: 446300 ns
[2020-09-05T09:09:00.878+0000][8][safepoint    ] Safepoint "Cleanup", Time since last: 1002397800 ns, Reaching safepoint: 575400 ns, At safepoint: 32500 ns, Total: 607900 ns
[2020-09-05T09:09:01.880+0000][8][safepoint    ] Safepoint "Cleanup", Time since last: 1001879900 ns, Reaching safepoint: 183200 ns, At safepoint: 17500 ns, Total: 200700 ns
[2020-09-05T09:09:02.882+0000][8][safepoint    ] Safepoint "Cleanup", Time since last: 1001536200 ns, Reaching safepoint: 502300 ns, At safepoint: 57900 ns, Total: 560200 ns
[2020-09-05T09:09:03.884+0000][8][safepoint    ] Safepoint "Cleanup", Time since last: 1002169400 ns, Reaching safepoint: 157100 ns, At safepoint: 10300 ns, Total: 167400 ns
[2020-09-05T09:09:04.886+0000][8][safepoint    ] Safepoint "Cleanup", Time since last: 1001193800 ns, Reaching safepoint: 618400 ns, At safepoint: 14400 ns, Total: 632800 ns
[2020-09-05T09:09:05.888+0000][8][safepoint    ] Safepoint "Cleanup", Time since last: 1001662700 ns, Reaching safepoint: 273800 ns, At safepoint: 18600 ns, Total: 292400 ns
[2020-09-05T09:09:06.890+0000][8][safepoint    ] Safepoint "Cleanup", Time since last: 1001335800 ns, Reaching safepoint: 379300 ns, At safepoint: 17400 ns, Total: 396700 ns
[2020-09-05T09:09:07.892+0000][8][safepoint    ] Safepoint "Cleanup", Time since last: 1001518600 ns, Reaching safepoint: 388500 ns, At safepoint: 15900 ns, Total: 404400 ns
[2020-09-05T09:09:08.894+0000][8][safepoint    ] Safepoint "Cleanup", Time since last: 1001957400 ns, Reaching safepoint: 263100 ns, At safepoint: 18000 ns, Total: 281100 ns
[2020-09-05T09:09:09.895+0000][8][safepoint    ] Safepoint "Cleanup", Time since last: 1001160800 ns, Reaching safepoint: 475900 ns, At safepoint: 34900 ns, Total: 510800 ns
[2020-09-05T09:09:10.897+0000][8][safepoint    ] Safepoint "Cleanup", Time since last: 1001444000 ns, Reaching safepoint: 255300 ns, At safepoint: 24900 ns, Total: 280200 ns
[2020-09-05T09:09:11.900+0000][8][safepoint    ] Safepoint "Cleanup", Time since last: 1002084400 ns, Reaching safepoint: 620500 ns, At safepoint: 40200 ns, Total: 660700 ns
[2020-09-05T09:09:12.902+0000][8][safepoint    ] Safepoint "Cleanup", Time since last: 1001204200 ns, Reaching safepoint: 360400 ns, At safepoint: 16800 ns, Total: 377200 ns
[2020-09-05T09:09:13.904+0000][8][safepoint    ] Safepoint "Cleanup", Time since last: 1001720100 ns, Reaching safepoint: 517200 ns, At safepoint: 20000 ns, Total: 537200 ns
[2020-09-05T09:09:14.905+0000][8][safepoint    ] Safepoint "Cleanup", Time since last: 1000863000 ns, Reaching safepoint: 789600 ns, At safepoint: 29900 ns, Total: 819500 ns
[2020-09-05T09:09:15.907+0000][8][safepoint    ] Safepoint "Cleanup", Time since last: 1001511100 ns, Reaching safepoint: 431500 ns, At safepoint: 27500 ns, Total: 459000 ns
[2020-09-05T09:09:16.909+0000][8][safepoint    ] Safepoint "Cleanup", Time since last: 1001387900 ns, Reaching safepoint: 479800 ns, At safepoint: 34900 ns, Total: 514700 ns
[2020-09-05T09:09:17.914+0000][8][safepoint    ] Safepoint "Cleanup", Time since last: 1003764100 ns, Reaching safepoint: 662700 ns, At safepoint: 53200 ns, Total: 715900 ns
[2020-09-05T09:09:18.931+0000][8][safepoint    ] Safepoint "Cleanup", Time since last: 1016559000 ns, Reaching safepoint: 365000 ns, At safepoint: 18100 ns, Total: 383100 ns
[2020-09-05T09:09:19.933+0000][8][safepoint    ] Safepoint "Cleanup", Time since last: 1001899000 ns, Reaching safepoint: 157500 ns, At safepoint: 14200 ns, Total: 171700 ns
[2020-09-05T09:09:20.935+0000][8][safepoint    ] Safepoint "Cleanup", Time since last: 1001458400 ns, Reaching safepoint: 264700 ns, At safepoint: 13600 ns, Total: 278300 ns
[2020-09-05T09:09:21.936+0000][8][safepoint    ] Safepoint "Cleanup", Time since last: 1001017200 ns, Reaching safepoint: 146800 ns, At safepoint: 13300 ns, Total: 160100 ns
[2020-09-05T09:09:22.937+0000][8][safepoint    ] Safepoint "Cleanup", Time since last: 1001438500 ns, Reaching safepoint: 175800 ns, At safepoint: 157000 ns, Total: 332800 ns
[2020-09-05T09:09:23.939+0000][8][safepoint    ] Safepoint "Cleanup", Time since last: 1001073400 ns, Reaching safepoint: 146500 ns, At safepoint: 14400 ns, Total: 160900 ns
[2020-09-05T09:09:24.941+0000][8][safepoint    ] Safepoint "Cleanup", Time since last: 1001532300 ns, Reaching safepoint: 265100 ns, At safepoint: 21100 ns, Total: 286200 ns
[2020-09-05T09:09:25.944+0000][8][safepoint    ] Safepoint "Cleanup", Time since last: 1003574400 ns, Reaching safepoint: 161900 ns, At safepoint: 14200 ns, Total: 176100 ns
[2020-09-05T09:09:26.947+0000][8][safepoint    ] Safepoint "Cleanup", Time since last: 1002641600 ns, Reaching safepoint: 157300 ns, At safepoint: 14400 ns, Total: 171700 ns
[2020-09-05T09:09:27.949+0000][8][safepoint    ] Safepoint "Cleanup", Time since last: 1001111200 ns, Reaching safepoint: 357700 ns, At safepoint: 14700 ns, Total: 372400 ns
[2020-09-05T09:09:28.950+0000][8][safepoint    ] Safepoint "Cleanup", Time since last: 1001086000 ns, Reaching safepoint: 176400 ns, At safepoint: 13300 ns, Total: 189700 ns
[2020-09-05T09:09:29.952+0000][8][safepoint    ] Safepoint "Cleanup", Time since last: 1001435200 ns, Reaching safepoint: 346700 ns, At safepoint: 13900 ns, Total: 360600 ns
[2020-09-05T09:09:30.929+0000][8][safepoint    ] Safepoint "Cleanup", Time since last: 1004215500 ns, Reaching safepoint: 584300 ns, At safepoint: 29000 ns, Total: 613300 ns
[2020-09-05T09:09:31.939+0000][8][safepoint    ] Safepoint "Cleanup", Time since last: 1005332000 ns, Reaching safepoint: 4702300 ns, At safepoint: 50200 ns, Total: 4752500 ns
[2020-09-05T09:09:32.941+0000][8][safepoint    ] Safepoint "Cleanup", Time since last: 1001926000 ns, Reaching safepoint: 143100 ns, At safepoint: 12600 ns, Total: 155700 ns
[2020-09-05T09:09:33.943+0000][8][safepoint    ] Safepoint "Cleanup", Time since last: 1001522400 ns, Reaching safepoint: 358200 ns, At safepoint: 14100 ns, Total: 372300 ns
[2020-09-05T09:09:34.946+0000][8][safepoint    ] Safepoint "Cleanup", Time since last: 1001498000 ns, Reaching safepoint: 1246800 ns, At safepoint: 31800 ns, Total: 1278600 ns
[2020-09-05T09:09:35.947+0000][8][safepoint    ] Safepoint "Cleanup", Time since last: 1001348100 ns, Reaching safepoint: 297300 ns, At safepoint: 19100 ns, Total: 316400 ns
[2020-09-05T09:09:36.950+0000][8][safepoint    ] Safepoint "Cleanup", Time since last: 1001413700 ns, Reaching safepoint: 819200 ns, At safepoint: 36800 ns, Total: 856000 ns
[2020-09-05T09:09:37.952+0000][8][safepoint    ] Safepoint "Cleanup", Time since last: 1002000100 ns, Reaching safepoint: 311200 ns, At safepoint: 15100 ns, Total: 326300 ns
[2020-09-05T09:09:38.953+0000][8][safepoint    ] Safepoint "Cleanup", Time since last: 1001137600 ns, Reaching safepoint: 250800 ns, At safepoint: 17600 ns, Total: 268400 ns
[2020-09-05T09:09:39.957+0000][8][safepoint    ] Safepoint "Cleanup", Time since last: 1003585000 ns, Reaching safepoint: 276200 ns, At safepoint: 21000 ns, Total: 297200 ns
[2020-09-05T09:09:40.959+0000][8][safepoint    ] Safepoint "Cleanup", Time since last: 1001741000 ns, Reaching safepoint: 284200 ns, At safepoint: 15900 ns, Total: 300100 ns
[2020-09-05T09:09:41.967+0000][8][safepoint    ] Safepoint "Cleanup", Time since last: 1007252200 ns, Reaching safepoint: 580800 ns, At safepoint: 28600 ns, Total: 609400 ns
[2020-09-05T09:09:42.907+0000][8][safepoint    ] Safepoint "BulkRevokeBias", Time since last: 938060300 ns, Reaching safepoint: 843700 ns, At safepoint: 1315200 ns, Total: 2158900 ns
[2020-09-05T09:09:42.983+0000][8][safepoint    ] Safepoint "BulkRevokeBias", Time since last: 74745000 ns, Reaching safepoint: 566600 ns, At safepoint: 450300 ns, Total: 1016900 ns
[2020-09-05T09:09:42.989+0000][8][safepoint    ] Safepoint "BulkRevokeBias", Time since last: 4404000 ns, Reaching safepoint: 1534900 ns, At safepoint: 401000 ns, Total: 1935900 ns
[2020-09-05T09:09:44.011+0000][8][safepoint    ] Safepoint "Cleanup", Time since last: 1006739100 ns, Reaching safepoint: 14492800 ns, At safepoint: 167400 ns, Total: 14660200 ns
[2020-09-05T09:09:45.449+0000][8][safepoint    ] Safepoint "Cleanup", Time since last: 1437308800 ns, Reaching safepoint: 460300 ns, At safepoint: 24800 ns, Total: 485100 ns
[2020-09-05T09:09:46.553+0000][8][safepoint    ] Safepoint "Cleanup", Time since last: 1104600900 ns, Reaching safepoint: 179000 ns, At safepoint: 11700 ns, Total: 190700 ns
[2020-09-05T09:09:47.555+0000][8][safepoint    ] Safepoint "Cleanup", Time since last: 1001173400 ns, Reaching safepoint: 383300 ns, At safepoint: 17400 ns, Total: 400700 ns
[2020-09-05T09:09:48.559+0000][8][safepoint    ] Safepoint "Cleanup", Time since last: 1002168600 ns, Reaching safepoint: 1722300 ns, At safepoint: 33500 ns, Total: 1755800 ns
[2020-09-05T09:09:49.560+0000][8][safepoint    ] Safepoint "Cleanup", Time since last: 1001077400 ns, Reaching safepoint: 147800 ns, At safepoint: 13400 ns, Total: 161200 ns
[2020-09-05T09:09:50.563+0000][8][safepoint    ] Safepoint "Cleanup", Time since last: 1002142300 ns, Reaching safepoint: 848200 ns, At safepoint: 25700 ns, Total: 873900 ns
[2020-09-05T09:09:51.567+0000][8][safepoint    ] Safepoint "Cleanup", Time since last: 1002501100 ns, Reaching safepoint: 1454400 ns, At safepoint: 46100 ns, Total: 1500500 ns
[2020-09-05T09:09:52.571+0000][8][safepoint    ] Safepoint "Cleanup", Time since last: 1003853700 ns, Reaching safepoint: 258000 ns, At safepoint: 33300 ns, Total: 291300 ns
[2020-09-05T09:09:53.585+0000][8][safepoint    ] Safepoint "Cleanup", Time since last: 1012614600 ns, Reaching safepoint: 1047000 ns, At safepoint: 42600 ns, Total: 1089600 ns
[2020-09-05T09:09:54.624+0000][8][safepoint    ] Safepoint "Cleanup", Time since last: 1038195900 ns, Reaching safepoint: 531400 ns, At safepoint: 157300 ns, Total: 688700 ns
[2020-09-05T09:09:55.637+0000][8][safepoint    ] Safepoint "Cleanup", Time since last: 1012891200 ns, Reaching safepoint: 163400 ns, At safepoint: 13500 ns, Total: 176900 ns
[2020-09-05T09:09:56.641+0000][8][safepoint    ] Safepoint "Cleanup", Time since last: 1003157600 ns, Reaching safepoint: 963600 ns, At safepoint: 26200 ns, Total: 989800 ns
[2020-09-05T09:09:57.650+0000][8][safepoint    ] Safepoint "Cleanup", Time since last: 1007446400 ns, Reaching safepoint: 1576600 ns, At safepoint: 45600 ns, Total: 1622200 ns
[2020-09-05T09:09:58.669+0000][8][safepoint    ] Safepoint "Cleanup", Time since last: 1018413700 ns, Reaching safepoint: 442200 ns, At safepoint: 32800 ns, Total: 475000 ns
[2020-09-05T09:09:59.671+0000][8][safepoint    ] Safepoint "Cleanup", Time since last: 1001291700 ns, Reaching safepoint: 272500 ns, At safepoint: 34100 ns, Total: 306600 ns
[2020-09-05T09:10:00.636+0000][8][safepoint    ] Safepoint "Cleanup", Time since last: 1002349800 ns, Reaching safepoint: 239800 ns, At safepoint: 17500 ns, Total: 257300 ns
[2020-09-05T09:10:01.648+0000][8][safepoint    ] Safepoint "Cleanup", Time since last: 1006733300 ns, Reaching safepoint: 393300 ns, At safepoint: 4893600 ns, Total: 5286900 ns
[2020-09-05T09:10:02.717+0000][8][safepoint    ] Safepoint "Cleanup", Time since last: 1068590400 ns, Reaching safepoint: 344300 ns, At safepoint: 40200 ns, Total: 384500 ns
[2020-09-05T09:10:03.719+0000][8][safepoint    ] Safepoint "Cleanup", Time since last: 1001132900 ns, Reaching safepoint: 187100 ns, At safepoint: 32400 ns, Total: 219500 ns
[2020-09-05T09:10:04.720+0000][8][safepoint    ] Safepoint "Cleanup", Time since last: 1000965700 ns, Reaching safepoint: 424200 ns, At safepoint: 9100 ns, Total: 433300 ns
[2020-09-05T09:10:05.722+0000][8][safepoint    ] Safepoint "Cleanup", Time since last: 1001274400 ns, Reaching safepoint: 187600 ns, At safepoint: 84700 ns, Total: 272300 ns
[2020-09-05T09:10:06.723+0000][8][safepoint    ] Safepoint "Cleanup", Time since last: 1001308200 ns, Reaching safepoint: 204300 ns, At safepoint: 11900 ns, Total: 216200 ns
[2020-09-05T09:10:07.725+0000][8][safepoint    ] Safepoint "Cleanup", Time since last: 1001091800 ns, Reaching safepoint: 385000 ns, At safepoint: 18100 ns, Total: 403100 ns
[2020-09-05T09:10:08.727+0000][8][safepoint    ] Safepoint "Cleanup", Time since last: 1001971200 ns, Reaching safepoint: 358700 ns, At safepoint: 16600 ns, Total: 375300 ns
[2020-09-05T09:10:09.745+0000][8][safepoint    ] Safepoint "Cleanup", Time since last: 1003609200 ns, Reaching safepoint: 14115500 ns, At safepoint: 29100 ns, Total: 14144600 ns
[2020-09-05T09:10:10.752+0000][8][safepoint    ] Safepoint "Cleanup", Time since last: 1002942100 ns, Reaching safepoint: 3961700 ns, At safepoint: 69300 ns, Total: 4031000 ns
[2020-09-05T09:10:11.757+0000][8][safepoint    ] Safepoint "Cleanup", Time since last: 1005490400 ns, Reaching safepoint: 170500 ns, At safepoint: 15900 ns, Total: 186400 ns
[2020-09-05T09:10:12.770+0000][8][safepoint    ] Safepoint "Cleanup", Time since last: 1012601700 ns, Reaching safepoint: 312900 ns, At safepoint: 21300 ns, Total: 334200 ns
[2020-09-05T09:10:13.775+0000][8][safepoint    ] Safepoint "Cleanup", Time since last: 1003872300 ns, Reaching safepoint: 1010800 ns, At safepoint: 35100 ns, Total: 1045900 ns
[2020-09-05T09:10:14.782+0000][8][safepoint    ] Safepoint "Cleanup", Time since last: 1004163100 ns, Reaching safepoint: 2319300 ns, At safepoint: 37000 ns, Total: 2356300 ns
[2020-09-05T09:10:15.783+0000][8][safepoint    ] Safepoint "Cleanup", Time since last: 1001284200 ns, Reaching safepoint: 264800 ns, At safepoint: 17700 ns, Total: 282500 ns
[2020-09-05T09:10:16.791+0000][8][safepoint    ] Safepoint "Cleanup", Time since last: 1006831800 ns, Reaching safepoint: 891900 ns, At safepoint: 108100 ns, Total: 1000000 ns
[2020-09-05T09:10:17.799+0000][8][safepoint    ] Safepoint "Cleanup", Time since last: 1007258800 ns, Reaching safepoint: 202400 ns, At safepoint: 16200 ns, Total: 218600 ns
[2020-09-05T09:10:18.800+0000][8][safepoint    ] Safepoint "Cleanup", Time since last: 1001309600 ns, Reaching safepoint: 154400 ns, At safepoint: 14100 ns, Total: 168500 ns
[2020-09-05T09:10:19.802+0000][8][safepoint    ] Safepoint "Cleanup", Time since last: 1001449100 ns, Reaching safepoint: 374500 ns, At safepoint: 14900 ns, Total: 389400 ns
[2020-09-05T09:10:20.807+0000][8][safepoint    ] Safepoint "Cleanup", Time since last: 1004684000 ns, Reaching safepoint: 345000 ns, At safepoint: 15200 ns, Total: 360200 ns
[2020-09-05T09:10:21.808+0000][8][safepoint    ] Safepoint "Cleanup", Time since last: 1000933700 ns, Reaching safepoint: 195000 ns, At safepoint: 17000 ns, Total: 212000 ns
[2020-09-05T09:10:22.814+0000][8][safepoint    ] Safepoint "Cleanup", Time since last: 1005726600 ns, Reaching safepoint: 153600 ns, At safepoint: 14300 ns, Total: 167900 ns
[2020-09-05T09:10:23.815+0000][8][safepoint    ] Safepoint "Cleanup", Time since last: 1000861800 ns, Reaching safepoint: 318200 ns, At safepoint: 18100 ns, Total: 336300 ns
[2020-09-05T09:10:24.818+0000][8][safepoint    ] Safepoint "Cleanup", Time since last: 1002154400 ns, Reaching safepoint: 245000 ns, At safepoint: 20900 ns, Total: 265900 ns
[2020-09-05T09:10:25.826+0000][8][safepoint    ] Safepoint "Cleanup", Time since last: 1001763700 ns, Reaching safepoint: 6680600 ns, At safepoint: 26500 ns, Total: 6707100 ns
[2020-09-05T09:10:26.834+0000][8][safepoint    ] Safepoint "Cleanup", Time since last: 1007705700 ns, Reaching safepoint: 173900 ns, At safepoint: 15600 ns, Total: 189500 ns
[2020-09-05T09:10:27.836+0000][8][safepoint    ] Safepoint "Cleanup", Time since last: 1001734000 ns, Reaching safepoint: 154200 ns, At safepoint: 14400 ns, Total: 168600 ns
[2020-09-05T09:10:28.837+0000][8][safepoint    ] Safepoint "Cleanup", Time since last: 1001373100 ns, Reaching safepoint: 167600 ns, At safepoint: 14400 ns, Total: 182000 ns
[2020-09-05T09:10:29.839+0000][8][safepoint    ] Safepoint "Cleanup", Time since last: 1000916300 ns, Reaching safepoint: 215700 ns, At safepoint: 13600 ns, Total: 229300 ns
[2020-09-05T09:10:30.812+0000][8][safepoint    ] Safepoint "Cleanup", Time since last: 1001191400 ns, Reaching safepoint: 167900 ns, At safepoint: 14200 ns, Total: 182100 ns
[2020-09-05T09:10:31.813+0000][8][safepoint    ] Safepoint "Cleanup", Time since last: 1000989800 ns, Reaching safepoint: 161300 ns, At safepoint: 14400 ns, Total: 175700 ns
[2020-09-05T09:10:32.815+0000][8][safepoint    ] Safepoint "Cleanup", Time since last: 1001655500 ns, Reaching safepoint: 170200 ns, At safepoint: 13100 ns, Total: 183300 ns
[2020-09-05T09:10:33.816+0000][8][safepoint    ] Safepoint "Cleanup", Time since last: 1001147900 ns, Reaching safepoint: 154800 ns, At safepoint: 14300 ns, Total: 169100 ns
[2020-09-05T09:10:34.818+0000][8][safepoint    ] Safepoint "Cleanup", Time since last: 1001848100 ns, Reaching safepoint: 157200 ns, At safepoint: 13900 ns, Total: 171100 ns
[2020-09-05T09:10:35.819+0000][8][safepoint    ] Safepoint "Cleanup", Time since last: 1001050000 ns, Reaching safepoint: 180200 ns, At safepoint: 14700 ns, Total: 194900 ns
[2020-09-05T09:10:36.823+0000][8][safepoint    ] Safepoint "Cleanup", Time since last: 1002263100 ns, Reaching safepoint: 1483000 ns, At safepoint: 119200 ns, Total: 1602200 ns
[2020-09-05T09:10:37.825+0000][8][safepoint    ] Safepoint "Cleanup", Time since last: 1001565000 ns, Reaching safepoint: 164500 ns, At safepoint: 14100 ns, Total: 178600 ns
[2020-09-05T09:10:38.826+0000][8][safepoint    ] Safepoint "Cleanup", Time since last: 1000996200 ns, Reaching safepoint: 147800 ns, At safepoint: 13300 ns, Total: 161100 ns
[2020-09-05T09:10:39.828+0000][8][safepoint    ] Safepoint "Cleanup", Time since last: 1001667100 ns, Reaching safepoint: 160500 ns, At safepoint: 13400 ns, Total: 173900 ns
[2020-09-05T09:10:40.829+0000][8][safepoint    ] Safepoint "Cleanup", Time since last: 1001226800 ns, Reaching safepoint: 165200 ns, At safepoint: 14800 ns, Total: 180000 ns
[2020-09-05T09:10:41.831+0000][8][safepoint    ] Safepoint "Cleanup", Time since last: 1001237200 ns, Reaching safepoint: 158200 ns, At safepoint: 12800 ns, Total: 171000 ns
[2020-09-05T09:10:42.832+0000][8][safepoint    ] Safepoint "Cleanup", Time since last: 1001245500 ns, Reaching safepoint: 232300 ns, At safepoint: 14300 ns, Total: 246600 ns
[2020-09-05T09:10:43.834+0000][8][safepoint    ] Safepoint "Cleanup", Time since last: 1001343800 ns, Reaching safepoint: 262500 ns, At safepoint: 15000 ns, Total: 277500 ns
[2020-09-05T09:10:44.838+0000][8][safepoint    ] Safepoint "Cleanup", Time since last: 1002132100 ns, Reaching safepoint: 1844300 ns, At safepoint: 63300 ns, Total: 1907600 ns
[2020-09-05T09:10:45.840+0000][8][safepoint    ] Safepoint "Cleanup", Time since last: 1001919000 ns, Reaching safepoint: 187800 ns, At safepoint: 54300 ns, Total: 242100 ns
[2020-09-05T09:10:47.564+0000][8][safepoint    ] Safepoint "Cleanup", Time since last: 1723791200 ns, Reaching safepoint: 360500 ns, At safepoint: 21900 ns, Total: 382400 ns
[2020-09-05T09:10:49.176+0000][8][safepoint    ] Safepoint "Cleanup", Time since last: 1611507500 ns, Reaching safepoint: 253200 ns, At safepoint: 21600 ns, Total: 274800 ns
[2020-09-05T09:10:50.351+0000][8][safepoint    ] Safepoint "Cleanup", Time since last: 1174891700 ns, Reaching safepoint: 336200 ns, At safepoint: 53800 ns, Total: 390000 ns
[2020-09-05T09:10:51.363+0000][8][safepoint    ] Safepoint "Cleanup", Time since last: 1009689000 ns, Reaching safepoint: 2076600 ns, At safepoint: 180900 ns, Total: 2257500 ns
[2020-09-05T09:10:52.368+0000][8][safepoint    ] Safepoint "Cleanup", Time since last: 1004023400 ns, Reaching safepoint: 472600 ns, At safepoint: 23600 ns, Total: 496200 ns
[2020-09-05T09:10:53.370+0000][8][safepoint    ] Safepoint "Cleanup", Time since last: 1001650800 ns, Reaching safepoint: 428300 ns, At safepoint: 52600 ns, Total: 480900 ns
[2020-09-05T09:10:54.373+0000][8][safepoint    ] Safepoint "Cleanup", Time since last: 1002986500 ns, Reaching safepoint: 177500 ns, At safepoint: 14500 ns, Total: 192000 ns
[2020-09-05T09:10:55.375+0000][8][safepoint    ] Safepoint "Cleanup", Time since last: 1001264000 ns, Reaching safepoint: 351200 ns, At safepoint: 18400 ns, Total: 369600 ns
[2020-09-05T09:10:56.377+0000][8][safepoint    ] Safepoint "Cleanup", Time since last: 1001822000 ns, Reaching safepoint: 189100 ns, At safepoint: 17200 ns, Total: 206300 ns
[2020-09-05T09:10:57.378+0000][8][safepoint    ] Safepoint "Cleanup", Time since last: 1001221000 ns, Reaching safepoint: 223000 ns, At safepoint: 16300 ns, Total: 239300 ns
[2020-09-05T09:10:58.389+0000][8][safepoint    ] Safepoint "Cleanup", Time since last: 1008290200 ns, Reaching safepoint: 1012500 ns, At safepoint: 1610500 ns, Total: 2623000 ns
[2020-09-05T09:10:59.399+0000][8][safepoint    ] Safepoint "Cleanup", Time since last: 1009688000 ns, Reaching safepoint: 452800 ns, At safepoint: 33700 ns, Total: 486500 ns
[2020-09-05T09:11:00.369+0000][8][safepoint    ] Safepoint "Cleanup", Time since last: 1003769600 ns, Reaching safepoint: 200300 ns, At safepoint: 27000 ns, Total: 227300 ns
[2020-09-05T09:11:01.370+0000][8][safepoint    ] Safepoint "Cleanup", Time since last: 1001331600 ns, Reaching safepoint: 154900 ns, At safepoint: 14400 ns, Total: 169300 ns
[2020-09-05T09:11:02.374+0000][8][safepoint    ] Safepoint "Cleanup", Time since last: 1002646000 ns, Reaching safepoint: 487300 ns, At safepoint: 14600 ns, Total: 501900 ns
[2020-09-05T09:11:03.378+0000][8][safepoint    ] Safepoint "Cleanup", Time since last: 1004043400 ns, Reaching safepoint: 161300 ns, At safepoint: 14300 ns, Total: 175600 ns
[2020-09-05T09:11:04.380+0000][8][safepoint    ] Safepoint "Cleanup", Time since last: 1001730100 ns, Reaching safepoint: 162400 ns, At safepoint: 14900 ns, Total: 177300 ns
[2020-09-05T09:11:05.381+0000][8][safepoint    ] Safepoint "Cleanup", Time since last: 1001252700 ns, Reaching safepoint: 311100 ns, At safepoint: 12200 ns, Total: 323300 ns
[2020-09-05T09:11:06.383+0000][8][safepoint    ] Safepoint "Cleanup", Time since last: 1001251800 ns, Reaching safepoint: 165500 ns, At safepoint: 14900 ns, Total: 180400 ns
[2020-09-05T09:11:07.385+0000][8][safepoint    ] Safepoint "Cleanup", Time since last: 1001695700 ns, Reaching safepoint: 147300 ns, At safepoint: 14200 ns, Total: 161500 ns
[2020-09-05T09:11:08.386+0000][8][safepoint    ] Safepoint "Cleanup", Time since last: 1001478300 ns, Reaching safepoint: 262000 ns, At safepoint: 14500 ns, Total: 276500 ns
[2020-09-05T09:11:09.389+0000][8][safepoint    ] Safepoint "Cleanup", Time since last: 1002149400 ns, Reaching safepoint: 159000 ns, At safepoint: 14100 ns, Total: 173100 ns
[2020-09-05T09:11:10.391+0000][8][safepoint    ] Safepoint "Cleanup", Time since last: 1001446000 ns, Reaching safepoint: 383700 ns, At safepoint: 18600 ns, Total: 402300 ns
[2020-09-05T09:11:11.394+0000][8][safepoint    ] Safepoint "Cleanup", Time since last: 1002896400 ns, Reaching safepoint: 169700 ns, At safepoint: 14700 ns, Total: 184400 ns
[2020-09-05T09:11:12.396+0000][8][safepoint    ] Safepoint "Cleanup", Time since last: 1002023900 ns, Reaching safepoint: 232600 ns, At safepoint: 23800 ns, Total: 256400 ns
[2020-09-05T09:11:13.398+0000][8][safepoint    ] Safepoint "Cleanup", Time since last: 1001977500 ns, Reaching safepoint: 430300 ns, At safepoint: 25000 ns, Total: 455300 ns
[2020-09-05T09:11:14.401+0000][8][safepoint    ] Safepoint "Cleanup", Time since last: 1002599700 ns, Reaching safepoint: 154700 ns, At safepoint: 14300 ns, Total: 169000 ns
[2020-09-05T09:11:15.403+0000][8][safepoint    ] Safepoint "Cleanup", Time since last: 1001383500 ns, Reaching safepoint: 333100 ns, At safepoint: 27400 ns, Total: 360500 ns
[2020-09-05T09:11:16.411+0000][8][safepoint    ] Safepoint "Cleanup", Time since last: 1007506600 ns, Reaching safepoint: 567400 ns, At safepoint: 23900 ns, Total: 591300 ns
[2020-09-05T09:11:17.423+0000][8][safepoint    ] Safepoint "Cleanup", Time since last: 1009845800 ns, Reaching safepoint: 2285600 ns, At safepoint: 39900 ns, Total: 2325500 ns
[2020-09-05T09:11:18.426+0000][8][safepoint    ] Safepoint "Cleanup", Time since last: 1002556700 ns, Reaching safepoint: 511200 ns, At safepoint: 63400 ns, Total: 574600 ns
[2020-09-05T09:11:18.843+0000][8][gc,start     ] GC(28) Pause Young (Normal) (G1 Evacuation Pause)
[2020-09-05T09:11:18.843+0000][8][gc,task      ] GC(28) Using 2 workers of 2 for evacuation
[2020-09-05T09:11:18.844+0000][8][gc,age       ] GC(28) Desired survivor size 18874368 bytes, new threshold 15 (max threshold 15)
[2020-09-05T09:11:18.910+0000][8][gc,age       ] GC(28) Age table with threshold 15 (max threshold 15)
[2020-09-05T09:11:18.910+0000][8][gc,age       ] GC(28) - age   1:    3332096 bytes,    3332096 total
[2020-09-05T09:11:18.912+0000][8][gc,age       ] GC(28) - age   2:      13976 bytes,    3346072 total
[2020-09-05T09:11:18.915+0000][8][gc,age       ] GC(28) - age   3:     171520 bytes,    3517592 total
[2020-09-05T09:11:18.916+0000][8][gc,age       ] GC(28) - age   4:     113272 bytes,    3630864 total
[2020-09-05T09:11:18.917+0000][8][gc,age       ] GC(28) - age   5:      23816 bytes,    3654680 total
[2020-09-05T09:11:18.917+0000][8][gc,age       ] GC(28) - age   6:     736304 bytes,    4390984 total
[2020-09-05T09:11:18.918+0000][8][gc,age       ] GC(28) - age   7:     543272 bytes,    4934256 total
[2020-09-05T09:11:18.919+0000][8][gc,age       ] GC(28) - age   8:      86072 bytes,    5020328 total
[2020-09-05T09:11:18.920+0000][8][gc,age       ] GC(28) - age   9:      68168 bytes,    5088496 total
[2020-09-05T09:11:18.921+0000][8][gc,age       ] GC(28) - age  10:    4087256 bytes,    9175752 total
[2020-09-05T09:11:18.922+0000][8][gc,phases    ] GC(28)   Pre Evacuate Collection Set: 0.5ms
[2020-09-05T09:11:18.922+0000][8][gc,phases    ] GC(28)   Merge Heap Roots: 0.6ms
[2020-09-05T09:11:18.923+0000][8][gc,phases    ] GC(28)   Evacuate Collection Set: 56.2ms
[2020-09-05T09:11:18.923+0000][8][gc,phases    ] GC(28)   Post Evacuate Collection Set: 7.5ms
[2020-09-05T09:11:18.925+0000][8][gc,phases    ] GC(28)   Other: 14.7ms
[2020-09-05T09:11:18.925+0000][8][gc,heap      ] GC(28) Eden regions: 278->0(279)
[2020-09-05T09:11:18.926+0000][8][gc,heap      ] GC(28) Survivor regions: 10->10(36)
[2020-09-05T09:11:18.926+0000][8][gc,heap      ] GC(28) Old regions: 70->70
[2020-09-05T09:11:18.928+0000][8][gc,heap      ] GC(28) Archive regions: 2->2
[2020-09-05T09:11:18.928+0000][8][gc,heap      ] GC(28) Humongous regions: 7->7
[2020-09-05T09:11:18.929+0000][8][gc,metaspace ] GC(28) Metaspace: 102498K(110712K)->102498K(110712K) NonClass: 89025K(93816K)->89025K(93816K) Class: 13472K(16896K)->13472K(16896K)
[2020-09-05T09:11:18.930+0000][8][gc           ] GC(28) Pause Young (Normal) (G1 Evacuation Pause) 364M->86M(512M) 87.366ms
[2020-09-05T09:11:18.930+0000][8][gc,cpu       ] GC(28) User=0.10s Sys=0.02s Real=0.09s
[2020-09-05T09:11:18.931+0000][8][safepoint    ] Safepoint "G1CollectForAllocation", Time since last: 415867900 ns, Reaching safepoint: 414900 ns, At safepoint: 88925300 ns, Total: 89340200 ns
[2020-09-05T09:11:19.946+0000][8][safepoint    ] Safepoint "Cleanup", Time since last: 1014273100 ns, Reaching safepoint: 245600 ns, At safepoint: 17500 ns, Total: 263100 ns
[2020-09-05T09:11:20.949+0000][8][safepoint    ] Safepoint "Cleanup", Time since last: 1002366400 ns, Reaching safepoint: 422900 ns, At safepoint: 27100 ns, Total: 450000 ns
[2020-09-05T09:11:21.950+0000][8][safepoint    ] Safepoint "Cleanup", Time since last: 1001560700 ns, Reaching safepoint: 181600 ns, At safepoint: 16500 ns, Total: 198100 ns
[2020-09-05T09:11:22.956+0000][8][safepoint    ] Safepoint "Cleanup", Time since last: 1004806800 ns, Reaching safepoint: 308200 ns, At safepoint: 15000 ns, Total: 323200 ns
[2020-09-05T09:11:23.959+0000][8][safepoint    ] Safepoint "Cleanup", Time since last: 1002713300 ns, Reaching safepoint: 573500 ns, At safepoint: 27300 ns, Total: 600800 ns
[2020-09-05T09:11:24.961+0000][8][safepoint    ] Safepoint "Cleanup", Time since last: 1002163100 ns, Reaching safepoint: 257500 ns, At safepoint: 11200 ns, Total: 268700 ns
[2020-09-05T09:11:25.963+0000][8][safepoint    ] Safepoint "Cleanup", Time since last: 1000888100 ns, Reaching safepoint: 245800 ns, At safepoint: 18600 ns, Total: 264400 ns
[2020-09-05T09:11:26.965+0000][8][safepoint    ] Safepoint "Cleanup", Time since last: 1002359400 ns, Reaching safepoint: 402300 ns, At safepoint: 14000 ns, Total: 416300 ns
[2020-09-05T09:11:27.967+0000][8][safepoint    ] Safepoint "Cleanup", Time since last: 1001318600 ns, Reaching safepoint: 169300 ns, At safepoint: 12800 ns, Total: 182100 ns
[2020-09-05T09:11:28.968+0000][8][safepoint    ] Safepoint "Cleanup", Time since last: 1001041300 ns, Reaching safepoint: 388700 ns, At safepoint: 16000 ns, Total: 404700 ns
[2020-09-05T09:11:29.937+0000][8][safepoint    ] Safepoint "Cleanup", Time since last: 1001244600 ns, Reaching safepoint: 215700 ns, At safepoint: 14500 ns, Total: 230200 ns
[2020-09-05T09:11:30.939+0000][8][safepoint    ] Safepoint "Cleanup", Time since last: 1001217100 ns, Reaching safepoint: 414700 ns, At safepoint: 17600 ns, Total: 432300 ns
[2020-09-05T09:11:31.941+0000][8][safepoint    ] Safepoint "Cleanup", Time since last: 1001425200 ns, Reaching safepoint: 401300 ns, At safepoint: 16800 ns, Total: 418100 ns
[2020-09-05T09:11:32.942+0000][8][safepoint    ] Safepoint "Cleanup", Time since last: 1001149700 ns, Reaching safepoint: 180100 ns, At safepoint: 13300 ns, Total: 193400 ns
[2020-09-05T09:11:33.946+0000][8][safepoint    ] Safepoint "Cleanup", Time since last: 1003086100 ns, Reaching safepoint: 280800 ns, At safepoint: 12600 ns, Total: 293400 ns
[2020-09-05T09:11:34.948+0000][8][safepoint    ] Safepoint "Cleanup", Time since last: 1002193300 ns, Reaching safepoint: 234800 ns, At safepoint: 31100 ns, Total: 265900 ns
[2020-09-05T09:11:35.949+0000][8][safepoint    ] Safepoint "Cleanup", Time since last: 1001216300 ns, Reaching safepoint: 184600 ns, At safepoint: 17100 ns, Total: 201700 ns
[2020-09-05T09:11:36.951+0000][8][safepoint    ] Safepoint "Cleanup", Time since last: 1001163000 ns, Reaching safepoint: 430200 ns, At safepoint: 24400 ns, Total: 454600 ns
[2020-09-05T09:11:38.416+0000][8][safepoint    ] Safepoint "Cleanup", Time since last: 1464623200 ns, Reaching safepoint: 645500 ns, At safepoint: 169000 ns, Total: 814500 ns
[2020-09-05T09:11:39.418+0000][8][safepoint    ] Safepoint "Cleanup", Time since last: 1001572400 ns, Reaching safepoint: 360000 ns, At safepoint: 18500 ns, Total: 378500 ns
[2020-09-05T09:11:40.421+0000][8][safepoint    ] Safepoint "Cleanup", Time since last: 1002301400 ns, Reaching safepoint: 238500 ns, At safepoint: 19200 ns, Total: 257700 ns
[2020-09-05T09:11:41.423+0000][8][safepoint    ] Safepoint "Cleanup", Time since last: 1001157700 ns, Reaching safepoint: 352600 ns, At safepoint: 36300 ns, Total: 388900 ns
[2020-09-05T09:11:42.425+0000][8][safepoint    ] Safepoint "Cleanup", Time since last: 1001440800 ns, Reaching safepoint: 918900 ns, At safepoint: 63700 ns, Total: 982600 ns
[2020-09-05T09:11:43.427+0000][8][safepoint    ] Safepoint "Cleanup", Time since last: 1001382600 ns, Reaching safepoint: 217300 ns, At safepoint: 14800 ns, Total: 232100 ns
[2020-09-05T09:11:44.428+0000][8][safepoint    ] Safepoint "Cleanup", Time since last: 1001042300 ns, Reaching safepoint: 459900 ns, At safepoint: 34300 ns, Total: 494200 ns
[2020-09-05T09:11:45.431+0000][8][safepoint    ] Safepoint "Cleanup", Time since last: 1002306100 ns, Reaching safepoint: 805000 ns, At safepoint: 101200 ns, Total: 906200 ns
[2020-09-05T09:11:46.438+0000][8][safepoint    ] Safepoint "Cleanup", Time since last: 1006534500 ns, Reaching safepoint: 518100 ns, At safepoint: 45200 ns, Total: 563300 ns
[2020-09-05T09:11:47.440+0000][8][safepoint    ] Safepoint "Cleanup", Time since last: 1000928100 ns, Reaching safepoint: 151300 ns, At safepoint: 16600 ns, Total: 167900 ns
[2020-09-05T09:11:48.441+0000][8][safepoint    ] Safepoint "Cleanup", Time since last: 1001513000 ns, Reaching safepoint: 153400 ns, At safepoint: 13400 ns, Total: 166800 ns
[2020-09-05T09:11:49.574+0000][8][safepoint    ] Safepoint "Cleanup", Time since last: 1131729300 ns, Reaching safepoint: 1135300 ns, At safepoint: 50500 ns, Total: 1185800 ns
[2020-09-05T09:11:50.919+0000][8][safepoint    ] Safepoint "Cleanup", Time since last: 1344271100 ns, Reaching safepoint: 156000 ns, At safepoint: 13000 ns, Total: 169000 ns
[2020-09-05T09:11:52.038+0000][8][safepoint    ] Safepoint "Cleanup", Time since last: 1119327500 ns, Reaching safepoint: 426000 ns, At safepoint: 16600 ns, Total: 442600 ns
[2020-09-05T09:11:53.039+0000][8][safepoint    ] Safepoint "Cleanup", Time since last: 1000988500 ns, Reaching safepoint: 153300 ns, At safepoint: 14400 ns, Total: 167700 ns
[2020-09-05T09:11:54.041+0000][8][safepoint    ] Safepoint "Cleanup", Time since last: 1001487000 ns, Reaching safepoint: 154200 ns, At safepoint: 14000 ns, Total: 168200 ns
[2020-09-05T09:11:55.043+0000][8][safepoint    ] Safepoint "Cleanup", Time since last: 1001428200 ns, Reaching safepoint: 393700 ns, At safepoint: 13900 ns, Total: 407600 ns
[2020-09-05T09:11:56.045+0000][8][safepoint    ] Safepoint "Cleanup", Time since last: 1001753300 ns, Reaching safepoint: 163500 ns, At safepoint: 15400 ns, Total: 178900 ns
[2020-09-05T09:11:57.047+0000][8][safepoint    ] Safepoint "Cleanup", Time since last: 1001982300 ns, Reaching safepoint: 153900 ns, At safepoint: 14200 ns, Total: 168100 ns
[2020-09-05T09:11:58.048+0000][8][safepoint    ] Safepoint "Cleanup", Time since last: 1001216500 ns, Reaching safepoint: 152200 ns, At safepoint: 14100 ns, Total: 166300 ns
[2020-09-05T09:11:59.052+0000][8][safepoint    ] Safepoint "Cleanup", Time since last: 1002921800 ns, Reaching safepoint: 305400 ns, At safepoint: 19500 ns, Total: 324900 ns
[2020-09-05T09:12:00.019+0000][8][safepoint    ] Safepoint "Cleanup", Time since last: 1001684000 ns, Reaching safepoint: 156200 ns, At safepoint: 13200 ns, Total: 169400 ns
[2020-09-05T09:12:01.022+0000][8][safepoint    ] Safepoint "Cleanup", Time since last: 1002470000 ns, Reaching safepoint: 231900 ns, At safepoint: 24300 ns, Total: 256200 ns
[2020-09-05T09:12:02.025+0000][8][safepoint    ] Safepoint "Cleanup", Time since last: 1003490800 ns, Reaching safepoint: 184100 ns, At safepoint: 14400 ns, Total: 198500 ns
[2020-09-05T09:12:03.028+0000][8][safepoint    ] Safepoint "Cleanup", Time since last: 1001268100 ns, Reaching safepoint: 232600 ns, At safepoint: 549800 ns, Total: 782400 ns
[2020-09-05T09:12:04.032+0000][8][safepoint    ] Safepoint "Cleanup", Time since last: 1003069600 ns, Reaching safepoint: 1097000 ns, At safepoint: 28000 ns, Total: 1125000 ns
[2020-09-05T09:12:05.034+0000][8][safepoint    ] Safepoint "Cleanup", Time since last: 1001891500 ns, Reaching safepoint: 184400 ns, At safepoint: 14500 ns, Total: 198900 ns
[2020-09-05T09:12:06.035+0000][8][safepoint    ] Safepoint "Cleanup", Time since last: 1001176300 ns, Reaching safepoint: 538200 ns, At safepoint: 24800 ns, Total: 563000 ns
[2020-09-05T09:12:07.039+0000][8][safepoint    ] Safepoint "Cleanup", Time since last: 1003057000 ns, Reaching safepoint: 165200 ns, At safepoint: 13500 ns, Total: 178700 ns
[2020-09-05T09:12:08.043+0000][8][safepoint    ] Safepoint "Cleanup", Time since last: 1003513000 ns, Reaching safepoint: 901100 ns, At safepoint: 35000 ns, Total: 936100 ns
[2020-09-05T09:12:09.047+0000][8][safepoint    ] Safepoint "Cleanup", Time since last: 1003277300 ns, Reaching safepoint: 908500 ns, At safepoint: 30700 ns, Total: 939200 ns
[2020-09-05T09:12:10.050+0000][8][safepoint    ] Safepoint "Cleanup", Time since last: 1001902400 ns, Reaching safepoint: 413500 ns, At safepoint: 13600 ns, Total: 427100 ns
[2020-09-05T09:12:11.054+0000][8][safepoint    ] Safepoint "Cleanup", Time since last: 1003776300 ns, Reaching safepoint: 410800 ns, At safepoint: 19700 ns, Total: 430500 ns
[2020-09-05T09:12:12.055+0000][8][safepoint    ] Safepoint "Cleanup", Time since last: 1001126100 ns, Reaching safepoint: 229300 ns, At safepoint: 13800 ns, Total: 243100 ns
[2020-09-05T09:12:13.059+0000][8][safepoint    ] Safepoint "Cleanup", Time since last: 1003131300 ns, Reaching safepoint: 258800 ns, At safepoint: 16900 ns, Total: 275700 ns
[2020-09-05T09:12:14.060+0000][8][safepoint    ] Safepoint "Cleanup", Time since last: 1001085100 ns, Reaching safepoint: 190500 ns, At safepoint: 59500 ns, Total: 250000 ns
[2020-09-05T09:12:15.064+0000][8][safepoint    ] Safepoint "Cleanup", Time since last: 1003327000 ns, Reaching safepoint: 296000 ns, At safepoint: 42600 ns, Total: 338600 ns
[2020-09-05T09:12:16.066+0000][8][safepoint    ] Safepoint "Cleanup", Time since last: 1001780300 ns, Reaching safepoint: 206500 ns, At safepoint: 14800 ns, Total: 221300 ns
[2020-09-05T09:12:17.075+0000][8][safepoint    ] Safepoint "Cleanup", Time since last: 1004085500 ns, Reaching safepoint: 4754600 ns, At safepoint: 37100 ns, Total: 4791700 ns
[2020-09-05T09:12:18.077+0000][8][safepoint    ] Safepoint "Cleanup", Time since last: 1001736500 ns, Reaching safepoint: 182500 ns, At safepoint: 14400 ns, Total: 196900 ns
[2020-09-05T09:12:19.078+0000][8][safepoint    ] Safepoint "Cleanup", Time since last: 1001264800 ns, Reaching safepoint: 321900 ns, At safepoint: 29500 ns, Total: 351400 ns
[2020-09-05T09:12:20.082+0000][8][safepoint    ] Safepoint "Cleanup", Time since last: 1003772500 ns, Reaching safepoint: 211400 ns, At safepoint: 10300 ns, Total: 221700 ns
[2020-09-05T09:12:21.084+0000][8][safepoint    ] Safepoint "Cleanup", Time since last: 1001706100 ns, Reaching safepoint: 470100 ns, At safepoint: 23400 ns, Total: 493500 ns
[2020-09-05T09:12:22.088+0000][8][safepoint    ] Safepoint "Cleanup", Time since last: 1002036600 ns, Reaching safepoint: 1588900 ns, At safepoint: 49800 ns, Total: 1638700 ns
[2020-09-05T09:12:23.093+0000][8][safepoint    ] Safepoint "Cleanup", Time since last: 1002881300 ns, Reaching safepoint: 1574300 ns, At safepoint: 41500 ns, Total: 1615800 ns
[2020-09-05T09:12:24.095+0000][8][safepoint    ] Safepoint "Cleanup", Time since last: 1002483300 ns, Reaching safepoint: 183800 ns, At safepoint: 16600 ns, Total: 200400 ns
[2020-09-05T09:12:25.097+0000][8][safepoint    ] Safepoint "Cleanup", Time since last: 1001727800 ns, Reaching safepoint: 176300 ns, At safepoint: 13300 ns, Total: 189600 ns
[2020-09-05T09:12:26.099+0000][8][safepoint    ] Safepoint "Cleanup", Time since last: 1001376800 ns, Reaching safepoint: 188100 ns, At safepoint: 14700 ns, Total: 202800 ns
[2020-09-05T09:12:27.101+0000][8][safepoint    ] Safepoint "Cleanup", Time since last: 1002024500 ns, Reaching safepoint: 151600 ns, At safepoint: 14500 ns, Total: 166100 ns
[2020-09-05T09:12:28.104+0000][8][safepoint    ] Safepoint "Cleanup", Time since last: 1002157700 ns, Reaching safepoint: 696300 ns, At safepoint: 25700 ns, Total: 722000 ns
[2020-09-05T09:12:29.107+0000][8][safepoint    ] Safepoint "Cleanup", Time since last: 1003248100 ns, Reaching safepoint: 476000 ns, At safepoint: 16200 ns, Total: 492200 ns
[2020-09-05T09:12:30.075+0000][8][safepoint    ] Safepoint "Cleanup", Time since last: 1001246300 ns, Reaching safepoint: 274300 ns, At safepoint: 88300 ns, Total: 362600 ns
[2020-09-05T09:12:31.077+0000][8][safepoint    ] Safepoint "Cleanup", Time since last: 1001880100 ns, Reaching safepoint: 360000 ns, At safepoint: 11700 ns, Total: 371700 ns
[2020-09-05T09:12:32.081+0000][8][safepoint    ] Safepoint "Cleanup", Time since last: 1003457300 ns, Reaching safepoint: 388900 ns, At safepoint: 64800 ns, Total: 453700 ns
[2020-09-05T09:12:33.089+0000][8][safepoint    ] Safepoint "Cleanup", Time since last: 1007404200 ns, Reaching safepoint: 270400 ns, At safepoint: 65700 ns, Total: 336100 ns
[2020-09-05T09:12:34.095+0000][8][safepoint    ] Safepoint "Cleanup", Time since last: 1004985900 ns, Reaching safepoint: 953800 ns, At safepoint: 36900 ns, Total: 990700 ns
[2020-09-05T09:12:35.130+0000][8][safepoint    ] Safepoint "Cleanup", Time since last: 1024809100 ns, Reaching safepoint: 244200 ns, At safepoint: 8175300 ns, Total: 8419500 ns
[2020-09-05T09:12:36.137+0000][8][safepoint    ] Safepoint "Cleanup", Time since last: 1006787200 ns, Reaching safepoint: 1841300 ns, At safepoint: 22500 ns, Total: 1863800 ns
[2020-09-05T09:12:37.139+0000][8][safepoint    ] Safepoint "Cleanup", Time since last: 1001858800 ns, Reaching safepoint: 437600 ns, At safepoint: 19700 ns, Total: 457300 ns
[2020-09-05T09:12:38.141+0000][8][safepoint    ] Safepoint "Cleanup", Time since last: 1001482700 ns, Reaching safepoint: 428800 ns, At safepoint: 18200 ns, Total: 447000 ns
[2020-09-05T09:12:39.142+0000][8][safepoint    ] Safepoint "Cleanup", Time since last: 1001179900 ns, Reaching safepoint: 196100 ns, At safepoint: 14600 ns, Total: 210700 ns
[2020-09-05T09:12:40.144+0000][8][safepoint    ] Safepoint "Cleanup", Time since last: 1001011500 ns, Reaching safepoint: 251000 ns, At safepoint: 16800 ns, Total: 267800 ns
[2020-09-05T09:12:41.146+0000][8][safepoint    ] Safepoint "Cleanup", Time since last: 1002041800 ns, Reaching safepoint: 264900 ns, At safepoint: 18200 ns, Total: 283100 ns
[2020-09-05T09:12:42.148+0000][8][safepoint    ] Safepoint "Cleanup", Time since last: 1001991300 ns, Reaching safepoint: 297100 ns, At safepoint: 14100 ns, Total: 311200 ns
[2020-09-05T09:12:43.848+0000][8][safepoint    ] Safepoint "Cleanup", Time since last: 1698712100 ns, Reaching safepoint: 843600 ns, At safepoint: 21500 ns, Total: 865100 ns
[2020-09-05T09:12:44.852+0000][8][safepoint    ] Safepoint "Cleanup", Time since last: 1004299100 ns, Reaching safepoint: 221500 ns, At safepoint: 17800 ns, Total: 239300 ns
[2020-09-05T09:12:45.855+0000][8][safepoint    ] Safepoint "Cleanup", Time since last: 1002164500 ns, Reaching safepoint: 305100 ns, At safepoint: 18300 ns, Total: 323400 ns
[2020-09-05T09:12:46.856+0000][8][safepoint    ] Safepoint "Cleanup", Time since last: 1001197900 ns, Reaching safepoint: 186400 ns, At safepoint: 14600 ns, Total: 201000 ns
[2020-09-05T09:12:47.859+0000][8][safepoint    ] Safepoint "Cleanup", Time since last: 1001999500 ns, Reaching safepoint: 415900 ns, At safepoint: 30800 ns, Total: 446700 ns
[2020-09-05T09:12:48.869+0000][8][safepoint    ] Safepoint "Cleanup", Time since last: 1010568600 ns, Reaching safepoint: 247700 ns, At safepoint: 16600 ns, Total: 264300 ns
[2020-09-05T09:12:49.871+0000][8][safepoint    ] Safepoint "Cleanup", Time since last: 1001182900 ns, Reaching safepoint: 498400 ns, At safepoint: 25800 ns, Total: 524200 ns
[2020-09-05T09:12:50.872+0000][8][safepoint    ] Safepoint "Cleanup", Time since last: 1000876700 ns, Reaching safepoint: 182200 ns, At safepoint: 16700 ns, Total: 198900 ns
[2020-09-05T09:12:51.877+0000][8][safepoint    ] Safepoint "Cleanup", Time since last: 1003468600 ns, Reaching safepoint: 308500 ns, At safepoint: 453800 ns, Total: 762300 ns
[2020-09-05T09:12:53.079+0000][8][safepoint    ] Safepoint "Cleanup", Time since last: 1202032400 ns, Reaching safepoint: 601400 ns, At safepoint: 21200 ns, Total: 622600 ns
[2020-09-05T09:12:54.308+0000][8][safepoint    ] Safepoint "Cleanup", Time since last: 1229109900 ns, Reaching safepoint: 170400 ns, At safepoint: 10500 ns, Total: 180900 ns
[2020-09-05T09:12:54.414+0000][8][safepoint    ] Safepoint "BulkRevokeBias", Time since last: 104230200 ns, Reaching safepoint: 755700 ns, At safepoint: 577900 ns, Total: 1333600 ns
[2020-09-05T09:12:54.423+0000][8][safepoint    ] Safepoint "BulkRevokeBias", Time since last: 7301500 ns, Reaching safepoint: 888000 ns, At safepoint: 670600 ns, Total: 1558600 ns
[2020-09-05T09:12:56.078+0000][8][safepoint    ] Safepoint "Cleanup", Time since last: 1654689900 ns, Reaching safepoint: 217400 ns, At safepoint: 14100 ns, Total: 231500 ns
[2020-09-05T09:12:57.079+0000][8][safepoint    ] Safepoint "Cleanup", Time since last: 1001223600 ns, Reaching safepoint: 295400 ns, At safepoint: 17300 ns, Total: 312700 ns
[2020-09-05T09:12:58.081+0000][8][safepoint    ] Safepoint "Cleanup", Time since last: 1001750900 ns, Reaching safepoint: 361800 ns, At safepoint: 21600 ns, Total: 383400 ns
[2020-09-05T09:12:59.083+0000][8][safepoint    ] Safepoint "Cleanup", Time since last: 1001504700 ns, Reaching safepoint: 188400 ns, At safepoint: 15700 ns, Total: 204100 ns
[2020-09-05T09:13:00.050+0000][8][safepoint    ] Safepoint "Cleanup", Time since last: 1001095400 ns, Reaching safepoint: 209600 ns, At safepoint: 13600 ns, Total: 223200 ns
[2020-09-05T09:13:01.053+0000][8][safepoint    ] Safepoint "Cleanup", Time since last: 1001982900 ns, Reaching safepoint: 476800 ns, At safepoint: 19400 ns, Total: 496200 ns
[2020-09-05T09:13:02.055+0000][8][safepoint    ] Safepoint "Cleanup", Time since last: 1002345100 ns, Reaching safepoint: 256700 ns, At safepoint: 15900 ns, Total: 272600 ns
[2020-09-05T09:13:03.057+0000][8][safepoint    ] Safepoint "Cleanup", Time since last: 1001541500 ns, Reaching safepoint: 336000 ns, At safepoint: 20700 ns, Total: 356700 ns
[2020-09-05T09:13:04.060+0000][8][safepoint    ] Safepoint "Cleanup", Time since last: 1002819500 ns, Reaching safepoint: 163500 ns, At safepoint: 13400 ns, Total: 176900 ns
[2020-09-05T09:13:05.063+0000][8][safepoint    ] Safepoint "Cleanup", Time since last: 1002738700 ns, Reaching safepoint: 197100 ns, At safepoint: 14600 ns, Total: 211700 ns
[2020-09-05T09:13:06.065+0000][8][safepoint    ] Safepoint "Cleanup", Time since last: 1001429600 ns, Reaching safepoint: 273500 ns, At safepoint: 13400 ns, Total: 286900 ns
[2020-09-05T09:13:07.066+0000][8][safepoint    ] Safepoint "Cleanup", Time since last: 1000969700 ns, Reaching safepoint: 173400 ns, At safepoint: 14200 ns, Total: 187600 ns
[2020-09-05T09:13:08.068+0000][8][safepoint    ] Safepoint "Cleanup", Time since last: 1001353800 ns, Reaching safepoint: 200600 ns, At safepoint: 13700 ns, Total: 214300 ns
[2020-09-05T09:13:09.071+0000][8][safepoint    ] Safepoint "Cleanup", Time since last: 1003206200 ns, Reaching safepoint: 326000 ns, At safepoint: 92200 ns, Total: 418200 ns
[2020-09-05T09:13:10.073+0000][8][safepoint    ] Safepoint "Cleanup", Time since last: 1002058000 ns, Reaching safepoint: 157800 ns, At safepoint: 14000 ns, Total: 171800 ns
[2020-09-05T09:13:11.075+0000][8][safepoint    ] Safepoint "Cleanup", Time since last: 1001331700 ns, Reaching safepoint: 144900 ns, At safepoint: 12600 ns, Total: 157500 ns
[2020-09-05T09:13:12.092+0000][8][safepoint    ] Safepoint "Cleanup", Time since last: 1015512100 ns, Reaching safepoint: 1558500 ns, At safepoint: 42500 ns, Total: 1601000 ns
[2020-09-05T09:13:13.114+0000][8][safepoint    ] Safepoint "Cleanup", Time since last: 1021691300 ns, Reaching safepoint: 381000 ns, At safepoint: 20000 ns, Total: 401000 ns
[2020-09-05T09:13:14.119+0000][8][safepoint    ] Safepoint "Cleanup", Time since last: 1003870700 ns, Reaching safepoint: 454400 ns, At safepoint: 21700 ns, Total: 476100 ns
[2020-09-05T09:13:15.124+0000][8][safepoint    ] Safepoint "Cleanup", Time since last: 1004863200 ns, Reaching safepoint: 459600 ns, At safepoint: 29400 ns, Total: 489000 ns
[2020-09-05T09:13:16.126+0000][8][safepoint    ] Safepoint "Cleanup", Time since last: 1001799400 ns, Reaching safepoint: 386200 ns, At safepoint: 19300 ns, Total: 405500 ns
[2020-09-05T09:13:17.129+0000][8][safepoint    ] Safepoint "Cleanup", Time since last: 1002055100 ns, Reaching safepoint: 1045900 ns, At safepoint: 66800 ns, Total: 1112700 ns
[2020-09-05T09:13:18.137+0000][8][safepoint    ] Safepoint "Cleanup", Time since last: 1007822800 ns, Reaching safepoint: 251500 ns, At safepoint: 16500 ns, Total: 268000 ns
[2020-09-05T09:13:19.139+0000][8][safepoint    ] Safepoint "Cleanup", Time since last: 1001770700 ns, Reaching safepoint: 224400 ns, At safepoint: 19800 ns, Total: 244200 ns
[2020-09-05T09:13:20.143+0000][8][safepoint    ] Safepoint "Cleanup", Time since last: 1003472600 ns, Reaching safepoint: 260500 ns, At safepoint: 16000 ns, Total: 276500 ns
[2020-09-05T09:13:21.146+0000][8][safepoint    ] Safepoint "Cleanup", Time since last: 1002413600 ns, Reaching safepoint: 151700 ns, At safepoint: 14100 ns, Total: 165800 ns
[2020-09-05T09:13:22.147+0000][8][safepoint    ] Safepoint "Cleanup", Time since last: 1001059900 ns, Reaching safepoint: 150800 ns, At safepoint: 14200 ns, Total: 165000 ns
[2020-09-05T09:13:23.148+0000][8][safepoint    ] Safepoint "Cleanup", Time since last: 1000898100 ns, Reaching safepoint: 152300 ns, At safepoint: 14100 ns, Total: 166400 ns
[2020-09-05T09:13:24.149+0000][8][safepoint    ] Safepoint "Cleanup", Time since last: 1001268600 ns, Reaching safepoint: 234800 ns, At safepoint: 26400 ns, Total: 261200 ns
[2020-09-05T09:13:25.152+0000][8][safepoint    ] Safepoint "Cleanup", Time since last: 1001933300 ns, Reaching safepoint: 210300 ns, At safepoint: 39100 ns, Total: 249400 ns
[2020-09-05T09:13:26.156+0000][8][safepoint    ] Safepoint "Cleanup", Time since last: 1001380500 ns, Reaching safepoint: 3217900 ns, At safepoint: 31400 ns, Total: 3249300 ns
[2020-09-05T09:13:27.159+0000][8][safepoint    ] Safepoint "Cleanup", Time since last: 1002054200 ns, Reaching safepoint: 225500 ns, At safepoint: 25800 ns, Total: 251300 ns
[2020-09-05T09:13:28.161+0000][8][safepoint    ] Safepoint "Cleanup", Time since last: 1002502900 ns, Reaching safepoint: 335500 ns, At safepoint: 20700 ns, Total: 356200 ns
[2020-09-05T09:13:29.163+0000][8][safepoint    ] Safepoint "Cleanup", Time since last: 1001486700 ns, Reaching safepoint: 176300 ns, At safepoint: 13600 ns, Total: 189900 ns
[2020-09-05T09:13:30.131+0000][8][safepoint    ] Safepoint "Cleanup", Time since last: 1001015300 ns, Reaching safepoint: 175900 ns, At safepoint: 15800 ns, Total: 191700 ns
[2020-09-05T09:13:31.133+0000][8][safepoint    ] Safepoint "Cleanup", Time since last: 1002076800 ns, Reaching safepoint: 183800 ns, At safepoint: 14500 ns, Total: 198300 ns
[2020-09-05T09:13:32.135+0000][8][safepoint    ] Safepoint "Cleanup", Time since last: 1002160800 ns, Reaching safepoint: 182000 ns, At safepoint: 14200 ns, Total: 196200 ns
[2020-09-05T09:13:33.137+0000][8][safepoint    ] Safepoint "Cleanup", Time since last: 1001498900 ns, Reaching safepoint: 290600 ns, At safepoint: 14200 ns, Total: 304800 ns
[2020-09-05T09:13:34.139+0000][8][safepoint    ] Safepoint "Cleanup", Time since last: 1001413300 ns, Reaching safepoint: 228700 ns, At safepoint: 11800 ns, Total: 240500 ns
[2020-09-05T09:13:35.143+0000][8][safepoint    ] Safepoint "Cleanup", Time since last: 1002678400 ns, Reaching safepoint: 341300 ns, At safepoint: 935200 ns, Total: 1276500 ns
[2020-09-05T09:13:36.148+0000][8][safepoint    ] Safepoint "Cleanup", Time since last: 1004818200 ns, Reaching safepoint: 203600 ns, At safepoint: 17400 ns, Total: 221000 ns
[2020-09-05T09:13:37.150+0000][8][safepoint    ] Safepoint "Cleanup", Time since last: 1002185000 ns, Reaching safepoint: 538700 ns, At safepoint: 17900 ns, Total: 556600 ns
[2020-09-05T09:13:38.163+0000][8][safepoint    ] Safepoint "Cleanup", Time since last: 1011687000 ns, Reaching safepoint: 534800 ns, At safepoint: 19700 ns, Total: 554500 ns
[2020-09-05T09:13:39.173+0000][8][safepoint    ] Safepoint "Cleanup", Time since last: 1010112800 ns, Reaching safepoint: 162200 ns, At safepoint: 112500 ns, Total: 274700 ns
[2020-09-05T09:13:40.174+0000][8][safepoint    ] Safepoint "Cleanup", Time since last: 1001118800 ns, Reaching safepoint: 148300 ns, At safepoint: 13400 ns, Total: 161700 ns
[2020-09-05T09:13:41.177+0000][8][safepoint    ] Safepoint "Cleanup", Time since last: 1001961600 ns, Reaching safepoint: 715000 ns, At safepoint: 42000 ns, Total: 757000 ns
[2020-09-05T09:13:42.182+0000][8][safepoint    ] Safepoint "Cleanup", Time since last: 1005022400 ns, Reaching safepoint: 409600 ns, At safepoint: 17400 ns, Total: 427000 ns
[2020-09-05T09:13:43.184+0000][8][safepoint    ] Safepoint "Cleanup", Time since last: 1001565100 ns, Reaching safepoint: 145300 ns, At safepoint: 13300 ns, Total: 158600 ns
[2020-09-05T09:13:44.187+0000][8][safepoint    ] Safepoint "Cleanup", Time since last: 1002765400 ns, Reaching safepoint: 311900 ns, At safepoint: 15500 ns, Total: 327400 ns
[2020-09-05T09:13:45.191+0000][8][safepoint    ] Safepoint "Cleanup", Time since last: 1003502100 ns, Reaching safepoint: 532000 ns, At safepoint: 20300 ns, Total: 552300 ns
[2020-09-05T09:13:46.193+0000][8][safepoint    ] Safepoint "Cleanup", Time since last: 1001824800 ns, Reaching safepoint: 158000 ns, At safepoint: 14400 ns, Total: 172400 ns
[2020-09-05T09:13:47.198+0000][8][safepoint    ] Safepoint "Cleanup", Time since last: 1004460100 ns, Reaching safepoint: 238800 ns, At safepoint: 29700 ns, Total: 268500 ns
[2020-09-05T09:13:48.222+0000][8][safepoint    ] Safepoint "Cleanup", Time since last: 1023945700 ns, Reaching safepoint: 287800 ns, At safepoint: 24300 ns, Total: 312100 ns
[2020-09-05T09:13:49.253+0000][8][safepoint    ] Safepoint "Cleanup", Time since last: 1030230300 ns, Reaching safepoint: 722400 ns, At safepoint: 22200 ns, Total: 744600 ns
[2020-09-05T09:13:50.261+0000][8][safepoint    ] Safepoint "Cleanup", Time since last: 1003820100 ns, Reaching safepoint: 4036600 ns, At safepoint: 22100 ns, Total: 4058700 ns
[2020-09-05T09:13:51.283+0000][8][safepoint    ] Safepoint "Cleanup", Time since last: 1021024900 ns, Reaching safepoint: 334700 ns, At safepoint: 87000 ns, Total: 421700 ns
[2020-09-05T09:13:52.284+0000][8][safepoint    ] Safepoint "Cleanup", Time since last: 1001471800 ns, Reaching safepoint: 198500 ns, At safepoint: 13500 ns, Total: 212000 ns
[2020-09-05T09:13:53.287+0000][8][safepoint    ] Safepoint "Cleanup", Time since last: 1001781900 ns, Reaching safepoint: 498100 ns, At safepoint: 32300 ns, Total: 530400 ns
[2020-09-05T09:13:54.288+0000][8][safepoint    ] Safepoint "Cleanup", Time since last: 1001499000 ns, Reaching safepoint: 172800 ns, At safepoint: 13300 ns, Total: 186100 ns
[2020-09-05T09:13:55.562+0000][8][safepoint    ] Safepoint "Cleanup", Time since last: 1273386900 ns, Reaching safepoint: 509700 ns, At safepoint: 43100 ns, Total: 552800 ns
[2020-09-05T09:13:56.649+0000][8][safepoint    ] Safepoint "Cleanup", Time since last: 1086337400 ns, Reaching safepoint: 152300 ns, At safepoint: 10200 ns, Total: 162500 ns
[2020-09-05T09:13:57.651+0000][8][safepoint    ] Safepoint "Cleanup", Time since last: 1001854100 ns, Reaching safepoint: 269400 ns, At safepoint: 113900 ns, Total: 383300 ns
[2020-09-05T09:13:58.652+0000][8][safepoint    ] Safepoint "Cleanup", Time since last: 1001185000 ns, Reaching safepoint: 185800 ns, At safepoint: 13700 ns, Total: 199500 ns
[2020-09-05T09:13:59.654+0000][8][safepoint    ] Safepoint "Cleanup", Time since last: 1001318800 ns, Reaching safepoint: 588300 ns, At safepoint: 22000 ns, Total: 610300 ns
[2020-09-05T09:14:00.622+0000][8][safepoint    ] Safepoint "Cleanup", Time since last: 1000944800 ns, Reaching safepoint: 182900 ns, At safepoint: 14600 ns, Total: 197500 ns
[2020-09-05T09:14:01.624+0000][8][safepoint    ] Safepoint "Cleanup", Time since last: 1001328000 ns, Reaching safepoint: 628100 ns, At safepoint: 29300 ns, Total: 657400 ns
[2020-09-05T09:14:02.626+0000][8][safepoint    ] Safepoint "Cleanup", Time since last: 1002044400 ns, Reaching safepoint: 181800 ns, At safepoint: 14300 ns, Total: 196100 ns
[2020-09-05T09:14:03.629+0000][8][safepoint    ] Safepoint "Cleanup", Time since last: 1002196300 ns, Reaching safepoint: 390300 ns, At safepoint: 13800 ns, Total: 404100 ns
[2020-09-05T09:14:04.640+0000][8][safepoint    ] Safepoint "Cleanup", Time since last: 1009632200 ns, Reaching safepoint: 1163100 ns, At safepoint: 24200 ns, Total: 1187300 ns
[2020-09-05T09:14:05.792+0000][8][safepoint    ] Safepoint "Cleanup", Time since last: 1014279700 ns, Reaching safepoint: 137258300 ns, At safepoint: 742700 ns, Total: 138001000 ns
[2020-09-05T09:14:06.840+0000][8][safepoint    ] Safepoint "Cleanup", Time since last: 1046350000 ns, Reaching safepoint: 1324600 ns, At safepoint: 14800 ns, Total: 1339400 ns
[2020-09-05T09:14:07.843+0000][8][safepoint    ] Safepoint "Cleanup", Time since last: 1002636400 ns, Reaching safepoint: 408400 ns, At safepoint: 13500 ns, Total: 421900 ns
[2020-09-05T09:14:08.844+0000][8][safepoint    ] Safepoint "Cleanup", Time since last: 1001463500 ns, Reaching safepoint: 183100 ns, At safepoint: 14300 ns, Total: 197400 ns
[2020-09-05T09:14:09.846+0000][8][safepoint    ] Safepoint "Cleanup", Time since last: 1001758200 ns, Reaching safepoint: 178900 ns, At safepoint: 14100 ns, Total: 193000 ns
[2020-09-05T09:14:10.848+0000][8][safepoint    ] Safepoint "Cleanup", Time since last: 1001979100 ns, Reaching safepoint: 184700 ns, At safepoint: 14200 ns, Total: 198900 ns
[2020-09-05T09:14:11.851+0000][8][safepoint    ] Safepoint "Cleanup", Time since last: 1001920000 ns, Reaching safepoint: 333500 ns, At safepoint: 20700 ns, Total: 354200 ns
[2020-09-05T09:14:12.852+0000][8][safepoint    ] Safepoint "Cleanup", Time since last: 1001476800 ns, Reaching safepoint: 166600 ns, At safepoint: 13600 ns, Total: 180200 ns
[2020-09-05T09:14:13.855+0000][8][safepoint    ] Safepoint "Cleanup", Time since last: 1002538500 ns, Reaching safepoint: 304600 ns, At safepoint: 17900 ns, Total: 322500 ns
[2020-09-05T09:14:14.857+0000][8][safepoint    ] Safepoint "Cleanup", Time since last: 1001631200 ns, Reaching safepoint: 153500 ns, At safepoint: 14100 ns, Total: 167600 ns
[2020-09-05T09:14:15.859+0000][8][safepoint    ] Safepoint "Cleanup", Time since last: 1001548600 ns, Reaching safepoint: 147900 ns, At safepoint: 13300 ns, Total: 161200 ns
[2020-09-05T09:14:16.860+0000][8][safepoint    ] Safepoint "Cleanup", Time since last: 1001435700 ns, Reaching safepoint: 170100 ns, At safepoint: 14500 ns, Total: 184600 ns
[2020-09-05T09:14:17.862+0000][8][safepoint    ] Safepoint "Cleanup", Time since last: 1001380400 ns, Reaching safepoint: 150500 ns, At safepoint: 14600 ns, Total: 165100 ns
[2020-09-05T09:14:18.863+0000][8][safepoint    ] Safepoint "Cleanup", Time since last: 1001290900 ns, Reaching safepoint: 145700 ns, At safepoint: 13000 ns, Total: 158700 ns
[2020-09-05T09:14:19.866+0000][8][safepoint    ] Safepoint "Cleanup", Time since last: 1002653800 ns, Reaching safepoint: 179800 ns, At safepoint: 15500 ns, Total: 195300 ns
[2020-09-05T09:14:20.869+0000][8][safepoint    ] Safepoint "Cleanup", Time since last: 1002992300 ns, Reaching safepoint: 151200 ns, At safepoint: 14300 ns, Total: 165500 ns
[2020-09-05T09:14:21.873+0000][8][safepoint    ] Safepoint "Cleanup", Time since last: 1002968600 ns, Reaching safepoint: 744900 ns, At safepoint: 17600 ns, Total: 762500 ns
[2020-09-05T09:14:22.875+0000][8][safepoint    ] Safepoint "Cleanup", Time since last: 1001559500 ns, Reaching safepoint: 252000 ns, At safepoint: 16400 ns, Total: 268400 ns
[2020-09-05T09:14:23.878+0000][8][safepoint    ] Safepoint "Cleanup", Time since last: 1002184500 ns, Reaching safepoint: 979800 ns, At safepoint: 33800 ns, Total: 1013600 ns
[2020-09-05T09:14:24.883+0000][8][safepoint    ] Safepoint "Cleanup", Time since last: 1003748000 ns, Reaching safepoint: 840100 ns, At safepoint: 45300 ns, Total: 885400 ns
[2020-09-05T09:14:25.723+0000][8][gc,start     ] GC(29) Pause Young (Normal) (G1 Evacuation Pause)
[2020-09-05T09:14:25.724+0000][8][gc,task      ] GC(29) Using 2 workers of 2 for evacuation
[2020-09-05T09:14:25.725+0000][8][gc,age       ] GC(29) Desired survivor size 19398656 bytes, new threshold 15 (max threshold 15)
[2020-09-05T09:14:26.079+0000][8][gc,age       ] GC(29) Age table with threshold 15 (max threshold 15)
[2020-09-05T09:14:26.080+0000][8][gc,age       ] GC(29) - age   1:    2843760 bytes,    2843760 total
[2020-09-05T09:14:26.081+0000][8][gc,age       ] GC(29) - age   2:     184880 bytes,    3028640 total
[2020-09-05T09:14:26.081+0000][8][gc,age       ] GC(29) - age   3:      13592 bytes,    3042232 total
[2020-09-05T09:14:26.085+0000][8][gc,age       ] GC(29) - age   4:      16128 bytes,    3058360 total
[2020-09-05T09:14:26.086+0000][8][gc,age       ] GC(29) - age   5:      42312 bytes,    3100672 total
[2020-09-05T09:14:26.087+0000][8][gc,age       ] GC(29) - age   6:      21376 bytes,    3122048 total
[2020-09-05T09:14:26.088+0000][8][gc,age       ] GC(29) - age   7:     731696 bytes,    3853744 total
[2020-09-05T09:14:26.089+0000][8][gc,age       ] GC(29) - age   8:     543000 bytes,    4396744 total
[2020-09-05T09:14:26.089+0000][8][gc,age       ] GC(29) - age   9:      85872 bytes,    4482616 total
[2020-09-05T09:14:26.090+0000][8][gc,age       ] GC(29) - age  10:      68168 bytes,    4550784 total
[2020-09-05T09:14:26.091+0000][8][gc,age       ] GC(29) - age  11:    4087256 bytes,    8638040 total
[2020-09-05T09:14:26.092+0000][8][gc,mmu       ] GC(29) MMU target violated: 201.0ms (200.0ms/201.0ms)
[2020-09-05T09:14:26.093+0000][8][gc,phases    ] GC(29)   Pre Evacuate Collection Set: 1.8ms
[2020-09-05T09:14:26.095+0000][8][gc,phases    ] GC(29)   Merge Heap Roots: 2.0ms
[2020-09-05T09:14:26.095+0000][8][gc,phases    ] GC(29)   Evacuate Collection Set: 336.0ms
[2020-09-05T09:14:26.096+0000][8][gc,phases    ] GC(29)   Post Evacuate Collection Set: 12.7ms
[2020-09-05T09:14:26.097+0000][8][gc,phases    ] GC(29)   Other: 17.8ms
[2020-09-05T09:14:26.102+0000][8][gc,heap      ] GC(29) Eden regions: 279->0(281)
[2020-09-05T09:14:26.103+0000][8][gc,heap      ] GC(29) Survivor regions: 10->9(37)
[2020-09-05T09:14:26.111+0000][8][gc,heap      ] GC(29) Old regions: 70->70
[2020-09-05T09:14:26.112+0000][8][gc,heap      ] GC(29) Archive regions: 2->2
[2020-09-05T09:14:26.114+0000][8][gc,heap      ] GC(29) Humongous regions: 7->7
[2020-09-05T09:14:26.114+0000][8][gc,metaspace ] GC(29) Metaspace: 102652K(110968K)->102652K(110968K) NonClass: 89180K(94072K)->89180K(94072K) Class: 13472K(16896K)->13472K(16896K)
[2020-09-05T09:14:26.115+0000][8][gc           ] GC(29) Pause Young (Normal) (G1 Evacuation Pause) 365M->86M(512M) 392.295ms
[2020-09-05T09:14:26.116+0000][8][gc,cpu       ] GC(29) User=0.41s Sys=0.08s Real=0.40s
[2020-09-05T09:14:26.120+0000][8][safepoint    ] Safepoint "G1CollectForAllocation", Time since last: 839875300 ns, Reaching safepoint: 309300 ns, At safepoint: 396830500 ns, Total: 397139800 ns
[2020-09-05T09:14:27.122+0000][8][safepoint    ] Safepoint "Cleanup", Time since last: 1001454900 ns, Reaching safepoint: 917200 ns, At safepoint: 71700 ns, Total: 988900 ns
[2020-09-05T09:14:28.131+0000][8][safepoint    ] Safepoint "Cleanup", Time since last: 1008725200 ns, Reaching safepoint: 251300 ns, At safepoint: 18700 ns, Total: 270000 ns
[2020-09-05T09:14:29.134+0000][8][safepoint    ] Safepoint "Cleanup", Time since last: 1002175000 ns, Reaching safepoint: 302200 ns, At safepoint: 14400 ns, Total: 316600 ns
[2020-09-05T09:14:30.101+0000][8][safepoint    ] Safepoint "Cleanup", Time since last: 1001229700 ns, Reaching safepoint: 174000 ns, At safepoint: 13500 ns, Total: 187500 ns
[2020-09-05T09:14:31.102+0000][8][safepoint    ] Safepoint "Cleanup", Time since last: 1001542700 ns, Reaching safepoint: 250900 ns, At safepoint: 17700 ns, Total: 268600 ns
[2020-09-05T09:14:32.105+0000][8][safepoint    ] Safepoint "Cleanup", Time since last: 1001915200 ns, Reaching safepoint: 303300 ns, At safepoint: 18000 ns, Total: 321300 ns
[2020-09-05T09:14:33.107+0000][8][safepoint    ] Safepoint "Cleanup", Time since last: 1001318900 ns, Reaching safepoint: 867200 ns, At safepoint: 38500 ns, Total: 905700 ns
[2020-09-05T09:14:34.115+0000][8][safepoint    ] Safepoint "Cleanup", Time since last: 1008230600 ns, Reaching safepoint: 289800 ns, At safepoint: 23600 ns, Total: 313400 ns
[2020-09-05T09:14:35.117+0000][8][safepoint    ] Safepoint "Cleanup", Time since last: 1001324100 ns, Reaching safepoint: 415400 ns, At safepoint: 25000 ns, Total: 440400 ns
[2020-09-05T09:14:36.119+0000][8][safepoint    ] Safepoint "Cleanup", Time since last: 1001565300 ns, Reaching safepoint: 394700 ns, At safepoint: 59200 ns, Total: 453900 ns
[2020-09-05T09:14:37.122+0000][8][safepoint    ] Safepoint "Cleanup", Time since last: 1002267200 ns, Reaching safepoint: 589400 ns, At safepoint: 29800 ns, Total: 619200 ns
[2020-09-05T09:14:38.126+0000][8][safepoint    ] Safepoint "Cleanup", Time since last: 1003601200 ns, Reaching safepoint: 575500 ns, At safepoint: 30900 ns, Total: 606400 ns
[2020-09-05T09:14:39.128+0000][8][safepoint    ] Safepoint "Cleanup", Time since last: 1001252000 ns, Reaching safepoint: 674200 ns, At safepoint: 55200 ns, Total: 729400 ns
[2020-09-05T09:14:40.130+0000][8][safepoint    ] Safepoint "Cleanup", Time since last: 1001800500 ns, Reaching safepoint: 223200 ns, At safepoint: 17500 ns, Total: 240700 ns
[2020-09-05T09:14:41.134+0000][8][safepoint    ] Safepoint "Cleanup", Time since last: 1002995500 ns, Reaching safepoint: 219700 ns, At safepoint: 17800 ns, Total: 237500 ns
[2020-09-05T09:14:42.135+0000][8][safepoint    ] Safepoint "Cleanup", Time since last: 1001261900 ns, Reaching safepoint: 372700 ns, At safepoint: 26700 ns, Total: 399400 ns
[2020-09-05T09:14:43.169+0000][8][safepoint    ] Safepoint "Cleanup", Time since last: 1033311200 ns, Reaching safepoint: 822000 ns, At safepoint: 55100 ns, Total: 877100 ns
[2020-09-05T09:14:44.173+0000][8][safepoint    ] Safepoint "Cleanup", Time since last: 1002521400 ns, Reaching safepoint: 763100 ns, At safepoint: 27700 ns, Total: 790800 ns
[2020-09-05T09:14:45.180+0000][8][safepoint    ] Safepoint "Cleanup", Time since last: 1001750000 ns, Reaching safepoint: 5119800 ns, At safepoint: 130700 ns, Total: 5250500 ns
[2020-09-05T09:14:46.188+0000][8][safepoint    ] Safepoint "Cleanup", Time since last: 1007734200 ns, Reaching safepoint: 332000 ns, At safepoint: 25000 ns, Total: 357000 ns
[2020-09-05T09:14:47.193+0000][8][safepoint    ] Safepoint "Cleanup", Time since last: 1002572000 ns, Reaching safepoint: 1702100 ns, At safepoint: 677800 ns, Total: 2379900 ns
[2020-09-05T09:14:48.196+0000][8][safepoint    ] Safepoint "Cleanup", Time since last: 1002587800 ns, Reaching safepoint: 190200 ns, At safepoint: 14100 ns, Total: 204300 ns
[2020-09-05T09:14:49.198+0000][8][safepoint    ] Safepoint "Cleanup", Time since last: 1002146700 ns, Reaching safepoint: 174400 ns, At safepoint: 115100 ns, Total: 289500 ns
[2020-09-05T09:14:50.214+0000][8][safepoint    ] Safepoint "Cleanup", Time since last: 1005148900 ns, Reaching safepoint: 11275700 ns, At safepoint: 36900 ns, Total: 11312600 ns
[2020-09-05T09:14:51.237+0000][8][safepoint    ] Safepoint "Cleanup", Time since last: 1022609400 ns, Reaching safepoint: 272700 ns, At safepoint: 18000 ns, Total: 290700 ns
[2020-09-05T09:14:52.240+0000][8][safepoint    ] Safepoint "Cleanup", Time since last: 1002356400 ns, Reaching safepoint: 228400 ns, At safepoint: 20200 ns, Total: 248600 ns
[2020-09-05T09:14:53.241+0000][8][safepoint    ] Safepoint "Cleanup", Time since last: 1001108300 ns, Reaching safepoint: 172900 ns, At safepoint: 14800 ns, Total: 187700 ns
[2020-09-05T09:14:54.243+0000][8][safepoint    ] Safepoint "Cleanup", Time since last: 1001206000 ns, Reaching safepoint: 238400 ns, At safepoint: 15600 ns, Total: 254000 ns
[2020-09-05T09:14:55.244+0000][8][safepoint    ] Safepoint "Cleanup", Time since last: 1000717200 ns, Reaching safepoint: 834600 ns, At safepoint: 27800 ns, Total: 862400 ns
[2020-09-05T09:14:56.248+0000][8][safepoint    ] Safepoint "Cleanup", Time since last: 1002862500 ns, Reaching safepoint: 700700 ns, At safepoint: 35300 ns, Total: 736000 ns
[2020-09-05T09:14:57.398+0000][8][safepoint    ] Safepoint "Cleanup", Time since last: 1149523600 ns, Reaching safepoint: 473000 ns, At safepoint: 140900 ns, Total: 613900 ns
[2020-09-05T09:14:57.850+0000][8][safepoint    ] Safepoint "BulkRevokeBias", Time since last: 450530600 ns, Reaching safepoint: 684100 ns, At safepoint: 500200 ns, Total: 1184300 ns
[2020-09-05T09:14:59.503+0000][8][safepoint    ] Safepoint "Cleanup", Time since last: 1653157400 ns, Reaching safepoint: 402900 ns, At safepoint: 20000 ns, Total: 422900 ns
[2020-09-05T09:15:01.084+0000][8][safepoint    ] Safepoint "Cleanup", Time since last: 1612040800 ns, Reaching safepoint: 889600 ns, At safepoint: 30300 ns, Total: 919900 ns
[2020-09-05T09:15:02.211+0000][8][safepoint    ] Safepoint "Cleanup", Time since last: 1126254100 ns, Reaching safepoint: 770500 ns, At safepoint: 49600 ns, Total: 820100 ns
[2020-09-05T09:15:03.220+0000][8][safepoint    ] Safepoint "Cleanup", Time since last: 1008482200 ns, Reaching safepoint: 380300 ns, At safepoint: 49300 ns, Total: 429600 ns
[2020-09-05T09:15:04.222+0000][8][safepoint    ] Safepoint "Cleanup", Time since last: 1001550200 ns, Reaching safepoint: 564300 ns, At safepoint: 23600 ns, Total: 587900 ns
[2020-09-05T09:15:05.227+0000][8][safepoint    ] Safepoint "Cleanup", Time since last: 1004660900 ns, Reaching safepoint: 218100 ns, At safepoint: 18100 ns, Total: 236200 ns
[2020-09-05T09:15:06.231+0000][8][safepoint    ] Safepoint "Cleanup", Time since last: 1004197700 ns, Reaching safepoint: 509400 ns, At safepoint: 60400 ns, Total: 569800 ns
[2020-09-05T09:15:07.239+0000][8][safepoint    ] Safepoint "Cleanup", Time since last: 1003670100 ns, Reaching safepoint: 3512100 ns, At safepoint: 42000 ns, Total: 3554100 ns
[2020-09-05T09:15:08.241+0000][8][safepoint    ] Safepoint "Cleanup", Time since last: 1002320300 ns, Reaching safepoint: 249300 ns, At safepoint: 14100 ns, Total: 263400 ns
[2020-09-05T09:15:09.243+0000][8][safepoint    ] Safepoint "Cleanup", Time since last: 1001744800 ns, Reaching safepoint: 382500 ns, At safepoint: 28400 ns, Total: 410900 ns
[2020-09-05T09:15:10.249+0000][8][safepoint    ] Safepoint "Cleanup", Time since last: 1004439300 ns, Reaching safepoint: 694400 ns, At safepoint: 25100 ns, Total: 719500 ns
[2020-09-05T09:15:11.255+0000][8][safepoint    ] Safepoint "Cleanup", Time since last: 1006039900 ns, Reaching safepoint: 417700 ns, At safepoint: 19500 ns, Total: 437200 ns
[2020-09-05T09:15:12.258+0000][8][safepoint    ] Safepoint "Cleanup", Time since last: 1002108400 ns, Reaching safepoint: 469100 ns, At safepoint: 36200 ns, Total: 505300 ns
[2020-09-05T09:15:13.260+0000][8][safepoint    ] Safepoint "Cleanup", Time since last: 1001407000 ns, Reaching safepoint: 500900 ns, At safepoint: 17200 ns, Total: 518100 ns
[2020-09-05T09:15:14.263+0000][8][safepoint    ] Safepoint "Cleanup", Time since last: 1001549500 ns, Reaching safepoint: 2136400 ns, At safepoint: 115900 ns, Total: 2252300 ns
[2020-09-05T09:15:15.267+0000][8][safepoint    ] Safepoint "Cleanup", Time since last: 1001866300 ns, Reaching safepoint: 1664100 ns, At safepoint: 19000 ns, Total: 1683100 ns
[2020-09-05T09:15:16.271+0000][8][safepoint    ] Safepoint "Cleanup", Time since last: 1003629900 ns, Reaching safepoint: 559500 ns, At safepoint: 18500 ns, Total: 578000 ns
[2020-09-05T09:15:17.273+0000][8][safepoint    ] Safepoint "Cleanup", Time since last: 1001717800 ns, Reaching safepoint: 563400 ns, At safepoint: 25600 ns, Total: 589000 ns
[2020-09-05T09:15:18.278+0000][8][safepoint    ] Safepoint "Cleanup", Time since last: 1003949300 ns, Reaching safepoint: 1110000 ns, At safepoint: 31900 ns, Total: 1141900 ns
[2020-09-05T09:15:19.282+0000][8][safepoint    ] Safepoint "Cleanup", Time since last: 1002650000 ns, Reaching safepoint: 641900 ns, At safepoint: 20700 ns, Total: 662600 ns
[2020-09-05T09:15:20.284+0000][8][safepoint    ] Safepoint "Cleanup", Time since last: 1002339600 ns, Reaching safepoint: 315600 ns, At safepoint: 31200 ns, Total: 346800 ns
[2020-09-05T09:15:21.288+0000][8][safepoint    ] Safepoint "Cleanup", Time since last: 1002716100 ns, Reaching safepoint: 374200 ns, At safepoint: 24600 ns, Total: 398800 ns
[2020-09-05T09:15:22.290+0000][8][safepoint    ] Safepoint "Cleanup", Time since last: 1001756900 ns, Reaching safepoint: 217200 ns, At safepoint: 18100 ns, Total: 235300 ns
[2020-09-05T09:15:23.292+0000][8][safepoint    ] Safepoint "Cleanup", Time since last: 1001620200 ns, Reaching safepoint: 350900 ns, At safepoint: 13700 ns, Total: 364600 ns
[2020-09-05T09:15:24.293+0000][8][safepoint    ] Safepoint "Cleanup", Time since last: 1001255900 ns, Reaching safepoint: 304900 ns, At safepoint: 23100 ns, Total: 328000 ns
[2020-09-05T09:15:25.297+0000][8][safepoint    ] Safepoint "Cleanup", Time since last: 1003342600 ns, Reaching safepoint: 152500 ns, At safepoint: 13800 ns, Total: 166300 ns
[2020-09-05T09:15:26.463+0000][8][safepoint    ] Safepoint "Cleanup", Time since last: 1166169000 ns, Reaching safepoint: 153500 ns, At safepoint: 14100 ns, Total: 167600 ns
[2020-09-05T09:15:27.466+0000][8][safepoint    ] Safepoint "Cleanup", Time since last: 1002359600 ns, Reaching safepoint: 186500 ns, At safepoint: 15300 ns, Total: 201800 ns
[2020-09-05T09:15:28.469+0000][8][safepoint    ] Safepoint "Cleanup", Time since last: 1002947200 ns, Reaching safepoint: 519400 ns, At safepoint: 19700 ns, Total: 539100 ns
[2020-09-05T09:15:29.472+0000][8][safepoint    ] Safepoint "Cleanup", Time since last: 1001971100 ns, Reaching safepoint: 488700 ns, At safepoint: 26600 ns, Total: 515300 ns
[2020-09-05T09:15:30.440+0000][8][safepoint    ] Safepoint "Cleanup", Time since last: 1001799700 ns, Reaching safepoint: 411300 ns, At safepoint: 18800 ns, Total: 430100 ns
[2020-09-05T09:15:31.442+0000][8][safepoint    ] Safepoint "Cleanup", Time since last: 1001362900 ns, Reaching safepoint: 525800 ns, At safepoint: 23200 ns, Total: 549000 ns
[2020-09-05T09:15:32.445+0000][8][safepoint    ] Safepoint "Cleanup", Time since last: 1002748800 ns, Reaching safepoint: 320500 ns, At safepoint: 22400 ns, Total: 342900 ns
[2020-09-05T09:15:33.446+0000][8][safepoint    ] Safepoint "Cleanup", Time since last: 1001089300 ns, Reaching safepoint: 260200 ns, At safepoint: 18900 ns, Total: 279100 ns
[2020-09-05T09:15:34.448+0000][8][safepoint    ] Safepoint "Cleanup", Time since last: 1001272400 ns, Reaching safepoint: 269300 ns, At safepoint: 27400 ns, Total: 296700 ns
[2020-09-05T09:15:35.450+0000][8][safepoint    ] Safepoint "Cleanup", Time since last: 1001495600 ns, Reaching safepoint: 298800 ns, At safepoint: 14200 ns, Total: 313000 ns
[2020-09-05T09:15:36.451+0000][8][safepoint    ] Safepoint "Cleanup", Time since last: 1001480900 ns, Reaching safepoint: 207300 ns, At safepoint: 10800 ns, Total: 218100 ns
[2020-09-05T09:15:37.454+0000][8][safepoint    ] Safepoint "Cleanup", Time since last: 1002020600 ns, Reaching safepoint: 385000 ns, At safepoint: 17400 ns, Total: 402400 ns
[2020-09-05T09:15:38.456+0000][8][safepoint    ] Safepoint "Cleanup", Time since last: 1001273100 ns, Reaching safepoint: 559600 ns, At safepoint: 35000 ns, Total: 594600 ns
[2020-09-05T09:15:39.460+0000][8][safepoint    ] Safepoint "Cleanup", Time since last: 1003422300 ns, Reaching safepoint: 1515900 ns, At safepoint: 30700 ns, Total: 1546600 ns
[2020-09-05T09:15:40.464+0000][8][safepoint    ] Safepoint "Cleanup", Time since last: 1002927500 ns, Reaching safepoint: 151400 ns, At safepoint: 14100 ns, Total: 165500 ns
[2020-09-05T09:15:41.469+0000][8][safepoint    ] Safepoint "Cleanup", Time since last: 1003574200 ns, Reaching safepoint: 1806900 ns, At safepoint: 20200 ns, Total: 1827100 ns
[2020-09-05T09:15:42.472+0000][8][safepoint    ] Safepoint "Cleanup", Time since last: 1002220600 ns, Reaching safepoint: 292000 ns, At safepoint: 14300 ns, Total: 306300 ns
[2020-09-05T09:15:43.473+0000][8][safepoint    ] Safepoint "Cleanup", Time since last: 1001129300 ns, Reaching safepoint: 162200 ns, At safepoint: 14500 ns, Total: 176700 ns
[2020-09-05T09:15:44.475+0000][8][safepoint    ] Safepoint "Cleanup", Time since last: 1001624700 ns, Reaching safepoint: 175100 ns, At safepoint: 14600 ns, Total: 189700 ns
[2020-09-05T09:15:45.476+0000][8][safepoint    ] Safepoint "Cleanup", Time since last: 1001136800 ns, Reaching safepoint: 163500 ns, At safepoint: 15400 ns, Total: 178900 ns
[2020-09-05T09:15:46.478+0000][8][safepoint    ] Safepoint "Cleanup", Time since last: 1001600000 ns, Reaching safepoint: 147700 ns, At safepoint: 14500 ns, Total: 162200 ns
[2020-09-05T09:15:47.479+0000][8][safepoint    ] Safepoint "Cleanup", Time since last: 1001275400 ns, Reaching safepoint: 147900 ns, At safepoint: 12300 ns, Total: 160200 ns
[2020-09-05T09:15:48.482+0000][8][safepoint    ] Safepoint "Cleanup", Time since last: 1002298400 ns, Reaching safepoint: 147500 ns, At safepoint: 14200 ns, Total: 161700 ns
[2020-09-05T09:15:49.485+0000][8][safepoint    ] Safepoint "Cleanup", Time since last: 1003707900 ns, Reaching safepoint: 164900 ns, At safepoint: 14600 ns, Total: 179500 ns
[2020-09-05T09:15:50.488+0000][8][safepoint    ] Safepoint "Cleanup", Time since last: 1001397800 ns, Reaching safepoint: 924200 ns, At safepoint: 23800 ns, Total: 948000 ns
[2020-09-05T09:15:51.490+0000][8][safepoint    ] Safepoint "Cleanup", Time since last: 1001417900 ns, Reaching safepoint: 496200 ns, At safepoint: 20400 ns, Total: 516600 ns
[2020-09-05T09:15:52.493+0000][8][safepoint    ] Safepoint "Cleanup", Time since last: 1002842700 ns, Reaching safepoint: 188800 ns, At safepoint: 14900 ns, Total: 203700 ns
[2020-09-05T09:15:53.531+0000][8][safepoint    ] Safepoint "Cleanup", Time since last: 1037293700 ns, Reaching safepoint: 359600 ns, At safepoint: 25600 ns, Total: 385200 ns
[2020-09-05T09:15:54.546+0000][8][safepoint    ] Safepoint "Cleanup", Time since last: 1015243000 ns, Reaching safepoint: 245700 ns, At safepoint: 17800 ns, Total: 263500 ns
[2020-09-05T09:15:55.550+0000][8][safepoint    ] Safepoint "Cleanup", Time since last: 1003114900 ns, Reaching safepoint: 443100 ns, At safepoint: 13700 ns, Total: 456800 ns
[2020-09-05T09:15:56.551+0000][8][safepoint    ] Safepoint "Cleanup", Time since last: 1001415700 ns, Reaching safepoint: 238900 ns, At safepoint: 21000 ns, Total: 259900 ns
[2020-09-05T09:15:57.558+0000][8][safepoint    ] Safepoint "Cleanup", Time since last: 1005720900 ns, Reaching safepoint: 673700 ns, At safepoint: 20400 ns, Total: 694100 ns
[2020-09-05T09:15:58.574+0000][8][safepoint    ] Safepoint "Cleanup", Time since last: 1016379100 ns, Reaching safepoint: 304500 ns, At safepoint: 18300 ns, Total: 322800 ns
[2020-09-05T09:15:59.579+0000][8][safepoint    ] Safepoint "Cleanup", Time since last: 1003177400 ns, Reaching safepoint: 1348500 ns, At safepoint: 36100 ns, Total: 1384600 ns
[2020-09-05T09:16:00.547+0000][8][safepoint    ] Safepoint "Cleanup", Time since last: 1001946800 ns, Reaching safepoint: 180600 ns, At safepoint: 12100 ns, Total: 192700 ns
[2020-09-05T09:16:01.766+0000][8][safepoint    ] Safepoint "Cleanup", Time since last: 1217665100 ns, Reaching safepoint: 428200 ns, At safepoint: 361300 ns, Total: 789500 ns
[2020-09-05T09:16:03.320+0000][8][safepoint    ] Safepoint "Cleanup", Time since last: 1553438000 ns, Reaching safepoint: 266800 ns, At safepoint: 17300 ns, Total: 284100 ns
[2020-09-05T09:16:04.323+0000][8][safepoint    ] Safepoint "Cleanup", Time since last: 1003200800 ns, Reaching safepoint: 155400 ns, At safepoint: 14300 ns, Total: 169700 ns
[2020-09-05T09:16:05.324+0000][8][safepoint    ] Safepoint "Cleanup", Time since last: 1000860100 ns, Reaching safepoint: 151100 ns, At safepoint: 14300 ns, Total: 165400 ns
[2020-09-05T09:16:06.325+0000][8][safepoint    ] Safepoint "Cleanup", Time since last: 1000865000 ns, Reaching safepoint: 159700 ns, At safepoint: 14300 ns, Total: 174000 ns
[2020-09-05T09:16:07.326+0000][8][safepoint    ] Safepoint "Cleanup", Time since last: 1001065100 ns, Reaching safepoint: 174500 ns, At safepoint: 12900 ns, Total: 187400 ns
[2020-09-05T09:16:08.328+0000][8][safepoint    ] Safepoint "Cleanup", Time since last: 1001174300 ns, Reaching safepoint: 432700 ns, At safepoint: 19300 ns, Total: 452000 ns
[2020-09-05T09:16:09.357+0000][8][safepoint    ] Safepoint "Cleanup", Time since last: 1028518700 ns, Reaching safepoint: 765200 ns, At safepoint: 70600 ns, Total: 835800 ns
[2020-09-05T09:16:10.372+0000][8][safepoint    ] Safepoint "Cleanup", Time since last: 1011661400 ns, Reaching safepoint: 3267800 ns, At safepoint: 49600 ns, Total: 3317400 ns
[2020-09-05T09:16:11.375+0000][8][safepoint    ] Safepoint "Cleanup", Time since last: 1001886600 ns, Reaching safepoint: 420100 ns, At safepoint: 19600 ns, Total: 439700 ns
[2020-09-05T09:16:12.376+0000][8][safepoint    ] Safepoint "Cleanup", Time since last: 1001191200 ns, Reaching safepoint: 414700 ns, At safepoint: 18500 ns, Total: 433200 ns
[2020-09-05T09:16:13.378+0000][8][safepoint    ] Safepoint "Cleanup", Time since last: 1001276200 ns, Reaching safepoint: 334100 ns, At safepoint: 77900 ns, Total: 412000 ns
[2020-09-05T09:16:14.379+0000][8][safepoint    ] Safepoint "Cleanup", Time since last: 1001353100 ns, Reaching safepoint: 163500 ns, At safepoint: 14700 ns, Total: 178200 ns
[2020-09-05T09:16:15.381+0000][8][safepoint    ] Safepoint "Cleanup", Time since last: 1001651100 ns, Reaching safepoint: 190200 ns, At safepoint: 13400 ns, Total: 203600 ns
[2020-09-05T09:16:16.383+0000][8][safepoint    ] Safepoint "Cleanup", Time since last: 1001885400 ns, Reaching safepoint: 168200 ns, At safepoint: 15300 ns, Total: 183500 ns
[2020-09-05T09:16:17.385+0000][8][safepoint    ] Safepoint "Cleanup", Time since last: 1001876700 ns, Reaching safepoint: 158200 ns, At safepoint: 13400 ns, Total: 171600 ns
[2020-09-05T09:16:18.388+0000][8][safepoint    ] Safepoint "Cleanup", Time since last: 1002643000 ns, Reaching safepoint: 142800 ns, At safepoint: 13300 ns, Total: 156100 ns
[2020-09-05T09:16:19.390+0000][8][safepoint    ] Safepoint "Cleanup", Time since last: 1001551700 ns, Reaching safepoint: 140300 ns, At safepoint: 13300 ns, Total: 153600 ns
[2020-09-05T09:16:20.392+0000][8][safepoint    ] Safepoint "Cleanup", Time since last: 1001601900 ns, Reaching safepoint: 301900 ns, At safepoint: 14600 ns, Total: 316500 ns
[2020-09-05T09:16:21.611+0000][8][safepoint    ] Safepoint "Cleanup", Time since last: 1105253600 ns, Reaching safepoint: 110448200 ns, At safepoint: 3516700 ns, Total: 113964900 ns
[2020-09-05T09:16:22.612+0000][8][safepoint    ] Safepoint "Cleanup", Time since last: 1000996500 ns, Reaching safepoint: 326500 ns, At safepoint: 24300 ns, Total: 350800 ns
[2020-09-05T09:16:23.703+0000][8][safepoint    ] Safepoint "Cleanup", Time since last: 1004389400 ns, Reaching safepoint: 84449600 ns, At safepoint: 1690900 ns, Total: 86140500 ns
[2020-09-05T09:16:24.739+0000][8][safepoint    ] Safepoint "Cleanup", Time since last: 1034310700 ns, Reaching safepoint: 1259100 ns, At safepoint: 115900 ns, Total: 1375000 ns
[2020-09-05T09:16:25.742+0000][8][safepoint    ] Safepoint "Cleanup", Time since last: 1003299900 ns, Reaching safepoint: 530000 ns, At safepoint: 11000 ns, Total: 541000 ns
[2020-09-05T09:16:26.744+0000][8][safepoint    ] Safepoint "Cleanup", Time since last: 1001586200 ns, Reaching safepoint: 335100 ns, At safepoint: 24300 ns, Total: 359400 ns
[2020-09-05T09:16:27.752+0000][8][safepoint    ] Safepoint "Cleanup", Time since last: 1001887400 ns, Reaching safepoint: 5992600 ns, At safepoint: 43300 ns, Total: 6035900 ns
[2020-09-05T09:16:28.762+0000][8][safepoint    ] Safepoint "Cleanup", Time since last: 1005972400 ns, Reaching safepoint: 3702800 ns, At safepoint: 50000 ns, Total: 3752800 ns
[2020-09-05T09:16:29.766+0000][8][safepoint    ] Safepoint "Cleanup", Time since last: 1003439900 ns, Reaching safepoint: 923600 ns, At safepoint: 30000 ns, Total: 953600 ns
[2020-09-05T09:16:30.736+0000][8][safepoint    ] Safepoint "Cleanup", Time since last: 1002280700 ns, Reaching safepoint: 267400 ns, At safepoint: 23300 ns, Total: 290700 ns
[2020-09-05T09:16:31.738+0000][8][safepoint    ] Safepoint "Cleanup", Time since last: 1001404000 ns, Reaching safepoint: 500300 ns, At safepoint: 20400 ns, Total: 520700 ns
[2020-09-05T09:16:32.789+0000][8][safepoint    ] Safepoint "Cleanup", Time since last: 1024548600 ns, Reaching safepoint: 26442100 ns, At safepoint: 71500 ns, Total: 26513600 ns
[2020-09-05T09:16:33.797+0000][8][safepoint    ] Safepoint "Cleanup", Time since last: 1007388100 ns, Reaching safepoint: 371200 ns, At safepoint: 11800 ns, Total: 383000 ns
[2020-09-05T09:16:34.798+0000][8][safepoint    ] Safepoint "Cleanup", Time since last: 1001052200 ns, Reaching safepoint: 229600 ns, At safepoint: 11600 ns, Total: 241200 ns
[2020-09-05T09:16:35.805+0000][8][safepoint    ] Safepoint "Cleanup", Time since last: 1004089900 ns, Reaching safepoint: 2566800 ns, At safepoint: 79900 ns, Total: 2646700 ns
[2020-09-05T09:16:36.814+0000][8][safepoint    ] Safepoint "Cleanup", Time since last: 1007264600 ns, Reaching safepoint: 1218900 ns, At safepoint: 32300 ns, Total: 1251200 ns
[2020-09-05T09:16:37.816+0000][8][safepoint    ] Safepoint "Cleanup", Time since last: 1002246100 ns, Reaching safepoint: 473100 ns, At safepoint: 19100 ns, Total: 492200 ns
[2020-09-05T09:16:38.818+0000][8][safepoint    ] Safepoint "Cleanup", Time since last: 1001138600 ns, Reaching safepoint: 181300 ns, At safepoint: 14500 ns, Total: 195800 ns
[2020-09-05T09:16:40.106+0000][8][safepoint    ] Safepoint "Cleanup", Time since last: 1287784300 ns, Reaching safepoint: 334000 ns, At safepoint: 20300 ns, Total: 354300 ns
[2020-09-05T09:16:41.108+0000][8][safepoint    ] Safepoint "Cleanup", Time since last: 1001996400 ns, Reaching safepoint: 313100 ns, At safepoint: 14800 ns, Total: 327900 ns
[2020-09-05T09:16:42.115+0000][8][safepoint    ] Safepoint "Cleanup", Time since last: 1005118300 ns, Reaching safepoint: 1109100 ns, At safepoint: 31700 ns, Total: 1140800 ns
[2020-09-05T09:16:43.117+0000][8][safepoint    ] Safepoint "Cleanup", Time since last: 1001863700 ns, Reaching safepoint: 287700 ns, At safepoint: 15900 ns, Total: 303600 ns
[2020-09-05T09:16:44.128+0000][8][safepoint    ] Safepoint "Cleanup", Time since last: 1008808700 ns, Reaching safepoint: 2247700 ns, At safepoint: 28400 ns, Total: 2276100 ns
[2020-09-05T09:16:45.135+0000][8][safepoint    ] Safepoint "Cleanup", Time since last: 1005309300 ns, Reaching safepoint: 1349600 ns, At safepoint: 87400 ns, Total: 1437000 ns
[2020-09-05T09:16:46.138+0000][8][safepoint    ] Safepoint "Cleanup", Time since last: 1003579400 ns, Reaching safepoint: 189600 ns, At safepoint: 16700 ns, Total: 206300 ns
[2020-09-05T09:16:47.139+0000][8][safepoint    ] Safepoint "Cleanup", Time since last: 1000839600 ns, Reaching safepoint: 282100 ns, At safepoint: 31000 ns, Total: 313100 ns
[2020-09-05T09:16:48.141+0000][8][safepoint    ] Safepoint "Cleanup", Time since last: 1000818700 ns, Reaching safepoint: 577300 ns, At safepoint: 22800 ns, Total: 600100 ns
[2020-09-05T09:16:49.146+0000][8][safepoint    ] Safepoint "Cleanup", Time since last: 1004619200 ns, Reaching safepoint: 190600 ns, At safepoint: 14300 ns, Total: 204900 ns
[2020-09-05T09:16:50.147+0000][8][safepoint    ] Safepoint "Cleanup", Time since last: 1001033600 ns, Reaching safepoint: 600200 ns, At safepoint: 27700 ns, Total: 627900 ns
[2020-09-05T09:16:51.155+0000][8][safepoint    ] Safepoint "Cleanup", Time since last: 1007409100 ns, Reaching safepoint: 169000 ns, At safepoint: 17900 ns, Total: 186900 ns
[2020-09-05T09:16:52.156+0000][8][safepoint    ] Safepoint "Cleanup", Time since last: 1001235100 ns, Reaching safepoint: 188600 ns, At safepoint: 11600 ns, Total: 200200 ns
[2020-09-05T09:16:53.158+0000][8][safepoint    ] Safepoint "Cleanup", Time since last: 1000974100 ns, Reaching safepoint: 268700 ns, At safepoint: 42800 ns, Total: 311500 ns
[2020-09-05T09:16:54.160+0000][8][safepoint    ] Safepoint "Cleanup", Time since last: 1001522900 ns, Reaching safepoint: 632600 ns, At safepoint: 79700 ns, Total: 712300 ns
[2020-09-05T09:16:55.164+0000][8][safepoint    ] Safepoint "Cleanup", Time since last: 1003525900 ns, Reaching safepoint: 1045900 ns, At safepoint: 27500 ns, Total: 1073400 ns
[2020-09-05T09:16:56.166+0000][8][safepoint    ] Safepoint "Cleanup", Time since last: 1001085100 ns, Reaching safepoint: 231700 ns, At safepoint: 16800 ns, Total: 248500 ns
[2020-09-05T09:16:57.167+0000][8][safepoint    ] Safepoint "Cleanup", Time since last: 1001168200 ns, Reaching safepoint: 514900 ns, At safepoint: 23900 ns, Total: 538800 ns
[2020-09-05T09:16:58.354+0000][8][safepoint    ] Safepoint "Cleanup", Time since last: 1186442000 ns, Reaching safepoint: 408600 ns, At safepoint: 16900 ns, Total: 425500 ns
[2020-09-05T09:16:59.355+0000][8][safepoint    ] Safepoint "Cleanup", Time since last: 1000927200 ns, Reaching safepoint: 178700 ns, At safepoint: 13800 ns, Total: 192500 ns
[2020-09-05T09:17:00.322+0000][8][safepoint    ] Safepoint "Cleanup", Time since last: 1001953100 ns, Reaching safepoint: 275200 ns, At safepoint: 29200 ns, Total: 304400 ns
[2020-09-05T09:17:01.324+0000][8][safepoint    ] Safepoint "Cleanup", Time since last: 1001196600 ns, Reaching safepoint: 259100 ns, At safepoint: 12100 ns, Total: 271200 ns
[2020-09-05T09:17:02.325+0000][8][safepoint    ] Safepoint "Cleanup", Time since last: 1000914200 ns, Reaching safepoint: 290400 ns, At safepoint: 23500 ns, Total: 313900 ns
[2020-09-05T09:17:03.326+0000][8][safepoint    ] Safepoint "Cleanup", Time since last: 1001007700 ns, Reaching safepoint: 178100 ns, At safepoint: 17000 ns, Total: 195100 ns
[2020-09-05T09:17:03.902+0000][8][safepoint    ] Safepoint "BulkRevokeBias", Time since last: 573692200 ns, Reaching safepoint: 298100 ns, At safepoint: 1817000 ns, Total: 2115100 ns
[2020-09-05T09:17:03.909+0000][8][safepoint    ] Safepoint "BulkRevokeBias", Time since last: 6464500 ns, Reaching safepoint: 486200 ns, At safepoint: 542600 ns, Total: 1028800 ns
[2020-09-05T09:17:05.052+0000][8][safepoint    ] Safepoint "Cleanup", Time since last: 1137989500 ns, Reaching safepoint: 5008800 ns, At safepoint: 26200 ns, Total: 5035000 ns
[2020-09-05T09:17:06.118+0000][8][safepoint    ] Safepoint "Cleanup", Time since last: 1064308100 ns, Reaching safepoint: 1549000 ns, At safepoint: 22700 ns, Total: 1571700 ns
[2020-09-05T09:17:07.122+0000][8][safepoint    ] Safepoint "Cleanup", Time since last: 1003250300 ns, Reaching safepoint: 211100 ns, At safepoint: 15100 ns, Total: 226200 ns
[2020-09-05T09:17:08.646+0000][8][safepoint    ] Safepoint "Cleanup", Time since last: 1522549100 ns, Reaching safepoint: 1162100 ns, At safepoint: 146300 ns, Total: 1308400 ns
[2020-09-05T09:17:08.718+0000][8][safepoint    ] Safepoint "BulkRevokeBias", Time since last: 70242500 ns, Reaching safepoint: 2019400 ns, At safepoint: 450000 ns, Total: 2469400 ns
[2020-09-05T09:17:08.799+0000][8][safepoint    ] Safepoint "BulkRevokeBias", Time since last: 79246100 ns, Reaching safepoint: 530600 ns, At safepoint: 418500 ns, Total: 949100 ns
[2020-09-05T09:17:10.080+0000][8][safepoint    ] Safepoint "Cleanup", Time since last: 1280564100 ns, Reaching safepoint: 831800 ns, At safepoint: 20500 ns, Total: 852300 ns
[2020-09-05T09:17:11.087+0000][8][safepoint    ] Safepoint "Cleanup", Time since last: 1006654200 ns, Reaching safepoint: 371600 ns, At safepoint: 89000 ns, Total: 460600 ns
[2020-09-05T09:17:12.090+0000][8][safepoint    ] Safepoint "Cleanup", Time since last: 1002380900 ns, Reaching safepoint: 546100 ns, At safepoint: 27500 ns, Total: 573600 ns
[2020-09-05T09:17:13.094+0000][8][safepoint    ] Safepoint "Cleanup", Time since last: 1003555700 ns, Reaching safepoint: 209800 ns, At safepoint: 16700 ns, Total: 226500 ns
[2020-09-05T09:17:14.116+0000][8][safepoint    ] Safepoint "Cleanup", Time since last: 1021836000 ns, Reaching safepoint: 299900 ns, At safepoint: 20500 ns, Total: 320400 ns
[2020-09-05T09:17:15.122+0000][8][safepoint    ] Safepoint "Cleanup", Time since last: 1005361500 ns, Reaching safepoint: 222100 ns, At safepoint: 17400 ns, Total: 239500 ns
[2020-09-05T09:17:16.141+0000][8][safepoint    ] Safepoint "Cleanup", Time since last: 1018743800 ns, Reaching safepoint: 298100 ns, At safepoint: 17700 ns, Total: 315800 ns
[2020-09-05T09:17:17.158+0000][8][safepoint    ] Safepoint "Cleanup", Time since last: 1016766800 ns, Reaching safepoint: 591100 ns, At safepoint: 33200 ns, Total: 624300 ns
[2020-09-05T09:17:18.161+0000][8][safepoint    ] Safepoint "Cleanup", Time since last: 1001944000 ns, Reaching safepoint: 741200 ns, At safepoint: 53600 ns, Total: 794800 ns
[2020-09-05T09:17:19.167+0000][8][safepoint    ] Safepoint "Cleanup", Time since last: 1004167800 ns, Reaching safepoint: 1888000 ns, At safepoint: 21800 ns, Total: 1909800 ns
[2020-09-05T09:17:20.168+0000][8][safepoint    ] Safepoint "Cleanup", Time since last: 1001129900 ns, Reaching safepoint: 304000 ns, At safepoint: 23200 ns, Total: 327200 ns
[2020-09-05T09:17:21.186+0000][8][safepoint    ] Safepoint "Cleanup", Time since last: 1017863500 ns, Reaching safepoint: 241000 ns, At safepoint: 18800 ns, Total: 259800 ns
[2020-09-05T09:17:22.205+0000][8][safepoint    ] Safepoint "Cleanup", Time since last: 1017544400 ns, Reaching safepoint: 957800 ns, At safepoint: 65900 ns, Total: 1023700 ns
[2020-09-05T09:17:23.207+0000][8][safepoint    ] Safepoint "Cleanup", Time since last: 1002081500 ns, Reaching safepoint: 382300 ns, At safepoint: 17700 ns, Total: 400000 ns
[2020-09-05T09:17:24.213+0000][8][safepoint    ] Safepoint "Cleanup", Time since last: 1005020400 ns, Reaching safepoint: 147600 ns, At safepoint: 12600 ns, Total: 160200 ns
[2020-09-05T09:17:25.214+0000][8][safepoint    ] Safepoint "Cleanup", Time since last: 1001299000 ns, Reaching safepoint: 160500 ns, At safepoint: 14700 ns, Total: 175200 ns
[2020-09-05T09:17:25.433+0000][8][gc,start     ] GC(30) Pause Young (Normal) (G1 Evacuation Pause)
[2020-09-05T09:17:25.434+0000][8][gc,task      ] GC(30) Using 2 workers of 2 for evacuation
[2020-09-05T09:17:25.435+0000][8][gc,age       ] GC(30) Desired survivor size 19398656 bytes, new threshold 15 (max threshold 15)
[2020-09-05T09:17:25.544+0000][8][gc,age       ] GC(30) Age table with threshold 15 (max threshold 15)
[2020-09-05T09:17:25.545+0000][8][gc,age       ] GC(30) - age   1:    2462904 bytes,    2462904 total
[2020-09-05T09:17:25.546+0000][8][gc,age       ] GC(30) - age   2:     125368 bytes,    2588272 total
[2020-09-05T09:17:25.547+0000][8][gc,age       ] GC(30) - age   3:     184480 bytes,    2772752 total
[2020-09-05T09:17:25.547+0000][8][gc,age       ] GC(30) - age   4:      13024 bytes,    2785776 total
[2020-09-05T09:17:25.548+0000][8][gc,age       ] GC(30) - age   5:      16064 bytes,    2801840 total
[2020-09-05T09:17:25.549+0000][8][gc,age       ] GC(30) - age   6:      14984 bytes,    2816824 total
[2020-09-05T09:17:25.550+0000][8][gc,age       ] GC(30) - age   7:      21376 bytes,    2838200 total
[2020-09-05T09:17:25.551+0000][8][gc,age       ] GC(30) - age   8:     731696 bytes,    3569896 total
[2020-09-05T09:17:25.551+0000][8][gc,age       ] GC(30) - age   9:     542656 bytes,    4112552 total
[2020-09-05T09:17:25.552+0000][8][gc,age       ] GC(30) - age  10:      85672 bytes,    4198224 total
[2020-09-05T09:17:25.553+0000][8][gc,age       ] GC(30) - age  11:      68168 bytes,    4266392 total
[2020-09-05T09:17:25.553+0000][8][gc,age       ] GC(30) - age  12:    4086984 bytes,    8353376 total
[2020-09-05T09:17:25.555+0000][8][gc,phases    ] GC(30)   Pre Evacuate Collection Set: 0.5ms
[2020-09-05T09:17:25.557+0000][8][gc,phases    ] GC(30)   Merge Heap Roots: 0.8ms
[2020-09-05T09:17:25.561+0000][8][gc,phases    ] GC(30)   Evacuate Collection Set: 93.8ms
[2020-09-05T09:17:25.565+0000][8][gc,phases    ] GC(30)   Post Evacuate Collection Set: 12.9ms
[2020-09-05T09:17:25.566+0000][8][gc,phases    ] GC(30)   Other: 14.1ms
[2020-09-05T09:17:25.567+0000][8][gc,heap      ] GC(30) Eden regions: 281->0(282)
[2020-09-05T09:17:25.567+0000][8][gc,heap      ] GC(30) Survivor regions: 9->9(37)
[2020-09-05T09:17:25.568+0000][8][gc,heap      ] GC(30) Old regions: 70->70
[2020-09-05T09:17:25.568+0000][8][gc,heap      ] GC(30) Archive regions: 2->2
[2020-09-05T09:17:25.569+0000][8][gc,heap      ] GC(30) Humongous regions: 7->7
[2020-09-05T09:17:25.570+0000][8][gc,metaspace ] GC(30) Metaspace: 102746K(110968K)->102746K(110968K) NonClass: 89273K(94072K)->89273K(94072K) Class: 13472K(16896K)->13472K(16896K)
[2020-09-05T09:17:25.572+0000][8][gc           ] GC(30) Pause Young (Normal) (G1 Evacuation Pause) 367M->85M(512M) 138.485ms
[2020-09-05T09:17:25.573+0000][8][gc,cpu       ] GC(30) User=0.18s Sys=0.04s Real=0.14s
[2020-09-05T09:17:25.581+0000][8][safepoint    ] Safepoint "G1CollectForAllocation", Time since last: 218300900 ns, Reaching safepoint: 437200 ns, At safepoint: 148622200 ns, Total: 149059400 ns
[2020-09-05T09:17:26.599+0000][8][safepoint    ] Safepoint "Cleanup", Time since last: 1015945700 ns, Reaching safepoint: 1325500 ns, At safepoint: 24100 ns, Total: 1349600 ns
[2020-09-05T09:17:27.600+0000][8][safepoint    ] Safepoint "Cleanup", Time since last: 1000987100 ns, Reaching safepoint: 170300 ns, At safepoint: 11400 ns, Total: 181700 ns
[2020-09-05T09:17:28.601+0000][8][safepoint    ] Safepoint "Cleanup", Time since last: 1001066300 ns, Reaching safepoint: 258700 ns, At safepoint: 17700 ns, Total: 276400 ns
[2020-09-05T09:17:29.603+0000][8][safepoint    ] Safepoint "Cleanup", Time since last: 1001819400 ns, Reaching safepoint: 226500 ns, At safepoint: 17900 ns, Total: 244400 ns
[2020-09-05T09:17:30.572+0000][8][safepoint    ] Safepoint "Cleanup", Time since last: 1001742600 ns, Reaching safepoint: 277600 ns, At safepoint: 23800 ns, Total: 301400 ns
[2020-09-05T09:17:31.575+0000][8][safepoint    ] Safepoint "Cleanup", Time since last: 1002783700 ns, Reaching safepoint: 233300 ns, At safepoint: 23900 ns, Total: 257200 ns
[2020-09-05T09:17:32.577+0000][8][safepoint    ] Safepoint "Cleanup", Time since last: 1001124800 ns, Reaching safepoint: 189000 ns, At safepoint: 14300 ns, Total: 203300 ns
[2020-09-05T09:17:33.579+0000][8][safepoint    ] Safepoint "Cleanup", Time since last: 1002138500 ns, Reaching safepoint: 270400 ns, At safepoint: 13800 ns, Total: 284200 ns
[2020-09-05T09:17:34.582+0000][8][safepoint    ] Safepoint "Cleanup", Time since last: 1002427800 ns, Reaching safepoint: 184200 ns, At safepoint: 14700 ns, Total: 198900 ns
[2020-09-05T09:17:35.583+0000][8][safepoint    ] Safepoint "Cleanup", Time since last: 1001067700 ns, Reaching safepoint: 285400 ns, At safepoint: 19600 ns, Total: 305000 ns
[2020-09-05T09:17:36.585+0000][8][safepoint    ] Safepoint "Cleanup", Time since last: 1001831200 ns, Reaching safepoint: 231100 ns, At safepoint: 17600 ns, Total: 248700 ns
[2020-09-05T09:17:37.587+0000][8][safepoint    ] Safepoint "Cleanup", Time since last: 1001070800 ns, Reaching safepoint: 316300 ns, At safepoint: 16800 ns, Total: 333100 ns
[2020-09-05T09:17:38.588+0000][8][safepoint    ] Safepoint "Cleanup", Time since last: 1001403900 ns, Reaching safepoint: 206500 ns, At safepoint: 16600 ns, Total: 223100 ns
[2020-09-05T09:17:39.591+0000][8][safepoint    ] Safepoint "Cleanup", Time since last: 1002040500 ns, Reaching safepoint: 769000 ns, At safepoint: 23800 ns, Total: 792800 ns
[2020-09-05T09:17:40.593+0000][8][safepoint    ] Safepoint "Cleanup", Time since last: 1001712800 ns, Reaching safepoint: 231700 ns, At safepoint: 19000 ns, Total: 250700 ns
[2020-09-05T09:17:41.602+0000][8][safepoint    ] Safepoint "Cleanup", Time since last: 1008135600 ns, Reaching safepoint: 347300 ns, At safepoint: 199600 ns, Total: 546900 ns
[2020-09-05T09:17:42.605+0000][8][safepoint    ] Safepoint "Cleanup", Time since last: 1002998700 ns, Reaching safepoint: 380800 ns, At safepoint: 23200 ns, Total: 404000 ns
[2020-09-05T09:17:43.607+0000][8][safepoint    ] Safepoint "Cleanup", Time since last: 1001973100 ns, Reaching safepoint: 209100 ns, At safepoint: 13300 ns, Total: 222400 ns
[2020-09-05T09:17:44.610+0000][8][safepoint    ] Safepoint "Cleanup", Time since last: 1001884700 ns, Reaching safepoint: 316300 ns, At safepoint: 17500 ns, Total: 333800 ns
[2020-09-05T09:17:45.611+0000][8][safepoint    ] Safepoint "Cleanup", Time since last: 1000977000 ns, Reaching safepoint: 184800 ns, At safepoint: 14400 ns, Total: 199200 ns
[2020-09-05T09:17:46.613+0000][8][safepoint    ] Safepoint "Cleanup", Time since last: 1002113300 ns, Reaching safepoint: 181700 ns, At safepoint: 14400 ns, Total: 196100 ns
[2020-09-05T09:17:47.615+0000][8][safepoint    ] Safepoint "Cleanup", Time since last: 1001290600 ns, Reaching safepoint: 382300 ns, At safepoint: 21900 ns, Total: 404200 ns
[2020-09-05T09:17:48.617+0000][8][safepoint    ] Safepoint "Cleanup", Time since last: 1001761700 ns, Reaching safepoint: 188400 ns, At safepoint: 14700 ns, Total: 203100 ns
[2020-09-05T09:17:49.618+0000][8][safepoint    ] Safepoint "Cleanup", Time since last: 1001500600 ns, Reaching safepoint: 177400 ns, At safepoint: 11500 ns, Total: 188900 ns
[2020-09-05T09:17:50.620+0000][8][safepoint    ] Safepoint "Cleanup", Time since last: 1001126400 ns, Reaching safepoint: 156700 ns, At safepoint: 10800 ns, Total: 167500 ns
[2020-09-05T09:17:51.621+0000][8][safepoint    ] Safepoint "Cleanup", Time since last: 1001382000 ns, Reaching safepoint: 286800 ns, At safepoint: 16400 ns, Total: 303200 ns
[2020-09-05T09:17:52.623+0000][8][safepoint    ] Safepoint "Cleanup", Time since last: 1001565200 ns, Reaching safepoint: 326400 ns, At safepoint: 25900 ns, Total: 352300 ns
[2020-09-05T09:17:53.630+0000][8][safepoint    ] Safepoint "Cleanup", Time since last: 1004579500 ns, Reaching safepoint: 2027000 ns, At safepoint: 44300 ns, Total: 2071300 ns
[2020-09-05T09:17:54.633+0000][8][safepoint    ] Safepoint "Cleanup", Time since last: 1002200300 ns, Reaching safepoint: 379100 ns, At safepoint: 21600 ns, Total: 400700 ns
[2020-09-05T09:17:55.634+0000][8][safepoint    ] Safepoint "Cleanup", Time since last: 1001369200 ns, Reaching safepoint: 191400 ns, At safepoint: 16000 ns, Total: 207400 ns
[2020-09-05T09:17:56.637+0000][8][safepoint    ] Safepoint "Cleanup", Time since last: 1002284900 ns, Reaching safepoint: 243700 ns, At safepoint: 11200 ns, Total: 254900 ns
[2020-09-05T09:17:57.638+0000][8][safepoint    ] Safepoint "Cleanup", Time since last: 1001491600 ns, Reaching safepoint: 214300 ns, At safepoint: 16800 ns, Total: 231100 ns
[2020-09-05T09:17:58.640+0000][8][safepoint    ] Safepoint "Cleanup", Time since last: 1001648600 ns, Reaching safepoint: 201400 ns, At safepoint: 14900 ns, Total: 216300 ns
[2020-09-05T09:17:59.642+0000][8][safepoint    ] Safepoint "Cleanup", Time since last: 1001028500 ns, Reaching safepoint: 256500 ns, At safepoint: 18200 ns, Total: 274700 ns
[2020-09-05T09:18:00.611+0000][8][safepoint    ] Safepoint "Cleanup", Time since last: 1002880800 ns, Reaching safepoint: 466100 ns, At safepoint: 698600 ns, Total: 1164700 ns
[2020-09-05T09:18:01.616+0000][8][safepoint    ] Safepoint "Cleanup", Time since last: 1002994100 ns, Reaching safepoint: 1362600 ns, At safepoint: 55400 ns, Total: 1418000 ns
[2020-09-05T09:18:02.618+0000][8][safepoint    ] Safepoint "Cleanup", Time since last: 1002134700 ns, Reaching safepoint: 185100 ns, At safepoint: 15200 ns, Total: 200300 ns
[2020-09-05T09:18:03.620+0000][8][safepoint    ] Safepoint "Cleanup", Time since last: 1001612700 ns, Reaching safepoint: 194900 ns, At safepoint: 15000 ns, Total: 209900 ns
[2020-09-05T09:18:04.621+0000][8][safepoint    ] Safepoint "Cleanup", Time since last: 1001381600 ns, Reaching safepoint: 258000 ns, At safepoint: 18600 ns, Total: 276600 ns
[2020-09-05T09:18:05.625+0000][8][safepoint    ] Safepoint "Cleanup", Time since last: 1002494300 ns, Reaching safepoint: 628000 ns, At safepoint: 32300 ns, Total: 660300 ns
[2020-09-05T09:18:06.627+0000][8][safepoint    ] Safepoint "Cleanup", Time since last: 1001913900 ns, Reaching safepoint: 305800 ns, At safepoint: 15400 ns, Total: 321200 ns
[2020-09-05T09:18:08.318+0000][8][safepoint    ] Safepoint "Cleanup", Time since last: 1690268100 ns, Reaching safepoint: 635500 ns, At safepoint: 17600 ns, Total: 653100 ns
[2020-09-05T09:18:09.546+0000][8][safepoint    ] Safepoint "Cleanup", Time since last: 1228097500 ns, Reaching safepoint: 211900 ns, At safepoint: 15200 ns, Total: 227100 ns
[2020-09-05T09:18:10.548+0000][8][safepoint    ] Safepoint "Cleanup", Time since last: 1001135300 ns, Reaching safepoint: 425000 ns, At safepoint: 22600 ns, Total: 447600 ns
[2020-09-05T09:18:11.549+0000][8][safepoint    ] Safepoint "Cleanup", Time since last: 1001091400 ns, Reaching safepoint: 596300 ns, At safepoint: 28100 ns, Total: 624400 ns
[2020-09-05T09:18:12.551+0000][8][safepoint    ] Safepoint "Cleanup", Time since last: 1001155000 ns, Reaching safepoint: 152300 ns, At safepoint: 14000 ns, Total: 166300 ns
[2020-09-05T09:18:13.556+0000][8][safepoint    ] Safepoint "Cleanup", Time since last: 1002351300 ns, Reaching safepoint: 3147300 ns, At safepoint: 14700 ns, Total: 3162000 ns
[2020-09-05T09:18:14.558+0000][8][safepoint    ] Safepoint "Cleanup", Time since last: 1001515500 ns, Reaching safepoint: 152400 ns, At safepoint: 14200 ns, Total: 166600 ns
[2020-09-05T09:18:15.560+0000][8][safepoint    ] Safepoint "Cleanup", Time since last: 1001885000 ns, Reaching safepoint: 181600 ns, At safepoint: 14300 ns, Total: 195900 ns
[2020-09-05T09:18:16.562+0000][8][safepoint    ] Safepoint "Cleanup", Time since last: 1001492600 ns, Reaching safepoint: 172600 ns, At safepoint: 13400 ns, Total: 186000 ns
[2020-09-05T09:18:17.564+0000][8][safepoint    ] Safepoint "Cleanup", Time since last: 1002192200 ns, Reaching safepoint: 179100 ns, At safepoint: 248600 ns, Total: 427700 ns
[2020-09-05T09:18:18.569+0000][8][safepoint    ] Safepoint "Cleanup", Time since last: 1004579400 ns, Reaching safepoint: 423400 ns, At safepoint: 15000 ns, Total: 438400 ns
[2020-09-05T09:18:19.574+0000][8][safepoint    ] Safepoint "Cleanup", Time since last: 1002265900 ns, Reaching safepoint: 2158300 ns, At safepoint: 45700 ns, Total: 2204000 ns
[2020-09-05T09:18:20.576+0000][8][safepoint    ] Safepoint "Cleanup", Time since last: 1002067800 ns, Reaching safepoint: 394500 ns, At safepoint: 27100 ns, Total: 421600 ns
[2020-09-05T09:18:21.580+0000][8][safepoint    ] Safepoint "Cleanup", Time since last: 1003457000 ns, Reaching safepoint: 164500 ns, At safepoint: 14400 ns, Total: 178900 ns
[2020-09-05T09:18:22.581+0000][8][safepoint    ] Safepoint "Cleanup", Time since last: 1000785900 ns, Reaching safepoint: 157200 ns, At safepoint: 13800 ns, Total: 171000 ns
[2020-09-05T09:18:23.583+0000][8][safepoint    ] Safepoint "Cleanup", Time since last: 1001060000 ns, Reaching safepoint: 1112000 ns, At safepoint: 65300 ns, Total: 1177300 ns
[2020-09-05T09:18:24.587+0000][8][safepoint    ] Safepoint "Cleanup", Time since last: 1003473100 ns, Reaching safepoint: 160700 ns, At safepoint: 44500 ns, Total: 205200 ns
[2020-09-05T09:18:25.589+0000][8][safepoint    ] Safepoint "Cleanup", Time since last: 1001900900 ns, Reaching safepoint: 220000 ns, At safepoint: 23400 ns, Total: 243400 ns
[2020-09-05T09:18:26.596+0000][8][safepoint    ] Safepoint "Cleanup", Time since last: 1002246000 ns, Reaching safepoint: 2685300 ns, At safepoint: 207000 ns, Total: 2892300 ns
[2020-09-05T09:18:27.598+0000][8][safepoint    ] Safepoint "Cleanup", Time since last: 1003573400 ns, Reaching safepoint: 303500 ns, At safepoint: 22200 ns, Total: 325700 ns
[2020-09-05T09:18:28.600+0000][8][safepoint    ] Safepoint "Cleanup", Time since last: 1002257600 ns, Reaching safepoint: 250100 ns, At safepoint: 12700 ns, Total: 262800 ns
[2020-09-05T09:18:29.602+0000][8][safepoint    ] Safepoint "Cleanup", Time since last: 1001733900 ns, Reaching safepoint: 179900 ns, At safepoint: 14800 ns, Total: 194700 ns
[2020-09-05T09:18:30.569+0000][8][safepoint    ] Safepoint "Cleanup", Time since last: 1001141600 ns, Reaching safepoint: 244100 ns, At safepoint: 15700 ns, Total: 259800 ns
[2020-09-05T09:18:31.571+0000][8][safepoint    ] Safepoint "Cleanup", Time since last: 1001487600 ns, Reaching safepoint: 204700 ns, At safepoint: 13000 ns, Total: 217700 ns
[2020-09-05T09:18:32.573+0000][8][safepoint    ] Safepoint "Cleanup", Time since last: 1002120200 ns, Reaching safepoint: 208200 ns, At safepoint: 26200 ns, Total: 234400 ns
[2020-09-05T09:18:33.575+0000][8][safepoint    ] Safepoint "Cleanup", Time since last: 1001659300 ns, Reaching safepoint: 325300 ns, At safepoint: 13300 ns, Total: 338600 ns
[2020-09-05T09:18:34.578+0000][8][safepoint    ] Safepoint "Cleanup", Time since last: 1001377300 ns, Reaching safepoint: 841300 ns, At safepoint: 12700 ns, Total: 854000 ns
[2020-09-05T09:18:35.581+0000][8][safepoint    ] Safepoint "Cleanup", Time since last: 1002752100 ns, Reaching safepoint: 309500 ns, At safepoint: 14200 ns, Total: 323700 ns
[2020-09-05T09:18:36.582+0000][8][safepoint    ] Safepoint "Cleanup", Time since last: 1001025700 ns, Reaching safepoint: 173900 ns, At safepoint: 15700 ns, Total: 189600 ns
[2020-09-05T09:18:37.583+0000][8][safepoint    ] Safepoint "Cleanup", Time since last: 1001104200 ns, Reaching safepoint: 293800 ns, At safepoint: 20400 ns, Total: 314200 ns
[2020-09-05T09:18:38.585+0000][8][safepoint    ] Safepoint "Cleanup", Time since last: 1001357900 ns, Reaching safepoint: 527600 ns, At safepoint: 21900 ns, Total: 549500 ns
[2020-09-05T09:18:39.587+0000][8][safepoint    ] Safepoint "Cleanup", Time since last: 1001169800 ns, Reaching safepoint: 572100 ns, At safepoint: 27900 ns, Total: 600000 ns
[2020-09-05T09:18:40.590+0000][8][safepoint    ] Safepoint "Cleanup", Time since last: 1001347000 ns, Reaching safepoint: 388300 ns, At safepoint: 10000 ns, Total: 398300 ns
[2020-09-05T09:18:41.603+0000][8][safepoint    ] Safepoint "Cleanup", Time since last: 1009271100 ns, Reaching safepoint: 5030800 ns, At safepoint: 30700 ns, Total: 5061500 ns
[2020-09-05T09:18:42.607+0000][8][safepoint    ] Safepoint "Cleanup", Time since last: 1003643700 ns, Reaching safepoint: 173900 ns, At safepoint: 9900 ns, Total: 183800 ns
[2020-09-05T09:18:43.609+0000][8][safepoint    ] Safepoint "Cleanup", Time since last: 1001786600 ns, Reaching safepoint: 256200 ns, At safepoint: 19400 ns, Total: 275600 ns
[2020-09-05T09:18:44.612+0000][8][safepoint    ] Safepoint "Cleanup", Time since last: 1002623400 ns, Reaching safepoint: 580300 ns, At safepoint: 17400 ns, Total: 597700 ns
[2020-09-05T09:18:45.615+0000][8][safepoint    ] Safepoint "Cleanup", Time since last: 1002168800 ns, Reaching safepoint: 749000 ns, At safepoint: 34300 ns, Total: 783300 ns
[2020-09-05T09:18:46.617+0000][8][safepoint    ] Safepoint "Cleanup", Time since last: 1001830400 ns, Reaching safepoint: 411500 ns, At safepoint: 19000 ns, Total: 430500 ns
[2020-09-05T09:18:47.619+0000][8][safepoint    ] Safepoint "Cleanup", Time since last: 1001100100 ns, Reaching safepoint: 526800 ns, At safepoint: 19600 ns, Total: 546400 ns
[2020-09-05T09:18:48.621+0000][8][safepoint    ] Safepoint "Cleanup", Time since last: 1001614900 ns, Reaching safepoint: 463500 ns, At safepoint: 22400 ns, Total: 485900 ns
[2020-09-05T09:18:49.625+0000][8][safepoint    ] Safepoint "Cleanup", Time since last: 1003501500 ns, Reaching safepoint: 549300 ns, At safepoint: 34400 ns, Total: 583700 ns
[2020-09-05T09:18:50.631+0000][8][safepoint    ] Safepoint "Cleanup", Time since last: 1005280000 ns, Reaching safepoint: 333400 ns, At safepoint: 12900 ns, Total: 346300 ns
[2020-09-05T09:18:51.633+0000][8][safepoint    ] Safepoint "Cleanup", Time since last: 1001803200 ns, Reaching safepoint: 279400 ns, At safepoint: 25100 ns, Total: 304500 ns
[2020-09-05T09:18:52.637+0000][8][safepoint    ] Safepoint "Cleanup", Time since last: 1003358700 ns, Reaching safepoint: 361000 ns, At safepoint: 25700 ns, Total: 386700 ns
[2020-09-05T09:18:53.646+0000][8][safepoint    ] Safepoint "Cleanup", Time since last: 1003521700 ns, Reaching safepoint: 5160900 ns, At safepoint: 51100 ns, Total: 5212000 ns
[2020-09-05T09:18:54.654+0000][8][safepoint    ] Safepoint "Cleanup", Time since last: 1007909500 ns, Reaching safepoint: 408300 ns, At safepoint: 20800 ns, Total: 429100 ns
[2020-09-05T09:18:55.656+0000][8][safepoint    ] Safepoint "Cleanup", Time since last: 1001470800 ns, Reaching safepoint: 282100 ns, At safepoint: 145200 ns, Total: 427300 ns
[2020-09-05T09:18:56.658+0000][8][safepoint    ] Safepoint "Cleanup", Time since last: 1002062700 ns, Reaching safepoint: 319000 ns, At safepoint: 25500 ns, Total: 344500 ns
[2020-09-05T09:18:57.660+0000][8][safepoint    ] Safepoint "Cleanup", Time since last: 1001226300 ns, Reaching safepoint: 585600 ns, At safepoint: 29000 ns, Total: 614600 ns
[2020-09-05T09:18:58.663+0000][8][safepoint    ] Safepoint "Cleanup", Time since last: 1003274200 ns, Reaching safepoint: 300300 ns, At safepoint: 24600 ns, Total: 324900 ns
[2020-09-05T09:18:59.667+0000][8][safepoint    ] Safepoint "Cleanup", Time since last: 1002446000 ns, Reaching safepoint: 685400 ns, At safepoint: 24600 ns, Total: 710000 ns
[2020-09-05T09:19:00.643+0000][8][safepoint    ] Safepoint "Cleanup", Time since last: 1008734400 ns, Reaching safepoint: 330100 ns, At safepoint: 20100 ns, Total: 350200 ns
[2020-09-05T09:19:01.646+0000][8][safepoint    ] Safepoint "Cleanup", Time since last: 1002119200 ns, Reaching safepoint: 402500 ns, At safepoint: 21300 ns, Total: 423800 ns
[2020-09-05T09:19:02.648+0000][8][safepoint    ] Safepoint "Cleanup", Time since last: 1001362500 ns, Reaching safepoint: 415400 ns, At safepoint: 276900 ns, Total: 692300 ns
[2020-09-05T09:19:03.650+0000][8][safepoint    ] Safepoint "Cleanup", Time since last: 1002048100 ns, Reaching safepoint: 395000 ns, At safepoint: 11900 ns, Total: 406900 ns
[2020-09-05T09:19:04.662+0000][8][safepoint    ] Safepoint "Cleanup", Time since last: 1011515600 ns, Reaching safepoint: 231500 ns, At safepoint: 17200 ns, Total: 248700 ns
[2020-09-05T09:19:05.693+0000][8][safepoint    ] Safepoint "Cleanup", Time since last: 1030179300 ns, Reaching safepoint: 246600 ns, At safepoint: 22800 ns, Total: 269400 ns
[2020-09-05T09:19:06.720+0000][8][safepoint    ] Safepoint "Cleanup", Time since last: 1023390000 ns, Reaching safepoint: 4008200 ns, At safepoint: 139800 ns, Total: 4148000 ns
[2020-09-05T09:19:07.731+0000][8][safepoint    ] Safepoint "Cleanup", Time since last: 1009980100 ns, Reaching safepoint: 255100 ns, At safepoint: 49200 ns, Total: 304300 ns
[2020-09-05T09:19:08.732+0000][8][safepoint    ] Safepoint "Cleanup", Time since last: 1001770400 ns, Reaching safepoint: 172700 ns, At safepoint: 21100 ns, Total: 193800 ns
[2020-09-05T09:19:09.749+0000][8][safepoint    ] Safepoint "Cleanup", Time since last: 1015485600 ns, Reaching safepoint: 591100 ns, At safepoint: 45700 ns, Total: 636800 ns
[2020-09-05T09:19:10.933+0000][8][safepoint    ] Safepoint "Cleanup", Time since last: 1183493100 ns, Reaching safepoint: 614600 ns, At safepoint: 19100 ns, Total: 633700 ns
[2020-09-05T09:19:12.745+0000][8][safepoint    ] Safepoint "BulkRevokeBias", Time since last: 1811006800 ns, Reaching safepoint: 155900 ns, At safepoint: 1422000 ns, Total: 1577900 ns
[2020-09-05T09:19:13.965+0000][8][safepoint    ] Safepoint "Cleanup", Time since last: 1218980400 ns, Reaching safepoint: 289000 ns, At safepoint: 17000 ns, Total: 306000 ns
[2020-09-05T09:19:14.966+0000][8][safepoint    ] Safepoint "Cleanup", Time since last: 1001109100 ns, Reaching safepoint: 206000 ns, At safepoint: 16700 ns, Total: 222700 ns
[2020-09-05T09:19:15.968+0000][8][safepoint    ] Safepoint "Cleanup", Time since last: 1001811400 ns, Reaching safepoint: 201200 ns, At safepoint: 10000 ns, Total: 211200 ns
[2020-09-05T09:19:16.971+0000][8][safepoint    ] Safepoint "Cleanup", Time since last: 1002812100 ns, Reaching safepoint: 273900 ns, At safepoint: 21300 ns, Total: 295200 ns
[2020-09-05T09:19:17.974+0000][8][safepoint    ] Safepoint "Cleanup", Time since last: 1002415200 ns, Reaching safepoint: 250700 ns, At safepoint: 18000 ns, Total: 268700 ns
[2020-09-05T09:19:18.976+0000][8][safepoint    ] Safepoint "Cleanup", Time since last: 1001592800 ns, Reaching safepoint: 403500 ns, At safepoint: 22100 ns, Total: 425600 ns
[2020-09-05T09:19:19.978+0000][8][safepoint    ] Safepoint "Cleanup", Time since last: 1001651100 ns, Reaching safepoint: 273600 ns, At safepoint: 12100 ns, Total: 285700 ns
[2020-09-05T09:19:20.982+0000][8][safepoint    ] Safepoint "Cleanup", Time since last: 1004062900 ns, Reaching safepoint: 188200 ns, At safepoint: 14400 ns, Total: 202600 ns
[2020-09-05T09:19:22.003+0000][8][safepoint    ] Safepoint "Cleanup", Time since last: 1020410300 ns, Reaching safepoint: 445900 ns, At safepoint: 21700 ns, Total: 467600 ns
[2020-09-05T09:19:23.010+0000][8][safepoint    ] Safepoint "Cleanup", Time since last: 1006811600 ns, Reaching safepoint: 183400 ns, At safepoint: 17200 ns, Total: 200600 ns
[2020-09-05T09:19:24.013+0000][8][safepoint    ] Safepoint "Cleanup", Time since last: 1003190500 ns, Reaching safepoint: 171700 ns, At safepoint: 16800 ns, Total: 188500 ns
[2020-09-05T09:19:25.015+0000][8][safepoint    ] Safepoint "Cleanup", Time since last: 1001588500 ns, Reaching safepoint: 182200 ns, At safepoint: 14700 ns, Total: 196900 ns
[2020-09-05T09:19:26.017+0000][8][safepoint    ] Safepoint "Cleanup", Time since last: 1002075100 ns, Reaching safepoint: 293300 ns, At safepoint: 16700 ns, Total: 310000 ns
[2020-09-05T09:19:27.019+0000][8][safepoint    ] Safepoint "Cleanup", Time since last: 1001730100 ns, Reaching safepoint: 247800 ns, At safepoint: 12400 ns, Total: 260200 ns
[2020-09-05T09:19:28.022+0000][8][safepoint    ] Safepoint "Cleanup", Time since last: 1002640100 ns, Reaching safepoint: 269800 ns, At safepoint: 22500 ns, Total: 292300 ns
[2020-09-05T09:19:29.023+0000][8][safepoint    ] Safepoint "Cleanup", Time since last: 1001027900 ns, Reaching safepoint: 154900 ns, At safepoint: 12000 ns, Total: 166900 ns
[2020-09-05T09:19:29.990+0000][8][safepoint    ] Safepoint "Cleanup", Time since last: 1001178000 ns, Reaching safepoint: 180800 ns, At safepoint: 14600 ns, Total: 195400 ns
[2020-09-05T09:19:30.993+0000][8][safepoint    ] Safepoint "Cleanup", Time since last: 1002030800 ns, Reaching safepoint: 263800 ns, At safepoint: 21400 ns, Total: 285200 ns
[2020-09-05T09:19:31.995+0000][8][safepoint    ] Safepoint "Cleanup", Time since last: 1002476600 ns, Reaching safepoint: 177000 ns, At safepoint: 13300 ns, Total: 190300 ns
[2020-09-05T09:19:32.997+0000][8][safepoint    ] Safepoint "Cleanup", Time since last: 1001970100 ns, Reaching safepoint: 177400 ns, At safepoint: 14300 ns, Total: 191700 ns
[2020-09-05T09:19:34.010+0000][8][safepoint    ] Safepoint "Cleanup", Time since last: 1011698800 ns, Reaching safepoint: 805400 ns, At safepoint: 24600 ns, Total: 830000 ns
[2020-09-05T09:19:35.012+0000][8][safepoint    ] Safepoint "Cleanup", Time since last: 1001518500 ns, Reaching safepoint: 147100 ns, At safepoint: 144600 ns, Total: 291700 ns
[2020-09-05T09:19:36.013+0000][8][safepoint    ] Safepoint "Cleanup", Time since last: 1001456500 ns, Reaching safepoint: 152600 ns, At safepoint: 14000 ns, Total: 166600 ns
[2020-09-05T09:19:37.015+0000][8][safepoint    ] Safepoint "Cleanup", Time since last: 1001348100 ns, Reaching safepoint: 158400 ns, At safepoint: 14300 ns, Total: 172700 ns
[2020-09-05T09:19:38.017+0000][8][safepoint    ] Safepoint "Cleanup", Time since last: 1001421100 ns, Reaching safepoint: 229300 ns, At safepoint: 23400 ns, Total: 252700 ns
[2020-09-05T09:19:39.019+0000][8][safepoint    ] Safepoint "Cleanup", Time since last: 1001602400 ns, Reaching safepoint: 207000 ns, At safepoint: 24000 ns, Total: 231000 ns
[2020-09-05T09:19:40.020+0000][8][safepoint    ] Safepoint "Cleanup", Time since last: 1001361800 ns, Reaching safepoint: 150400 ns, At safepoint: 14500 ns, Total: 164900 ns
[2020-09-05T09:19:41.022+0000][8][safepoint    ] Safepoint "Cleanup", Time since last: 1001639000 ns, Reaching safepoint: 451500 ns, At safepoint: 24200 ns, Total: 475700 ns
[2020-09-05T09:19:42.025+0000][8][safepoint    ] Safepoint "Cleanup", Time since last: 1002296000 ns, Reaching safepoint: 151100 ns, At safepoint: 14200 ns, Total: 165300 ns
[2020-09-05T09:19:43.027+0000][8][safepoint    ] Safepoint "Cleanup", Time since last: 1001692900 ns, Reaching safepoint: 329200 ns, At safepoint: 45800 ns, Total: 375000 ns
[2020-09-05T09:19:44.029+0000][8][safepoint    ] Safepoint "Cleanup", Time since last: 1002173000 ns, Reaching safepoint: 164100 ns, At safepoint: 16800 ns, Total: 180900 ns
[2020-09-05T09:19:45.030+0000][8][safepoint    ] Safepoint "Cleanup", Time since last: 1000883300 ns, Reaching safepoint: 161200 ns, At safepoint: 13800 ns, Total: 175000 ns
[2020-09-05T09:19:46.033+0000][8][safepoint    ] Safepoint "Cleanup", Time since last: 1002734900 ns, Reaching safepoint: 538600 ns, At safepoint: 33600 ns, Total: 572200 ns
[2020-09-05T09:19:47.035+0000][8][safepoint    ] Safepoint "Cleanup", Time since last: 1001911700 ns, Reaching safepoint: 156200 ns, At safepoint: 14500 ns, Total: 170700 ns
[2020-09-05T09:19:48.038+0000][8][safepoint    ] Safepoint "Cleanup", Time since last: 1002356700 ns, Reaching safepoint: 182600 ns, At safepoint: 14800 ns, Total: 197400 ns
[2020-09-05T09:19:49.040+0000][8][safepoint    ] Safepoint "Cleanup", Time since last: 1001591600 ns, Reaching safepoint: 301600 ns, At safepoint: 14700 ns, Total: 316300 ns
[2020-09-05T09:19:50.042+0000][8][safepoint    ] Safepoint "Cleanup", Time since last: 1001900900 ns, Reaching safepoint: 149000 ns, At safepoint: 14300 ns, Total: 163300 ns
[2020-09-05T09:19:51.044+0000][8][safepoint    ] Safepoint "Cleanup", Time since last: 1001981000 ns, Reaching safepoint: 280700 ns, At safepoint: 22900 ns, Total: 303600 ns
[2020-09-05T09:19:52.047+0000][8][safepoint    ] Safepoint "Cleanup", Time since last: 1002813400 ns, Reaching safepoint: 178800 ns, At safepoint: 14100 ns, Total: 192900 ns
[2020-09-05T09:19:53.050+0000][8][safepoint    ] Safepoint "Cleanup", Time since last: 1002063400 ns, Reaching safepoint: 435600 ns, At safepoint: 13800 ns, Total: 449400 ns
[2020-09-05T09:19:54.052+0000][8][safepoint    ] Safepoint "Cleanup", Time since last: 1002080200 ns, Reaching safepoint: 150900 ns, At safepoint: 13300 ns, Total: 164200 ns
[2020-09-05T09:19:55.054+0000][8][safepoint    ] Safepoint "Cleanup", Time since last: 1001446600 ns, Reaching safepoint: 421100 ns, At safepoint: 21100 ns, Total: 442200 ns
[2020-09-05T09:19:56.056+0000][8][safepoint    ] Safepoint "Cleanup", Time since last: 1001122000 ns, Reaching safepoint: 533200 ns, At safepoint: 38700 ns, Total: 571900 ns
[2020-09-05T09:19:57.058+0000][8][safepoint    ] Safepoint "Cleanup", Time since last: 1002188800 ns, Reaching safepoint: 566200 ns, At safepoint: 24600 ns, Total: 590800 ns
[2020-09-05T09:19:58.063+0000][8][safepoint    ] Safepoint "Cleanup", Time since last: 1003996200 ns, Reaching safepoint: 169500 ns, At safepoint: 14900 ns, Total: 184400 ns
[2020-09-05T09:19:59.064+0000][8][safepoint    ] Safepoint "Cleanup", Time since last: 1001666000 ns, Reaching safepoint: 149900 ns, At safepoint: 14500 ns, Total: 164400 ns
[2020-09-05T09:20:00.033+0000][8][safepoint    ] Safepoint "Cleanup", Time since last: 1001220200 ns, Reaching safepoint: 426100 ns, At safepoint: 17200 ns, Total: 443300 ns
[2020-09-05T09:20:01.034+0000][8][safepoint    ] Safepoint "Cleanup", Time since last: 1001199800 ns, Reaching safepoint: 322100 ns, At safepoint: 18200 ns, Total: 340300 ns
[2020-09-05T09:20:02.036+0000][8][safepoint    ] Safepoint "Cleanup", Time since last: 1001394400 ns, Reaching safepoint: 151300 ns, At safepoint: 13200 ns, Total: 164500 ns
[2020-09-05T09:20:03.042+0000][8][safepoint    ] Safepoint "Cleanup", Time since last: 1001695800 ns, Reaching safepoint: 4792000 ns, At safepoint: 66300 ns, Total: 4858300 ns
[2020-09-05T09:20:04.045+0000][8][safepoint    ] Safepoint "Cleanup", Time since last: 1002676200 ns, Reaching safepoint: 258700 ns, At safepoint: 12800 ns, Total: 271500 ns
[2020-09-05T09:20:05.047+0000][8][safepoint    ] Safepoint "BulkRevokeBias", Time since last: 999203400 ns, Reaching safepoint: 178900 ns, At safepoint: 2209300 ns, Total: 2388200 ns
[2020-09-05T09:20:06.710+0000][8][safepoint    ] Safepoint "Cleanup", Time since last: 1662906100 ns, Reaching safepoint: 589300 ns, At safepoint: 23900 ns, Total: 613200 ns
[2020-09-05T09:20:07.713+0000][8][safepoint    ] Safepoint "Cleanup", Time since last: 1002238100 ns, Reaching safepoint: 211100 ns, At safepoint: 15700 ns, Total: 226800 ns
[2020-09-05T09:20:08.716+0000][8][safepoint    ] Safepoint "Cleanup", Time since last: 1002380500 ns, Reaching safepoint: 397100 ns, At safepoint: 17900 ns, Total: 415000 ns
[2020-09-05T09:20:09.725+0000][8][safepoint    ] Safepoint "Cleanup", Time since last: 1008785400 ns, Reaching safepoint: 412400 ns, At safepoint: 34400 ns, Total: 446800 ns
[2020-09-05T09:20:10.729+0000][8][safepoint    ] Safepoint "Cleanup", Time since last: 1003426000 ns, Reaching safepoint: 311800 ns, At safepoint: 18000 ns, Total: 329800 ns
[2020-09-05T09:20:11.730+0000][8][safepoint    ] Safepoint "Cleanup", Time since last: 1001476900 ns, Reaching safepoint: 183600 ns, At safepoint: 98600 ns, Total: 282200 ns
[2020-09-05T09:20:12.761+0000][8][safepoint    ] Safepoint "Cleanup", Time since last: 1026428000 ns, Reaching safepoint: 4353200 ns, At safepoint: 24800 ns, Total: 4378000 ns
[2020-09-05T09:20:13.712+0000][8][safepoint    ] Safepoint "BulkRevokeBias", Time since last: 949650700 ns, Reaching safepoint: 595000 ns, At safepoint: 345900 ns, Total: 940900 ns
[2020-09-05T09:20:14.745+0000][8][safepoint    ] Safepoint "Cleanup", Time since last: 1033180400 ns, Reaching safepoint: 534500 ns, At safepoint: 19600 ns, Total: 554100 ns
[2020-09-05T09:20:15.802+0000][8][safepoint    ] Safepoint "Cleanup", Time since last: 1055029300 ns, Reaching safepoint: 1682300 ns, At safepoint: 79500 ns, Total: 1761800 ns
[2020-09-05T09:20:16.806+0000][8][safepoint    ] Safepoint "Cleanup", Time since last: 1003218400 ns, Reaching safepoint: 471500 ns, At safepoint: 15600 ns, Total: 487100 ns
[2020-09-05T09:20:17.808+0000][8][safepoint    ] Safepoint "Cleanup", Time since last: 1002129000 ns, Reaching safepoint: 287200 ns, At safepoint: 20300 ns, Total: 307500 ns
[2020-09-05T09:20:18.819+0000][8][safepoint    ] Safepoint "Cleanup", Time since last: 1009765500 ns, Reaching safepoint: 368500 ns, At safepoint: 19800 ns, Total: 388300 ns
[2020-09-05T09:20:19.821+0000][8][safepoint    ] Safepoint "Cleanup", Time since last: 1002254700 ns, Reaching safepoint: 256400 ns, At safepoint: 24200 ns, Total: 280600 ns
[2020-09-05T09:20:20.823+0000][8][safepoint    ] Safepoint "Cleanup", Time since last: 1001600600 ns, Reaching safepoint: 326500 ns, At safepoint: 20300 ns, Total: 346800 ns
[2020-09-05T09:20:21.826+0000][8][safepoint    ] Safepoint "Cleanup", Time since last: 1003075200 ns, Reaching safepoint: 254600 ns, At safepoint: 12200 ns, Total: 266800 ns
[2020-09-05T09:20:22.829+0000][8][safepoint    ] Safepoint "Cleanup", Time since last: 1001825200 ns, Reaching safepoint: 299000 ns, At safepoint: 16900 ns, Total: 315900 ns
[2020-09-05T09:20:23.832+0000][8][safepoint    ] Safepoint "Cleanup", Time since last: 1003146700 ns, Reaching safepoint: 148500 ns, At safepoint: 15700 ns, Total: 164200 ns
[2020-09-05T09:20:24.840+0000][8][safepoint    ] Safepoint "Cleanup", Time since last: 1008125400 ns, Reaching safepoint: 408300 ns, At safepoint: 70000 ns, Total: 478300 ns
[2020-09-05T09:20:25.843+0000][8][safepoint    ] Safepoint "Cleanup", Time since last: 1002127700 ns, Reaching safepoint: 142700 ns, At safepoint: 11400 ns, Total: 154100 ns
[2020-09-05T09:20:26.845+0000][8][safepoint    ] Safepoint "Cleanup", Time since last: 1001611400 ns, Reaching safepoint: 276000 ns, At safepoint: 17900 ns, Total: 293900 ns
[2020-09-05T09:20:27.846+0000][8][safepoint    ] Safepoint "Cleanup", Time since last: 1001207900 ns, Reaching safepoint: 496400 ns, At safepoint: 28300 ns, Total: 524700 ns
[2020-09-05T09:20:28.854+0000][8][safepoint    ] Safepoint "Cleanup", Time since last: 1005908900 ns, Reaching safepoint: 1597300 ns, At safepoint: 22700 ns, Total: 1620000 ns
[2020-09-05T09:20:29.822+0000][8][safepoint    ] Safepoint "Cleanup", Time since last: 1001478900 ns, Reaching safepoint: 511500 ns, At safepoint: 24900 ns, Total: 536400 ns
[2020-09-05T09:20:30.827+0000][8][safepoint    ] Safepoint "Cleanup", Time since last: 1003613700 ns, Reaching safepoint: 997400 ns, At safepoint: 28800 ns, Total: 1026200 ns
[2020-09-05T09:20:31.830+0000][8][safepoint    ] Safepoint "Cleanup", Time since last: 1002711100 ns, Reaching safepoint: 286500 ns, At safepoint: 14300 ns, Total: 300800 ns
[2020-09-05T09:20:32.832+0000][8][safepoint    ] Safepoint "Cleanup", Time since last: 1001483600 ns, Reaching safepoint: 313300 ns, At safepoint: 22400 ns, Total: 335700 ns
[2020-09-05T09:20:33.833+0000][8][safepoint    ] Safepoint "Cleanup", Time since last: 1001608600 ns, Reaching safepoint: 258200 ns, At safepoint: 19400 ns, Total: 277600 ns
[2020-09-05T09:20:34.836+0000][8][safepoint    ] Safepoint "Cleanup", Time since last: 1001920900 ns, Reaching safepoint: 326600 ns, At safepoint: 13900 ns, Total: 340500 ns
[2020-09-05T09:20:35.838+0000][8][safepoint    ] Safepoint "Cleanup", Time since last: 1001939800 ns, Reaching safepoint: 299300 ns, At safepoint: 23600 ns, Total: 322900 ns
[2020-09-05T09:20:36.842+0000][8][safepoint    ] Safepoint "Cleanup", Time since last: 1003384700 ns, Reaching safepoint: 389200 ns, At safepoint: 18100 ns, Total: 407300 ns
[2020-09-05T09:20:37.844+0000][8][safepoint    ] Safepoint "Cleanup", Time since last: 1001891400 ns, Reaching safepoint: 182000 ns, At safepoint: 14600 ns, Total: 196600 ns
[2020-09-05T09:20:38.846+0000][8][safepoint    ] Safepoint "Cleanup", Time since last: 1002007400 ns, Reaching safepoint: 483100 ns, At safepoint: 19900 ns, Total: 503000 ns
[2020-09-05T09:20:39.849+0000][8][safepoint    ] Safepoint "Cleanup", Time since last: 1002622200 ns, Reaching safepoint: 181500 ns, At safepoint: 14500 ns, Total: 196000 ns
[2020-09-05T09:20:40.852+0000][8][safepoint    ] Safepoint "Cleanup", Time since last: 1002404600 ns, Reaching safepoint: 194500 ns, At safepoint: 17100 ns, Total: 211600 ns
[2020-09-05T09:20:41.853+0000][8][safepoint    ] Safepoint "Cleanup", Time since last: 1000973200 ns, Reaching safepoint: 181400 ns, At safepoint: 14500 ns, Total: 195900 ns
[2020-09-05T09:20:42.700+0000][8][gc,start     ] GC(31) Pause Young (Normal) (G1 Evacuation Pause)
[2020-09-05T09:20:42.704+0000][8][gc,task      ] GC(31) Using 2 workers of 2 for evacuation
[2020-09-05T09:20:42.705+0000][8][gc,age       ] GC(31) Desired survivor size 19398656 bytes, new threshold 15 (max threshold 15)
[2020-09-05T09:20:42.762+0000][8][gc,age       ] GC(31) Age table with threshold 15 (max threshold 15)
[2020-09-05T09:20:42.763+0000][8][gc,age       ] GC(31) - age   1:    3273920 bytes,    3273920 total
[2020-09-05T09:20:42.764+0000][8][gc,age       ] GC(31) - age   2:     415408 bytes,    3689328 total
[2020-09-05T09:20:42.764+0000][8][gc,age       ] GC(31) - age   3:     123872 bytes,    3813200 total
[2020-09-05T09:20:42.765+0000][8][gc,age       ] GC(31) - age   4:     184352 bytes,    3997552 total
[2020-09-05T09:20:42.765+0000][8][gc,age       ] GC(31) - age   5:      12896 bytes,    4010448 total
[2020-09-05T09:20:42.766+0000][8][gc,age       ] GC(31) - age   6:      16000 bytes,    4026448 total
[2020-09-05T09:20:42.766+0000][8][gc,age       ] GC(31) - age   7:      14984 bytes,    4041432 total
[2020-09-05T09:20:42.766+0000][8][gc,age       ] GC(31) - age   8:      19712 bytes,    4061144 total
[2020-09-05T09:20:42.767+0000][8][gc,age       ] GC(31) - age   9:     731408 bytes,    4792552 total
[2020-09-05T09:20:42.767+0000][8][gc,age       ] GC(31) - age  10:     542592 bytes,    5335144 total
[2020-09-05T09:20:42.768+0000][8][gc,age       ] GC(31) - age  11:      84136 bytes,    5419280 total
[2020-09-05T09:20:42.768+0000][8][gc,age       ] GC(31) - age  12:      67824 bytes,    5487104 total
[2020-09-05T09:20:42.769+0000][8][gc,age       ] GC(31) - age  13:    4085968 bytes,    9573072 total
[2020-09-05T09:20:42.770+0000][8][gc,phases    ] GC(31)   Pre Evacuate Collection Set: 0.9ms
[2020-09-05T09:20:42.770+0000][8][gc,phases    ] GC(31)   Merge Heap Roots: 0.2ms
[2020-09-05T09:20:42.771+0000][8][gc,phases    ] GC(31)   Evacuate Collection Set: 48.6ms
[2020-09-05T09:20:42.772+0000][8][gc,phases    ] GC(31)   Post Evacuate Collection Set: 6.1ms
[2020-09-05T09:20:42.772+0000][8][gc,phases    ] GC(31)   Other: 13.9ms
[2020-09-05T09:20:42.773+0000][8][gc,heap      ] GC(31) Eden regions: 282->0(281)
[2020-09-05T09:20:42.773+0000][8][gc,heap      ] GC(31) Survivor regions: 9->10(37)
[2020-09-05T09:20:42.773+0000][8][gc,heap      ] GC(31) Old regions: 70->70
[2020-09-05T09:20:42.774+0000][8][gc,heap      ] GC(31) Archive regions: 2->2
[2020-09-05T09:20:42.775+0000][8][gc,heap      ] GC(31) Humongous regions: 7->7
[2020-09-05T09:20:42.775+0000][8][gc,metaspace ] GC(31) Metaspace: 102872K(111224K)->102872K(111224K) NonClass: 89398K(94328K)->89398K(94328K) Class: 13473K(16896K)->13473K(16896K)
[2020-09-05T09:20:42.776+0000][8][gc           ] GC(31) Pause Young (Normal) (G1 Evacuation Pause) 367M->86M(512M) 75.530ms
[2020-09-05T09:20:42.776+0000][8][gc,cpu       ] GC(31) User=0.08s Sys=0.02s Real=0.08s
[2020-09-05T09:20:42.777+0000][8][safepoint    ] Safepoint "G1CollectForAllocation", Time since last: 847076100 ns, Reaching safepoint: 243100 ns, At safepoint: 76806100 ns, Total: 77049200 ns
[2020-09-05T09:20:43.779+0000][8][safepoint    ] Safepoint "Cleanup", Time since last: 1001684300 ns, Reaching safepoint: 179100 ns, At safepoint: 14300 ns, Total: 193400 ns
[2020-09-05T09:20:44.780+0000][8][safepoint    ] Safepoint "Cleanup", Time since last: 1001048100 ns, Reaching safepoint: 182100 ns, At safepoint: 14200 ns, Total: 196300 ns
[2020-09-05T09:20:45.782+0000][8][safepoint    ] Safepoint "Cleanup", Time since last: 1001297300 ns, Reaching safepoint: 178800 ns, At safepoint: 14300 ns, Total: 193100 ns
[2020-09-05T09:20:46.783+0000][8][safepoint    ] Safepoint "Cleanup", Time since last: 1001219800 ns, Reaching safepoint: 180700 ns, At safepoint: 17000 ns, Total: 197700 ns
[2020-09-05T09:20:48.134+0000][8][safepoint    ] Safepoint "Cleanup", Time since last: 1350647000 ns, Reaching safepoint: 180500 ns, At safepoint: 17400 ns, Total: 197900 ns
[2020-09-05T09:20:49.136+0000][8][safepoint    ] Safepoint "Cleanup", Time since last: 1001760400 ns, Reaching safepoint: 296800 ns, At safepoint: 18500 ns, Total: 315300 ns
[2020-09-05T09:20:50.139+0000][8][safepoint    ] Safepoint "Cleanup", Time since last: 1002496600 ns, Reaching safepoint: 183400 ns, At safepoint: 15500 ns, Total: 198900 ns
[2020-09-05T09:20:51.142+0000][8][safepoint    ] Safepoint "Cleanup", Time since last: 1002665200 ns, Reaching safepoint: 171900 ns, At safepoint: 14400 ns, Total: 186300 ns
[2020-09-05T09:20:52.144+0000][8][safepoint    ] Safepoint "Cleanup", Time since last: 1001961600 ns, Reaching safepoint: 191100 ns, At safepoint: 13300 ns, Total: 204400 ns
[2020-09-05T09:20:53.146+0000][8][safepoint    ] Safepoint "Cleanup", Time since last: 1002209800 ns, Reaching safepoint: 180500 ns, At safepoint: 16600 ns, Total: 197100 ns
[2020-09-05T09:20:54.148+0000][8][safepoint    ] Safepoint "Cleanup", Time since last: 1001581300 ns, Reaching safepoint: 181800 ns, At safepoint: 14600 ns, Total: 196400 ns
[2020-09-05T09:20:55.150+0000][8][safepoint    ] Safepoint "Cleanup", Time since last: 1001383400 ns, Reaching safepoint: 252600 ns, At safepoint: 15400 ns, Total: 268000 ns
[2020-09-05T09:20:56.152+0000][8][safepoint    ] Safepoint "Cleanup", Time since last: 1001988600 ns, Reaching safepoint: 280400 ns, At safepoint: 27000 ns, Total: 307400 ns
[2020-09-05T09:20:57.153+0000][8][safepoint    ] Safepoint "Cleanup", Time since last: 1001347600 ns, Reaching safepoint: 180200 ns, At safepoint: 14600 ns, Total: 194800 ns
[2020-09-05T09:20:58.156+0000][8][safepoint    ] Safepoint "Cleanup", Time since last: 1002330100 ns, Reaching safepoint: 179800 ns, At safepoint: 14500 ns, Total: 194300 ns
[2020-09-05T09:20:59.158+0000][8][safepoint    ] Safepoint "Cleanup", Time since last: 1001650200 ns, Reaching safepoint: 204300 ns, At safepoint: 42800 ns, Total: 247100 ns
[2020-09-05T09:21:00.126+0000][8][safepoint    ] Safepoint "Cleanup", Time since last: 1001647300 ns, Reaching safepoint: 268200 ns, At safepoint: 17600 ns, Total: 285800 ns
[2020-09-05T09:21:01.127+0000][8][safepoint    ] Safepoint "Cleanup", Time since last: 1001324000 ns, Reaching safepoint: 251800 ns, At safepoint: 18000 ns, Total: 269800 ns
[2020-09-05T09:21:02.129+0000][8][safepoint    ] Safepoint "Cleanup", Time since last: 1001812800 ns, Reaching safepoint: 186800 ns, At safepoint: 14200 ns, Total: 201000 ns
[2020-09-05T09:21:03.131+0000][8][safepoint    ] Safepoint "Cleanup", Time since last: 1001159200 ns, Reaching safepoint: 184400 ns, At safepoint: 14400 ns, Total: 198800 ns
[2020-09-05T09:21:04.132+0000][8][safepoint    ] Safepoint "Cleanup", Time since last: 1001281200 ns, Reaching safepoint: 180700 ns, At safepoint: 14300 ns, Total: 195000 ns
[2020-09-05T09:21:05.134+0000][8][safepoint    ] Safepoint "Cleanup", Time since last: 1001704600 ns, Reaching safepoint: 182500 ns, At safepoint: 14300 ns, Total: 196800 ns
[2020-09-05T09:21:06.136+0000][8][safepoint    ] Safepoint "Cleanup", Time since last: 1001690700 ns, Reaching safepoint: 278900 ns, At safepoint: 24200 ns, Total: 303100 ns
[2020-09-05T09:21:07.138+0000][8][safepoint    ] Safepoint "Cleanup", Time since last: 1001357100 ns, Reaching safepoint: 176200 ns, At safepoint: 14600 ns, Total: 190800 ns
[2020-09-05T09:21:08.139+0000][8][safepoint    ] Safepoint "Cleanup", Time since last: 1001113400 ns, Reaching safepoint: 179000 ns, At safepoint: 17100 ns, Total: 196100 ns
[2020-09-05T09:21:09.140+0000][8][safepoint    ] Safepoint "Cleanup", Time since last: 1001107000 ns, Reaching safepoint: 209900 ns, At safepoint: 14500 ns, Total: 224400 ns
[2020-09-05T09:21:10.143+0000][8][safepoint    ] Safepoint "Cleanup", Time since last: 1002017200 ns, Reaching safepoint: 476600 ns, At safepoint: 20900 ns, Total: 497500 ns
[2020-09-05T09:21:11.145+0000][8][safepoint    ] Safepoint "Cleanup", Time since last: 1001797800 ns, Reaching safepoint: 180800 ns, At safepoint: 14200 ns, Total: 195000 ns
[2020-09-05T09:21:12.146+0000][8][safepoint    ] Safepoint "Cleanup", Time since last: 1001157100 ns, Reaching safepoint: 182400 ns, At safepoint: 14400 ns, Total: 196800 ns
[2020-09-05T09:21:13.148+0000][8][safepoint    ] Safepoint "Cleanup", Time since last: 1001386900 ns, Reaching safepoint: 361400 ns, At safepoint: 12400 ns, Total: 373800 ns
[2020-09-05T09:21:14.151+0000][8][safepoint    ] Safepoint "Cleanup", Time since last: 1002750000 ns, Reaching safepoint: 246200 ns, At safepoint: 14400 ns, Total: 260600 ns
[2020-09-05T09:21:15.153+0000][8][safepoint    ] Safepoint "Cleanup", Time since last: 1002048900 ns, Reaching safepoint: 218900 ns, At safepoint: 9300 ns, Total: 228200 ns
[2020-09-05T09:21:15.782+0000][8][safepoint    ] Safepoint "BulkRevokeBias", Time since last: 627921200 ns, Reaching safepoint: 167400 ns, At safepoint: 482100 ns, Total: 649500 ns
[2020-09-05T09:21:15.787+0000][8][safepoint    ] Safepoint "BulkRevokeBias", Time since last: 4922400 ns, Reaching safepoint: 170600 ns, At safepoint: 397700 ns, Total: 568300 ns
[2020-09-05T09:21:17.186+0000][8][safepoint    ] Safepoint "Cleanup", Time since last: 1398876900 ns, Reaching safepoint: 141400 ns, At safepoint: 14400 ns, Total: 155800 ns
[2020-09-05T09:21:18.887+0000][8][safepoint    ] Safepoint "Cleanup", Time since last: 1700084500 ns, Reaching safepoint: 210400 ns, At safepoint: 42000 ns, Total: 252400 ns
[2020-09-05T09:21:19.900+0000][8][safepoint    ] Safepoint "Cleanup", Time since last: 1012992800 ns, Reaching safepoint: 271800 ns, At safepoint: 23900 ns, Total: 295700 ns
[2020-09-05T09:21:20.902+0000][8][safepoint    ] Safepoint "Cleanup", Time since last: 1001536900 ns, Reaching safepoint: 178200 ns, At safepoint: 14300 ns, Total: 192500 ns
[2020-09-05T09:21:21.904+0000][8][safepoint    ] Safepoint "Cleanup", Time since last: 1002182300 ns, Reaching safepoint: 268800 ns, At safepoint: 17600 ns, Total: 286400 ns
[2020-09-05T09:21:22.906+0000][8][safepoint    ] Safepoint "Cleanup", Time since last: 1001701600 ns, Reaching safepoint: 174300 ns, At safepoint: 13300 ns, Total: 187600 ns
[2020-09-05T09:21:23.907+0000][8][safepoint    ] Safepoint "Cleanup", Time since last: 1000959700 ns, Reaching safepoint: 183500 ns, At safepoint: 14300 ns, Total: 197800 ns
[2020-09-05T09:21:24.909+0000][8][safepoint    ] Safepoint "Cleanup", Time since last: 1001336200 ns, Reaching safepoint: 178800 ns, At safepoint: 14400 ns, Total: 193200 ns
[2020-09-05T09:21:25.911+0000][8][safepoint    ] Safepoint "Cleanup", Time since last: 1001780600 ns, Reaching safepoint: 187900 ns, At safepoint: 16800 ns, Total: 204700 ns
[2020-09-05T09:21:26.913+0000][8][safepoint    ] Safepoint "Cleanup", Time since last: 1001516400 ns, Reaching safepoint: 181700 ns, At safepoint: 14600 ns, Total: 196300 ns
[2020-09-05T09:21:27.914+0000][8][safepoint    ] Safepoint "Cleanup", Time since last: 1001117400 ns, Reaching safepoint: 158200 ns, At safepoint: 14000 ns, Total: 172200 ns
[2020-09-05T09:21:28.915+0000][8][safepoint    ] Safepoint "Cleanup", Time since last: 1001379000 ns, Reaching safepoint: 154200 ns, At safepoint: 14200 ns, Total: 168400 ns
[2020-09-05T09:21:29.885+0000][8][safepoint    ] Safepoint "Cleanup", Time since last: 1003100600 ns, Reaching safepoint: 257400 ns, At safepoint: 9200 ns, Total: 266600 ns
[2020-09-05T09:21:30.887+0000][8][safepoint    ] Safepoint "Cleanup", Time since last: 1001491000 ns, Reaching safepoint: 305900 ns, At safepoint: 116500 ns, Total: 422400 ns
[2020-09-05T09:21:31.888+0000][8][safepoint    ] Safepoint "Cleanup", Time since last: 1001055000 ns, Reaching safepoint: 174700 ns, At safepoint: 13400 ns, Total: 188100 ns
[2020-09-05T09:21:32.892+0000][8][safepoint    ] Safepoint "Cleanup", Time since last: 1003267900 ns, Reaching safepoint: 182200 ns, At safepoint: 14500 ns, Total: 196700 ns
[2020-09-05T09:21:33.893+0000][8][safepoint    ] Safepoint "Cleanup", Time since last: 1001055500 ns, Reaching safepoint: 285100 ns, At safepoint: 12500 ns, Total: 297600 ns
[2020-09-05T09:21:34.894+0000][8][safepoint    ] Safepoint "Cleanup", Time since last: 1000790300 ns, Reaching safepoint: 282500 ns, At safepoint: 16900 ns, Total: 299400 ns
[2020-09-05T09:21:35.896+0000][8][safepoint    ] Safepoint "Cleanup", Time since last: 1002060400 ns, Reaching safepoint: 181700 ns, At safepoint: 14400 ns, Total: 196100 ns
[2020-09-05T09:21:36.898+0000][8][safepoint    ] Safepoint "Cleanup", Time since last: 1001351200 ns, Reaching safepoint: 272400 ns, At safepoint: 13800 ns, Total: 286200 ns
[2020-09-05T09:21:37.900+0000][8][safepoint    ] Safepoint "Cleanup", Time since last: 1001640100 ns, Reaching safepoint: 180900 ns, At safepoint: 14500 ns, Total: 195400 ns
[2020-09-05T09:21:38.905+0000][8][safepoint    ] Safepoint "Cleanup", Time since last: 1004118300 ns, Reaching safepoint: 1215800 ns, At safepoint: 22000 ns, Total: 1237800 ns
[2020-09-05T09:21:39.907+0000][8][safepoint    ] Safepoint "Cleanup", Time since last: 1001200100 ns, Reaching safepoint: 201100 ns, At safepoint: 13300 ns, Total: 214400 ns
[2020-09-05T09:21:40.909+0000][8][safepoint    ] Safepoint "Cleanup", Time since last: 1001612900 ns, Reaching safepoint: 463800 ns, At safepoint: 17500 ns, Total: 481300 ns
[2020-09-05T09:21:41.911+0000][8][safepoint    ] Safepoint "Cleanup", Time since last: 1001562300 ns, Reaching safepoint: 277900 ns, At safepoint: 27000 ns, Total: 304900 ns
[2020-09-05T09:21:42.914+0000][8][safepoint    ] Safepoint "Cleanup", Time since last: 1002791000 ns, Reaching safepoint: 186500 ns, At safepoint: 14500 ns, Total: 201000 ns
[2020-09-05T09:21:43.915+0000][8][safepoint    ] Safepoint "Cleanup", Time since last: 1000846900 ns, Reaching safepoint: 207200 ns, At safepoint: 17800 ns, Total: 225000 ns
[2020-09-05T09:21:44.916+0000][8][safepoint    ] Safepoint "Cleanup", Time since last: 1000726500 ns, Reaching safepoint: 184100 ns, At safepoint: 13800 ns, Total: 197900 ns
[2020-09-05T09:21:45.919+0000][8][safepoint    ] Safepoint "Cleanup", Time since last: 1003435200 ns, Reaching safepoint: 153100 ns, At safepoint: 14500 ns, Total: 167600 ns
[2020-09-05T09:21:46.923+0000][8][safepoint    ] Safepoint "Cleanup", Time since last: 1003271700 ns, Reaching safepoint: 159000 ns, At safepoint: 14200 ns, Total: 173200 ns
[2020-09-05T09:21:47.925+0000][8][safepoint    ] Safepoint "Cleanup", Time since last: 1002494600 ns, Reaching safepoint: 148700 ns, At safepoint: 14000 ns, Total: 162700 ns
[2020-09-05T09:21:48.926+0000][8][safepoint    ] Safepoint "Cleanup", Time since last: 1001041500 ns, Reaching safepoint: 150100 ns, At safepoint: 14400 ns, Total: 164500 ns
[2020-09-05T09:21:49.928+0000][8][safepoint    ] Safepoint "Cleanup", Time since last: 1001112700 ns, Reaching safepoint: 227000 ns, At safepoint: 23600 ns, Total: 250600 ns
[2020-09-05T09:21:50.931+0000][8][safepoint    ] Safepoint "Cleanup", Time since last: 1003141300 ns, Reaching safepoint: 226700 ns, At safepoint: 14100 ns, Total: 240800 ns
[2020-09-05T09:21:51.932+0000][8][safepoint    ] Safepoint "Cleanup", Time since last: 1001060900 ns, Reaching safepoint: 144300 ns, At safepoint: 13200 ns, Total: 157500 ns
[2020-09-05T09:21:52.935+0000][8][safepoint    ] Safepoint "Cleanup", Time since last: 1002275700 ns, Reaching safepoint: 294100 ns, At safepoint: 14000 ns, Total: 308100 ns
[2020-09-05T09:21:53.936+0000][8][safepoint    ] Safepoint "Cleanup", Time since last: 1001031700 ns, Reaching safepoint: 248400 ns, At safepoint: 15300 ns, Total: 263700 ns
[2020-09-05T09:21:54.938+0000][8][safepoint    ] Safepoint "Cleanup", Time since last: 1001398400 ns, Reaching safepoint: 362800 ns, At safepoint: 15300 ns, Total: 378100 ns
[2020-09-05T09:21:55.940+0000][8][safepoint    ] Safepoint "Cleanup", Time since last: 1002016700 ns, Reaching safepoint: 223800 ns, At safepoint: 23900 ns, Total: 247700 ns
[2020-09-05T09:21:56.943+0000][8][safepoint    ] Safepoint "Cleanup", Time since last: 1002840700 ns, Reaching safepoint: 150600 ns, At safepoint: 13900 ns, Total: 164500 ns
[2020-09-05T09:21:57.945+0000][8][safepoint    ] Safepoint "Cleanup", Time since last: 1001096600 ns, Reaching safepoint: 180600 ns, At safepoint: 14400 ns, Total: 195000 ns
[2020-09-05T09:21:58.946+0000][8][safepoint    ] Safepoint "Cleanup", Time since last: 1001050400 ns, Reaching safepoint: 297400 ns, At safepoint: 14100 ns, Total: 311500 ns
[2020-09-05T09:21:59.914+0000][8][safepoint    ] Safepoint "Cleanup", Time since last: 1001458000 ns, Reaching safepoint: 279500 ns, At safepoint: 24300 ns, Total: 303800 ns
[2020-09-05T09:22:00.915+0000][8][safepoint    ] Safepoint "Cleanup", Time since last: 1001246700 ns, Reaching safepoint: 176400 ns, At safepoint: 14300 ns, Total: 190700 ns
[2020-09-05T09:22:01.917+0000][8][safepoint    ] Safepoint "Cleanup", Time since last: 1001045200 ns, Reaching safepoint: 308200 ns, At safepoint: 19600 ns, Total: 327800 ns
[2020-09-05T09:22:02.919+0000][8][safepoint    ] Safepoint "Cleanup", Time since last: 1001935300 ns, Reaching safepoint: 179600 ns, At safepoint: 14200 ns, Total: 193800 ns
[2020-09-05T09:22:03.921+0000][8][safepoint    ] Safepoint "Cleanup", Time since last: 1002106100 ns, Reaching safepoint: 400600 ns, At safepoint: 17600 ns, Total: 418200 ns
[2020-09-05T09:22:04.922+0000][8][safepoint    ] Safepoint "Cleanup", Time since last: 1000817200 ns, Reaching safepoint: 200400 ns, At safepoint: 19500 ns, Total: 219900 ns
[2020-09-05T09:22:05.923+0000][8][safepoint    ] Safepoint "Cleanup", Time since last: 1000731700 ns, Reaching safepoint: 365500 ns, At safepoint: 15500 ns, Total: 381000 ns
[2020-09-05T09:22:06.925+0000][8][safepoint    ] Safepoint "Cleanup", Time since last: 1001014500 ns, Reaching safepoint: 238700 ns, At safepoint: 23000 ns, Total: 261700 ns
[2020-09-05T09:22:07.926+0000][8][safepoint    ] Safepoint "Cleanup", Time since last: 1001294900 ns, Reaching safepoint: 207500 ns, At safepoint: 17800 ns, Total: 225300 ns
[2020-09-05T09:22:08.927+0000][8][safepoint    ] Safepoint "Cleanup", Time since last: 1000952600 ns, Reaching safepoint: 180600 ns, At safepoint: 14400 ns, Total: 195000 ns
[2020-09-05T09:22:09.929+0000][8][safepoint    ] Safepoint "Cleanup", Time since last: 1000995900 ns, Reaching safepoint: 232300 ns, At safepoint: 9300 ns, Total: 241600 ns
[2020-09-05T09:22:10.930+0000][8][safepoint    ] Safepoint "Cleanup", Time since last: 1000900600 ns, Reaching safepoint: 437800 ns, At safepoint: 22300 ns, Total: 460100 ns
[2020-09-05T09:22:11.932+0000][8][safepoint    ] Safepoint "Cleanup", Time since last: 1002104800 ns, Reaching safepoint: 179500 ns, At safepoint: 14200 ns, Total: 193700 ns
[2020-09-05T09:22:12.933+0000][8][safepoint    ] Safepoint "Cleanup", Time since last: 1000936000 ns, Reaching safepoint: 182700 ns, At safepoint: 14400 ns, Total: 197100 ns
[2020-09-05T09:22:13.935+0000][8][safepoint    ] Safepoint "Cleanup", Time since last: 1001431200 ns, Reaching safepoint: 307700 ns, At safepoint: 17400 ns, Total: 325100 ns
[2020-09-05T09:22:14.937+0000][8][safepoint    ] Safepoint "Cleanup", Time since last: 1001217200 ns, Reaching safepoint: 180200 ns, At safepoint: 14200 ns, Total: 194400 ns
[2020-09-05T09:22:15.938+0000][8][safepoint    ] Safepoint "Cleanup", Time since last: 1001542600 ns, Reaching safepoint: 293900 ns, At safepoint: 17400 ns, Total: 311300 ns
[2020-09-05T09:22:16.940+0000][8][safepoint    ] Safepoint "Cleanup", Time since last: 1001112300 ns, Reaching safepoint: 199800 ns, At safepoint: 13500 ns, Total: 213300 ns
[2020-09-05T09:22:17.943+0000][8][safepoint    ] Safepoint "Cleanup", Time since last: 1002952200 ns, Reaching safepoint: 398400 ns, At safepoint: 13300 ns, Total: 411700 ns
[2020-09-05T09:22:19.022+0000][8][safepoint    ] Safepoint "Cleanup", Time since last: 1077583200 ns, Reaching safepoint: 852300 ns, At safepoint: 24400 ns, Total: 876700 ns
[2020-09-05T09:22:20.704+0000][8][safepoint    ] Safepoint "Cleanup", Time since last: 1681957400 ns, Reaching safepoint: 294700 ns, At safepoint: 206700 ns, Total: 501400 ns
[2020-09-05T09:22:21.707+0000][8][safepoint    ] Safepoint "Cleanup", Time since last: 1002507100 ns, Reaching safepoint: 295100 ns, At safepoint: 15900 ns, Total: 311000 ns
[2020-09-05T09:22:22.709+0000][8][safepoint    ] Safepoint "Cleanup", Time since last: 1002220800 ns, Reaching safepoint: 271100 ns, At safepoint: 24400 ns, Total: 295500 ns
[2020-09-05T09:22:23.712+0000][8][safepoint    ] Safepoint "Cleanup", Time since last: 1002195800 ns, Reaching safepoint: 187600 ns, At safepoint: 14300 ns, Total: 201900 ns
[2020-09-05T09:22:24.713+0000][8][safepoint    ] Safepoint "Cleanup", Time since last: 1001240500 ns, Reaching safepoint: 187700 ns, At safepoint: 14500 ns, Total: 202200 ns
[2020-09-05T09:22:25.716+0000][8][safepoint    ] Safepoint "Cleanup", Time since last: 1001900600 ns, Reaching safepoint: 393900 ns, At safepoint: 13000 ns, Total: 406900 ns
[2020-09-05T09:22:26.718+0000][8][safepoint    ] Safepoint "Cleanup", Time since last: 1001969100 ns, Reaching safepoint: 179900 ns, At safepoint: 16600 ns, Total: 196500 ns
[2020-09-05T09:22:27.720+0000][8][safepoint    ] Safepoint "Cleanup", Time since last: 1002521200 ns, Reaching safepoint: 182900 ns, At safepoint: 14700 ns, Total: 197600 ns
[2020-09-05T09:22:28.722+0000][8][safepoint    ] Safepoint "Cleanup", Time since last: 1001054300 ns, Reaching safepoint: 180100 ns, At safepoint: 14100 ns, Total: 194200 ns
[2020-09-05T09:22:29.690+0000][8][safepoint    ] Safepoint "Cleanup", Time since last: 1001871100 ns, Reaching safepoint: 279100 ns, At safepoint: 23700 ns, Total: 302800 ns
[2020-09-05T09:22:30.691+0000][8][safepoint    ] Safepoint "Cleanup", Time since last: 1001667300 ns, Reaching safepoint: 180700 ns, At safepoint: 17000 ns, Total: 197700 ns
[2020-09-05T09:22:31.693+0000][8][safepoint    ] Safepoint "Cleanup", Time since last: 1001826100 ns, Reaching safepoint: 182000 ns, At safepoint: 17100 ns, Total: 199100 ns
[2020-09-05T09:22:32.696+0000][8][safepoint    ] Safepoint "Cleanup", Time since last: 1002277700 ns, Reaching safepoint: 265200 ns, At safepoint: 16600 ns, Total: 281800 ns
[2020-09-05T09:22:33.697+0000][8][safepoint    ] Safepoint "Cleanup", Time since last: 1001259300 ns, Reaching safepoint: 183500 ns, At safepoint: 14300 ns, Total: 197800 ns
[2020-09-05T09:22:34.699+0000][8][safepoint    ] Safepoint "Cleanup", Time since last: 1001302900 ns, Reaching safepoint: 243400 ns, At safepoint: 17300 ns, Total: 260700 ns
[2020-09-05T09:22:35.700+0000][8][safepoint    ] Safepoint "Cleanup", Time since last: 1001268800 ns, Reaching safepoint: 181500 ns, At safepoint: 14600 ns, Total: 196100 ns
[2020-09-05T09:22:36.702+0000][8][safepoint    ] Safepoint "Cleanup", Time since last: 1001415500 ns, Reaching safepoint: 182000 ns, At safepoint: 14500 ns, Total: 196500 ns
[2020-09-05T09:22:37.705+0000][8][safepoint    ] Safepoint "Cleanup", Time since last: 1002721600 ns, Reaching safepoint: 503400 ns, At safepoint: 18700 ns, Total: 522100 ns
[2020-09-05T09:22:38.707+0000][8][safepoint    ] Safepoint "Cleanup", Time since last: 1001089600 ns, Reaching safepoint: 177900 ns, At safepoint: 16400 ns, Total: 194300 ns
[2020-09-05T09:22:39.708+0000][8][safepoint    ] Safepoint "Cleanup", Time since last: 1001323000 ns, Reaching safepoint: 179600 ns, At safepoint: 14700 ns, Total: 194300 ns
[2020-09-05T09:22:40.709+0000][8][safepoint    ] Safepoint "Cleanup", Time since last: 1000959000 ns, Reaching safepoint: 179500 ns, At safepoint: 14100 ns, Total: 193600 ns
[2020-09-05T09:22:41.711+0000][8][safepoint    ] Safepoint "Cleanup", Time since last: 1001716000 ns, Reaching safepoint: 182400 ns, At safepoint: 14200 ns, Total: 196600 ns
[2020-09-05T09:22:42.713+0000][8][safepoint    ] Safepoint "Cleanup", Time since last: 1001880500 ns, Reaching safepoint: 184600 ns, At safepoint: 14600 ns, Total: 199200 ns
[2020-09-05T09:22:43.715+0000][8][safepoint    ] Safepoint "Cleanup", Time since last: 1001438100 ns, Reaching safepoint: 227600 ns, At safepoint: 17900 ns, Total: 245500 ns
[2020-09-05T09:22:44.717+0000][8][safepoint    ] Safepoint "Cleanup", Time since last: 1002155500 ns, Reaching safepoint: 179100 ns, At safepoint: 14600 ns, Total: 193700 ns
[2020-09-05T09:22:45.720+0000][8][safepoint    ] Safepoint "Cleanup", Time since last: 1002428500 ns, Reaching safepoint: 224400 ns, At safepoint: 16600 ns, Total: 241000 ns
[2020-09-05T09:22:46.722+0000][8][safepoint    ] Safepoint "Cleanup", Time since last: 1001378100 ns, Reaching safepoint: 211700 ns, At safepoint: 14600 ns, Total: 226300 ns
[2020-09-05T09:22:47.725+0000][8][safepoint    ] Safepoint "Cleanup", Time since last: 1003064200 ns, Reaching safepoint: 247700 ns, At safepoint: 17800 ns, Total: 265500 ns
[2020-09-05T09:22:48.728+0000][8][safepoint    ] Safepoint "Cleanup", Time since last: 1003097200 ns, Reaching safepoint: 211600 ns, At safepoint: 17500 ns, Total: 229100 ns
[2020-09-05T09:22:49.730+0000][8][safepoint    ] Safepoint "Cleanup", Time since last: 1001461600 ns, Reaching safepoint: 182100 ns, At safepoint: 14500 ns, Total: 196600 ns
[2020-09-05T09:22:50.732+0000][8][safepoint    ] Safepoint "Cleanup", Time since last: 1001900800 ns, Reaching safepoint: 189900 ns, At safepoint: 15000 ns, Total: 204900 ns
[2020-09-05T09:22:51.733+0000][8][safepoint    ] Safepoint "Cleanup", Time since last: 1001005600 ns, Reaching safepoint: 316900 ns, At safepoint: 21200 ns, Total: 338100 ns
[2020-09-05T09:22:52.735+0000][8][safepoint    ] Safepoint "Cleanup", Time since last: 1001104500 ns, Reaching safepoint: 281100 ns, At safepoint: 15100 ns, Total: 296200 ns
[2020-09-05T09:22:53.736+0000][8][safepoint    ] Safepoint "Cleanup", Time since last: 1001238500 ns, Reaching safepoint: 179300 ns, At safepoint: 14200 ns, Total: 193500 ns
[2020-09-05T09:22:54.737+0000][8][safepoint    ] Safepoint "Cleanup", Time since last: 1001106000 ns, Reaching safepoint: 179200 ns, At safepoint: 14300 ns, Total: 193500 ns
[2020-09-05T09:22:55.739+0000][8][safepoint    ] Safepoint "Cleanup", Time since last: 1001513800 ns, Reaching safepoint: 181500 ns, At safepoint: 17100 ns, Total: 198600 ns
[2020-09-05T09:22:56.741+0000][8][safepoint    ] Safepoint "Cleanup", Time since last: 1001559100 ns, Reaching safepoint: 164100 ns, At safepoint: 12600 ns, Total: 176700 ns
[2020-09-05T09:22:57.743+0000][8][safepoint    ] Safepoint "Cleanup", Time since last: 1001309700 ns, Reaching safepoint: 524500 ns, At safepoint: 27000 ns, Total: 551500 ns
[2020-09-05T09:22:58.747+0000][8][safepoint    ] Safepoint "Cleanup", Time since last: 1002805900 ns, Reaching safepoint: 1510800 ns, At safepoint: 38300 ns, Total: 1549100 ns
[2020-09-05T09:22:59.716+0000][8][safepoint    ] Safepoint "Cleanup", Time since last: 1001789500 ns, Reaching safepoint: 423600 ns, At safepoint: 19700 ns, Total: 443300 ns
[2020-09-05T09:23:00.719+0000][8][safepoint    ] Safepoint "Cleanup", Time since last: 1002272300 ns, Reaching safepoint: 410300 ns, At safepoint: 20100 ns, Total: 430400 ns
[2020-09-05T09:23:01.722+0000][8][safepoint    ] Safepoint "Cleanup", Time since last: 1002219400 ns, Reaching safepoint: 449900 ns, At safepoint: 11400 ns, Total: 461300 ns
[2020-09-05T09:23:02.725+0000][8][safepoint    ] Safepoint "Cleanup", Time since last: 1003400200 ns, Reaching safepoint: 345400 ns, At safepoint: 19700 ns, Total: 365100 ns
[2020-09-05T09:23:03.731+0000][8][safepoint    ] Safepoint "Cleanup", Time since last: 1005039600 ns, Reaching safepoint: 588300 ns, At safepoint: 24000 ns, Total: 612300 ns
[2020-09-05T09:23:04.735+0000][8][safepoint    ] Safepoint "Cleanup", Time since last: 1003058200 ns, Reaching safepoint: 693700 ns, At safepoint: 31200 ns, Total: 724900 ns
[2020-09-05T09:23:05.737+0000][8][safepoint    ] Safepoint "Cleanup", Time since last: 1001940200 ns, Reaching safepoint: 264100 ns, At safepoint: 23200 ns, Total: 287300 ns
[2020-09-05T09:23:06.739+0000][8][safepoint    ] Safepoint "Cleanup", Time since last: 1001322200 ns, Reaching safepoint: 584500 ns, At safepoint: 24300 ns, Total: 608800 ns
[2020-09-05T09:23:07.740+0000][8][safepoint    ] Safepoint "Cleanup", Time since last: 1001159100 ns, Reaching safepoint: 179300 ns, At safepoint: 15000 ns, Total: 194300 ns
[2020-09-05T09:23:08.743+0000][8][safepoint    ] Safepoint "Cleanup", Time since last: 1002021600 ns, Reaching safepoint: 298300 ns, At safepoint: 13600 ns, Total: 311900 ns
[2020-09-05T09:23:09.745+0000][8][safepoint    ] Safepoint "Cleanup", Time since last: 1002107200 ns, Reaching safepoint: 160900 ns, At safepoint: 14300 ns, Total: 175200 ns
[2020-09-05T09:23:10.747+0000][8][safepoint    ] Safepoint "Cleanup", Time since last: 1001766100 ns, Reaching safepoint: 181200 ns, At safepoint: 14000 ns, Total: 195200 ns
[2020-09-05T09:23:11.750+0000][8][safepoint    ] Safepoint "Cleanup", Time since last: 1002634900 ns, Reaching safepoint: 150200 ns, At safepoint: 14300 ns, Total: 164500 ns
[2020-09-05T09:23:12.752+0000][8][safepoint    ] Safepoint "Cleanup", Time since last: 1001942200 ns, Reaching safepoint: 152400 ns, At safepoint: 14100 ns, Total: 166500 ns
[2020-09-05T09:23:13.764+0000][8][safepoint    ] Safepoint "Cleanup", Time since last: 1001936100 ns, Reaching safepoint: 10420100 ns, At safepoint: 129300 ns, Total: 10549400 ns
[2020-09-05T09:23:14.768+0000][8][safepoint    ] Safepoint "Cleanup", Time since last: 1003929900 ns, Reaching safepoint: 144800 ns, At safepoint: 13400 ns, Total: 158200 ns
[2020-09-05T09:23:15.770+0000][8][safepoint    ] Safepoint "Cleanup", Time since last: 1001227700 ns, Reaching safepoint: 157200 ns, At safepoint: 14300 ns, Total: 171500 ns
[2020-09-05T09:23:16.773+0000][8][safepoint    ] Safepoint "Cleanup", Time since last: 1002889300 ns, Reaching safepoint: 179700 ns, At safepoint: 16300 ns, Total: 196000 ns
[2020-09-05T09:23:17.776+0000][8][safepoint    ] Safepoint "Cleanup", Time since last: 1002948900 ns, Reaching safepoint: 150500 ns, At safepoint: 14200 ns, Total: 164700 ns
[2020-09-05T09:23:18.781+0000][8][safepoint    ] Safepoint "Cleanup", Time since last: 1005093800 ns, Reaching safepoint: 246000 ns, At safepoint: 24300 ns, Total: 270300 ns
[2020-09-05T09:23:19.785+0000][8][safepoint    ] Safepoint "Cleanup", Time since last: 1003707800 ns, Reaching safepoint: 229200 ns, At safepoint: 20200 ns, Total: 249400 ns
[2020-09-05T09:23:20.800+0000][8][safepoint    ] Safepoint "Cleanup", Time since last: 1014717300 ns, Reaching safepoint: 197300 ns, At safepoint: 16700 ns, Total: 214000 ns
[2020-09-05T09:23:21.833+0000][8][safepoint    ] Safepoint "Cleanup", Time since last: 1031548600 ns, Reaching safepoint: 657800 ns, At safepoint: 27300 ns, Total: 685100 ns
[2020-09-05T09:23:23.733+0000][8][safepoint    ] Safepoint "Cleanup", Time since last: 1900677300 ns, Reaching safepoint: 233400 ns, At safepoint: 23700 ns, Total: 257100 ns
[2020-09-05T09:23:24.823+0000][8][safepoint    ] Safepoint "Cleanup", Time since last: 1089218700 ns, Reaching safepoint: 146900 ns, At safepoint: 14000 ns, Total: 160900 ns
[2020-09-05T09:23:25.824+0000][8][safepoint    ] Safepoint "Cleanup", Time since last: 1001166300 ns, Reaching safepoint: 153900 ns, At safepoint: 14400 ns, Total: 168300 ns
[2020-09-05T09:23:26.828+0000][8][safepoint    ] Safepoint "Cleanup", Time since last: 1003680800 ns, Reaching safepoint: 355900 ns, At safepoint: 21900 ns, Total: 377800 ns
[2020-09-05T09:23:27.831+0000][8][safepoint    ] Safepoint "Cleanup", Time since last: 1002514900 ns, Reaching safepoint: 273600 ns, At safepoint: 23000 ns, Total: 296600 ns
[2020-09-05T09:23:28.841+0000][8][safepoint    ] Safepoint "Cleanup", Time since last: 1008507100 ns, Reaching safepoint: 1362600 ns, At safepoint: 21500 ns, Total: 1384100 ns
[2020-09-05T09:23:29.810+0000][8][safepoint    ] Safepoint "Cleanup", Time since last: 1002359500 ns, Reaching safepoint: 237900 ns, At safepoint: 642000 ns, Total: 879900 ns
[2020-09-05T09:23:30.812+0000][8][safepoint    ] Safepoint "Cleanup", Time since last: 1002187500 ns, Reaching safepoint: 437200 ns, At safepoint: 18500 ns, Total: 455700 ns
[2020-09-05T09:23:31.815+0000][8][safepoint    ] Safepoint "Cleanup", Time since last: 1002797800 ns, Reaching safepoint: 201100 ns, At safepoint: 16300 ns, Total: 217400 ns
[2020-09-05T09:23:32.840+0000][8][safepoint    ] Safepoint "Cleanup", Time since last: 1024100400 ns, Reaching safepoint: 241400 ns, At safepoint: 15700 ns, Total: 257100 ns
[2020-09-05T09:23:33.842+0000][8][safepoint    ] Safepoint "Cleanup", Time since last: 1002334700 ns, Reaching safepoint: 156400 ns, At safepoint: 13700 ns, Total: 170100 ns
[2020-09-05T09:23:34.846+0000][8][safepoint    ] Safepoint "Cleanup", Time since last: 1003237000 ns, Reaching safepoint: 249200 ns, At safepoint: 20100 ns, Total: 269300 ns
[2020-09-05T09:23:35.847+0000][8][safepoint    ] Safepoint "Cleanup", Time since last: 1001208800 ns, Reaching safepoint: 242000 ns, At safepoint: 9300 ns, Total: 251300 ns
[2020-09-05T09:23:36.849+0000][8][safepoint    ] Safepoint "Cleanup", Time since last: 1001993700 ns, Reaching safepoint: 150400 ns, At safepoint: 13300 ns, Total: 163700 ns
[2020-09-05T09:23:37.851+0000][8][safepoint    ] Safepoint "Cleanup", Time since last: 1001140800 ns, Reaching safepoint: 211600 ns, At safepoint: 15000 ns, Total: 226600 ns
[2020-09-05T09:23:38.854+0000][8][safepoint    ] Safepoint "Cleanup", Time since last: 1002306600 ns, Reaching safepoint: 525000 ns, At safepoint: 27300 ns, Total: 552300 ns
[2020-09-05T09:23:39.855+0000][8][safepoint    ] Safepoint "Cleanup", Time since last: 1001741400 ns, Reaching safepoint: 169500 ns, At safepoint: 14600 ns, Total: 184100 ns
[2020-09-05T09:23:40.857+0000][8][safepoint    ] Safepoint "Cleanup", Time since last: 1001246000 ns, Reaching safepoint: 743400 ns, At safepoint: 24300 ns, Total: 767700 ns
[2020-09-05T09:23:41.859+0000][8][safepoint    ] Safepoint "Cleanup", Time since last: 1001239600 ns, Reaching safepoint: 226300 ns, At safepoint: 14000 ns, Total: 240300 ns
[2020-09-05T09:23:42.861+0000][8][safepoint    ] Safepoint "Cleanup", Time since last: 1001134800 ns, Reaching safepoint: 1032500 ns, At safepoint: 18800 ns, Total: 1051300 ns
[2020-09-05T09:23:43.863+0000][8][safepoint    ] Safepoint "Cleanup", Time since last: 1001440000 ns, Reaching safepoint: 327000 ns, At safepoint: 16700 ns, Total: 343700 ns
[2020-09-05T09:23:44.867+0000][8][safepoint    ] Safepoint "Cleanup", Time since last: 1002034100 ns, Reaching safepoint: 1952900 ns, At safepoint: 43000 ns, Total: 1995900 ns
[2020-09-05T09:23:45.869+0000][8][safepoint    ] Safepoint "Cleanup", Time since last: 1001576800 ns, Reaching safepoint: 150000 ns, At safepoint: 12400 ns, Total: 162400 ns
[2020-09-05T09:23:46.870+0000][8][safepoint    ] Safepoint "Cleanup", Time since last: 1001230500 ns, Reaching safepoint: 291800 ns, At safepoint: 14300 ns, Total: 306100 ns
[2020-09-05T09:23:47.872+0000][8][safepoint    ] Safepoint "Cleanup", Time since last: 1001644200 ns, Reaching safepoint: 457000 ns, At safepoint: 14600 ns, Total: 471600 ns
[2020-09-05T09:23:48.874+0000][8][safepoint    ] Safepoint "Cleanup", Time since last: 1001066100 ns, Reaching safepoint: 148400 ns, At safepoint: 14200 ns, Total: 162600 ns
[2020-09-05T09:23:50.745+0000][8][safepoint    ] Safepoint "Cleanup", Time since last: 1871560100 ns, Reaching safepoint: 171000 ns, At safepoint: 14300 ns, Total: 185300 ns
[2020-09-05T09:23:51.748+0000][8][safepoint    ] Safepoint "Cleanup", Time since last: 1002152600 ns, Reaching safepoint: 148800 ns, At safepoint: 14300 ns, Total: 163100 ns
[2020-09-05T09:23:52.750+0000][8][safepoint    ] Safepoint "Cleanup", Time since last: 1002486400 ns, Reaching safepoint: 139700 ns, At safepoint: 14200 ns, Total: 153900 ns
[2020-09-05T09:23:53.754+0000][8][safepoint    ] Safepoint "Cleanup", Time since last: 1001089900 ns, Reaching safepoint: 2459100 ns, At safepoint: 16500 ns, Total: 2475600 ns
[2020-09-05T09:23:54.756+0000][8][safepoint    ] Safepoint "Cleanup", Time since last: 1002201000 ns, Reaching safepoint: 434800 ns, At safepoint: 19500 ns, Total: 454300 ns
[2020-09-05T09:23:55.759+0000][8][safepoint    ] Safepoint "Cleanup", Time since last: 1001751200 ns, Reaching safepoint: 673300 ns, At safepoint: 19800 ns, Total: 693100 ns
[2020-09-05T09:23:56.761+0000][8][safepoint    ] Safepoint "Cleanup", Time since last: 1001215600 ns, Reaching safepoint: 406100 ns, At safepoint: 19600 ns, Total: 425700 ns
[2020-09-05T09:23:57.763+0000][8][safepoint    ] Safepoint "Cleanup", Time since last: 1001779300 ns, Reaching safepoint: 734400 ns, At safepoint: 29900 ns, Total: 764300 ns
[2020-09-05T09:23:58.765+0000][8][safepoint    ] Safepoint "Cleanup", Time since last: 1001298300 ns, Reaching safepoint: 418500 ns, At safepoint: 19600 ns, Total: 438100 ns
[2020-09-05T09:23:59.734+0000][8][safepoint    ] Safepoint "Cleanup", Time since last: 1002181700 ns, Reaching safepoint: 262000 ns, At safepoint: 16100 ns, Total: 278100 ns
[2020-09-05T09:24:00.735+0000][8][safepoint    ] Safepoint "Cleanup", Time since last: 1001074100 ns, Reaching safepoint: 238500 ns, At safepoint: 10100 ns, Total: 248600 ns
[2020-09-05T09:24:01.737+0000][8][safepoint    ] Safepoint "Cleanup", Time since last: 1001565500 ns, Reaching safepoint: 178800 ns, At safepoint: 14200 ns, Total: 193000 ns
[2020-09-05T09:24:02.740+0000][8][safepoint    ] Safepoint "Cleanup", Time since last: 1002841200 ns, Reaching safepoint: 242000 ns, At safepoint: 19300 ns, Total: 261300 ns
[2020-09-05T09:24:03.749+0000][8][safepoint    ] Safepoint "Cleanup", Time since last: 1008647100 ns, Reaching safepoint: 339300 ns, At safepoint: 25700 ns, Total: 365000 ns
[2020-09-05T09:24:04.751+0000][8][safepoint    ] Safepoint "Cleanup", Time since last: 1001856600 ns, Reaching safepoint: 221400 ns, At safepoint: 17400 ns, Total: 238800 ns
[2020-09-05T09:24:05.754+0000][8][safepoint    ] Safepoint "Cleanup", Time since last: 1002403300 ns, Reaching safepoint: 232700 ns, At safepoint: 313500 ns, Total: 546200 ns
[2020-09-05T09:24:06.771+0000][8][safepoint    ] Safepoint "Cleanup", Time since last: 1016651800 ns, Reaching safepoint: 149600 ns, At safepoint: 14400 ns, Total: 164000 ns
[2020-09-05T09:24:07.773+0000][8][safepoint    ] Safepoint "Cleanup", Time since last: 1002022000 ns, Reaching safepoint: 148600 ns, At safepoint: 14500 ns, Total: 163100 ns
[2020-09-05T09:24:08.776+0000][8][safepoint    ] Safepoint "Cleanup", Time since last: 1002371100 ns, Reaching safepoint: 309900 ns, At safepoint: 14300 ns, Total: 324200 ns
[2020-09-05T09:24:09.778+0000][8][safepoint    ] Safepoint "Cleanup", Time since last: 1001270700 ns, Reaching safepoint: 200200 ns, At safepoint: 18200 ns, Total: 218400 ns
[2020-09-05T09:24:10.811+0000][8][safepoint    ] Safepoint "Cleanup", Time since last: 1032162500 ns, Reaching safepoint: 1576000 ns, At safepoint: 40000 ns, Total: 1616000 ns
[2020-09-05T09:24:11.814+0000][8][safepoint    ] Safepoint "Cleanup", Time since last: 1001629700 ns, Reaching safepoint: 586000 ns, At safepoint: 23300 ns, Total: 609300 ns
[2020-09-05T09:24:13.748+0000][8][safepoint    ] Safepoint "Cleanup", Time since last: 1934140000 ns, Reaching safepoint: 286900 ns, At safepoint: 11200 ns, Total: 298100 ns
[2020-09-05T09:24:14.750+0000][8][safepoint    ] Safepoint "Cleanup", Time since last: 1001164800 ns, Reaching safepoint: 349300 ns, At safepoint: 21800 ns, Total: 371100 ns
[2020-09-05T09:24:15.751+0000][8][safepoint    ] Safepoint "Cleanup", Time since last: 1001512300 ns, Reaching safepoint: 216900 ns, At safepoint: 18700 ns, Total: 235600 ns
[2020-09-05T09:24:16.753+0000][8][safepoint    ] Safepoint "Cleanup", Time since last: 1001079800 ns, Reaching safepoint: 172900 ns, At safepoint: 16200 ns, Total: 189100 ns
[2020-09-05T09:24:16.934+0000][8][gc,start     ] GC(32) Pause Young (Normal) (G1 Evacuation Pause)
[2020-09-05T09:24:16.935+0000][8][gc,task      ] GC(32) Using 2 workers of 2 for evacuation
[2020-09-05T09:24:16.935+0000][8][gc,age       ] GC(32) Desired survivor size 19398656 bytes, new threshold 15 (max threshold 15)
[2020-09-05T09:24:16.964+0000][8][gc,age       ] GC(32) Age table with threshold 15 (max threshold 15)
[2020-09-05T09:24:16.965+0000][8][gc,age       ] GC(32) - age   1:    2908696 bytes,    2908696 total
[2020-09-05T09:24:16.966+0000][8][gc,age       ] GC(32) - age   2:      64552 bytes,    2973248 total
[2020-09-05T09:24:16.967+0000][8][gc,age       ] GC(32) - age   3:     284312 bytes,    3257560 total
[2020-09-05T09:24:16.968+0000][8][gc,age       ] GC(32) - age   4:     122120 bytes,    3379680 total
[2020-09-05T09:24:16.968+0000][8][gc,age       ] GC(32) - age   5:       5752 bytes,    3385432 total
[2020-09-05T09:24:16.969+0000][8][gc,age       ] GC(32) - age   6:       9312 bytes,    3394744 total
[2020-09-05T09:24:16.969+0000][8][gc,age       ] GC(32) - age   7:      16000 bytes,    3410744 total
[2020-09-05T09:24:16.970+0000][8][gc,age       ] GC(32) - age   8:      14984 bytes,    3425728 total
[2020-09-05T09:24:16.970+0000][8][gc,age       ] GC(32) - age   9:      19512 bytes,    3445240 total
[2020-09-05T09:24:16.971+0000][8][gc,age       ] GC(32) - age  10:     731408 bytes,    4176648 total
[2020-09-05T09:24:16.971+0000][8][gc,age       ] GC(32) - age  11:     542592 bytes,    4719240 total
[2020-09-05T09:24:16.972+0000][8][gc,age       ] GC(32) - age  12:      84136 bytes,    4803376 total
[2020-09-05T09:24:16.972+0000][8][gc,age       ] GC(32) - age  13:      67824 bytes,    4871200 total
[2020-09-05T09:24:16.973+0000][8][gc,age       ] GC(32) - age  14:    4085672 bytes,    8956872 total
[2020-09-05T09:24:16.975+0000][8][gc,phases    ] GC(32)   Pre Evacuate Collection Set: 0.2ms
[2020-09-05T09:24:16.976+0000][8][gc,phases    ] GC(32)   Merge Heap Roots: 0.4ms
[2020-09-05T09:24:16.976+0000][8][gc,phases    ] GC(32)   Evacuate Collection Set: 22.1ms
[2020-09-05T09:24:16.977+0000][8][gc,phases    ] GC(32)   Post Evacuate Collection Set: 5.9ms
[2020-09-05T09:24:16.978+0000][8][gc,phases    ] GC(32)   Other: 12.4ms
[2020-09-05T09:24:16.978+0000][8][gc,heap      ] GC(32) Eden regions: 281->0(282)
[2020-09-05T09:24:16.978+0000][8][gc,heap      ] GC(32) Survivor regions: 10->10(37)
[2020-09-05T09:24:16.979+0000][8][gc,heap      ] GC(32) Old regions: 70->70
[2020-09-05T09:24:16.980+0000][8][gc,heap      ] GC(32) Archive regions: 2->2
[2020-09-05T09:24:16.980+0000][8][gc,heap      ] GC(32) Humongous regions: 7->7
[2020-09-05T09:24:16.981+0000][8][gc,metaspace ] GC(32) Metaspace: 103002K(111480K)->103002K(111480K) NonClass: 89528K(94584K)->89528K(94584K) Class: 13473K(16896K)->13473K(16896K)
[2020-09-05T09:24:16.981+0000][8][gc           ] GC(32) Pause Young (Normal) (G1 Evacuation Pause) 367M->86M(512M) 47.557ms
[2020-09-05T09:24:16.982+0000][8][gc,cpu       ] GC(32) User=0.03s Sys=0.02s Real=0.05s
[2020-09-05T09:24:16.983+0000][8][safepoint    ] Safepoint "G1CollectForAllocation", Time since last: 180770600 ns, Reaching safepoint: 366200 ns, At safepoint: 49044000 ns, Total: 49410200 ns
[2020-09-05T09:24:17.984+0000][8][safepoint    ] Safepoint "Cleanup", Time since last: 1000872300 ns, Reaching safepoint: 442800 ns, At safepoint: 20700 ns, Total: 463500 ns
[2020-09-05T09:24:18.986+0000][8][safepoint    ] Safepoint "Cleanup", Time since last: 1001407900 ns, Reaching safepoint: 198500 ns, At safepoint: 9500 ns, Total: 208000 ns
[2020-09-05T09:24:19.988+0000][8][safepoint    ] Safepoint "Cleanup", Time since last: 1001962800 ns, Reaching safepoint: 285000 ns, At safepoint: 12200 ns, Total: 297200 ns
[2020-09-05T09:24:20.990+0000][8][safepoint    ] Safepoint "Cleanup", Time since last: 1002134500 ns, Reaching safepoint: 177400 ns, At safepoint: 14400 ns, Total: 191800 ns
[2020-09-05T09:24:21.992+0000][8][safepoint    ] Safepoint "Cleanup", Time since last: 1001199200 ns, Reaching safepoint: 183600 ns, At safepoint: 15100 ns, Total: 198700 ns
[2020-09-05T09:24:23.002+0000][8][safepoint    ] Safepoint "Cleanup", Time since last: 1006789600 ns, Reaching safepoint: 3388800 ns, At safepoint: 325100 ns, Total: 3713900 ns
[2020-09-05T09:24:24.005+0000][8][safepoint    ] Safepoint "Cleanup", Time since last: 1002422700 ns, Reaching safepoint: 618700 ns, At safepoint: 19700 ns, Total: 638400 ns
[2020-09-05T09:24:25.246+0000][8][safepoint    ] Safepoint "Cleanup", Time since last: 1239586600 ns, Reaching safepoint: 1209500 ns, At safepoint: 37800 ns, Total: 1247300 ns
[2020-09-05T09:24:26.255+0000][8][safepoint    ] Safepoint "Cleanup", Time since last: 1008453400 ns, Reaching safepoint: 177000 ns, At safepoint: 17100 ns, Total: 194100 ns
[2020-09-05T09:24:27.380+0000][8][safepoint    ] Safepoint "Cleanup", Time since last: 1124730300 ns, Reaching safepoint: 180300 ns, At safepoint: 14500 ns, Total: 194800 ns
[2020-09-05T09:24:28.382+0000][8][safepoint    ] Safepoint "Cleanup", Time since last: 1001848400 ns, Reaching safepoint: 181800 ns, At safepoint: 16700 ns, Total: 198500 ns
[2020-09-05T09:24:29.353+0000][8][safepoint    ] Safepoint "Cleanup", Time since last: 1000741900 ns, Reaching safepoint: 502300 ns, At safepoint: 14600 ns, Total: 516900 ns
[2020-09-05T09:24:30.355+0000][8][safepoint    ] Safepoint "Cleanup", Time since last: 1001099700 ns, Reaching safepoint: 302200 ns, At safepoint: 21400 ns, Total: 323600 ns
[2020-09-05T09:24:31.360+0000][8][safepoint    ] Safepoint "Cleanup", Time since last: 1005210400 ns, Reaching safepoint: 383200 ns, At safepoint: 19800 ns, Total: 403000 ns
[2020-09-05T09:24:32.362+0000][8][safepoint    ] Safepoint "Cleanup", Time since last: 1001442200 ns, Reaching safepoint: 181500 ns, At safepoint: 13800 ns, Total: 195300 ns
[2020-09-05T09:24:33.366+0000][8][safepoint    ] Safepoint "Cleanup", Time since last: 1003278600 ns, Reaching safepoint: 260200 ns, At safepoint: 21400 ns, Total: 281600 ns
[2020-09-05T09:24:34.385+0000][8][safepoint    ] Safepoint "Cleanup", Time since last: 1018848400 ns, Reaching safepoint: 296600 ns, At safepoint: 14200 ns, Total: 310800 ns
[2020-09-05T09:24:35.388+0000][8][safepoint    ] Safepoint "Cleanup", Time since last: 1002883100 ns, Reaching safepoint: 162000 ns, At safepoint: 14300 ns, Total: 176300 ns
[2020-09-05T09:24:36.390+0000][8][safepoint    ] Safepoint "Cleanup", Time since last: 1001688300 ns, Reaching safepoint: 152600 ns, At safepoint: 14600 ns, Total: 167200 ns
[2020-09-05T09:24:37.391+0000][8][safepoint    ] Safepoint "Cleanup", Time since last: 1001498400 ns, Reaching safepoint: 266200 ns, At safepoint: 14100 ns, Total: 280300 ns
[2020-09-05T09:24:38.394+0000][8][safepoint    ] Safepoint "Cleanup", Time since last: 1001579400 ns, Reaching safepoint: 226300 ns, At safepoint: 27000 ns, Total: 253300 ns
[2020-09-05T09:24:39.396+0000][8][safepoint    ] Safepoint "Cleanup", Time since last: 1002285700 ns, Reaching safepoint: 148900 ns, At safepoint: 14200 ns, Total: 163100 ns
[2020-09-05T09:24:40.398+0000][8][safepoint    ] Safepoint "Cleanup", Time since last: 1001898900 ns, Reaching safepoint: 228200 ns, At safepoint: 24000 ns, Total: 252200 ns
[2020-09-05T09:24:41.399+0000][8][safepoint    ] Safepoint "Cleanup", Time since last: 1001436500 ns, Reaching safepoint: 159700 ns, At safepoint: 12700 ns, Total: 172400 ns
[2020-09-05T09:24:42.404+0000][8][safepoint    ] Safepoint "Cleanup", Time since last: 1004079000 ns, Reaching safepoint: 278800 ns, At safepoint: 11000 ns, Total: 289800 ns
[2020-09-05T09:24:43.406+0000][8][safepoint    ] Safepoint "Cleanup", Time since last: 1002096500 ns, Reaching safepoint: 182300 ns, At safepoint: 17200 ns, Total: 199500 ns
[2020-09-05T09:24:44.410+0000][8][safepoint    ] Safepoint "Cleanup", Time since last: 1003142300 ns, Reaching safepoint: 314500 ns, At safepoint: 15100 ns, Total: 329600 ns
[2020-09-05T09:24:45.411+0000][8][safepoint    ] Safepoint "Cleanup", Time since last: 1001526000 ns, Reaching safepoint: 296300 ns, At safepoint: 14700 ns, Total: 311000 ns
[2020-09-05T09:24:46.414+0000][8][safepoint    ] Safepoint "Cleanup", Time since last: 1002322300 ns, Reaching safepoint: 192800 ns, At safepoint: 14500 ns, Total: 207300 ns
[2020-09-05T09:24:47.415+0000][8][safepoint    ] Safepoint "Cleanup", Time since last: 1001111800 ns, Reaching safepoint: 286000 ns, At safepoint: 14300 ns, Total: 300300 ns
[2020-09-05T09:24:48.416+0000][8][safepoint    ] Safepoint "Cleanup", Time since last: 1000712400 ns, Reaching safepoint: 256600 ns, At safepoint: 13000 ns, Total: 269600 ns
[2020-09-05T09:24:49.420+0000][8][safepoint    ] Safepoint "Cleanup", Time since last: 1002975200 ns, Reaching safepoint: 271400 ns, At safepoint: 16600 ns, Total: 288000 ns
[2020-09-05T09:24:50.428+0000][8][safepoint    ] Safepoint "Cleanup", Time since last: 1008077100 ns, Reaching safepoint: 384900 ns, At safepoint: 18000 ns, Total: 402900 ns
[2020-09-05T09:24:51.430+0000][8][safepoint    ] Safepoint "Cleanup", Time since last: 1002191000 ns, Reaching safepoint: 154600 ns, At safepoint: 14400 ns, Total: 169000 ns
[2020-09-05T09:24:52.432+0000][8][safepoint    ] Safepoint "Cleanup", Time since last: 1001245300 ns, Reaching safepoint: 150400 ns, At safepoint: 14400 ns, Total: 164800 ns
[2020-09-05T09:24:53.433+0000][8][safepoint    ] Safepoint "Cleanup", Time since last: 1000967200 ns, Reaching safepoint: 234700 ns, At safepoint: 15400 ns, Total: 250100 ns
[2020-09-05T09:24:54.435+0000][8][safepoint    ] Safepoint "Cleanup", Time since last: 1001702500 ns, Reaching safepoint: 150000 ns, At safepoint: 14300 ns, Total: 164300 ns
[2020-09-05T09:24:55.437+0000][8][safepoint    ] Safepoint "Cleanup", Time since last: 1002170200 ns, Reaching safepoint: 263100 ns, At safepoint: 14300 ns, Total: 277400 ns
[2020-09-05T09:24:56.439+0000][8][safepoint    ] Safepoint "Cleanup", Time since last: 1001219500 ns, Reaching safepoint: 223600 ns, At safepoint: 23800 ns, Total: 247400 ns
[2020-09-05T09:24:57.448+0000][8][safepoint    ] Safepoint "Cleanup", Time since last: 1005050000 ns, Reaching safepoint: 3879600 ns, At safepoint: 217200 ns, Total: 4096800 ns
[2020-09-05T09:24:58.461+0000][8][safepoint    ] Safepoint "Cleanup", Time since last: 1012273600 ns, Reaching safepoint: 216700 ns, At safepoint: 14000 ns, Total: 230700 ns
[2020-09-05T09:24:59.440+0000][8][safepoint    ] Safepoint "Cleanup", Time since last: 1011350200 ns, Reaching safepoint: 293500 ns, At safepoint: 45000 ns, Total: 338500 ns
[2020-09-05T09:25:00.445+0000][8][safepoint    ] Safepoint "Cleanup", Time since last: 1004370000 ns, Reaching safepoint: 136800 ns, At safepoint: 13400 ns, Total: 150200 ns
[2020-09-05T09:25:01.447+0000][8][safepoint    ] Safepoint "Cleanup", Time since last: 1002034600 ns, Reaching safepoint: 191700 ns, At safepoint: 51600 ns, Total: 243300 ns
[2020-09-05T09:25:02.449+0000][8][safepoint    ] Safepoint "Cleanup", Time since last: 1001953500 ns, Reaching safepoint: 150200 ns, At safepoint: 14400 ns, Total: 164600 ns
[2020-09-05T09:25:03.451+0000][8][safepoint    ] Safepoint "Cleanup", Time since last: 1001315500 ns, Reaching safepoint: 152100 ns, At safepoint: 14300 ns, Total: 166400 ns
[2020-09-05T09:25:04.452+0000][8][safepoint    ] Safepoint "Cleanup", Time since last: 1001081700 ns, Reaching safepoint: 145400 ns, At safepoint: 13400 ns, Total: 158800 ns
[2020-09-05T09:25:05.454+0000][8][safepoint    ] Safepoint "Cleanup", Time since last: 1001973100 ns, Reaching safepoint: 252400 ns, At safepoint: 17600 ns, Total: 270000 ns
[2020-09-05T09:25:06.457+0000][8][safepoint    ] Safepoint "Cleanup", Time since last: 1002285700 ns, Reaching safepoint: 193300 ns, At safepoint: 14000 ns, Total: 207300 ns
[2020-09-05T09:25:07.458+0000][8][safepoint    ] Safepoint "Cleanup", Time since last: 1001237900 ns, Reaching safepoint: 179600 ns, At safepoint: 14300 ns, Total: 193900 ns
[2020-09-05T09:25:08.460+0000][8][safepoint    ] Safepoint "Cleanup", Time since last: 1001131100 ns, Reaching safepoint: 305100 ns, At safepoint: 21000 ns, Total: 326100 ns
[2020-09-05T09:25:09.465+0000][8][safepoint    ] Safepoint "Cleanup", Time since last: 1004686800 ns, Reaching safepoint: 865200 ns, At safepoint: 31000 ns, Total: 896200 ns
[2020-09-05T09:25:10.469+0000][8][safepoint    ] Safepoint "Cleanup", Time since last: 1003072700 ns, Reaching safepoint: 445900 ns, At safepoint: 28200 ns, Total: 474100 ns
[2020-09-05T09:25:11.471+0000][8][safepoint    ] Safepoint "Cleanup", Time since last: 1001182100 ns, Reaching safepoint: 595200 ns, At safepoint: 20900 ns, Total: 616100 ns
[2020-09-05T09:25:12.473+0000][8][safepoint    ] Safepoint "Cleanup", Time since last: 1002178500 ns, Reaching safepoint: 461000 ns, At safepoint: 69000 ns, Total: 530000 ns
[2020-09-05T09:25:13.482+0000][8][safepoint    ] Safepoint "Cleanup", Time since last: 1005715300 ns, Reaching safepoint: 2659900 ns, At safepoint: 94000 ns, Total: 2753900 ns
[2020-09-05T09:25:14.485+0000][8][safepoint    ] Safepoint "Cleanup", Time since last: 1002834200 ns, Reaching safepoint: 169900 ns, At safepoint: 13300 ns, Total: 183200 ns
[2020-09-05T09:25:15.486+0000][8][safepoint    ] Safepoint "Cleanup", Time since last: 1000796800 ns, Reaching safepoint: 267700 ns, At safepoint: 22100 ns, Total: 289800 ns
[2020-09-05T09:25:16.489+0000][8][safepoint    ] Safepoint "Cleanup", Time since last: 1003240600 ns, Reaching safepoint: 151900 ns, At safepoint: 13700 ns, Total: 165600 ns
[2020-09-05T09:25:17.490+0000][8][safepoint    ] Safepoint "Cleanup", Time since last: 1000681400 ns, Reaching safepoint: 208000 ns, At safepoint: 19100 ns, Total: 227100 ns
[2020-09-05T09:25:18.493+0000][8][safepoint    ] Safepoint "Cleanup", Time since last: 1002846900 ns, Reaching safepoint: 261500 ns, At safepoint: 18700 ns, Total: 280200 ns
[2020-09-05T09:25:19.496+0000][8][safepoint    ] Safepoint "Cleanup", Time since last: 1001945500 ns, Reaching safepoint: 652300 ns, At safepoint: 25400 ns, Total: 677700 ns
[2020-09-05T09:25:20.500+0000][8][safepoint    ] Safepoint "Cleanup", Time since last: 1002263900 ns, Reaching safepoint: 1389000 ns, At safepoint: 257900 ns, Total: 1646900 ns
[2020-09-05T09:25:21.504+0000][8][safepoint    ] Safepoint "Cleanup", Time since last: 1003376500 ns, Reaching safepoint: 627500 ns, At safepoint: 22600 ns, Total: 650100 ns
[2020-09-05T09:25:22.511+0000][8][safepoint    ] Safepoint "Cleanup", Time since last: 1003232300 ns, Reaching safepoint: 3800600 ns, At safepoint: 29100 ns, Total: 3829700 ns
[2020-09-05T09:25:23.512+0000][8][safepoint    ] Safepoint "Cleanup", Time since last: 1001253100 ns, Reaching safepoint: 143800 ns, At safepoint: 13700 ns, Total: 157500 ns
[2020-09-05T09:25:24.514+0000][8][safepoint    ] Safepoint "Cleanup", Time since last: 1001389100 ns, Reaching safepoint: 418100 ns, At safepoint: 30100 ns, Total: 448200 ns
[2020-09-05T09:25:25.516+0000][8][safepoint    ] Safepoint "Cleanup", Time since last: 1001403900 ns, Reaching safepoint: 257400 ns, At safepoint: 15600 ns, Total: 273000 ns
[2020-09-05T09:25:27.315+0000][8][safepoint    ] Safepoint "Cleanup", Time since last: 1798760400 ns, Reaching safepoint: 289500 ns, At safepoint: 20500 ns, Total: 310000 ns
[2020-09-05T09:25:28.137+0000][8][safepoint    ] Safepoint "BulkRevokeBias", Time since last: 818438100 ns, Reaching safepoint: 791300 ns, At safepoint: 3263800 ns, Total: 4055100 ns
[2020-09-05T09:25:28.149+0000][8][safepoint    ] Safepoint "BulkRevokeBias", Time since last: 7805100 ns, Reaching safepoint: 661400 ns, At safepoint: 2872600 ns, Total: 3534000 ns
[2020-09-05T09:25:30.072+0000][8][safepoint    ] Safepoint "Cleanup", Time since last: 1952581000 ns, Reaching safepoint: 4532900 ns, At safepoint: 22500 ns, Total: 4555400 ns
[2020-09-05T09:25:31.080+0000][8][safepoint    ] Safepoint "Cleanup", Time since last: 1006057300 ns, Reaching safepoint: 2065300 ns, At safepoint: 79100 ns, Total: 2144400 ns
[2020-09-05T09:25:32.090+0000][8][safepoint    ] Safepoint "Cleanup", Time since last: 1008514300 ns, Reaching safepoint: 1648800 ns, At safepoint: 32500 ns, Total: 1681300 ns
[2020-09-05T09:25:34.024+0000][8][safepoint    ] Safepoint "Cleanup", Time since last: 1932861800 ns, Reaching safepoint: 901400 ns, At safepoint: 35800 ns, Total: 937200 ns
[2020-09-05T09:25:35.226+0000][8][safepoint    ] Safepoint "Cleanup", Time since last: 1200292500 ns, Reaching safepoint: 661600 ns, At safepoint: 1058100 ns, Total: 1719700 ns
[2020-09-05T09:25:36.229+0000][8][safepoint    ] Safepoint "Cleanup", Time since last: 1002167100 ns, Reaching safepoint: 436400 ns, At safepoint: 22400 ns, Total: 458800 ns
[2020-09-05T09:25:37.532+0000][8][safepoint    ] Safepoint "Cleanup", Time since last: 1302255800 ns, Reaching safepoint: 491400 ns, At safepoint: 34000 ns, Total: 525400 ns
[2020-09-05T09:25:38.342+0000][8][safepoint    ] Safepoint "BulkRevokeBias", Time since last: 809774600 ns, Reaching safepoint: 150000 ns, At safepoint: 362100 ns, Total: 512100 ns
[2020-09-05T09:25:39.371+0000][8][safepoint    ] Safepoint "Cleanup", Time since last: 1028942900 ns, Reaching safepoint: 193800 ns, At safepoint: 20000 ns, Total: 213800 ns
[2020-09-05T09:25:40.374+0000][8][safepoint    ] Safepoint "Cleanup", Time since last: 1002135900 ns, Reaching safepoint: 430900 ns, At safepoint: 20000 ns, Total: 450900 ns
[2020-09-05T09:25:41.398+0000][8][safepoint    ] Safepoint "Cleanup", Time since last: 1023844400 ns, Reaching safepoint: 269700 ns, At safepoint: 20000 ns, Total: 289700 ns
[2020-09-05T09:25:42.414+0000][8][safepoint    ] Safepoint "Cleanup", Time since last: 1015181000 ns, Reaching safepoint: 1024400 ns, At safepoint: 19200 ns, Total: 1043600 ns
[2020-09-05T09:25:43.417+0000][8][safepoint    ] Safepoint "Cleanup", Time since last: 1002633700 ns, Reaching safepoint: 181500 ns, At safepoint: 9400 ns, Total: 190900 ns
[2020-09-05T09:25:44.418+0000][8][safepoint    ] Safepoint "Cleanup", Time since last: 1000805000 ns, Reaching safepoint: 314400 ns, At safepoint: 22100 ns, Total: 336500 ns
[2020-09-05T09:25:45.434+0000][8][safepoint    ] Safepoint "Cleanup", Time since last: 1004751100 ns, Reaching safepoint: 9347900 ns, At safepoint: 314800 ns, Total: 9662700 ns
[2020-09-05T09:25:46.440+0000][8][safepoint    ] Safepoint "Cleanup", Time since last: 1007429200 ns, Reaching safepoint: 322100 ns, At safepoint: 21400 ns, Total: 343500 ns
[2020-09-05T09:25:47.442+0000][8][safepoint    ] Safepoint "Cleanup", Time since last: 1001077000 ns, Reaching safepoint: 514900 ns, At safepoint: 48200 ns, Total: 563100 ns
[2020-09-05T09:25:48.492+0000][8][safepoint    ] Safepoint "Cleanup", Time since last: 1002191600 ns, Reaching safepoint: 39974400 ns, At safepoint: 8283200 ns, Total: 48257600 ns
[2020-09-05T09:25:49.862+0000][8][safepoint    ] Safepoint "Cleanup", Time since last: 1369946200 ns, Reaching safepoint: 166100 ns, At safepoint: 14500 ns, Total: 180600 ns
[2020-09-05T09:25:50.865+0000][8][safepoint    ] Safepoint "Cleanup", Time since last: 1002317100 ns, Reaching safepoint: 181700 ns, At safepoint: 14200 ns, Total: 195900 ns
[2020-09-05T09:25:51.870+0000][8][safepoint    ] Safepoint "Cleanup", Time since last: 1004844400 ns, Reaching safepoint: 596900 ns, At safepoint: 26500 ns, Total: 623400 ns
[2020-09-05T09:25:53.838+0000][8][safepoint    ] Safepoint "Cleanup", Time since last: 1966980400 ns, Reaching safepoint: 334100 ns, At safepoint: 23400 ns, Total: 357500 ns
[2020-09-05T09:25:54.843+0000][8][safepoint    ] Safepoint "Cleanup", Time since last: 1005069900 ns, Reaching safepoint: 143300 ns, At safepoint: 13600 ns, Total: 156900 ns
[2020-09-05T09:25:55.845+0000][8][safepoint    ] Safepoint "Cleanup", Time since last: 1001311100 ns, Reaching safepoint: 228100 ns, At safepoint: 24200 ns, Total: 252300 ns
[2020-09-05T09:25:56.847+0000][8][safepoint    ] Safepoint "Cleanup", Time since last: 1002353300 ns, Reaching safepoint: 150500 ns, At safepoint: 14100 ns, Total: 164600 ns
[2020-09-05T09:25:57.849+0000][8][safepoint    ] Safepoint "Cleanup", Time since last: 1002090100 ns, Reaching safepoint: 154700 ns, At safepoint: 14400 ns, Total: 169100 ns
[2020-09-05T09:25:58.851+0000][8][safepoint    ] Safepoint "Cleanup", Time since last: 1001964800 ns, Reaching safepoint: 163900 ns, At safepoint: 13800 ns, Total: 177700 ns
[2020-09-05T09:25:59.820+0000][8][safepoint    ] Safepoint "Cleanup", Time since last: 1002426200 ns, Reaching safepoint: 216500 ns, At safepoint: 23700 ns, Total: 240200 ns
[2020-09-05T09:26:00.822+0000][8][safepoint    ] Safepoint "Cleanup", Time since last: 1001276900 ns, Reaching safepoint: 309800 ns, At safepoint: 20200 ns, Total: 330000 ns
[2020-09-05T09:26:01.823+0000][8][safepoint    ] Safepoint "Cleanup", Time since last: 1001048100 ns, Reaching safepoint: 162500 ns, At safepoint: 14100 ns, Total: 176600 ns
[2020-09-05T09:26:02.824+0000][8][safepoint    ] Safepoint "Cleanup", Time since last: 1000947100 ns, Reaching safepoint: 167900 ns, At safepoint: 14600 ns, Total: 182500 ns
[2020-09-05T09:26:03.827+0000][8][safepoint    ] Safepoint "Cleanup", Time since last: 1001810500 ns, Reaching safepoint: 488500 ns, At safepoint: 10100 ns, Total: 498600 ns
[2020-09-05T09:26:04.831+0000][8][safepoint    ] Safepoint "Cleanup", Time since last: 1001782800 ns, Reaching safepoint: 2197500 ns, At safepoint: 79000 ns, Total: 2276500 ns
[2020-09-05T09:26:05.841+0000][8][safepoint    ] Safepoint "Cleanup", Time since last: 1010346500 ns, Reaching safepoint: 224500 ns, At safepoint: 24100 ns, Total: 248600 ns
[2020-09-05T09:26:06.843+0000][8][safepoint    ] Safepoint "Cleanup", Time since last: 1001692400 ns, Reaching safepoint: 301600 ns, At safepoint: 24100 ns, Total: 325700 ns
[2020-09-05T09:26:07.845+0000][8][safepoint    ] Safepoint "Cleanup", Time since last: 1001641400 ns, Reaching safepoint: 203100 ns, At safepoint: 16100 ns, Total: 219200 ns
[2020-09-05T09:26:08.847+0000][8][safepoint    ] Safepoint "Cleanup", Time since last: 1001688500 ns, Reaching safepoint: 149700 ns, At safepoint: 194000 ns, Total: 343700 ns
[2020-09-05T09:26:09.848+0000][8][safepoint    ] Safepoint "Cleanup", Time since last: 1000961700 ns, Reaching safepoint: 144000 ns, At safepoint: 13400 ns, Total: 157400 ns
[2020-09-05T09:26:10.852+0000][8][safepoint    ] Safepoint "Cleanup", Time since last: 1003073600 ns, Reaching safepoint: 563300 ns, At safepoint: 37800 ns, Total: 601100 ns
[2020-09-05T09:26:11.857+0000][8][safepoint    ] Safepoint "Cleanup", Time since last: 1004440800 ns, Reaching safepoint: 231500 ns, At safepoint: 18100 ns, Total: 249600 ns
[2020-09-05T09:26:12.367+0000][8][safepoint    ] Safepoint "BulkRevokeBias", Time since last: 508396600 ns, Reaching safepoint: 274500 ns, At safepoint: 2080400 ns, Total: 2354900 ns
[2020-09-05T09:26:13.762+0000][8][safepoint    ] Safepoint "Cleanup", Time since last: 1394673400 ns, Reaching safepoint: 171500 ns, At safepoint: 13600 ns, Total: 185100 ns
[2020-09-05T09:26:14.765+0000][8][safepoint    ] Safepoint "Cleanup", Time since last: 1002690700 ns, Reaching safepoint: 270000 ns, At safepoint: 14500 ns, Total: 284500 ns
[2020-09-05T09:26:16.568+0000][8][safepoint    ] Safepoint "Cleanup", Time since last: 1802336300 ns, Reaching safepoint: 170900 ns, At safepoint: 14900 ns, Total: 185800 ns
[2020-09-05T09:26:17.569+0000][8][safepoint    ] Safepoint "Cleanup", Time since last: 1001570900 ns, Reaching safepoint: 155700 ns, At safepoint: 14200 ns, Total: 169900 ns
[2020-09-05T09:26:18.571+0000][8][safepoint    ] Safepoint "Cleanup", Time since last: 1001553600 ns, Reaching safepoint: 153200 ns, At safepoint: 13300 ns, Total: 166500 ns
[2020-09-05T09:26:19.574+0000][8][safepoint    ] Safepoint "Cleanup", Time since last: 1001246200 ns, Reaching safepoint: 1057400 ns, At safepoint: 24200 ns, Total: 1081600 ns
[2020-09-05T09:26:20.576+0000][8][safepoint    ] Safepoint "Cleanup", Time since last: 1001834200 ns, Reaching safepoint: 295500 ns, At safepoint: 20100 ns, Total: 315600 ns
[2020-09-05T09:26:21.580+0000][8][safepoint    ] Safepoint "Cleanup", Time since last: 1003647100 ns, Reaching safepoint: 194700 ns, At safepoint: 18600 ns, Total: 213300 ns
[2020-09-05T09:26:22.581+0000][8][safepoint    ] Safepoint "Cleanup", Time since last: 1001698200 ns, Reaching safepoint: 223800 ns, At safepoint: 19800 ns, Total: 243600 ns
[2020-09-05T09:26:24.403+0000][8][safepoint    ] Safepoint "Cleanup", Time since last: 1820985500 ns, Reaching safepoint: 158900 ns, At safepoint: 13500 ns, Total: 172400 ns
[2020-09-05T09:26:25.405+0000][8][safepoint    ] Safepoint "Cleanup", Time since last: 1002252000 ns, Reaching safepoint: 164400 ns, At safepoint: 14200 ns, Total: 178600 ns
[2020-09-05T09:26:26.406+0000][8][safepoint    ] Safepoint "Cleanup", Time since last: 1001185300 ns, Reaching safepoint: 200300 ns, At safepoint: 12400 ns, Total: 212700 ns
[2020-09-05T09:26:27.409+0000][8][safepoint    ] Safepoint "Cleanup", Time since last: 1002324700 ns, Reaching safepoint: 473400 ns, At safepoint: 18400 ns, Total: 491800 ns
[2020-09-05T09:26:28.418+0000][8][safepoint    ] Safepoint "Cleanup", Time since last: 1007438000 ns, Reaching safepoint: 1531900 ns, At safepoint: 66800 ns, Total: 1598700 ns
[2020-09-05T09:26:29.390+0000][8][safepoint    ] Safepoint "Cleanup", Time since last: 1005469900 ns, Reaching safepoint: 157700 ns, At safepoint: 14500 ns, Total: 172200 ns
[2020-09-05T09:26:30.397+0000][8][safepoint    ] Safepoint "Cleanup", Time since last: 1005947800 ns, Reaching safepoint: 299800 ns, At safepoint: 22700 ns, Total: 322500 ns
[2020-09-05T09:26:31.402+0000][8][safepoint    ] Safepoint "Cleanup", Time since last: 1005192500 ns, Reaching safepoint: 151000 ns, At safepoint: 14600 ns, Total: 165600 ns
[2020-09-05T09:26:32.412+0000][8][safepoint    ] Safepoint "Cleanup", Time since last: 1005245900 ns, Reaching safepoint: 4143100 ns, At safepoint: 72900 ns, Total: 4216000 ns
[2020-09-05T09:26:33.415+0000][8][safepoint    ] Safepoint "Cleanup", Time since last: 1003276300 ns, Reaching safepoint: 682100 ns, At safepoint: 18800 ns, Total: 700900 ns
[2020-09-05T09:26:34.417+0000][8][safepoint    ] Safepoint "Cleanup", Time since last: 1000891900 ns, Reaching safepoint: 479000 ns, At safepoint: 41300 ns, Total: 520300 ns
[2020-09-05T09:26:35.420+0000][8][safepoint    ] Safepoint "Cleanup", Time since last: 1002382200 ns, Reaching safepoint: 361400 ns, At safepoint: 23800 ns, Total: 385200 ns
[2020-09-05T09:26:37.242+0000][8][safepoint    ] Safepoint "Cleanup", Time since last: 1821967800 ns, Reaching safepoint: 251900 ns, At safepoint: 20400 ns, Total: 272300 ns
[2020-09-05T09:26:38.245+0000][8][safepoint    ] Safepoint "Cleanup", Time since last: 1001755900 ns, Reaching safepoint: 929700 ns, At safepoint: 22400 ns, Total: 952100 ns
[2020-09-05T09:26:39.248+0000][8][safepoint    ] Safepoint "Cleanup", Time since last: 1002344800 ns, Reaching safepoint: 651500 ns, At safepoint: 23800 ns, Total: 675300 ns
[2020-09-05T09:26:39.991+0000][8][safepoint    ] Safepoint "BulkRevokeBias", Time since last: 738532900 ns, Reaching safepoint: 404000 ns, At safepoint: 3827500 ns, Total: 4231500 ns
[2020-09-05T09:26:41.086+0000][8][safepoint    ] Safepoint "Cleanup", Time since last: 1094783700 ns, Reaching safepoint: 847900 ns, At safepoint: 18600 ns, Total: 866500 ns
[2020-09-05T09:26:41.334+0000][8][safepoint    ] Safepoint "BulkRevokeBias", Time since last: 247062100 ns, Reaching safepoint: 289500 ns, At safepoint: 323900 ns, Total: 613400 ns
[2020-09-05T09:26:42.227+0000][8][gc,start     ] GC(33) Pause Young (Normal) (G1 Evacuation Pause)
[2020-09-05T09:26:42.228+0000][8][gc,task      ] GC(33) Using 2 workers of 2 for evacuation
[2020-09-05T09:26:42.228+0000][8][gc,age       ] GC(33) Desired survivor size 19398656 bytes, new threshold 15 (max threshold 15)
[2020-09-05T09:26:42.318+0000][8][gc,age       ] GC(33) Age table with threshold 15 (max threshold 15)
[2020-09-05T09:26:42.319+0000][8][gc,age       ] GC(33) - age   1:    4468072 bytes,    4468072 total
[2020-09-05T09:26:42.319+0000][8][gc,age       ] GC(33) - age   2:     739048 bytes,    5207120 total
[2020-09-05T09:26:42.321+0000][8][gc,age       ] GC(33) - age   3:      24136 bytes,    5231256 total
[2020-09-05T09:26:42.321+0000][8][gc,age       ] GC(33) - age   4:     197792 bytes,    5429048 total
[2020-09-05T09:26:42.322+0000][8][gc,age       ] GC(33) - age   5:     120944 bytes,    5549992 total
[2020-09-05T09:26:42.323+0000][8][gc,age       ] GC(33) - age   6:       5560 bytes,    5555552 total
[2020-09-05T09:26:42.324+0000][8][gc,age       ] GC(33) - age   7:       9312 bytes,    5564864 total
[2020-09-05T09:26:42.325+0000][8][gc,age       ] GC(33) - age   8:      16000 bytes,    5580864 total
[2020-09-05T09:26:42.326+0000][8][gc,age       ] GC(33) - age   9:      14856 bytes,    5595720 total
[2020-09-05T09:26:42.326+0000][8][gc,age       ] GC(33) - age  10:      19408 bytes,    5615128 total
[2020-09-05T09:26:42.327+0000][8][gc,age       ] GC(33) - age  11:     632424 bytes,    6247552 total
[2020-09-05T09:26:42.327+0000][8][gc,age       ] GC(33) - age  12:     542248 bytes,    6789800 total
[2020-09-05T09:26:42.328+0000][8][gc,age       ] GC(33) - age  13:      83464 bytes,    6873264 total
[2020-09-05T09:26:42.329+0000][8][gc,age       ] GC(33) - age  14:      67760 bytes,    6941024 total
[2020-09-05T09:26:42.330+0000][8][gc,age       ] GC(33) - age  15:    4068432 bytes,   11009456 total
[2020-09-05T09:26:42.331+0000][8][gc,phases    ] GC(33)   Pre Evacuate Collection Set: 1.1ms
[2020-09-05T09:26:42.331+0000][8][gc,phases    ] GC(33)   Merge Heap Roots: 0.8ms
[2020-09-05T09:26:42.332+0000][8][gc,phases    ] GC(33)   Evacuate Collection Set: 79.9ms
[2020-09-05T09:26:42.332+0000][8][gc,phases    ] GC(33)   Post Evacuate Collection Set: 6.6ms
[2020-09-05T09:26:42.333+0000][8][gc,phases    ] GC(33)   Other: 15.7ms
[2020-09-05T09:26:42.334+0000][8][gc,heap      ] GC(33) Eden regions: 282->0(279)
[2020-09-05T09:26:42.334+0000][8][gc,heap      ] GC(33) Survivor regions: 10->12(37)
[2020-09-05T09:26:42.335+0000][8][gc,heap      ] GC(33) Old regions: 70->70
[2020-09-05T09:26:42.336+0000][8][gc,heap      ] GC(33) Archive regions: 2->2
[2020-09-05T09:26:42.337+0000][8][gc,heap      ] GC(33) Humongous regions: 7->7
[2020-09-05T09:26:42.337+0000][8][gc,metaspace ] GC(33) Metaspace: 103557K(111992K)->103557K(111992K) NonClass: 90031K(95096K)->90031K(95096K) Class: 13526K(16896K)->13526K(16896K)
[2020-09-05T09:26:42.338+0000][8][gc           ] GC(33) Pause Young (Normal) (G1 Evacuation Pause) 368M->88M(512M) 111.492ms
[2020-09-05T09:26:42.339+0000][8][gc,cpu       ] GC(33) User=0.10s Sys=0.02s Real=0.11s
[2020-09-05T09:26:42.340+0000][8][safepoint    ] Safepoint "G1CollectForAllocation", Time since last: 892009900 ns, Reaching safepoint: 604300 ns, At safepoint: 113229800 ns, Total: 113834100 ns
[2020-09-05T09:26:43.583+0000][8][safepoint    ] Safepoint "Cleanup", Time since last: 1242858400 ns, Reaching safepoint: 445800 ns, At safepoint: 20300 ns, Total: 466100 ns
[2020-09-05T09:26:44.585+0000][8][safepoint    ] Safepoint "Cleanup", Time since last: 1002011600 ns, Reaching safepoint: 179500 ns, At safepoint: 12600 ns, Total: 192100 ns
[2020-09-05T09:26:45.587+0000][8][safepoint    ] Safepoint "Cleanup", Time since last: 1001231100 ns, Reaching safepoint: 173300 ns, At safepoint: 12400 ns, Total: 185700 ns
[2020-09-05T09:26:46.588+0000][8][safepoint    ] Safepoint "Cleanup", Time since last: 1001432400 ns, Reaching safepoint: 438700 ns, At safepoint: 19300 ns, Total: 458000 ns
[2020-09-05T09:26:47.590+0000][8][safepoint    ] Safepoint "Cleanup", Time since last: 1001058500 ns, Reaching safepoint: 260100 ns, At safepoint: 21900 ns, Total: 282000 ns
[2020-09-05T09:26:48.593+0000][8][safepoint    ] Safepoint "Cleanup", Time since last: 1002337500 ns, Reaching safepoint: 460500 ns, At safepoint: 51400 ns, Total: 511900 ns
[2020-09-05T09:26:49.855+0000][8][safepoint    ] Safepoint "Cleanup", Time since last: 1262028600 ns, Reaching safepoint: 194200 ns, At safepoint: 14500 ns, Total: 208700 ns
[2020-09-05T09:26:50.859+0000][8][safepoint    ] Safepoint "Cleanup", Time since last: 1003278500 ns, Reaching safepoint: 831200 ns, At safepoint: 30400 ns, Total: 861600 ns
[2020-09-05T09:26:51.894+0000][8][safepoint    ] Safepoint "Cleanup", Time since last: 1034814100 ns, Reaching safepoint: 276300 ns, At safepoint: 15600 ns, Total: 291900 ns
[2020-09-05T09:26:52.905+0000][8][safepoint    ] Safepoint "Cleanup", Time since last: 1010471800 ns, Reaching safepoint: 165600 ns, At safepoint: 13600 ns, Total: 179200 ns
[2020-09-05T09:26:53.910+0000][8][safepoint    ] Safepoint "Cleanup", Time since last: 1005119400 ns, Reaching safepoint: 148200 ns, At safepoint: 13100 ns, Total: 161300 ns
[2020-09-05T09:26:54.917+0000][8][safepoint    ] Safepoint "Cleanup", Time since last: 1001300400 ns, Reaching safepoint: 5483500 ns, At safepoint: 347000 ns, Total: 5830500 ns
[2020-09-05T09:26:55.937+0000][8][safepoint    ] Safepoint "Cleanup", Time since last: 1019672200 ns, Reaching safepoint: 235500 ns, At safepoint: 20000 ns, Total: 255500 ns
[2020-09-05T09:26:57.011+0000][8][safepoint    ] Safepoint "Cleanup", Time since last: 1073295700 ns, Reaching safepoint: 142700 ns, At safepoint: 13200 ns, Total: 155900 ns
[2020-09-05T09:26:58.013+0000][8][safepoint    ] Safepoint "Cleanup", Time since last: 1001608500 ns, Reaching safepoint: 524100 ns, At safepoint: 25900 ns, Total: 550000 ns
[2020-09-05T09:26:59.014+0000][8][safepoint    ] Safepoint "Cleanup", Time since last: 1001378700 ns, Reaching safepoint: 368100 ns, At safepoint: 15800 ns, Total: 383900 ns
[2020-09-05T09:26:59.984+0000][8][safepoint    ] Safepoint "Cleanup", Time since last: 1002656000 ns, Reaching safepoint: 301500 ns, At safepoint: 13700 ns, Total: 315200 ns
[2020-09-05T09:27:00.990+0000][8][safepoint    ] Safepoint "Cleanup", Time since last: 1004349900 ns, Reaching safepoint: 1600500 ns, At safepoint: 51900 ns, Total: 1652400 ns
[2020-09-05T09:27:01.991+0000][8][safepoint    ] Safepoint "Cleanup", Time since last: 1001006700 ns, Reaching safepoint: 143100 ns, At safepoint: 13500 ns, Total: 156600 ns
[2020-09-05T09:27:02.992+0000][8][safepoint    ] Safepoint "Cleanup", Time since last: 1000986000 ns, Reaching safepoint: 251200 ns, At safepoint: 15900 ns, Total: 267100 ns
[2020-09-05T09:27:03.994+0000][8][safepoint    ] Safepoint "Cleanup", Time since last: 1001276900 ns, Reaching safepoint: 497700 ns, At safepoint: 37500 ns, Total: 535200 ns
[2020-09-05T09:27:04.997+0000][8][safepoint    ] Safepoint "Cleanup", Time since last: 1001922500 ns, Reaching safepoint: 1152500 ns, At safepoint: 36800 ns, Total: 1189300 ns
[2020-09-05T09:27:06.000+0000][8][safepoint    ] Safepoint "Cleanup", Time since last: 1002276300 ns, Reaching safepoint: 374000 ns, At safepoint: 18500 ns, Total: 392500 ns
[2020-09-05T09:27:07.130+0000][8][safepoint    ] Safepoint "Cleanup", Time since last: 1129133000 ns, Reaching safepoint: 838600 ns, At safepoint: 36000 ns, Total: 874600 ns
[2020-09-05T09:27:08.079+0000][8][safepoint    ] Safepoint "BulkRevokeBias", Time since last: 949038900 ns, Reaching safepoint: 402900 ns, At safepoint: 348700 ns, Total: 751600 ns
[2020-09-05T09:27:09.136+0000][8][safepoint    ] Safepoint "Cleanup", Time since last: 1056329700 ns, Reaching safepoint: 152700 ns, At safepoint: 12400 ns, Total: 165100 ns
[2020-09-05T09:27:10.516+0000][8][safepoint    ] Safepoint "Cleanup", Time since last: 1380013000 ns, Reaching safepoint: 206900 ns, At safepoint: 16100 ns, Total: 223000 ns
[2020-09-05T09:27:11.518+0000][8][safepoint    ] Safepoint "Cleanup", Time since last: 1001886000 ns, Reaching safepoint: 167800 ns, At safepoint: 13700 ns, Total: 181500 ns
[2020-09-05T09:27:12.520+0000][8][safepoint    ] Safepoint "Cleanup", Time since last: 1000782900 ns, Reaching safepoint: 688800 ns, At safepoint: 20900 ns, Total: 709700 ns
[2020-09-05T09:27:14.289+0000][8][safepoint    ] Safepoint "Cleanup", Time since last: 1768869000 ns, Reaching safepoint: 146300 ns, At safepoint: 14300 ns, Total: 160600 ns
[2020-09-05T09:27:15.290+0000][8][safepoint    ] Safepoint "Cleanup", Time since last: 1001083500 ns, Reaching safepoint: 322700 ns, At safepoint: 23400 ns, Total: 346100 ns
[2020-09-05T09:27:16.293+0000][8][safepoint    ] Safepoint "Cleanup", Time since last: 1002351700 ns, Reaching safepoint: 441000 ns, At safepoint: 17100 ns, Total: 458100 ns
[2020-09-05T09:27:17.294+0000][8][safepoint    ] Safepoint "Cleanup", Time since last: 1000964200 ns, Reaching safepoint: 185500 ns, At safepoint: 14500 ns, Total: 200000 ns
[2020-09-05T09:27:18.296+0000][8][safepoint    ] Safepoint "Cleanup", Time since last: 1001142400 ns, Reaching safepoint: 276700 ns, At safepoint: 14400 ns, Total: 291100 ns
[2020-09-05T09:27:19.297+0000][8][safepoint    ] Safepoint "Cleanup", Time since last: 1000697200 ns, Reaching safepoint: 293400 ns, At safepoint: 14900 ns, Total: 308300 ns
[2020-09-05T09:27:20.299+0000][8][safepoint    ] Safepoint "Cleanup", Time since last: 1001215400 ns, Reaching safepoint: 1223600 ns, At safepoint: 31600 ns, Total: 1255200 ns
[2020-09-05T09:27:21.303+0000][8][safepoint    ] Safepoint "Cleanup", Time since last: 1003412100 ns, Reaching safepoint: 150800 ns, At safepoint: 14500 ns, Total: 165300 ns
[2020-09-05T09:27:22.304+0000][8][safepoint    ] Safepoint "Cleanup", Time since last: 1001146300 ns, Reaching safepoint: 253800 ns, At safepoint: 13600 ns, Total: 267400 ns
[2020-09-05T09:27:23.306+0000][8][safepoint    ] Safepoint "Cleanup", Time since last: 1001479700 ns, Reaching safepoint: 164500 ns, At safepoint: 14700 ns, Total: 179200 ns
[2020-09-05T09:27:24.307+0000][8][safepoint    ] Safepoint "Cleanup", Time since last: 1001442100 ns, Reaching safepoint: 151500 ns, At safepoint: 14700 ns, Total: 166200 ns
[2020-09-05T09:27:25.309+0000][8][safepoint    ] Safepoint "Cleanup", Time since last: 1001455200 ns, Reaching safepoint: 160800 ns, At safepoint: 12800 ns, Total: 173600 ns
[2020-09-05T09:27:26.311+0000][8][safepoint    ] Safepoint "Cleanup", Time since last: 1001625300 ns, Reaching safepoint: 146000 ns, At safepoint: 13400 ns, Total: 159400 ns
[2020-09-05T09:27:27.312+0000][8][safepoint    ] Safepoint "Cleanup", Time since last: 1001135100 ns, Reaching safepoint: 157800 ns, At safepoint: 12900 ns, Total: 170700 ns
[2020-09-05T09:27:28.315+0000][8][safepoint    ] Safepoint "Cleanup", Time since last: 1002595300 ns, Reaching safepoint: 171300 ns, At safepoint: 14500 ns, Total: 185800 ns
[2020-09-05T09:27:29.409+0000][8][safepoint    ] Safepoint "Cleanup", Time since last: 1127130100 ns, Reaching safepoint: 4088600 ns, At safepoint: 107700 ns, Total: 4196300 ns
[2020-09-05T09:27:30.544+0000][8][safepoint    ] Safepoint "Cleanup", Time since last: 1134775200 ns, Reaching safepoint: 418800 ns, At safepoint: 19200 ns, Total: 438000 ns
[2020-09-05T09:27:31.546+0000][8][safepoint    ] Safepoint "Cleanup", Time since last: 1001311600 ns, Reaching safepoint: 150300 ns, At safepoint: 13600 ns, Total: 163900 ns
[2020-09-05T09:27:32.547+0000][8][safepoint    ] Safepoint "Cleanup", Time since last: 1001092100 ns, Reaching safepoint: 154200 ns, At safepoint: 14300 ns, Total: 168500 ns
[2020-09-05T09:27:33.549+0000][8][safepoint    ] Safepoint "Cleanup", Time since last: 1001703300 ns, Reaching safepoint: 254800 ns, At safepoint: 16000 ns, Total: 270800 ns
[2020-09-05T09:27:34.551+0000][8][safepoint    ] Safepoint "Cleanup", Time since last: 1002019300 ns, Reaching safepoint: 181800 ns, At safepoint: 16400 ns, Total: 198200 ns
[2020-09-05T09:27:35.553+0000][8][safepoint    ] Safepoint "Cleanup", Time since last: 1002300100 ns, Reaching safepoint: 219000 ns, At safepoint: 14400 ns, Total: 233400 ns
[2020-09-05T09:27:36.555+0000][8][safepoint    ] Safepoint "Cleanup", Time since last: 1000899800 ns, Reaching safepoint: 238400 ns, At safepoint: 12800 ns, Total: 251200 ns
[2020-09-05T09:27:37.557+0000][8][safepoint    ] Safepoint "Cleanup", Time since last: 1001602600 ns, Reaching safepoint: 276100 ns, At safepoint: 24800 ns, Total: 300900 ns
[2020-09-05T09:27:38.558+0000][8][safepoint    ] Safepoint "Cleanup", Time since last: 1001662300 ns, Reaching safepoint: 205300 ns, At safepoint: 16400 ns, Total: 221700 ns
[2020-09-05T09:27:39.560+0000][8][safepoint    ] Safepoint "Cleanup", Time since last: 1001333100 ns, Reaching safepoint: 167300 ns, At safepoint: 14400 ns, Total: 181700 ns
[2020-09-05T09:27:40.573+0000][8][safepoint    ] Safepoint "Cleanup", Time since last: 1012899500 ns, Reaching safepoint: 564700 ns, At safepoint: 17500 ns, Total: 582200 ns
[2020-09-05T09:27:41.575+0000][8][safepoint    ] Safepoint "Cleanup", Time since last: 1001121700 ns, Reaching safepoint: 150900 ns, At safepoint: 14300 ns, Total: 165200 ns
[2020-09-05T09:27:42.681+0000][8][safepoint    ] Safepoint "Cleanup", Time since last: 1106448600 ns, Reaching safepoint: 172300 ns, At safepoint: 14600 ns, Total: 186900 ns
[2020-09-05T09:27:42.685+0000][8][safepoint    ] Safepoint "BulkRevokeBias", Time since last: 2298200 ns, Reaching safepoint: 216600 ns, At safepoint: 1392400 ns, Total: 1609000 ns
[2020-09-05T09:27:43.260+0000][8][safepoint    ] Safepoint "BulkRevokeBias", Time since last: 573983500 ns, Reaching safepoint: 169800 ns, At safepoint: 377500 ns, Total: 547300 ns
[2020-09-05T09:27:43.268+0000][8][safepoint    ] Safepoint "BulkRevokeBias", Time since last: 7541500 ns, Reaching safepoint: 242200 ns, At safepoint: 417300 ns, Total: 659500 ns
[2020-09-05T09:27:44.272+0000][8][safepoint    ] Safepoint "Cleanup", Time since last: 1003321700 ns, Reaching safepoint: 288300 ns, At safepoint: 15000 ns, Total: 303300 ns
[2020-09-05T09:27:45.274+0000][8][safepoint    ] Safepoint "Cleanup", Time since last: 1002233600 ns, Reaching safepoint: 159700 ns, At safepoint: 13700 ns, Total: 173400 ns
[2020-09-05T09:27:46.734+0000][8][safepoint    ] Safepoint "Cleanup", Time since last: 1460058700 ns, Reaching safepoint: 169100 ns, At safepoint: 14100 ns, Total: 183200 ns
[2020-09-05T09:27:47.738+0000][8][safepoint    ] Safepoint "Cleanup", Time since last: 1002935600 ns, Reaching safepoint: 678200 ns, At safepoint: 25700 ns, Total: 703900 ns
[2020-09-05T09:27:48.743+0000][8][safepoint    ] Safepoint "Cleanup", Time since last: 1004927000 ns, Reaching safepoint: 157500 ns, At safepoint: 14600 ns, Total: 172100 ns
[2020-09-05T09:27:49.745+0000][8][safepoint    ] Safepoint "Cleanup", Time since last: 1001488900 ns, Reaching safepoint: 462600 ns, At safepoint: 19500 ns, Total: 482100 ns
[2020-09-05T09:27:50.747+0000][8][safepoint    ] Safepoint "Cleanup", Time since last: 1001748600 ns, Reaching safepoint: 150300 ns, At safepoint: 14300 ns, Total: 164600 ns
[2020-09-05T09:27:51.748+0000][8][safepoint    ] Safepoint "Cleanup", Time since last: 1000934900 ns, Reaching safepoint: 229700 ns, At safepoint: 23800 ns, Total: 253500 ns
[2020-09-05T09:27:52.751+0000][8][safepoint    ] Safepoint "Cleanup", Time since last: 1002685500 ns, Reaching safepoint: 181200 ns, At safepoint: 14200 ns, Total: 195400 ns
[2020-09-05T09:27:53.764+0000][8][safepoint    ] Safepoint "Cleanup", Time since last: 1008702600 ns, Reaching safepoint: 4511100 ns, At safepoint: 20400 ns, Total: 4531500 ns
[2020-09-05T09:27:54.785+0000][8][safepoint    ] Safepoint "Cleanup", Time since last: 1018849400 ns, Reaching safepoint: 1428400 ns, At safepoint: 47900 ns, Total: 1476300 ns
[2020-09-05T09:27:55.799+0000][8][safepoint    ] Safepoint "Cleanup", Time since last: 1013257000 ns, Reaching safepoint: 1090800 ns, At safepoint: 20800 ns, Total: 1111600 ns
[2020-09-05T09:27:56.805+0000][8][safepoint    ] Safepoint "Cleanup", Time since last: 1005872600 ns, Reaching safepoint: 216500 ns, At safepoint: 17800 ns, Total: 234300 ns
[2020-09-05T09:27:57.807+0000][8][safepoint    ] Safepoint "Cleanup", Time since last: 1001978500 ns, Reaching safepoint: 148600 ns, At safepoint: 12800 ns, Total: 161400 ns
[2020-09-05T09:27:58.837+0000][8][safepoint    ] Safepoint "Cleanup", Time since last: 1001346800 ns, Reaching safepoint: 28195300 ns, At safepoint: 29000 ns, Total: 28224300 ns
[2020-09-05T09:27:59.798+0000][8][safepoint    ] Safepoint "Cleanup", Time since last: 1003098200 ns, Reaching safepoint: 931500 ns, At safepoint: 95200 ns, Total: 1026700 ns
[2020-09-05T09:28:00.802+0000][8][safepoint    ] Safepoint "Cleanup", Time since last: 1003988400 ns, Reaching safepoint: 197500 ns, At safepoint: 12800 ns, Total: 210300 ns
[2020-09-05T09:28:01.804+0000][8][safepoint    ] Safepoint "Cleanup", Time since last: 1002114000 ns, Reaching safepoint: 173200 ns, At safepoint: 13300 ns, Total: 186500 ns
[2020-09-05T09:28:02.806+0000][8][safepoint    ] Safepoint "Cleanup", Time since last: 1001553700 ns, Reaching safepoint: 333800 ns, At safepoint: 17100 ns, Total: 350900 ns
[2020-09-05T09:28:03.809+0000][8][safepoint    ] Safepoint "Cleanup", Time since last: 1002351900 ns, Reaching safepoint: 180600 ns, At safepoint: 14500 ns, Total: 195100 ns
[2020-09-05T09:28:04.810+0000][8][safepoint    ] Safepoint "Cleanup", Time since last: 1001110300 ns, Reaching safepoint: 301600 ns, At safepoint: 15100 ns, Total: 316700 ns
[2020-09-05T09:28:05.812+0000][8][safepoint    ] Safepoint "Cleanup", Time since last: 1001595700 ns, Reaching safepoint: 179700 ns, At safepoint: 14400 ns, Total: 194100 ns
[2020-09-05T09:28:06.814+0000][8][safepoint    ] Safepoint "Cleanup", Time since last: 1001432000 ns, Reaching safepoint: 303900 ns, At safepoint: 21000 ns, Total: 324900 ns
[2020-09-05T09:28:07.817+0000][8][safepoint    ] Safepoint "Cleanup", Time since last: 1002711300 ns, Reaching safepoint: 261200 ns, At safepoint: 14500 ns, Total: 275700 ns
[2020-09-05T09:28:08.818+0000][8][safepoint    ] Safepoint "Cleanup", Time since last: 1001009600 ns, Reaching safepoint: 736300 ns, At safepoint: 17400 ns, Total: 753700 ns
[2020-09-05T09:28:09.820+0000][8][safepoint    ] Safepoint "Cleanup", Time since last: 1001666600 ns, Reaching safepoint: 294900 ns, At safepoint: 29400 ns, Total: 324300 ns
[2020-09-05T09:28:10.827+0000][8][safepoint    ] Safepoint "Cleanup", Time since last: 1006446300 ns, Reaching safepoint: 354200 ns, At safepoint: 18000 ns, Total: 372200 ns
[2020-09-05T09:28:11.828+0000][8][safepoint    ] Safepoint "Cleanup", Time since last: 1001048800 ns, Reaching safepoint: 183200 ns, At safepoint: 14600 ns, Total: 197800 ns
[2020-09-05T09:28:12.830+0000][8][safepoint    ] Safepoint "Cleanup", Time since last: 1000945300 ns, Reaching safepoint: 230300 ns, At safepoint: 15900 ns, Total: 246200 ns
[2020-09-05T09:28:13.831+0000][8][safepoint    ] Safepoint "Cleanup", Time since last: 1001645500 ns, Reaching safepoint: 235000 ns, At safepoint: 20900 ns, Total: 255900 ns
[2020-09-05T09:28:14.832+0000][8][safepoint    ] Safepoint "Cleanup", Time since last: 1000843800 ns, Reaching safepoint: 194100 ns, At safepoint: 11400 ns, Total: 205500 ns
[2020-09-05T09:28:15.833+0000][8][safepoint    ] Safepoint "Cleanup", Time since last: 1000681300 ns, Reaching safepoint: 200600 ns, At safepoint: 15600 ns, Total: 216200 ns
[2020-09-05T09:28:16.858+0000][8][safepoint    ] Safepoint "Cleanup", Time since last: 1003789700 ns, Reaching safepoint: 20595600 ns, At safepoint: 255300 ns, Total: 20850900 ns
[2020-09-05T09:28:17.887+0000][8][safepoint    ] Safepoint "Cleanup", Time since last: 1028934900 ns, Reaching safepoint: 283500 ns, At safepoint: 21900 ns, Total: 305400 ns
[2020-09-05T09:28:18.889+0000][8][safepoint    ] Safepoint "Cleanup", Time since last: 1001893800 ns, Reaching safepoint: 170700 ns, At safepoint: 13700 ns, Total: 184400 ns
[2020-09-05T09:28:19.891+0000][8][safepoint    ] Safepoint "Cleanup", Time since last: 1001002200 ns, Reaching safepoint: 399200 ns, At safepoint: 17900 ns, Total: 417100 ns
[2020-09-05T09:28:20.893+0000][8][safepoint    ] Safepoint "Cleanup", Time since last: 1002162700 ns, Reaching safepoint: 343000 ns, At safepoint: 21300 ns, Total: 364300 ns
[2020-09-05T09:28:21.895+0000][8][safepoint    ] Safepoint "Cleanup", Time since last: 1001803500 ns, Reaching safepoint: 197300 ns, At safepoint: 83900 ns, Total: 281200 ns
[2020-09-05T09:28:22.898+0000][8][safepoint    ] Safepoint "Cleanup", Time since last: 1002535400 ns, Reaching safepoint: 421600 ns, At safepoint: 15500 ns, Total: 437100 ns
[2020-09-05T09:28:23.900+0000][8][safepoint    ] Safepoint "Cleanup", Time since last: 1001768900 ns, Reaching safepoint: 312800 ns, At safepoint: 11200 ns, Total: 324000 ns
[2020-09-05T09:28:24.902+0000][8][safepoint    ] Safepoint "Cleanup", Time since last: 1001737100 ns, Reaching safepoint: 297300 ns, At safepoint: 16400 ns, Total: 313700 ns
[2020-09-05T09:28:25.904+0000][8][safepoint    ] Safepoint "Cleanup", Time since last: 1001549000 ns, Reaching safepoint: 151000 ns, At safepoint: 13600 ns, Total: 164600 ns
[2020-09-05T09:28:26.906+0000][8][safepoint    ] Safepoint "Cleanup", Time since last: 1001819300 ns, Reaching safepoint: 226300 ns, At safepoint: 24100 ns, Total: 250400 ns
[2020-09-05T09:28:27.908+0000][8][safepoint    ] Safepoint "Cleanup", Time since last: 1001800300 ns, Reaching safepoint: 173600 ns, At safepoint: 14100 ns, Total: 187700 ns
[2020-09-05T09:28:28.911+0000][8][safepoint    ] Safepoint "Cleanup", Time since last: 1001984700 ns, Reaching safepoint: 944100 ns, At safepoint: 31500 ns, Total: 975600 ns
[2020-09-05T09:28:29.917+0000][8][safepoint    ] Safepoint "Cleanup", Time since last: 1026140600 ns, Reaching safepoint: 512700 ns, At safepoint: 35800 ns, Total: 548500 ns
[2020-09-05T09:28:30.920+0000][8][safepoint    ] Safepoint "Cleanup", Time since last: 1002859700 ns, Reaching safepoint: 416600 ns, At safepoint: 19000 ns, Total: 435600 ns
[2020-09-05T09:28:31.922+0000][8][safepoint    ] Safepoint "Cleanup", Time since last: 1001661000 ns, Reaching safepoint: 152700 ns, At safepoint: 14200 ns, Total: 166900 ns
[2020-09-05T09:28:32.925+0000][8][safepoint    ] Safepoint "Cleanup", Time since last: 1003027700 ns, Reaching safepoint: 155900 ns, At safepoint: 31600 ns, Total: 187500 ns
[2020-09-05T09:28:33.926+0000][8][safepoint    ] Safepoint "Cleanup", Time since last: 1001113500 ns, Reaching safepoint: 149100 ns, At safepoint: 14600 ns, Total: 163700 ns
[2020-09-05T09:28:34.930+0000][8][safepoint    ] Safepoint "Cleanup", Time since last: 1002879400 ns, Reaching safepoint: 200200 ns, At safepoint: 24300 ns, Total: 224500 ns
[2020-09-05T09:28:35.934+0000][8][safepoint    ] Safepoint "Cleanup", Time since last: 1004353400 ns, Reaching safepoint: 144300 ns, At safepoint: 13800 ns, Total: 158100 ns
[2020-09-05T09:28:36.937+0000][8][safepoint    ] Safepoint "Cleanup", Time since last: 1002597000 ns, Reaching safepoint: 388200 ns, At safepoint: 17600 ns, Total: 405800 ns
[2020-09-05T09:28:37.938+0000][8][safepoint    ] Safepoint "Cleanup", Time since last: 1001043000 ns, Reaching safepoint: 178000 ns, At safepoint: 13600 ns, Total: 191600 ns
[2020-09-05T09:28:38.940+0000][8][safepoint    ] Safepoint "Cleanup", Time since last: 1001860500 ns, Reaching safepoint: 161400 ns, At safepoint: 77700 ns, Total: 239100 ns
[2020-09-05T09:28:39.942+0000][8][safepoint    ] Safepoint "Cleanup", Time since last: 1001289000 ns, Reaching safepoint: 294300 ns, At safepoint: 14300 ns, Total: 308600 ns
[2020-09-05T09:28:40.944+0000][8][safepoint    ] Safepoint "Cleanup", Time since last: 1001415000 ns, Reaching safepoint: 218100 ns, At safepoint: 15300 ns, Total: 233400 ns
[2020-09-05T09:28:41.947+0000][8][safepoint    ] Safepoint "Cleanup", Time since last: 1003090700 ns, Reaching safepoint: 276600 ns, At safepoint: 14700 ns, Total: 291300 ns
[2020-09-05T09:28:42.949+0000][8][safepoint    ] Safepoint "Cleanup", Time since last: 1002205400 ns, Reaching safepoint: 255600 ns, At safepoint: 26800 ns, Total: 282400 ns
[2020-09-05T09:28:43.952+0000][8][safepoint    ] Safepoint "Cleanup", Time since last: 1002291600 ns, Reaching safepoint: 251700 ns, At safepoint: 35300 ns, Total: 287000 ns
[2020-09-05T09:28:44.954+0000][8][safepoint    ] Safepoint "Cleanup", Time since last: 1001617800 ns, Reaching safepoint: 552600 ns, At safepoint: 33800 ns, Total: 586400 ns
[2020-09-05T09:28:46.141+0000][8][safepoint    ] Safepoint "Cleanup", Time since last: 1162353000 ns, Reaching safepoint: 24741800 ns, At safepoint: 75000 ns, Total: 24816800 ns
[2020-09-05T09:28:47.417+0000][8][safepoint    ] Safepoint "Cleanup", Time since last: 1274783400 ns, Reaching safepoint: 396800 ns, At safepoint: 22200 ns, Total: 419000 ns
[2020-09-05T09:28:48.724+0000][8][safepoint    ] Safepoint "Cleanup", Time since last: 1307157000 ns, Reaching safepoint: 645900 ns, At safepoint: 37800 ns, Total: 683700 ns
[2020-09-05T09:28:49.906+0000][8][safepoint    ] Safepoint "Cleanup", Time since last: 1181719300 ns, Reaching safepoint: 195700 ns, At safepoint: 90500 ns, Total: 286200 ns
[2020-09-05T09:28:50.908+0000][8][safepoint    ] Safepoint "Cleanup", Time since last: 1001338700 ns, Reaching safepoint: 175500 ns, At safepoint: 16000 ns, Total: 191500 ns
[2020-09-05T09:28:51.911+0000][8][safepoint    ] Safepoint "Cleanup", Time since last: 1002387100 ns, Reaching safepoint: 176400 ns, At safepoint: 13600 ns, Total: 190000 ns
[2020-09-05T09:28:52.913+0000][8][safepoint    ] Safepoint "Cleanup", Time since last: 1001917500 ns, Reaching safepoint: 231600 ns, At safepoint: 148900 ns, Total: 380500 ns
[2020-09-05T09:28:53.916+0000][8][safepoint    ] Safepoint "Cleanup", Time since last: 1002928200 ns, Reaching safepoint: 230500 ns, At safepoint: 16000 ns, Total: 246500 ns
[2020-09-05T09:28:54.918+0000][8][safepoint    ] Safepoint "Cleanup", Time since last: 1001777200 ns, Reaching safepoint: 317100 ns, At safepoint: 11300 ns, Total: 328400 ns
[2020-09-05T09:28:55.928+0000][8][safepoint    ] Safepoint "Cleanup", Time since last: 1005329000 ns, Reaching safepoint: 4540300 ns, At safepoint: 86700 ns, Total: 4627000 ns
[2020-09-05T09:28:56.931+0000][8][safepoint    ] Safepoint "Cleanup", Time since last: 1003173900 ns, Reaching safepoint: 181200 ns, At safepoint: 14400 ns, Total: 195600 ns
[2020-09-05T09:28:57.933+0000][8][safepoint    ] Safepoint "Cleanup", Time since last: 1001529900 ns, Reaching safepoint: 182700 ns, At safepoint: 17500 ns, Total: 200200 ns
[2020-09-05T09:28:58.936+0000][8][safepoint    ] Safepoint "Cleanup", Time since last: 1002159000 ns, Reaching safepoint: 279800 ns, At safepoint: 24000 ns, Total: 303800 ns
[2020-09-05T09:28:59.898+0000][8][safepoint    ] Safepoint "Cleanup", Time since last: 1002158900 ns, Reaching safepoint: 270100 ns, At safepoint: 22400 ns, Total: 292500 ns
[2020-09-05T09:29:00.900+0000][8][safepoint    ] Safepoint "Cleanup", Time since last: 1001886500 ns, Reaching safepoint: 390400 ns, At safepoint: 29800 ns, Total: 420200 ns
[2020-09-05T09:29:01.903+0000][8][safepoint    ] Safepoint "Cleanup", Time since last: 1002224000 ns, Reaching safepoint: 306000 ns, At safepoint: 14400 ns, Total: 320400 ns
[2020-09-05T09:29:02.905+0000][8][safepoint    ] Safepoint "Cleanup", Time since last: 1001502400 ns, Reaching safepoint: 180200 ns, At safepoint: 14300 ns, Total: 194500 ns
[2020-09-05T09:29:03.906+0000][8][safepoint    ] Safepoint "Cleanup", Time since last: 1001220100 ns, Reaching safepoint: 151500 ns, At safepoint: 13400 ns, Total: 164900 ns
[2020-09-05T09:29:04.908+0000][8][safepoint    ] Safepoint "Cleanup", Time since last: 1001395500 ns, Reaching safepoint: 177900 ns, At safepoint: 15700 ns, Total: 193600 ns
[2020-09-05T09:29:05.909+0000][8][safepoint    ] Safepoint "Cleanup", Time since last: 1001441400 ns, Reaching safepoint: 214500 ns, At safepoint: 15700 ns, Total: 230200 ns
[2020-09-05T09:29:06.910+0000][8][safepoint    ] Safepoint "Cleanup", Time since last: 1001034300 ns, Reaching safepoint: 187100 ns, At safepoint: 16700 ns, Total: 203800 ns
[2020-09-05T09:29:07.912+0000][8][safepoint    ] Safepoint "Cleanup", Time since last: 1001626300 ns, Reaching safepoint: 164000 ns, At safepoint: 23900 ns, Total: 187900 ns
[2020-09-05T09:29:08.916+0000][8][safepoint    ] Safepoint "Cleanup", Time since last: 1003042400 ns, Reaching safepoint: 266300 ns, At safepoint: 15600 ns, Total: 281900 ns
[2020-09-05T09:29:09.917+0000][8][safepoint    ] Safepoint "Cleanup", Time since last: 1001487300 ns, Reaching safepoint: 156600 ns, At safepoint: 14100 ns, Total: 170700 ns
[2020-09-05T09:29:10.919+0000][8][safepoint    ] Safepoint "Cleanup", Time since last: 1001509600 ns, Reaching safepoint: 151100 ns, At safepoint: 14400 ns, Total: 165500 ns
[2020-09-05T09:29:11.920+0000][8][safepoint    ] Safepoint "Cleanup", Time since last: 1001207300 ns, Reaching safepoint: 151100 ns, At safepoint: 14100 ns, Total: 165200 ns
[2020-09-05T09:29:12.922+0000][8][safepoint    ] Safepoint "Cleanup", Time since last: 1001403000 ns, Reaching safepoint: 171900 ns, At safepoint: 13700 ns, Total: 185600 ns
[2020-09-05T09:29:13.924+0000][8][safepoint    ] Safepoint "Cleanup", Time since last: 1001663400 ns, Reaching safepoint: 281400 ns, At safepoint: 14200 ns, Total: 295600 ns
[2020-09-05T09:29:14.925+0000][8][safepoint    ] Safepoint "Cleanup", Time since last: 1001044500 ns, Reaching safepoint: 150000 ns, At safepoint: 14400 ns, Total: 164400 ns
[2020-09-05T09:29:15.927+0000][8][safepoint    ] Safepoint "Cleanup", Time since last: 1001833200 ns, Reaching safepoint: 151300 ns, At safepoint: 45400 ns, Total: 196700 ns
[2020-09-05T09:29:16.930+0000][8][safepoint    ] Safepoint "Cleanup", Time since last: 1002003100 ns, Reaching safepoint: 501500 ns, At safepoint: 24400 ns, Total: 525900 ns
[2020-09-05T09:29:17.934+0000][8][safepoint    ] Safepoint "Cleanup", Time since last: 1002871300 ns, Reaching safepoint: 1780700 ns, At safepoint: 112300 ns, Total: 1893000 ns
[2020-09-05T09:29:18.941+0000][8][safepoint    ] Safepoint "Cleanup", Time since last: 1006172700 ns, Reaching safepoint: 261000 ns, At safepoint: 14600 ns, Total: 275600 ns
[2020-09-05T09:29:19.942+0000][8][safepoint    ] Safepoint "Cleanup", Time since last: 1000969600 ns, Reaching safepoint: 265100 ns, At safepoint: 16100 ns, Total: 281200 ns
[2020-09-05T09:29:20.944+0000][8][safepoint    ] Safepoint "Cleanup", Time since last: 1001920300 ns, Reaching safepoint: 150800 ns, At safepoint: 14000 ns, Total: 164800 ns
[2020-09-05T09:29:21.946+0000][8][safepoint    ] Safepoint "Cleanup", Time since last: 1001162700 ns, Reaching safepoint: 176100 ns, At safepoint: 14600 ns, Total: 190700 ns
[2020-09-05T09:29:22.947+0000][8][safepoint    ] Safepoint "Cleanup", Time since last: 1000819500 ns, Reaching safepoint: 223200 ns, At safepoint: 108600 ns, Total: 331800 ns
[2020-09-05T09:29:23.949+0000][8][safepoint    ] Safepoint "Cleanup", Time since last: 1001767300 ns, Reaching safepoint: 150700 ns, At safepoint: 14300 ns, Total: 165000 ns
